<?xml version="1.0" encoding="utf-8"?>
<pma_xml_export version="1.0" xmlns:pma="https://www.phpmyadmin.net/some_doc_url/">
    <pma:structure_schemas>
		<pma:database name="dbs10642776" collation="utf8mb4_0900_ai_ci" charset="utf8mb4">
		    <pma:table name="Results">
			CREATE TABLE `Results` (
			  `id` int NOT NULL AUTO_INCREMENT,
			  `firm_name` text NOT NULL,
			  `location` text NOT NULL,
			  `accreditation` text(255) NOT NULL,
			  `mra` text NOT NULL,
			  `designation_number` VARCHAR(40) NOT NULL,
			  `expiration_date` DATETIME NOT NULL,
			  `contact` VARCHAR(40) NOT NULL,
			  `contact_title` text NOT NULL,
			  `address` VARCHAR(40) NOT NULL,
			  `po_box` VARCHAR(40) NOT NULL,
			  `mail_stop` text NULL,
			  `city` VARCHAR(40) NOT NULL,
			  `state` text NOT NULL,
			  `zip` VARCHAR(40) NOT NULL,
			  `country` text NOT NULL,
			  `email_address` VARCHAR(255) NULL,
			  `phone_number` VARCHAR(40) NOT NULL,
			  `fax_number` VARCHAR(40) NOT NULL,
			  `contract` VARCHAR(40) NOT NULL,
			  PRIMARY KEY (`id`)
			) ENGINE=InnoDB AUTO_INCREMENT=106 DEFAULT CHARSET=latin1;
		    </pma:table>
		</pma:database>
	</pma:structure_schemas>
    <database name="testlabhub">
        <table name="Results">
            <column name="firm_name">Austest Laboratories</column>
            <column name="location">2/9 Packard Ave, Castle Hill 2154, Australia</column>
            <column name="accreditation">Australian Communications and Media Authority</column>
            <column name="mra">APEC TEL</column>
            <column name="designation_number">AU0003</column>
            <column name="expiration_date">2023-11-30 00:00:00.0</column>
            <column name="contact">Brett Coleman</column>
            <column name="contact_title"> </column>
            <column name="address">2/9 Packard Avenue</column>
            <column name="po_box"> </column>
            <column name="mail_stop"> </column>
            <column name="city">Castle Hill</column>
            <column name="state"> </column>
            <column name="zip">2154</column>
            <column name="country">Australia</column>
            <column name="email_address">austest@austest.com.au</column>
            <column name="phone_number">61298826500</column>
            <column name="fax_number">N/A</column>
            <column name="contract">Y</column>
        </table>
        <table name="Results">
            <column name="firm_name">Compliance Engineering Pty Ltd</column>
            <column name="location">Australia</column>
            <column name="accreditation">Australian Communications and Media Authority</column>
            <column name="mra">APEC TEL</column>
            <column name="designation_number">AU0006</column>
            <column name="expiration_date">2023-11-30 00:00:00.0</column>
            <column name="contact">Simon Grilj</column>
            <column name="contact_title">QA Manager</column>
            <column name="address">90 Indian Drive</column>
            <column name="po_box"> </column>
            <column name="mail_stop"> </column>
            <column name="city">Keysborough, VIC</column>
            <column name="state"> </column>
            <column name="zip">3173</column>
            <column name="country">Australia</column>
            <column name="email_address">simon@compeng.com.au</column>
            <column name="phone_number">+613 97633079</column>
            <column name="fax_number">N/A</column>
            <column name="contract">Y</column>
        </table>
        <table name="Results">
            <column name="firm_name">EMC Bayswater Pty Ltd</column>
            <column name="location">18/88 Merrindale Dr Croydon South</column>
            <column name="accreditation">Australian Communications and Media Authority</column>
            <column name="mra">APEC TEL</column>
            <column name="designation_number">AU0004</column>
            <column name="expiration_date">2023-07-05 00:00:00.0</column>
            <column name="contact">Neville Liyanapatabendige</column>
            <column name="contact_title">Manager</column>
            <column name="address">Unit 18, 88 Merrindale Drive</column>
            <column name="po_box"> </column>
            <column name="mail_stop"> </column>
            <column name="city">Croydon South</column>
            <column name="state"> </column>
            <column name="zip">3136</column>
            <column name="country">Australia</column>
            <column name="email_address">neville@emcbayswater.com.au</column>
            <column name="phone_number">61397615888</column>
            <column name="fax_number">61387616547</column>
            <column name="contract">Y</column>
        </table>
        <table name="Results">
            <column name="firm_name">EMC Technologies Pty. Ltd.</column>
            <column name="location">1247 Upper Colo Rd Colo NSW AU</column>
            <column name="accreditation">Australian Communications and Media Authority</column>
            <column name="mra">APEC TEL</column>
            <column name="designation_number">AU0002</column>
            <column name="expiration_date">2024-03-23 00:00:00.0</column>
            <column name="contact">Tracy Newman</column>
            <column name="contact_title"> </column>
            <column name="address">Unit 3, 87 Station Road</column>
            <column name="po_box"> </column>
            <column name="mail_stop"> </column>
            <column name="city">Seven Hills</column>
            <column name="state"> </column>
            <column name="zip">2154</column>
            <column name="country">Australia</column>
            <column name="email_address">tracy@emctech.com.au</column>
            <column name="phone_number">61296242777</column>
            <column name="fax_number">61298384050</column>
            <column name="contract">Y</column>
        </table>
        <table name="Results">
            <column name="firm_name">EMC Technologies Pty. Ltd.</column>
            <column name="location">176 Harrick Road, Keilor Park, VIC 3042</column>
            <column name="accreditation">Australian Communications and Media Authority</column>
            <column name="mra">APEC TEL</column>
            <column name="designation_number">AU0001</column>
            <column name="expiration_date">2024-05-11 00:00:00.0</column>
            <column name="contact">Shabbir Ahmed</column>
            <column name="contact_title">CEO</column>
            <column name="address">176 Harrick Road</column>
            <column name="po_box"> </column>
            <column name="mail_stop"> </column>
            <column name="city">Keilor Park, Victoria</column>
            <column name="state"> </column>
            <column name="zip">3042</column>
            <column name="country">Australia</column>
            <column name="email_address">shabbir@emctech.com.au</column>
            <column name="phone_number">61393651000</column>
            <column name="fax_number">61393317455</column>
            <column name="contract">Y</column>
        </table>
        <table name="Results">
            <column name="firm_name">Seibersdorf Labor GmbH</column>
            <column name="location">Seibersdorf</column>
            <column name="accreditation">Bundesministerium f�r Wissenschaft, Forschung und Wirschaft I/9</column>
            <column name="mra">US-EU</column>
            <column name="designation_number">AT0002</column>
            <column name="expiration_date">2024-02-03 00:00:00.0</column>
            <column name="contact">Kurt Lamedschwandner</column>
            <column name="contact_title"> </column>
            <column name="address">Forschungszentrum</column>
            <column name="po_box"> </column>
            <column name="mail_stop"> </column>
            <column name="city">Seibersdorf</column>
            <column name="state"> </column>
            <column name="zip">2444</column>
            <column name="country">Austria</column>
            <column name="email_address">kurt.lamedschwandner@seibersdorf-laboratories.at</column>
            <column name="phone_number">+43505502805</column>
            <column name="fax_number">+43 5055 0 2565</column>
            <column name="contract">Y</column>
        </table>
        <table name="Results">
            <column name="firm_name">TUV AUSTRIA SERVICES GMBH</column>
            <column name="location">Vienna</column>
            <column name="accreditation">Bundesministerium f�r Wissenschaft, Forschung und Wirschaft I/9</column>
            <column name="mra">US-EU</column>
            <column name="designation_number">AT0001</column>
            <column name="expiration_date">2023-11-28 00:00:00.0</column>
            <column name="contact">Wilhelm Seier</column>
            <column name="contact_title"> </column>
            <column name="address">Deutschstrasse 10</column>
            <column name="po_box"> </column>
            <column name="mail_stop"> </column>
            <column name="city">Wien</column>
            <column name="state"> </column>
            <column name="zip">1230</column>
            <column name="country">Austria</column>
            <column name="email_address">emv@tuv.at</column>
            <column name="phone_number">43-1-610-91-6530</column>
            <column name="fax_number">43-1-610-91-6505</column>
            <column name="contract">Y</column>
        </table>
        <table name="Results">
            <column name="firm_name">Blue Guide EMC Lab</column>
            <column name="location">Belgium</column>
            <column name="accreditation">SPF Economie, PME, Classes moyennes et Energie</column>
            <column name="mra">US-EU</column>
            <column name="designation_number">BE0001</column>
            <column name="expiration_date">2025-01-30 00:00:00.0</column>
            <column name="contact">Ivan Malfait</column>
            <column name="contact_title"> </column>
            <column name="address">Joseph Cardijstraat 21</column>
            <column name="po_box">9420</column>
            <column name="mail_stop"> </column>
            <column name="city">Erpe-Mere</column>
            <column name="state"> </column>
            <column name="zip"> </column>
            <column name="country">Belgium</column>
            <column name="email_address">info@bgemc.com</column>
            <column name="phone_number">+32 (0)53 43 23 04</column>
            <column name="fax_number">N/A</column>
            <column name="contract">Y</column>
        </table>
        <table name="Results">
            <column name="firm_name">Laboratoria De Nayer</column>
            <column name="location">Belgium</column>
            <column name="accreditation">SPF Economie, PME, Classes moyennes et Energie</column>
            <column name="mra">US-EU</column>
            <column name="designation_number">BE0002</column>
            <column name="expiration_date">2023-10-04 00:00:00.0</column>
            <column name="contact">Filip Nauwelaerts</column>
            <column name="contact_title"> </column>
            <column name="address">J.P. De Nayerlaan 9</column>
            <column name="po_box">2860</column>
            <column name="mail_stop"> </column>
            <column name="city">Sint-Katelijne Waver</column>
            <column name="state"> </column>
            <column name="zip"> </column>
            <column name="country">Belgium</column>
            <column name="email_address">f.nauwelaerts@labodenayer.be</column>
            <column name="phone_number">+32 (0) 15 30 54 03</column>
            <column name="fax_number">N/A</column>
            <column name="contract">Y</column>
        </table>
        <table name="Results">
            <column name="firm_name">APREL Inc.</column>
            <column name="location">OTTAWA, CANADA</column>
            <column name="accreditation">Department of Innovation, Science and Economic Development (ISED) Canada</column>
            <column name="mra">APEC TEL</column>
            <column name="designation_number">CA2068</column>
            <column name="expiration_date">2023-09-26 00:00:00.0</column>
            <column name="contact">Pieter Erasmus</column>
            <column name="contact_title"> </column>
            <column name="address">303 Terry Fox Drive Suite 102</column>
            <column name="po_box"> </column>
            <column name="mail_stop"> </column>
            <column name="city">Ottawa</column>
            <column name="state"> </column>
            <column name="zip"> </column>
            <column name="country">Canada</column>
            <column name="email_address">pietererasmus@aprel.com</column>
            <column name="phone_number">6134358300</column>
            <column name="fax_number">N/A</column>
            <column name="contract">Y</column>
        </table>
        <table name="Results">
            <column name="firm_name">Applied Test Lab Inc.</column>
            <column name="location">Calgary, AB</column>
            <column name="accreditation">Department of Innovation, Science and Economic Development (ISED) Canada</column>
            <column name="mra">APEC TEL</column>
            <column name="designation_number">CA0004</column>
            <column name="expiration_date">2023-08-08 00:00:00.0</column>
            <column name="contact">Adiseshu Nyshadham</column>
            <column name="contact_title">President</column>
            <column name="address">3961 52nd Avenue NE, Unit 4174</column>
            <column name="po_box"> </column>
            <column name="mail_stop"> </column>
            <column name="city">Calgary, AB</column>
            <column name="state"> </column>
            <column name="zip">T3J0J8</column>
            <column name="country">Canada</column>
            <column name="email_address">adin@appliedtestlab.com</column>
            <column name="phone_number">403-590-8701</column>
            <column name="fax_number">403-590-8570</column>
            <column name="contract">Y</column>
        </table>
        <table name="Results">
            <column name="firm_name">CELLTECH LABS INC.</column>
            <column name="location">Kelowna, BC</column>
            <column name="accreditation">Department of Innovation, Science and Economic Development (ISED) Canada</column>
            <column name="mra">APEC TEL</column>
            <column name="designation_number">CA3874</column>
            <column name="expiration_date">2024-11-30 00:00:00.0</column>
            <column name="contact">Ben Hewson</column>
            <column name="contact_title"> </column>
            <column name="address">21-364 Lougheed Road</column>
            <column name="po_box"> </column>
            <column name="mail_stop"> </column>
            <column name="city">Kelowna, BC</column>
            <column name="state"> </column>
            <column name="zip">V1X 7R8</column>
            <column name="country">Canada</column>
            <column name="email_address">ben.hewson@celltechlabs.com</column>
            <column name="phone_number">250-765-7650</column>
            <column name="fax_number">250-765-7645</column>
            <column name="contract">Y</column>
        </table>
        <table name="Results">
            <column name="firm_name">Electronics Test Centre-Airdrie (MPB Technologies)</column>
            <column name="location">Airdrie, Alberta, CANADA</column>
            <column name="accreditation">Department of Innovation, Science and Economic Development (ISED) Canada</column>
            <column name="mra">APEC TEL</column>
            <column name="designation_number">CA2046</column>
            <column name="expiration_date">2024-11-30 00:00:00.0</column>
            <column name="contact">Marc Rousseau</column>
            <column name="contact_title"> </column>
            <column name="address">27 East Lake Hill</column>
            <column name="po_box"> </column>
            <column name="mail_stop"> </column>
            <column name="city">Airdrie, Alberta</column>
            <column name="state"> </column>
            <column name="zip">T4A 2K3</column>
            <column name="country">Canada</column>
            <column name="email_address">marc.rousseau@mpbc.ca</column>
            <column name="phone_number">403-912-0037</column>
            <column name="fax_number">403-912-0083</column>
            <column name="contract">Y</column>
        </table>
        <table name="Results">
            <column name="firm_name">LabTest Certification, Inc.</column>
            <column name="location">Richmond, BC</column>
            <column name="accreditation">Department of Innovation, Science and Economic Development (ISED) Canada</column>
            <column name="mra">APEC TEL</column>
            <column name="designation_number">CA5970</column>
            <column name="expiration_date">2024-03-04 00:00:00.0</column>
            <column name="contact">Kavinder Dhillon</column>
            <column name="contact_title"> </column>
            <column name="address">3128 - 20800 Westminster Hwy</column>
            <column name="po_box"> </column>
            <column name="mail_stop"> </column>
            <column name="city">Richmond, BC</column>
            <column name="state"> </column>
            <column name="zip">V6V 2W3</column>
            <column name="country">Canada</column>
            <column name="email_address">kdhillon@labtestcert.com</column>
            <column name="phone_number">604-247-0444</column>
            <column name="fax_number">604-247-0442</column>
            <column name="contract">Y</column>
        </table>
        <table name="Results">
            <column name="firm_name">Matrox Conformity Group EMC Laboratory</column>
            <column name="location">Dorval, QC</column>
            <column name="accreditation">Department of Innovation, Science and Economic Development (ISED) Canada</column>
            <column name="mra">APEC TEL</column>
            <column name="designation_number">CA3647</column>
            <column name="expiration_date">2023-11-18 00:00:00.0</column>
            <column name="contact">Yan Dubinsky</column>
            <column name="contact_title"> </column>
            <column name="address">EMC Laboratory</column>
            <column name="po_box"> </column>
            <column name="mail_stop"> </column>
            <column name="city">Dorval, QC</column>
            <column name="state"> </column>
            <column name="zip">H9P 2T4</column>
            <column name="country">Canada</column>
            <column name="email_address">ydubinsk@matrox.com</column>
            <column name="phone_number">514-822-6000</column>
            <column name="fax_number">N/A</column>
            <column name="contract">Y</column>
        </table>
        <table name="Results">
            <column name="firm_name">Megalab Group Inc.</column>
            <column name="location">Aurora, ON</column>
            <column name="accreditation">Department of Innovation, Science and Economic Development (ISED) Canada</column>
            <column name="mra">APEC TEL</column>
            <column name="designation_number">CA0102</column>
            <column name="expiration_date">2023-06-30 00:00:00.0</column>
            <column name="contact">Raymond Au</column>
            <column name="contact_title">EMC Project Engineer</column>
            <column name="address">150 Addison Hall Circle</column>
            <column name="po_box"> </column>
            <column name="mail_stop"> </column>
            <column name="city">Aurora, ON</column>
            <column name="state"> </column>
            <column name="zip">L4G 3X8</column>
            <column name="country">Canada</column>
            <column name="email_address">rau@megalabinc.com</column>
            <column name="phone_number">905-752-1925</column>
            <column name="fax_number">N/A</column>
            <column name="contract">Y</column>
        </table>
        <table name="Results">
            <column name="firm_name">Nemko Canada Inc. (Cambridge)</column>
            <column name="location">Cambridge, ON</column>
            <column name="accreditation">Department of Innovation, Science and Economic Development (ISED) Canada</column>
            <column name="mra">APEC TEL</column>
            <column name="designation_number">CA0101</column>
            <column name="expiration_date">2024-03-31 00:00:00.0</column>
            <column name="contact">Charles Neal</column>
            <column name="contact_title">Regional QA Manager (North America)</column>
            <column name="address">130 Saltsman Drive, Unit 1</column>
            <column name="po_box"> </column>
            <column name="mail_stop"> </column>
            <column name="city">Cambridge, ON</column>
            <column name="state"> </column>
            <column name="zip">N3E0B2</column>
            <column name="country">Canada</column>
            <column name="email_address">charles.neal@nemko.com</column>
            <column name="phone_number">613-737-9680</column>
            <column name="fax_number">N/A</column>
            <column name="contract">Y</column>
        </table>
        <table name="Results">
            <column name="firm_name">Nemko Canada Inc. (Montreal)</column>
            <column name="location">Montreal, QC</column>
            <column name="accreditation">Department of Innovation, Science and Economic Development (ISED) Canada</column>
            <column name="mra">APEC TEL</column>
            <column name="designation_number">CA2041</column>
            <column name="expiration_date">2024-03-31 00:00:00.0</column>
            <column name="contact">Charles Neal</column>
            <column name="contact_title">Regional QA Manager (North America)</column>
            <column name="address">292 Labrosse Avenue</column>
            <column name="po_box"> </column>
            <column name="mail_stop"> </column>
            <column name="city">Pointe-Claire, QC</column>
            <column name="state"> </column>
            <column name="zip">H9R 5L8</column>
            <column name="country">Canada</column>
            <column name="email_address">charles.neal@nemko.com</column>
            <column name="phone_number">613-737-9680</column>
            <column name="fax_number">613-737-9691</column>
            <column name="contract">Y</column>
        </table>
        <table name="Results">
            <column name="firm_name">Nemko Canada Inc. (Ottawa)</column>
            <column name="location">Ottawa, ON</column>
            <column name="accreditation">Department of Innovation, Science and Economic Development (ISED) Canada</column>
            <column name="mra">APEC TEL</column>
            <column name="designation_number">CA2040</column>
            <column name="expiration_date">2024-03-31 00:00:00.0</column>
            <column name="contact">Charles Neal</column>
            <column name="contact_title">Regional QA Manager (North America)</column>
            <column name="address">303 River Road</column>
            <column name="po_box"> </column>
            <column name="mail_stop"> </column>
            <column name="city">Ottawa, ON</column>
            <column name="state"> </column>
            <column name="zip">K1V 1H2</column>
            <column name="country">Canada</column>
            <column name="email_address">charles.neal@nemko.com</column>
            <column name="phone_number">613-737-9680</column>
            <column name="fax_number">613-737-9691</column>
            <column name="contract">Y</column>
        </table>
        <table name="Results">
            <column name="firm_name">North American EMC Certification Services Inc</column>
            <column name="location">Maple Ridge, BC</column>
            <column name="accreditation">Department of Innovation, Science and Economic Development (ISED) Canada</column>
            <column name="mra">APEC TEL</column>
            <column name="designation_number">CA0100</column>
            <column name="expiration_date">2024-05-24 00:00:00.0</column>
            <column name="contact">Sandy Cheng</column>
            <column name="contact_title"> </column>
            <column name="address">24889 Ferguson Ave</column>
            <column name="po_box"> </column>
            <column name="mail_stop"> </column>
            <column name="city">Maple Ridge, B.C.</column>
            <column name="state"> </column>
            <column name="zip">V2W 1H4</column>
            <column name="country">Canada</column>
            <column name="email_address">sandy.cheng@nacsemc.com</column>
            <column name="phone_number">604-466-5978</column>
            <column name="fax_number">N/A</column>
            <column name="contract">Y</column>
        </table>
        <table name="Results">
            <column name="firm_name">QAI LABORATORIES LTD.</column>
            <column name="location">Burnaby, BC</column>
            <column name="accreditation">Department of Innovation, Science and Economic Development (ISED) Canada</column>
            <column name="mra">APEC TEL</column>
            <column name="designation_number">CA9543</column>
            <column name="expiration_date">2024-10-31 00:00:00.0</column>
            <column name="contact">Parminder Singh</column>
            <column name="contact_title">Director of Technical &amp; Business Development</column>
            <column name="address">3980 North Fraser Way</column>
            <column name="po_box"> </column>
            <column name="mail_stop"> </column>
            <column name="city">Burnaby, BC</column>
            <column name="state"> </column>
            <column name="zip">V5J 5K5</column>
            <column name="country">Canada</column>
            <column name="email_address">psingh@qai.org</column>
            <column name="phone_number">604-527-8378</column>
            <column name="fax_number">604-527-8368</column>
            <column name="contract">Y</column>
        </table>
        <table name="Results">
            <column name="firm_name">TUV SUD CANADA (Gormley)</column>
            <column name="location">Gormley, ON</column>
            <column name="accreditation">Department of Innovation, Science and Economic Development (ISED) Canada</column>
            <column name="mra">APEC TEL</column>
            <column name="designation_number">CA6844</column>
            <column name="expiration_date">2023-06-30 00:00:00.0</column>
            <column name="contact">William (Mac) Elliott</column>
            <column name="contact_title">Quality Engineer</column>
            <column name="address">11 Gordon Collins Dr.</column>
            <column name="po_box"> </column>
            <column name="mail_stop">www.tuv-sud.ca</column>
            <column name="city">Gormley, Ontario</column>
            <column name="state"> </column>
            <column name="zip">L0H 1G0</column>
            <column name="country">Canada</column>
            <column name="email_address">william.elliott@tuvsud.com</column>
            <column name="phone_number">813-284-2736</column>
            <column name="fax_number">N/A</column>
            <column name="contract">Y</column>
        </table>
        <table name="Results">
            <column name="firm_name">TUV SUD CANADA, INC.</column>
            <column name="location">Ottawa, ON</column>
            <column name="accreditation">Department of Innovation, Science and Economic Development (ISED) Canada</column>
            <column name="mra">APEC TEL</column>
            <column name="designation_number">CA4180</column>
            <column name="expiration_date">2025-03-21 00:00:00.0</column>
            <column name="contact">William (Mac) Elliott</column>
            <column name="contact_title"> </column>
            <column name="address">1280 Teron Road</column>
            <column name="po_box"> </column>
            <column name="mail_stop"> </column>
            <column name="city">Ottawa, ON</column>
            <column name="state"> </column>
            <column name="zip">K2K 2C1</column>
            <column name="country">Canada</column>
            <column name="email_address">william.elliott@tuvsud.com</column>
            <column name="phone_number">813-284-2736</column>
            <column name="fax_number">N/A</column>
            <column name="contract">Y</column>
        </table>
        <table name="Results">
            <column name="firm_name">UltraTech Engineering Labs Inc</column>
            <column name="location">Oakville, ON</column>
            <column name="accreditation">Department of Innovation, Science and Economic Development (ISED) Canada</column>
            <column name="mra">APEC TEL</column>
            <column name="designation_number">CA0001</column>
            <column name="expiration_date">2023-10-08 00:00:00.0</column>
            <column name="contact">Tri Luu</column>
            <column name="contact_title"> </column>
            <column name="address">3000 Bristol Circle</column>
            <column name="po_box"> </column>
            <column name="mail_stop"> </column>
            <column name="city">Oakville, ON</column>
            <column name="state"> </column>
            <column name="zip">L6H 6G4</column>
            <column name="country">Canada</column>
            <column name="email_address">tri@ultratech-labs.com</column>
            <column name="phone_number">905-829-1570</column>
            <column name="fax_number">905-829-8050</column>
            <column name="contract">Y</column>
        </table>
        <table name="Results">
            <column name="firm_name">ADR Test and Certification Center</column>
            <column name="location">Wuhan, China</column>
            <column name="accreditation">American Association for Laboratory Accreditation</column>
            <column name="mra">N/A</column>
            <column name="designation_number">US1190</column>
            <column name="expiration_date">2025-01-31 00:00:00.0</column>
            <column name="contact">Eric Lin</column>
            <column name="contact_title"> </column>
            <column name="address">No.19, Gao Xin 4th Road</column>
            <column name="po_box"> </column>
            <column name="mail_stop"> </column>
            <column name="city">Wuhan</column>
            <column name="state"> </column>
            <column name="zip">430205</column>
            <column name="country">China</column>
            <column name="email_address">linhs@lenovo.com</column>
            <column name="phone_number">86 181 5039 6591</column>
            <column name="fax_number">N/A</column>
            <column name="contract">Y</column>
        </table>
        <table name="Results">
            <column name="firm_name">AJT Testing Services Limited</column>
            <column name="location">Guangdong, People's Republic of China</column>
            <column name="accreditation">American Association for Laboratory Accreditation</column>
            <column name="mra">N/A</column>
            <column name="designation_number">US1263</column>
            <column name="expiration_date">2023-07-31 00:00:00.0</column>
            <column name="contact">William Che</column>
            <column name="contact_title"> </column>
            <column name="address">1/F, No. 1, Wenhua South Road</column>
            <column name="po_box"> </column>
            <column name="mail_stop"> </column>
            <column name="city">Guangdong</column>
            <column name="state"> </column>
            <column name="zip"> </column>
            <column name="country">China</column>
            <column name="email_address">william@ajtesting.com</column>
            <column name="phone_number">+86 75486988160</column>
            <column name="fax_number">N/A</column>
            <column name="contract">Y</column>
        </table>
        <table name="Results">
            <column name="firm_name">AUDIX Technology (Shenzhen) Co., Ltd.</column>
            <column name="location">Shenzhen China</column>
            <column name="accreditation">National Voluntary Laboratory Accreditation Program</column>
            <column name="mra">N/A</column>
            <column name="designation_number">US5022</column>
            <column name="expiration_date">2024-03-31 00:00:00.0</column>
            <column name="contact">Amelia Peng</column>
            <column name="contact_title"> </column>
            <column name="address">No.6, Ke Feng Road</column>
            <column name="po_box"> </column>
            <column name="mail_stop"> </column>
            <column name="city">Shenzhen, Guangdong</column>
            <column name="state"> </column>
            <column name="zip">518057</column>
            <column name="country">China</column>
            <column name="email_address">amelia_peng@audix.com.cn</column>
            <column name="phone_number">86-755266394957</column>
            <column name="fax_number">86-75526632877</column>
            <column name="contract">Y</column>
        </table>
        <table name="Results">
            <column name="firm_name">Attestation of Global Compliance (Shenzhen) Co., L</column>
            <column name="location">Guangdong, People's Republic of China</column>
            <column name="accreditation">American Association for Laboratory Accreditation</column>
            <column name="mra">N/A</column>
            <column name="designation_number">US1259</column>
            <column name="expiration_date">2025-02-21 00:00:00.0</column>
            <column name="contact">Doris Li</column>
            <column name="contact_title">Quality Manager</column>
            <column name="address">101 &amp; 201, Building 19(B5), Junfeng Industrial Par</column>
            <column name="po_box"> </column>
            <column name="mail_stop"> </column>
            <column name="city">Guangdong</column>
            <column name="state"> </column>
            <column name="zip">518013</column>
            <column name="country">China</column>
            <column name="email_address">dorisli@agc-cert.com</column>
            <column name="phone_number">+86-755-25234088</column>
            <column name="fax_number">N/A</column>
            <column name="contract">Y</column>
        </table>
        <table name="Results">
            <column name="firm_name">Audix Technology (Shanghai) Co., Ltd.</column>
            <column name="location">Shanghai China</column>
            <column name="accreditation">National Voluntary Laboratory Accreditation Program</column>
            <column name="mra">N/A</column>
            <column name="designation_number">US5027</column>
            <column name="expiration_date">2024-03-31 00:00:00.0</column>
            <column name="contact">Smart Tsai</column>
            <column name="contact_title"> </column>
            <column name="address">3F, Building 34, No. 680</column>
            <column name="po_box"> </column>
            <column name="mail_stop"> </column>
            <column name="city">Shanghai</column>
            <column name="state"> </column>
            <column name="zip">200233</column>
            <column name="country">China</column>
            <column name="email_address">smartsai@audix.com.cn</column>
            <column name="phone_number">86-755-2663-9496</column>
            <column name="fax_number">86-755-2663-2877</column>
            <column name="contract">Y</column>
        </table>
        <table name="Results">
            <column name="firm_name">Audix Technology (Wujiang) Co., Ltd., EMC Dept</column>
            <column name="location">Wujiang, Suzhou China</column>
            <column name="accreditation">National Voluntary Laboratory Accreditation Program</column>
            <column name="mra">N/A</column>
            <column name="designation_number">US5026</column>
            <column name="expiration_date">2023-09-30 00:00:00.0</column>
            <column name="contact">Ken Lu</column>
            <column name="contact_title"> </column>
            <column name="address">No.1289, JiangXing East Rd,</column>
            <column name="po_box"> </column>
            <column name="mail_stop"> </column>
            <column name="city">Wujiang, Suzhou</column>
            <column name="state"> </column>
            <column name="zip">215200</column>
            <column name="country">China</column>
            <column name="email_address">ken_lu@audix.com.cn</column>
            <column name="phone_number">86-512-63403993</column>
            <column name="fax_number">86-512-63403339</column>
            <column name="contract">Y</column>
        </table>
        <table name="Results">
            <column name="firm_name">BEIJING BOOMWAVE TEST SERVICE CO. LTD.</column>
            <column name="location">Beijing</column>
            <column name="accreditation">American Association for Laboratory Accreditation</column>
            <column name="mra">N/A</column>
            <column name="designation_number">US1242</column>
            <column name="expiration_date">2024-08-31 00:00:00.0</column>
            <column name="contact">Zhao Yang</column>
            <column name="contact_title"> </column>
            <column name="address">EMC Building, No.1 Wang Jing East Road</column>
            <column name="po_box"> </column>
            <column name="mail_stop"> </column>
            <column name="city">Beijing</column>
            <column name="state"> </column>
            <column name="zip">100102</column>
            <column name="country">China</column>
            <column name="email_address">tommy.zhao@boomwavelab.com</column>
            <column name="phone_number">+8610-64711866-818</column>
            <column name="fax_number">N/A</column>
            <column name="contract">Y</column>
        </table>
        <table name="Results">
            <column name="firm_name">BSL Testing Co., Ltd.</column>
            <column name="location">Shenzhen, PRC</column>
            <column name="accreditation">American Association for Laboratory Accreditation</column>
            <column name="mra">N/A</column>
            <column name="designation_number">US1338</column>
            <column name="expiration_date">2024-11-30 00:00:00.0</column>
            <column name="contact">Bill Zhao</column>
            <column name="contact_title"> </column>
            <column name="address">1/F, Building B, Xinshidai GR Park, Shiyan Street,</column>
            <column name="po_box"> </column>
            <column name="mail_stop"> </column>
            <column name="city">Shenzhen</column>
            <column name="state"> </column>
            <column name="zip"> </column>
            <column name="country">China</column>
            <column name="email_address">16649703@qq.com</column>
            <column name="phone_number">+86 755 26649703</column>
            <column name="fax_number">N/A</column>
            <column name="contract">Y</column>
        </table>
        <table name="Results">
            <column name="firm_name">BTF Testing Lab (Shenzhen) Co., Ltd.</column>
            <column name="location">Shenzhen, Peoples Republic of China</column>
            <column name="accreditation">American Association for Laboratory Accreditation</column>
            <column name="mra">N/A</column>
            <column name="designation_number">US1330</column>
            <column name="expiration_date">2024-07-31 00:00:00.0</column>
            <column name="contact">Ryan CJ</column>
            <column name="contact_title"> </column>
            <column name="address">F101, 201 and 301, Building 1, Block 2, Tantou Ind</column>
            <column name="po_box"> </column>
            <column name="mail_stop"> </column>
            <column name="city">Shenzhen</column>
            <column name="state"> </column>
            <column name="zip"> </column>
            <column name="country">China</column>
            <column name="email_address">Ryan.cj@btf-lab.com</column>
            <column name="phone_number">+86-755-23146130</column>
            <column name="fax_number">N/A</column>
            <column name="contract">Y</column>
        </table>
        <table name="Results">
            <column name="firm_name">BUREAU VERITAS ADT (Shanghai) Corporation</column>
            <column name="location">Shanghai</column>
            <column name="accreditation">American Association for Laboratory Accreditation</column>
            <column name="mra">N/A</column>
            <column name="designation_number">US1213</column>
            <column name="expiration_date">2023-08-31 00:00:00.0</column>
            <column name="contact">Olivia Gao</column>
            <column name="contact_title"> </column>
            <column name="address">No. 829, Xin Zhuan Road,  Song Jiang District</column>
            <column name="po_box"> </column>
            <column name="mail_stop"> </column>
            <column name="city">Shanghai</column>
            <column name="state"> </column>
            <column name="zip"> </column>
            <column name="country">China</column>
            <column name="email_address">olivia.gao@bureauveritas.com</column>
            <column name="phone_number">86 24 37602699</column>
            <column name="fax_number">N/A</column>
            <column name="contract">Y</column>
        </table>
        <table name="Results">
            <column name="firm_name">BV 7Layers Communications Technology (Shenzhen) Co</column>
            <column name="location">Shenzhen, Guangdong</column>
            <column name="accreditation">American Association for Laboratory Accreditation</column>
            <column name="mra">N/A</column>
            <column name="designation_number">US1171</column>
            <column name="expiration_date">2023-11-30 00:00:00.0</column>
            <column name="contact">Edwin Ye</column>
            <column name="contact_title"> </column>
            <column name="address">No. B102, Dazu Chuangxin Mansion, North of Beihuan</column>
            <column name="po_box"> </column>
            <column name="mail_stop"> </column>
            <column name="city">Shenzhen, Guangdong</column>
            <column name="state"> </column>
            <column name="zip">518057</column>
            <column name="country">China</column>
            <column name="email_address">edwin.ye@bureauveritas.com</column>
            <column name="phone_number">86-20-8714 8549</column>
            <column name="fax_number">N/A</column>
            <column name="contract">Y</column>
        </table>
        <table name="Results">
            <column name="firm_name">BYD Precision Manufacture Co., Ltd.</column>
            <column name="location">Shenzhen</column>
            <column name="accreditation">American Association for Laboratory Accreditation</column>
            <column name="mra">N/A</column>
            <column name="designation_number">US1232</column>
            <column name="expiration_date">2024-04-30 00:00:00.0</column>
            <column name="contact">Yiying Song</column>
            <column name="contact_title"> </column>
            <column name="address">No. 3001, BaoHe Road, BaoLong Industrial City,</column>
            <column name="po_box"> </column>
            <column name="mail_stop"> </column>
            <column name="city">Shenzhen</column>
            <column name="state"> </column>
            <column name="zip"> </column>
            <column name="country">China</column>
            <column name="email_address">song.yiying@byd.com</column>
            <column name="phone_number">+86 755 8988 8888</column>
            <column name="fax_number">N/A</column>
            <column name="contract">Y</column>
        </table>
        <table name="Results">
            <column name="firm_name">BlueAsia of Technical Services (Shenzhen)</column>
            <column name="location">Shenzhen China</column>
            <column name="accreditation">American Association for Laboratory Accreditation</column>
            <column name="mra">N/A</column>
            <column name="designation_number">US1252</column>
            <column name="expiration_date">2025-01-31 00:00:00.0</column>
            <column name="contact">Blue Zheng</column>
            <column name="contact_title">Lab Manager</column>
            <column name="address">Building C, No. 107, Shihuan Road,</column>
            <column name="po_box"> </column>
            <column name="mail_stop"> </column>
            <column name="city">Shenzhen</column>
            <column name="state"> </column>
            <column name="zip">518000</column>
            <column name="country">China</column>
            <column name="email_address">blue_zheng@cblueasia.com</column>
            <column name="phone_number">+86 755-23059481-815</column>
            <column name="fax_number">N/A</column>
            <column name="contract">Y</column>
        </table>
        <table name="Results">
            <column name="firm_name">Bureau Veritas Shenzhen Co., Ltd. Dongguan Branch</column>
            <column name="location">Dongguan City, Guangdong</column>
            <column name="accreditation">American Association for Laboratory Accreditation</column>
            <column name="mra">N/A</column>
            <column name="designation_number">US1174</column>
            <column name="expiration_date">2024-02-29 00:00:00.0</column>
            <column name="contact">Edwin Ye</column>
            <column name="contact_title"> </column>
            <column name="address">No. 96, Guantai Road (Houjie Section)</column>
            <column name="po_box"> </column>
            <column name="mail_stop"> </column>
            <column name="city">Dongguan City, Guangdong</column>
            <column name="state"> </column>
            <column name="zip">523942</column>
            <column name="country">China</column>
            <column name="email_address">edwin.ye@bureauveritas.com</column>
            <column name="phone_number">86-20-8714 8549</column>
            <column name="fax_number">N/A</column>
            <column name="contract">Y</column>
        </table>
        <table name="Results">
            <column name="firm_name">CCIC Southern Testing Co., Ltd</column>
            <column name="location">Shenzhen</column>
            <column name="accreditation">American Association for Laboratory Accreditation</column>
            <column name="mra">N/A</column>
            <column name="designation_number">US1283</column>
            <column name="expiration_date">2023-06-30 00:00:00.0</column>
            <column name="contact">Zhang Shuangwen</column>
            <column name="contact_title"> </column>
            <column name="address">Electronic Testing Building, No. 43 Shahe Road,</column>
            <column name="po_box"> </column>
            <column name="mail_stop"> </column>
            <column name="city">Shenzhen</column>
            <column name="state"> </column>
            <column name="zip"> </column>
            <column name="country">China</column>
            <column name="email_address">zhangsw@ccic-set.com</column>
            <column name="phone_number">86-0755-86131239</column>
            <column name="fax_number">N/A</column>
            <column name="contract">Y</column>
        </table>
        <table name="Results">
            <column name="firm_name">CENTRE TESTING INTERNATIONAL (SUZHOU) CO., LTD.</column>
            <column name="location">Kunshan, Jiangsu</column>
            <column name="accreditation">American Association for Laboratory Accreditation</column>
            <column name="mra">N/A</column>
            <column name="designation_number">US1290</column>
            <column name="expiration_date">2024-12-31 00:00:00.0</column>
            <column name="contact">Coco Liu</column>
            <column name="contact_title"> </column>
            <column name="address">Building 18, Zhihui New Town Ecological Ind. Park</column>
            <column name="po_box"> </column>
            <column name="mail_stop"> </column>
            <column name="city">Kunshan, Jiangsu</column>
            <column name="state"> </column>
            <column name="zip">215300</column>
            <column name="country">China</column>
            <column name="email_address">coco.liu@cti-cert.com</column>
            <column name="phone_number">0512-50158288</column>
            <column name="fax_number">N/A</column>
            <column name="contract">Y</column>
        </table>
        <table name="Results">
            <column name="firm_name">CHINA CERTIFICATION ICT CO., LTD (DONGGUAN)</column>
            <column name="location">Dongguan, Guangdong, People's Republic of China</column>
            <column name="accreditation">American Association for Laboratory Accreditation</column>
            <column name="mra">N/A</column>
            <column name="designation_number">US1314</column>
            <column name="expiration_date">2023-10-31 00:00:00.0</column>
            <column name="contact">Tanie Ou</column>
            <column name="contact_title"> </column>
            <column name="address">No. 113, Pingkang Road</column>
            <column name="po_box"> </column>
            <column name="mail_stop"> </column>
            <column name="city">Dongguan</column>
            <column name="state"> </column>
            <column name="zip">523801</column>
            <column name="country">China</column>
            <column name="email_address">qa@ccttt.com.cn</column>
            <column name="phone_number">0086 0769 86858888</column>
            <column name="fax_number">N/A</column>
            <column name="contract">Y</column>
        </table>
        <table name="Results">
            <column name="firm_name">CQC Internet of Vehicles Technical Service Co.,Ltd</column>
            <column name="location">Shenzhen, Peoples Republic of China</column>
            <column name="accreditation">American Association for Laboratory Accreditation</column>
            <column name="mra">N/A</column>
            <column name="designation_number">US1329</column>
            <column name="expiration_date">2024-04-30 00:00:00.0</column>
            <column name="contact">Wenliang Li</column>
            <column name="contact_title"> </column>
            <column name="address">Building G5, Tcl International E City, Xili Street</column>
            <column name="po_box"> </column>
            <column name="mail_stop"> </column>
            <column name="city">Shenzhen</column>
            <column name="state"> </column>
            <column name="zip">518005</column>
            <column name="country">China</column>
            <column name="email_address">liwenliang@cqc.com.cn</column>
            <column name="phone_number">+86-755-86189654</column>
            <column name="fax_number">N/A</column>
            <column name="contract">Y</column>
        </table>
        <table name="Results">
            <column name="firm_name">CTC Laboratories, Inc.</column>
            <column name="location">Shenzhen, Guangdong, People's Republic of China</column>
            <column name="accreditation">American Association for Laboratory Accreditation</column>
            <column name="mra">N/A</column>
            <column name="designation_number">US1208</column>
            <column name="expiration_date">2023-11-30 00:00:00.0</column>
            <column name="contact">Totti Zhao</column>
            <column name="contact_title"> </column>
            <column name="address">1-2/F., Building 2, Jiaquan Building, Guanlan High</column>
            <column name="po_box"> </column>
            <column name="mail_stop"> </column>
            <column name="city">Shenzhen</column>
            <column name="state"> </column>
            <column name="zip"> </column>
            <column name="country">China</column>
            <column name="email_address">totti.zhao@sz-ctc.com.cn</column>
            <column name="phone_number">+8675527521059</column>
            <column name="fax_number">N/A</column>
            <column name="contract">Y</column>
        </table>
        <table name="Results">
            <column name="firm_name">CVC Testing Technology Co., Ltd.</column>
            <column name="location">Guangzhou, Guangdong, People's Republic of China</column>
            <column name="accreditation">American Association for Laboratory Accreditation</column>
            <column name="mra">N/A</column>
            <column name="designation_number">US1282</column>
            <column name="expiration_date">2024-02-29 00:00:00.0</column>
            <column name="contact">Lai Wenjing</column>
            <column name="contact_title"> </column>
            <column name="address">No.3, Tiantaiyi Road, Kaitai Avenue, Science City</column>
            <column name="po_box"> </column>
            <column name="mail_stop"> </column>
            <column name="city">Guangdong</column>
            <column name="state"> </column>
            <column name="zip"> </column>
            <column name="country">China</column>
            <column name="email_address">qt@cvc.org.cn</column>
            <column name="phone_number">86 2032293684</column>
            <column name="fax_number">N/A</column>
            <column name="contract">Y</column>
        </table>
        <table name="Results">
            <column name="firm_name">Centre Testing International Group Co., Ltd</column>
            <column name="location">Shenzhen, Guangdong</column>
            <column name="accreditation">American Association for Laboratory Accreditation</column>
            <column name="mra">N/A</column>
            <column name="designation_number">US1164</column>
            <column name="expiration_date">2024-11-30 00:00:00.0</column>
            <column name="contact">Vicky Zhou</column>
            <column name="contact_title"> </column>
            <column name="address">Building C, Hongwei Industrial Park</column>
            <column name="po_box"> </column>
            <column name="mail_stop"> </column>
            <column name="city">Shenzhen</column>
            <column name="state"> </column>
            <column name="zip"> </column>
            <column name="country">China</column>
            <column name="email_address">zhoushuping@cti-cert.com</column>
            <column name="phone_number">N/A</column>
            <column name="fax_number">N/A</column>
            <column name="contract">Y</column>
        </table>
        <table name="Results">
            <column name="firm_name">Cerpass Technology Corporation(Cerpass Laboratory)</column>
            <column name="location">Dongguan City, Guangdong Province China</column>
            <column name="accreditation">American Association for Laboratory Accreditation</column>
            <column name="mra">N/A</column>
            <column name="designation_number">US1288</column>
            <column name="expiration_date">2024-08-31 00:00:00.0</column>
            <column name="contact">Eric Chen</column>
            <column name="contact_title"> </column>
            <column name="address">Room 102, No. 5, Xing' an Road, Chang' an Town</column>
            <column name="po_box"> </column>
            <column name="mail_stop"> </column>
            <column name="city">Dongguan</column>
            <column name="state"> </column>
            <column name="zip">523847</column>
            <column name="country">China</column>
            <column name="email_address">ericc@cerpass.net</column>
            <column name="phone_number">+86-769-8547-1212</column>
            <column name="fax_number">N/A</column>
            <column name="contract">Y</column>
        </table>
        <table name="Results">
            <column name="firm_name">China Telecommunication Technology Labs</column>
            <column name="location">Beijing, People's Republic of China</column>
            <column name="accreditation">American Association for Laboratory Accreditation</column>
            <column name="mra">N/A</column>
            <column name="designation_number">US1310</column>
            <column name="expiration_date">2023-08-31 00:00:00.0</column>
            <column name="contact">Shaogeng An</column>
            <column name="contact_title"> </column>
            <column name="address">No.11 YueTanNanJie</column>
            <column name="po_box"> </column>
            <column name="mail_stop"> </column>
            <column name="city">Beijing</column>
            <column name="state"> </column>
            <column name="zip">100045</column>
            <column name="country">China</column>
            <column name="email_address">anshaogeng@caict.ac.cn</column>
            <column name="phone_number">86 13911380455</column>
            <column name="fax_number">N/A</column>
            <column name="contract">Y</column>
        </table>
        <table name="Results">
            <column name="firm_name">Chongqing Academy of Information and Communcations</column>
            <column name="location">Chongqing</column>
            <column name="accreditation">American Association for Laboratory Accreditation</column>
            <column name="mra">N/A</column>
            <column name="designation_number">US1239</column>
            <column name="expiration_date">2024-05-31 00:00:00.0</column>
            <column name="contact">Li Qiao</column>
            <column name="contact_title"> </column>
            <column name="address">Building C, Technology Innovation Center, No.8,</column>
            <column name="po_box"> </column>
            <column name="mail_stop"> </column>
            <column name="city">Chongqing</column>
            <column name="state"> </column>
            <column name="zip"> </column>
            <column name="country">China</column>
            <column name="email_address">liqiao@caict.ac.cn</column>
            <column name="phone_number">023-88512631</column>
            <column name="fax_number">N/A</column>
            <column name="contract">Y</column>
        </table>
        <table name="Results">
            <column name="firm_name">Compliance Certification Services (Kunshan) Inc</column>
            <column name="location">Shenzhen, Peoples Republic of China</column>
            <column name="accreditation">American Association for Laboratory Accreditation</column>
            <column name="mra">N/A</column>
            <column name="designation_number">US1322</column>
            <column name="expiration_date">2024-02-16 00:00:00.0</column>
            <column name="contact">Autumn Zou</column>
            <column name="contact_title"> </column>
            <column name="address">Fuyong Lab Xinlong Techno Park Fengtang Road</column>
            <column name="po_box"> </column>
            <column name="mail_stop"> </column>
            <column name="city">Shenzhen</column>
            <column name="state"> </column>
            <column name="zip"> </column>
            <column name="country">China</column>
            <column name="email_address">Autumn.Zou@sgs.com</column>
            <column name="phone_number">+86 755 2759 5097</column>
            <column name="fax_number">N/A</column>
            <column name="contract">Y</column>
        </table>
        <table name="Results">
            <column name="firm_name">Compliance Certification Services (Kunshan) Inc.</column>
            <column name="location">Kunshan City, Jiangsu</column>
            <column name="accreditation">American Association for Laboratory Accreditation</column>
            <column name="mra">N/A</column>
            <column name="designation_number">US1172</column>
            <column name="expiration_date">2023-06-30 00:00:00.0</column>
            <column name="contact">Jessica Chen</column>
            <column name="contact_title"> </column>
            <column name="address">No. 10 Wei ye Rd, Innovation Park</column>
            <column name="po_box"> </column>
            <column name="mail_stop"> </column>
            <column name="city">Kunshan City, Jiangsu</column>
            <column name="state"> </column>
            <column name="zip"> </column>
            <column name="country">China</column>
            <column name="email_address">Jessica.chen1@sgs.com</column>
            <column name="phone_number">+ 86-0512-57355888</column>
            <column name="fax_number">N/A</column>
            <column name="contract">Y</column>
        </table>
        <table name="Results">
            <column name="firm_name">DEKRA TESTING AND CERTIFICATION (SUZHOU) CO., LTD</column>
            <column name="location">Hefei, People's Republic of China</column>
            <column name="accreditation">American Association for Laboratory Accreditation</column>
            <column name="mra">N/A</column>
            <column name="designation_number">US1321</column>
            <column name="expiration_date">2024-01-31 00:00:00.0</column>
            <column name="contact">Jennifer Jiang</column>
            <column name="contact_title"> </column>
            <column name="address">Room 108, Building A, Lenovo Technology Port,</column>
            <column name="po_box"> </column>
            <column name="mail_stop"> </column>
            <column name="city">Hefei</column>
            <column name="state"> </column>
            <column name="zip"> </column>
            <column name="country">China</column>
            <column name="email_address">Jennifer.Jiang@dekra.com</column>
            <column name="phone_number">86512628888175113</column>
            <column name="fax_number">N/A</column>
            <column name="contract">Y</column>
        </table>
        <table name="Results">
            <column name="firm_name">DEKRA Testing and Certification (Shanghai) Ltd.</column>
            <column name="location">Guangzhou, People's Republic of China</column>
            <column name="accreditation">American Association for Laboratory Accreditation</column>
            <column name="mra">N/A</column>
            <column name="designation_number">US1324</column>
            <column name="expiration_date">2024-03-28 00:00:00.0</column>
            <column name="contact">Johnson Liu</column>
            <column name="contact_title"> </column>
            <column name="address">Block 5, No.3, Qiyun Road, Huangpu District</column>
            <column name="po_box"> </column>
            <column name="mail_stop"> </column>
            <column name="city">Guangzhou</column>
            <column name="state"> </column>
            <column name="zip"> </column>
            <column name="country">China</column>
            <column name="email_address">Johnson.liu@dekra.com</column>
            <column name="phone_number">+86 20 66642980</column>
            <column name="fax_number">N/A</column>
            <column name="contract">Y</column>
        </table>
        <table name="Results">
            <column name="firm_name">DEKRA Testing and Certification (Suzhou) Co., Ltd.</column>
            <column name="location">Suzhou, China</column>
            <column name="accreditation">American Association for Laboratory Accreditation</column>
            <column name="mra">N/A</column>
            <column name="designation_number">US1199</column>
            <column name="expiration_date">2024-03-31 00:00:00.0</column>
            <column name="contact">Janet Xu</column>
            <column name="contact_title"> </column>
            <column name="address">No. 99 Hongye Rd.,</column>
            <column name="po_box"> </column>
            <column name="mail_stop"> </column>
            <column name="city">Suzhou</column>
            <column name="state"> </column>
            <column name="zip">215006</column>
            <column name="country">China</column>
            <column name="email_address">janet.xu@dekra.com</column>
            <column name="phone_number">86 512 6251 50885113</column>
            <column name="fax_number">N/A</column>
            <column name="contract">Y</column>
        </table>
        <table name="Results">
            <column name="firm_name">DongGuan Anci Electronic Technology Co., Ltd.</column>
            <column name="location">Dongguan, PRC</column>
            <column name="accreditation">American Association for Laboratory Accreditation</column>
            <column name="mra">N/A</column>
            <column name="designation_number">US1230</column>
            <column name="expiration_date">2024-02-29 00:00:00.0</column>
            <column name="contact">Kingbo Hu</column>
            <column name="contact_title"> </column>
            <column name="address">1-2 Floor, Building A, No. 11, Headquarters 2 Road</column>
            <column name="po_box"> </column>
            <column name="mail_stop"> </column>
            <column name="city">Dongguan</column>
            <column name="state"> </column>
            <column name="zip">523808</column>
            <column name="country">China</column>
            <column name="email_address">kingbo@anci.com</column>
            <column name="phone_number">86-769- 8507 5888</column>
            <column name="fax_number">N/A</column>
            <column name="contract">Y</column>
        </table>
        <table name="Results">
            <column name="firm_name">DongGuan ShuoXin Electronic Technology Co., Ltd.</column>
            <column name="location">GuangDong, PRC</column>
            <column name="accreditation">American Association for Laboratory Accreditation</column>
            <column name="mra">N/A</column>
            <column name="designation_number">US1235</column>
            <column name="expiration_date">2024-06-30 00:00:00.0</column>
            <column name="contact">Tina Wu</column>
            <column name="contact_title"> </column>
            <column name="address">Zone A, 1F, No. 6, XinGang Road YuanGang Street</column>
            <column name="po_box"> </column>
            <column name="mail_stop"> </column>
            <column name="city">GuangDong</column>
            <column name="state"> </column>
            <column name="zip">523850</column>
            <column name="country">China</column>
            <column name="email_address">mailto:tina@attps.cn</column>
            <column name="phone_number">+86 769 3902 6866</column>
            <column name="fax_number">N/A</column>
            <column name="contract">Y</column>
        </table>
        <table name="Results">
            <column name="firm_name">Dongguan Dongdian Testing Service Co., Ltd.</column>
            <column name="location">Dongguan City, Guangdong Province</column>
            <column name="accreditation">American Association for Laboratory Accreditation</column>
            <column name="mra">N/A</column>
            <column name="designation_number">US1182</column>
            <column name="expiration_date">2024-01-31 00:00:00.0</column>
            <column name="contact">Mr. Jamy Yu</column>
            <column name="contact_title"> </column>
            <column name="address">No. 17, Zongbu Road 2, Songshan Lake Sci&amp;Tech</column>
            <column name="po_box"> </column>
            <column name="mail_stop"> </column>
            <column name="city">Dongguan City, Guangdong Province</column>
            <column name="state"> </column>
            <column name="zip">523808</column>
            <column name="country">China</column>
            <column name="email_address">jamy@dgddt.com</column>
            <column name="phone_number">+86-0769-89201646</column>
            <column name="fax_number">N/A</column>
            <column name="contract">Y</column>
        </table>
        <table name="Results">
            <column name="firm_name">Dongguan NTC CO., Ltd.</column>
            <column name="location">Dongguan, People's Republic of China</column>
            <column name="accreditation">American Association for Laboratory Accreditation</column>
            <column name="mra">N/A</column>
            <column name="designation_number">US1214</column>
            <column name="expiration_date">2023-12-31 00:00:00.0</column>
            <column name="contact">Jees Hong</column>
            <column name="contact_title"> </column>
            <column name="address">Building D, Gaosheng Science and Technology Park</column>
            <column name="po_box"> </column>
            <column name="mail_stop"> </column>
            <column name="city">Dongguan</column>
            <column name="state"> </column>
            <column name="zip">523000</column>
            <column name="country">China</column>
            <column name="email_address">jees.hong@ntc-c.com</column>
            <column name="phone_number">+86-769-22022444</column>
            <column name="fax_number">N/A</column>
            <column name="contract">Y</column>
        </table>
        <table name="Results">
            <column name="firm_name">Dongguan New Testing Centre Co., Ltd</column>
            <column name="location">Dongguan, People's Republic of China</column>
            <column name="accreditation">American Association for Laboratory Accreditation</column>
            <column name="mra">N/A</column>
            <column name="designation_number">US1264</column>
            <column name="expiration_date">2023-07-31 00:00:00.0</column>
            <column name="contact">Dave Gao</column>
            <column name="contact_title"> </column>
            <column name="address">1F &amp; 3F, No. 1 the 1st North Industry Road,</column>
            <column name="po_box"> </column>
            <column name="mail_stop"> </column>
            <column name="city">Dongguan</column>
            <column name="state"> </column>
            <column name="zip">523808</column>
            <column name="country">China</column>
            <column name="email_address">davegao@163.com</column>
            <column name="phone_number">86-15625558400</column>
            <column name="fax_number">N/A</column>
            <column name="contract">Y</column>
        </table>
        <table name="Results">
            <column name="firm_name">Dongguan Yaxu (AiT) Technology Limited</column>
            <column name="location">Dongguan, People's Republic of China</column>
            <column name="accreditation">American Association for Laboratory Accreditation</column>
            <column name="mra">N/A</column>
            <column name="designation_number">US1313</column>
            <column name="expiration_date">2023-08-23 00:00:00.0</column>
            <column name="contact">Coin Tang</column>
            <column name="contact_title">Authorized Representative</column>
            <column name="address">No.22, Jinqianling 3rd Street, Jitigang, Huangjian</column>
            <column name="po_box"> </column>
            <column name="mail_stop"> </column>
            <column name="city">Guangdong</column>
            <column name="state"> </column>
            <column name="zip"> </column>
            <column name="country">China</column>
            <column name="email_address">info@aitek.org.cn</column>
            <column name="phone_number">+86 0769-82020499-21</column>
            <column name="fax_number">N/A</column>
            <column name="contract">Y</column>
        </table>
        <table name="Results">
            <column name="firm_name">EMTEK (Dongguan) Co., Ltd.</column>
            <column name="location">Guangdong, People's Republic of China</column>
            <column name="accreditation">American Association for Laboratory Accreditation</column>
            <column name="mra">N/A</column>
            <column name="designation_number">US1300</column>
            <column name="expiration_date">2023-06-30 00:00:00.0</column>
            <column name="contact">Sam Lv</column>
            <column name="contact_title"> </column>
            <column name="address">1&amp;2F., Building 2, Zone A, Zhongda Marine Base</column>
            <column name="po_box"> </column>
            <column name="mail_stop"> </column>
            <column name="city">Dongguan</column>
            <column name="state"> </column>
            <column name="zip"> </column>
            <column name="country">China</column>
            <column name="email_address">Sam.lv@emtek.com.cn</column>
            <column name="phone_number">886-0769-22807078</column>
            <column name="fax_number">N/A</column>
            <column name="contract">Y</column>
        </table>
        <table name="Results">
            <column name="firm_name">EMTEK (Shenzhen) Co., Ltd.</column>
            <column name="location">Guangdong, China</column>
            <column name="accreditation">American Association for Laboratory Accreditation</column>
            <column name="mra">N/A</column>
            <column name="designation_number">US1204</column>
            <column name="expiration_date">2024-08-31 00:00:00.0</column>
            <column name="contact">Lisa Wang</column>
            <column name="contact_title"> </column>
            <column name="address">Building 69, Majialong Industry Zone</column>
            <column name="po_box"> </column>
            <column name="mail_stop"> </column>
            <column name="city">Guangdong</column>
            <column name="state"> </column>
            <column name="zip">518052</column>
            <column name="country">China</column>
            <column name="email_address">wangli@emtek.com.cn</column>
            <column name="phone_number">86 755 26954280</column>
            <column name="fax_number">N/A</column>
            <column name="contract">Y</column>
        </table>
        <table name="Results">
            <column name="firm_name">EPINTEK Suzhou Ltd., Suzhou Industrial Park Branch</column>
            <column name="location">Suzhou, People's Republic of China</column>
            <column name="accreditation">American Association for Laboratory Accreditation</column>
            <column name="mra">N/A</column>
            <column name="designation_number">US1285</column>
            <column name="expiration_date">2024-08-28 00:00:00.0</column>
            <column name="contact">Harry Zhao</column>
            <column name="contact_title"> </column>
            <column name="address">Building B, No.5 Minsheng Road,</column>
            <column name="po_box"> </column>
            <column name="mail_stop"> </column>
            <column name="city">Suzhou</column>
            <column name="state"> </column>
            <column name="zip"> </column>
            <column name="country">China</column>
            <column name="email_address">harry.zhao@epintek.com</column>
            <column name="phone_number">0086-512-67997780</column>
            <column name="fax_number">N/A</column>
            <column name="contract">Y</column>
        </table>
        <table name="Results">
            <column name="firm_name">EST Technology Co., Ltd.</column>
            <column name="location">Guangdong, People's Republic of China</column>
            <column name="accreditation">American Association for Laboratory Accreditation</column>
            <column name="mra">N/A</column>
            <column name="designation_number">US1215</column>
            <column name="expiration_date">2024-01-31 00:00:00.0</column>
            <column name="contact">Iceman Hu</column>
            <column name="contact_title"> </column>
            <column name="address">Chilingxiang, Qishantou, Santun, Houjie</column>
            <column name="po_box"> </column>
            <column name="mail_stop"> </column>
            <column name="city">Dongguan, Guangdong</column>
            <column name="state"> </column>
            <column name="zip">523941</column>
            <column name="country">China</column>
            <column name="email_address">iceman.hu@gdest.cn</column>
            <column name="phone_number">+86 0769-83081888</column>
            <column name="fax_number">N/A</column>
            <column name="contract">Y</column>
        </table>
        <table name="Results">
            <column name="firm_name">Eurofins Electrical Testing Service (Shenzhen) Co.</column>
            <column name="location">Guangdong, People's Republic of China</column>
            <column name="accreditation">American Association for Laboratory Accreditation</column>
            <column name="mra">N/A</column>
            <column name="designation_number">US1265</column>
            <column name="expiration_date">2023-07-31 00:00:00.0</column>
            <column name="contact">Lemon Li</column>
            <column name="contact_title"> </column>
            <column name="address">1st Floor, Spring Block, MeishengHuigu Innovation</column>
            <column name="po_box"> </column>
            <column name="mail_stop"> </column>
            <column name="city">Shenzhen City</column>
            <column name="state"> </column>
            <column name="zip">518133</column>
            <column name="country">China</column>
            <column name="email_address">lemonli@eurofins.com</column>
            <column name="phone_number">+86-755-82911867</column>
            <column name="fax_number">N/A</column>
            <column name="contract">Y</column>
        </table>
        <table name="Results">
            <column name="firm_name">Fangguang Inspection &amp; Testing Co. Ltd</column>
            <column name="location">Wuxi CHINA</column>
            <column name="accreditation">National Voluntary Laboratory Accreditation Program</column>
            <column name="mra">N/A</column>
            <column name="designation_number">US5037</column>
            <column name="expiration_date">2023-12-31 00:00:00.0</column>
            <column name="contact">Zeming Zhang</column>
            <column name="contact_title">Technical Dept. Manager</column>
            <column name="address">G9 Building, China Sensor Network International</column>
            <column name="po_box"> </column>
            <column name="mail_stop"> </column>
            <column name="city">Wuxi, Jiangsu</column>
            <column name="state"> </column>
            <column name="zip">214000</column>
            <column name="country">China</column>
            <column name="email_address">zhangzm@grgtest.com</column>
            <column name="phone_number">135-7047-5374</column>
            <column name="fax_number">N/A</column>
            <column name="contract">Y</column>
        </table>
        <table name="Results">
            <column name="firm_name">Flux Compliance Service Laboratory</column>
            <column name="location">Dongguan, People's Republic of China</column>
            <column name="accreditation">American Association for Laboratory Accreditation</column>
            <column name="mra">N/A</column>
            <column name="designation_number">US0127</column>
            <column name="expiration_date">2023-12-31 00:00:00.0</column>
            <column name="contact">Andy Yue</column>
            <column name="contact_title"> </column>
            <column name="address">Baohao Technology Bldg. 1, No.15 Gongye W. Rd.</column>
            <column name="po_box"> </column>
            <column name="mail_stop"> </column>
            <column name="city">Dongguan</column>
            <column name="state"> </column>
            <column name="zip">523808</column>
            <column name="country">China</column>
            <column name="email_address">andy.yue@fcs-lab.com</column>
            <column name="phone_number">13510297284</column>
            <column name="fax_number">N/A</column>
            <column name="contract">Y</column>
        </table>
        <table name="Results">
            <column name="firm_name">Foxconn EMC Measurement Center (Longhua)</column>
            <column name="location">Longhua, Shenzhen China</column>
            <column name="accreditation">National Voluntary Laboratory Accreditation Program</column>
            <column name="mra">N/A</column>
            <column name="designation_number">US5006</column>
            <column name="expiration_date">2023-12-31 00:00:00.0</column>
            <column name="contact">Peter Wu</column>
            <column name="contact_title"> </column>
            <column name="address">CESBG SDC #410, No. 2, 2nd Donghuan Rd</column>
            <column name="po_box"> </column>
            <column name="mail_stop"> </column>
            <column name="city">Longhua, Shenzhen</column>
            <column name="state"> </column>
            <column name="zip">518109</column>
            <column name="country">China</column>
            <column name="email_address">peter.zp.wu@foxconn.com</column>
            <column name="phone_number">86-755-28129188</column>
            <column name="fax_number">N/A</column>
            <column name="contract">Y</column>
        </table>
        <table name="Results">
            <column name="firm_name">Foxconn EMC Measurement Center (Yantai)</column>
            <column name="location">Yantai, Shandong Province</column>
            <column name="accreditation">National Voluntary Laboratory Accreditation Program</column>
            <column name="mra">N/A</column>
            <column name="designation_number">US5005</column>
            <column name="expiration_date">2023-12-31 00:00:00.0</column>
            <column name="contact">Yy Fu</column>
            <column name="contact_title"> </column>
            <column name="address">E07,Yantai Export Processing Zone B Area</column>
            <column name="po_box"> </column>
            <column name="mail_stop"> </column>
            <column name="city">Yantai, Shandong Province</column>
            <column name="state"> </column>
            <column name="zip">264006</column>
            <column name="country">China</column>
            <column name="email_address">yy.yu.fu@foxconn.com</column>
            <column name="phone_number">865353820000</column>
            <column name="fax_number">865353829999</column>
            <column name="contract">Y</column>
        </table>
        <table name="Results">
            <column name="firm_name">GRG METROLOGY &amp; TEST GROUP CO., LTD</column>
            <column name="location">Chengdu, People's Republuc of China</column>
            <column name="accreditation">American Association for Laboratory Accreditation</column>
            <column name="mra">N/A</column>
            <column name="designation_number">US1286</column>
            <column name="expiration_date">2024-11-30 00:00:00.0</column>
            <column name="contact">Nancy Dai</column>
            <column name="contact_title"> </column>
            <column name="address">Park No. 9, Wu Ke East 3rd Road</column>
            <column name="po_box"> </column>
            <column name="mail_stop"> </column>
            <column name="city">Chengdu</column>
            <column name="state"> </column>
            <column name="zip">610045</column>
            <column name="country">China</column>
            <column name="email_address">szgrgt@grgtest.com</column>
            <column name="phone_number">86-20-66830999</column>
            <column name="fax_number">N/A</column>
            <column name="contract">Y</column>
        </table>
        <table name="Results">
            <column name="firm_name">GRG Metrology &amp; Test Group Co., Ltd.</column>
            <column name="location">Shenzhen</column>
            <column name="accreditation">American Association for Laboratory Accreditation</column>
            <column name="mra">N/A</column>
            <column name="designation_number">US1198</column>
            <column name="expiration_date">2023-07-19 00:00:00.0</column>
            <column name="contact">Frank Chen</column>
            <column name="contact_title"> </column>
            <column name="address">No. 1301 Guanguang Road</column>
            <column name="po_box"> </column>
            <column name="mail_stop"> </column>
            <column name="city">Shenzhen</column>
            <column name="state"> </column>
            <column name="zip">518110</column>
            <column name="country">China</column>
            <column name="email_address">frank.chen@grgtest.com</column>
            <column name="phone_number">86-20-66830999-8358</column>
            <column name="fax_number">N/A</column>
            <column name="contract">Y</column>
        </table>
        <table name="Results">
            <column name="firm_name">Global Compliance and Testing Center of Huawei Tec</column>
            <column name="location">Dongguan, Guangdong</column>
            <column name="accreditation">American Association for Laboratory Accreditation</column>
            <column name="mra">N/A</column>
            <column name="designation_number">US1173</column>
            <column name="expiration_date">2024-04-30 00:00:00.0</column>
            <column name="contact">Paul Zhang</column>
            <column name="contact_title"> </column>
            <column name="address">NO.2 New City Ave</column>
            <column name="po_box"> </column>
            <column name="mail_stop"> </column>
            <column name="city">Dongguan, Guangdong</column>
            <column name="state"> </column>
            <column name="zip">523808</column>
            <column name="country">China</column>
            <column name="email_address">zhangxinghai@huawei.com</column>
            <column name="phone_number">86-755-28780808</column>
            <column name="fax_number">N/A</column>
            <column name="contract">Y</column>
        </table>
        <table name="Results">
            <column name="firm_name">Global United Technology Services Co. Ltd.</column>
            <column name="location">Shenzhen China</column>
            <column name="accreditation">National Voluntary Laboratory Accreditation Program</column>
            <column name="mra">N/A</column>
            <column name="designation_number">US5029</column>
            <column name="expiration_date">2023-12-31 00:00:00.0</column>
            <column name="contact">Robinson Lo</column>
            <column name="contact_title"> </column>
            <column name="address">No 123-128, Tower A, Jinyuan Business Building</column>
            <column name="po_box"> </column>
            <column name="mail_stop"> </column>
            <column name="city">Baoan District, Shenzhen, Guangdong</column>
            <column name="state"> </column>
            <column name="zip">518102</column>
            <column name="country">China</column>
            <column name="email_address">robinson.lo@gtstest.com</column>
            <column name="phone_number">86-0-755-2779-8480</column>
            <column name="fax_number">86-0-755-27798960</column>
            <column name="contract">Y</column>
        </table>
        <table name="Results">
            <column name="firm_name">Guangzhou Jingce Testing Technology Co., Ltd.</column>
            <column name="location">Guangzhou, People's Republic of China</column>
            <column name="accreditation">American Association for Laboratory Accreditation</column>
            <column name="mra">N/A</column>
            <column name="designation_number">US1331</column>
            <column name="expiration_date">2024-03-31 00:00:00.0</column>
            <column name="contact">Hui Liu</column>
            <column name="contact_title">Authorized Representative</column>
            <column name="address">No. 192, Kezhu Road, Huangpu District,</column>
            <column name="po_box"> </column>
            <column name="mail_stop"> </column>
            <column name="city">Guangzhou</column>
            <column name="state"> </column>
            <column name="zip"> </column>
            <column name="country">China</column>
            <column name="email_address">liuhui11480@jcoa.com</column>
            <column name="phone_number">86 173 7267 6840</column>
            <column name="fax_number">N/A</column>
            <column name="contract">Y</column>
        </table>
        <table name="Results">
            <column name="firm_name">Guangzhou Jingce Testing Technology Co., Ltd.</column>
            <column name="location">Guangzhou Jingce Testing Technology Co., Ltd.</column>
            <column name="accreditation">American Association for Laboratory Accreditation</column>
            <column name="mra">N/A</column>
            <column name="designation_number">US1332</column>
            <column name="expiration_date">2024-03-31 00:00:00.0</column>
            <column name="contact">Hui Liu</column>
            <column name="contact_title">Authorized Representative</column>
            <column name="address">No. 6, Liankun Road, Huangpu District</column>
            <column name="po_box"> </column>
            <column name="mail_stop"> </column>
            <column name="city">Guangzhou</column>
            <column name="state"> </column>
            <column name="zip"> </column>
            <column name="country">China</column>
            <column name="email_address">liuhui11480@jcoa.com</column>
            <column name="phone_number">86 173 7267 6840</column>
            <column name="fax_number">N/A</column>
            <column name="contract">Y</column>
        </table>
        <table name="Results">
            <column name="firm_name">Hangzhou TDT Technologies Co., Ltd.</column>
            <column name="location">Hangzhou, Zhejiang</column>
            <column name="accreditation">American Association for Laboratory Accreditation</column>
            <column name="mra">N/A</column>
            <column name="designation_number">US1197</column>
            <column name="expiration_date">2023-06-30 00:00:00.0</column>
            <column name="contact">Bing Cai</column>
            <column name="contact_title"> </column>
            <column name="address">Room 101, Building 3, No.12, Binwen Road</column>
            <column name="po_box"> </column>
            <column name="mail_stop"> </column>
            <column name="city">Hangzhou, Zhejiang</column>
            <column name="state"> </column>
            <column name="zip">310051</column>
            <column name="country">China</column>
            <column name="email_address">tdt_caizhengbing@163.com</column>
            <column name="phone_number">+86571-88317620</column>
            <column name="fax_number">N/A</column>
            <column name="contract">Y</column>
        </table>
        <table name="Results">
            <column name="firm_name">Huarui 7layers High Technology (Suzhou) Co., Ltd.</column>
            <column name="location">Suzhou City, People's Republic of China</column>
            <column name="accreditation">American Association for Laboratory Accreditation</column>
            <column name="mra">N/A</column>
            <column name="designation_number">US1325</column>
            <column name="expiration_date">2024-02-29 00:00:00.0</column>
            <column name="contact">Yao Bin</column>
            <column name="contact_title"> </column>
            <column name="address">Tower N, Innovation Center</column>
            <column name="po_box"> </column>
            <column name="mail_stop"> </column>
            <column name="city">Suzhou City, Anhui Province</column>
            <column name="state"> </column>
            <column name="zip"> </column>
            <column name="country">China</column>
            <column name="email_address">bin.yao@7layers.com</column>
            <column name="phone_number">+86 13910007241</column>
            <column name="fax_number">N/A</column>
            <column name="contract">Y</column>
        </table>
        <table name="Results">
            <column name="firm_name">Hunan Ecloud Testing Technology Co., Ltd.</column>
            <column name="location">Hunan, People's Republic of China</column>
            <column name="accreditation">American Association for Laboratory Accreditation</column>
            <column name="mra">N/A</column>
            <column name="designation_number">US1244</column>
            <column name="expiration_date">2024-10-31 00:00:00.0</column>
            <column name="contact">Bacon Wu</column>
            <column name="contact_title"> </column>
            <column name="address">Building A1, Changsha E Center, No. 18 Xiangtai Av</column>
            <column name="po_box"> </column>
            <column name="mail_stop"> </column>
            <column name="city">Changsha, Hunan</column>
            <column name="state"> </column>
            <column name="zip">410300</column>
            <column name="country">China</column>
            <column name="email_address">bacon.wu@hn-ecloud.com</column>
            <column name="phone_number">+86 134 2793 2505</column>
            <column name="fax_number">N/A</column>
            <column name="contract">Y</column>
        </table>
        <table name="Results">
            <column name="firm_name">ICAS Testing Technology Service (Shanghai) Co, Ltd</column>
            <column name="location">Shanghai, People's Republic of China</column>
            <column name="accreditation">American Association for Laboratory Accreditation</column>
            <column name="mra">N/A</column>
            <column name="designation_number">US1262</column>
            <column name="expiration_date">2025-02-28 00:00:00.0</column>
            <column name="contact">Zhenyang Zhang</column>
            <column name="contact_title"> </column>
            <column name="address">Building 2,NO.155, Pingbei Road, Minhang District</column>
            <column name="po_box"> </column>
            <column name="mail_stop"> </column>
            <column name="city">Shanghai</column>
            <column name="state"> </column>
            <column name="zip">201109</column>
            <column name="country">China</column>
            <column name="email_address">qa@icasiso.net</column>
            <column name="phone_number">086 021516829997864</column>
            <column name="fax_number">N/A</column>
            <column name="contract">Y</column>
        </table>
        <table name="Results">
            <column name="firm_name">ITL Co., LTD</column>
            <column name="location">Guangdong, China</column>
            <column name="accreditation">National Voluntary Laboratory Accreditation Program</column>
            <column name="mra">N/A</column>
            <column name="designation_number">US5035</column>
            <column name="expiration_date">2023-09-30 00:00:00.0</column>
            <column name="contact">Bob Dai</column>
            <column name="contact_title">Manager</column>
            <column name="address">No. 8 Jinqianling Street 5</column>
            <column name="po_box"> </column>
            <column name="mail_stop"> </column>
            <column name="city">Dongguan, Guangdong</column>
            <column name="state"> </column>
            <column name="zip">523757</column>
            <column name="country">China</column>
            <column name="email_address">safety@i-testlab.com</column>
            <column name="phone_number">0-17708166195</column>
            <column name="fax_number">86-020-62824387</column>
            <column name="contract">Y</column>
        </table>
        <table name="Results">
            <column name="firm_name">Intertek Testing Services Shanghai</column>
            <column name="location">Shanghai, People's Republic of China</column>
            <column name="accreditation">American Association for Laboratory Accreditation</column>
            <column name="mra">N/A</column>
            <column name="designation_number">US0175</column>
            <column name="expiration_date">2024-08-31 00:00:00.0</column>
            <column name="contact">Leah Xu</column>
            <column name="contact_title"> </column>
            <column name="address">Bl. No.86,1198 Qinzhou Road (North)</column>
            <column name="po_box"> </column>
            <column name="mail_stop"> </column>
            <column name="city">Shanghai</column>
            <column name="state"> </column>
            <column name="zip">200233</column>
            <column name="country">China</column>
            <column name="email_address">leah.xu@intertek.com</column>
            <column name="phone_number">+86 21 61278200</column>
            <column name="fax_number">N/A</column>
            <column name="contract">Y</column>
        </table>
        <table name="Results">
            <column name="firm_name">Intertek Testing Services Shenzhen LTD., Guangzhou</column>
            <column name="location">Guangzhou, Guangdong</column>
            <column name="accreditation">American Association for Laboratory Accreditation</column>
            <column name="mra">N/A</column>
            <column name="designation_number">US1200</column>
            <column name="expiration_date">2023-08-31 00:00:00.0</column>
            <column name="contact">Mr. Strong Yao</column>
            <column name="contact_title"> </column>
            <column name="address">101 Block A, Yvshu Industry Park</column>
            <column name="po_box"> </column>
            <column name="mail_stop"> </column>
            <column name="city">Guangzhou, Guangdong</column>
            <column name="state"> </column>
            <column name="zip">510663</column>
            <column name="country">China</column>
            <column name="email_address">strong.yao@intertek.com</column>
            <column name="phone_number">+8 620 8213 9940</column>
            <column name="fax_number">N/A</column>
            <column name="contract">Y</column>
        </table>
        <table name="Results">
            <column name="firm_name">Intertek Testing Services Shenzhen Ltd. Longhua Br</column>
            <column name="location">Shenzhen, China</column>
            <column name="accreditation">American Association for Laboratory Accreditation</column>
            <column name="mra">N/A</column>
            <column name="designation_number">US1188</column>
            <column name="expiration_date">2023-08-31 00:00:00.0</column>
            <column name="contact">Holly Ou</column>
            <column name="contact_title"> </column>
            <column name="address">101, 201, Building B, No. 308 Wuhe Avenue</column>
            <column name="po_box"> </column>
            <column name="mail_stop"> </column>
            <column name="city">GuanHu Subdistrict, LongHua District, Shenzhen</column>
            <column name="state"> </column>
            <column name="zip"> </column>
            <column name="country">China</column>
            <column name="email_address">holly.ou@intertek.com</column>
            <column name="phone_number">+86 755 86140691</column>
            <column name="fax_number">N/A</column>
            <column name="contract">Y</column>
        </table>
        <table name="Results">
            <column name="firm_name">JianYan Testing Group Shenzhen Co., Ltd.</column>
            <column name="location">Shenzhen, P.R.C.</column>
            <column name="accreditation">American Association for Laboratory Accreditation</column>
            <column name="mra">N/A</column>
            <column name="designation_number">US1211</column>
            <column name="expiration_date">2023-11-30 00:00:00.0</column>
            <column name="contact">Bruce Zhang</column>
            <column name="contact_title"> </column>
            <column name="address">No.101, Building 8, Innovation Wisdom Port, No.155</column>
            <column name="po_box"> </column>
            <column name="mail_stop"> </column>
            <column name="city">Shenzhen, Guangdong</column>
            <column name="state"> </column>
            <column name="zip"> </column>
            <column name="country">China</column>
            <column name="email_address">bruce.zhang@ccis-cb.com</column>
            <column name="phone_number">+86 (0) 755 23118282</column>
            <column name="fax_number">N/A</column>
            <column name="contract">Y</column>
        </table>
        <table name="Results">
            <column name="firm_name">Jiangsu Vnuo Certification &amp; Testing Co., Ltd.</column>
            <column name="location">Suqian, Jiangsu, People's Republic of China</column>
            <column name="accreditation">American Association for Laboratory Accreditation</column>
            <column name="mra">N/A</column>
            <column name="designation_number">US1327</column>
            <column name="expiration_date">2024-04-20 00:00:00.0</column>
            <column name="contact">Kaiven Han</column>
            <column name="contact_title"> </column>
            <column name="address">Building B2, Taishang Technology Industrial Park</column>
            <column name="po_box"> </column>
            <column name="mail_stop"> </column>
            <column name="city">Suqian, Jiangsu</column>
            <column name="state"> </column>
            <column name="zip"> </column>
            <column name="country">China</column>
            <column name="email_address">hanlc@cn-cvin.com</column>
            <column name="phone_number">15365060853</column>
            <column name="fax_number">N/A</column>
            <column name="contract">Y</column>
        </table>
        <table name="Results">
            <column name="firm_name">Jiangsu Yangtze Testing, Certification and Inspect</column>
            <column name="location">Nanjing City, Jiangsu Province</column>
            <column name="accreditation">American Association for Laboratory Accreditation</column>
            <column name="mra">N/A</column>
            <column name="designation_number">US1169</column>
            <column name="expiration_date">2023-06-30 00:00:00.0</column>
            <column name="contact">Qilu Wan</column>
            <column name="contact_title"> </column>
            <column name="address">No.6-3, XingZhi Road, XingZhi Technology Park</column>
            <column name="po_box"> </column>
            <column name="mail_stop"> </column>
            <column name="city">Nanjing City, Jiangsu Province</column>
            <column name="state"> </column>
            <column name="zip">210046</column>
            <column name="country">China</column>
            <column name="email_address">wanql@njjszx.com</column>
            <column name="phone_number">18261936592</column>
            <column name="fax_number">N/A</column>
            <column name="contract">Y</column>
        </table>
        <table name="Results">
            <column name="firm_name">Jianyan Testing Group Co., Ltd</column>
            <column name="location">Xiamen, People's Republic of China</column>
            <column name="accreditation">American Association for Laboratory Accreditation</column>
            <column name="mra">N/A</column>
            <column name="designation_number">US1279</column>
            <column name="expiration_date">2024-02-29 00:00:00.0</column>
            <column name="contact">Jason Zhong</column>
            <column name="contact_title"> </column>
            <column name="address">No.760 Fengling Road Tong'an District</column>
            <column name="po_box"> </column>
            <column name="mail_stop"> </column>
            <column name="city">Xiamen Fujia</column>
            <column name="state"> </column>
            <column name="zip"> </column>
            <column name="country">China</column>
            <column name="email_address">zhongjq_jyt_xmabr@163.com</column>
            <column name="phone_number">+86 15980750659</column>
            <column name="fax_number">N/A</column>
            <column name="contract">Y</column>
        </table>
        <table name="Results">
            <column name="firm_name">KSIGN (Guangdong) Testing Co., Ltd.</column>
            <column name="location">Shenzhen, Guangdong, People's Republic of China</column>
            <column name="accreditation">American Association for Laboratory Accreditation</column>
            <column name="mra">N/A</column>
            <column name="designation_number">US1328</column>
            <column name="expiration_date">2023-10-31 00:00:00.0</column>
            <column name="contact">Neil Wan</column>
            <column name="contact_title"> </column>
            <column name="address">West Side of 1/F., Building C, Zone A,</column>
            <column name="po_box"> </column>
            <column name="mail_stop"> </column>
            <column name="city">Shajing, Bao'an District, Shenzhen, Guangdong,</column>
            <column name="state"> </column>
            <column name="zip"> </column>
            <column name="country">China</column>
            <column name="email_address">info@gdksign.cn</column>
            <column name="phone_number">+(86) 0755-2985 2678</column>
            <column name="fax_number">N/A</column>
            <column name="contract">Y</column>
        </table>
        <table name="Results">
            <column name="firm_name">KSIGN Testing Co., LTD</column>
            <column name="location">Hangzhou, People's Republic of China</column>
            <column name="accreditation">American Association for Laboratory Accreditation</column>
            <column name="mra">N/A</column>
            <column name="designation_number">US1254</column>
            <column name="expiration_date">2024-02-29 00:00:00.0</column>
            <column name="contact">WeiXiong Wang</column>
            <column name="contact_title"> </column>
            <column name="address">BUILDING 5, No.216, Jianghong South Road</column>
            <column name="po_box"> </column>
            <column name="mail_stop"> </column>
            <column name="city">Hangzhou</column>
            <column name="state"> </column>
            <column name="zip"> </column>
            <column name="country">China</column>
            <column name="email_address">cptcwwx@126.com</column>
            <column name="phone_number">+86 571 8836 6803</column>
            <column name="fax_number">N/A</column>
            <column name="contract">Y</column>
        </table>
        <table name="Results">
            <column name="firm_name">Ke Mei Ou Lab Co., Ltd.</column>
            <column name="location">Shen Zhen, Guang Dong, P. R. China</column>
            <column name="accreditation">ANSI National Accreditation Board</column>
            <column name="mra">N/A</column>
            <column name="designation_number">US1532</column>
            <column name="expiration_date">2024-05-22 00:00:00.0</column>
            <column name="contact">Apollo Liu</column>
            <column name="contact_title"> </column>
            <column name="address">Room 2013-2016, 20th Floor, Business Center,</column>
            <column name="po_box"> </column>
            <column name="mail_stop"> </column>
            <column name="city">Shen Zhen, Guang Dong</column>
            <column name="state"> </column>
            <column name="zip"> </column>
            <column name="country">China</column>
            <column name="email_address">Apollo_liu@kmolab.com</column>
            <column name="phone_number">86755 83642690</column>
            <column name="fax_number">N/A</column>
            <column name="contract">Y</column>
        </table>
        <table name="Results">
            <column name="firm_name">MRT TECHNOLOGY (SHENZHEN) CO., LTD.</column>
            <column name="location">Shenzhen, PRC</column>
            <column name="accreditation">American Association for Laboratory Accreditation</column>
            <column name="mra">N/A</column>
            <column name="designation_number">US1284</column>
            <column name="expiration_date">2024-10-31 00:00:00.0</column>
            <column name="contact">Marlin Chen</column>
            <column name="contact_title"> </column>
            <column name="address">1G, Building A, Junxiangda Building,</column>
            <column name="po_box"> </column>
            <column name="mail_stop"> </column>
            <column name="city">Shenzhen, Guangdong</column>
            <column name="state"> </column>
            <column name="zip"> </column>
            <column name="country">China</column>
            <column name="email_address">marlinchen@mrt-cert.com</column>
            <column name="phone_number">+86-512-66308358-880</column>
            <column name="fax_number">N/A</column>
            <column name="contract">Y</column>
        </table>
        <table name="Results">
            <column name="firm_name">MRT Technology (Suzhou) Co., Ltd.</column>
            <column name="location">Suzhou, Jiangsu</column>
            <column name="accreditation">American Association for Laboratory Accreditation</column>
            <column name="mra">N/A</column>
            <column name="designation_number">US1166</column>
            <column name="expiration_date">2024-05-05 00:00:00.0</column>
            <column name="contact">Mr. Marlin Chen</column>
            <column name="contact_title"> </column>
            <column name="address">D8 Building, Youxin Industrial Park, No. 2 Tina'ed</column>
            <column name="po_box"> </column>
            <column name="mail_stop"> </column>
            <column name="city">Suzhou, Jiangsu</column>
            <column name="state"> </column>
            <column name="zip"> </column>
            <column name="country">China</column>
            <column name="email_address">marlinchen@mrt-cert.com</column>
            <column name="phone_number">+86-512-66308358</column>
            <column name="fax_number">N/A</column>
            <column name="contract">Y</column>
        </table>
        <table name="Results">
            <column name="firm_name">Precise Testing &amp; Certification Co., LTD.</column>
            <column name="location">Dongguan, People's Republic of China</column>
            <column name="accreditation">American Association for Laboratory Accreditation</column>
            <column name="mra">N/A</column>
            <column name="designation_number">US1219</column>
            <column name="expiration_date">2023-12-31 00:00:00.0</column>
            <column name="contact">Chris Du</column>
            <column name="contact_title"> </column>
            <column name="address">Building 1, No.6 Tongxin Road, Dongcheng Street,</column>
            <column name="po_box"> </column>
            <column name="mail_stop"> </column>
            <column name="city">Dongguan</column>
            <column name="state"> </column>
            <column name="zip">523129</column>
            <column name="country">China</column>
            <column name="email_address">chris.du@ptc-testing.com</column>
            <column name="phone_number">+86-769-38808222</column>
            <column name="fax_number">N/A</column>
            <column name="contract">Y</column>
        </table>
        <table name="Results">
            <column name="firm_name">Reliability Laboratory - New H3C Technologies Co.,</column>
            <column name="location">Hangzhou, Zhejiang</column>
            <column name="accreditation">American Association for Laboratory Accreditation</column>
            <column name="mra">N/A</column>
            <column name="designation_number">US1176</column>
            <column name="expiration_date">2023-08-20 00:00:00.0</column>
            <column name="contact">Ms. Yin Hanfang</column>
            <column name="contact_title"> </column>
            <column name="address">466 Changhe Road</column>
            <column name="po_box"> </column>
            <column name="mail_stop"> </column>
            <column name="city">Hangzhou, Zhejiang</column>
            <column name="state"> </column>
            <column name="zip">310052</column>
            <column name="country">China</column>
            <column name="email_address">yinhanfang@h3c.com</column>
            <column name="phone_number">0571-86762722</column>
            <column name="fax_number">N/A</column>
            <column name="contract">N</column>
        </table>
        <table name="Results">
            <column name="firm_name">SGS-CSTC Standards Technical Services (Suzhou) Co.</column>
            <column name="location">Suzhou, People's Republic of China</column>
            <column name="accreditation">American Association for Laboratory Accreditation</column>
            <column name="mra">N/A</column>
            <column name="designation_number">US1312</column>
            <column name="expiration_date">2023-08-31 00:00:00.0</column>
            <column name="contact">Vinny Chen</column>
            <column name="contact_title"> </column>
            <column name="address">South of No. 6 Plant, No. 1, Runsheng Road,</column>
            <column name="po_box"> </column>
            <column name="mail_stop"> </column>
            <column name="city">Suzhou</column>
            <column name="state"> </column>
            <column name="zip"> </column>
            <column name="country">China</column>
            <column name="email_address">Vinny.Chen@sgs.com</column>
            <column name="phone_number">+86 13728676901</column>
            <column name="fax_number">N/A</column>
            <column name="contract">Y</column>
        </table>
        <table name="Results">
            <column name="firm_name">SGS-CSTC Standards Technical Services (Xi'an)</column>
            <column name="location">Xi'an City, Shannxi, People's Republic of China</column>
            <column name="accreditation">American Association for Laboratory Accreditation</column>
            <column name="mra">N/A</column>
            <column name="designation_number">US1337</column>
            <column name="expiration_date">2024-06-30 00:00:00.0</column>
            <column name="contact">Linus Chen</column>
            <column name="contact_title"> </column>
            <column name="address">1/F Unit D Building 1 Kanghong Orange Science Park</column>
            <column name="po_box"> </column>
            <column name="mail_stop"> </column>
            <column name="city">Xi'an City</column>
            <column name="state"> </column>
            <column name="zip">710086</column>
            <column name="country">China</column>
            <column name="email_address">Linus.Chen@sgs.com</column>
            <column name="phone_number">+86 (0) 13379227851</column>
            <column name="fax_number">N/A</column>
            <column name="contract">Y</column>
        </table>
        <table name="Results">
            <column name="firm_name">SGS-CSTC Standards Technical Services Co., Ltd.</column>
            <column name="location">Shanghai</column>
            <column name="accreditation">American Association for Laboratory Accreditation</column>
            <column name="mra">N/A</column>
            <column name="designation_number">US1301</column>
            <column name="expiration_date">2024-07-31 00:00:00.0</column>
            <column name="contact">Kingsley Zhou</column>
            <column name="contact_title"> </column>
            <column name="address">No. 588 West Jindu Road</column>
            <column name="po_box"> </column>
            <column name="mail_stop"> </column>
            <column name="city">Shanghai</column>
            <column name="state"> </column>
            <column name="zip">201612</column>
            <column name="country">China</column>
            <column name="email_address">Kingsley.Zhou@sgs.com</column>
            <column name="phone_number">13636390700</column>
            <column name="fax_number">N/A</column>
            <column name="contract">Y</column>
        </table>
        <table name="Results">
            <column name="firm_name">SGS-CSTC Standards Technical Services Co., Ltd.</column>
            <column name="location">Guangzhou, China</column>
            <column name="accreditation">National Voluntary Laboratory Accreditation Program</column>
            <column name="mra">N/A</column>
            <column name="designation_number">US5016</column>
            <column name="expiration_date">2023-09-30 00:00:00.0</column>
            <column name="contact">Bonnie Liao</column>
            <column name="contact_title"> </column>
            <column name="address">No.198 Kezhu Road, Science City</column>
            <column name="po_box"> </column>
            <column name="mail_stop"> </column>
            <column name="city">Guangzhou, Guangdong</column>
            <column name="state"> </column>
            <column name="zip">510663</column>
            <column name="country">China</column>
            <column name="email_address">bonnie.liao@sgs.com</column>
            <column name="phone_number">020-8215-5379</column>
            <column name="fax_number">N/A</column>
            <column name="contract">Y</column>
        </table>
        <table name="Results">
            <column name="firm_name">SGS-CSTC Standards Technical Services Co., Ltd. Sh</column>
            <column name="location">Shenzhen, Guangdong, People's Republic of China</column>
            <column name="accreditation">American Association for Laboratory Accreditation</column>
            <column name="mra">N/A</column>
            <column name="designation_number">US1336</column>
            <column name="expiration_date">2023-09-30 00:00:00.0</column>
            <column name="contact">Keny Xu</column>
            <column name="contact_title"> </column>
            <column name="address">No.1 Workshop, M-10, Middle Section Science &amp; Tech</column>
            <column name="po_box"> </column>
            <column name="mail_stop"> </column>
            <column name="city">Shenzhen</column>
            <column name="state"> </column>
            <column name="zip">518057</column>
            <column name="country">China</column>
            <column name="email_address">Keny.Xu@sgs.com</column>
            <column name="phone_number">+86 (0)755 2532 8629</column>
            <column name="fax_number">N/A</column>
            <column name="contract">Y</column>
        </table>
        <table name="Results">
            <column name="firm_name">SHENZHEN CENTRAL STANDARD INTERNATIONAL CENTER CO.</column>
            <column name="location">Shenzhen, PRC</column>
            <column name="accreditation">American Association for Laboratory Accreditation</column>
            <column name="mra">N/A</column>
            <column name="designation_number">US1317</column>
            <column name="expiration_date">2023-11-30 00:00:00.0</column>
            <column name="contact">Tom Gan</column>
            <column name="contact_title"> </column>
            <column name="address">Rm 201, Bldg 1, Mogen Fashion Ind. Park, No.10</column>
            <column name="po_box"> </column>
            <column name="mail_stop"> </column>
            <column name="city">Shenzhen</column>
            <column name="state"> </column>
            <column name="zip"> </column>
            <column name="country">China</column>
            <column name="email_address">tomgan@csicsz.com</column>
            <column name="phone_number">86-13534120942</column>
            <column name="fax_number">N/A</column>
            <column name="contract">Y</column>
        </table>
        <table name="Results">
            <column name="firm_name">SHENZHEN CTA TESTING TECHNOLOGY CO., LTD.</column>
            <column name="location">Shenzhen, PRC</column>
            <column name="accreditation">American Association for Laboratory Accreditation</column>
            <column name="mra">N/A</column>
            <column name="designation_number">US1318</column>
            <column name="expiration_date">2023-11-30 00:00:00.0</column>
            <column name="contact">Eric Wang</column>
            <column name="contact_title"> </column>
            <column name="address">Room 106, Building 1, Yibaolai Ind. Park</column>
            <column name="po_box"> </column>
            <column name="mail_stop"> </column>
            <column name="city">Shenzhen</column>
            <column name="state"> </column>
            <column name="zip"> </column>
            <column name="country">China</column>
            <column name="email_address">wangxulai@cta-test.cn</column>
            <column name="phone_number">+86 755 2322 5875</column>
            <column name="fax_number">N/A</column>
            <column name="contract">Y</column>
        </table>
        <table name="Results">
            <column name="firm_name">SHENZHEN STS TEST SERVICES CO.,LTD.</column>
            <column name="location">Shenzhen, China</column>
            <column name="accreditation">American Association for Laboratory Accreditation</column>
            <column name="mra">N/A</column>
            <column name="designation_number">US1203</column>
            <column name="expiration_date">2023-10-31 00:00:00.0</column>
            <column name="contact">Bovey Yang</column>
            <column name="contact_title"> </column>
            <column name="address">A 1/F., Building B, Zhuoke Science Park, No.190</column>
            <column name="po_box"> </column>
            <column name="mail_stop"> </column>
            <column name="city">Shenzhen</column>
            <column name="state"> </column>
            <column name="zip"> </column>
            <column name="country">China</column>
            <column name="email_address">Bovey@stsapp.com</column>
            <column name="phone_number">+86 755-36886288</column>
            <column name="fax_number">N/A</column>
            <column name="contract">Y</column>
        </table>
        <table name="Results">
            <column name="firm_name">SHENZHEN TONGCE TESTING LAB</column>
            <column name="location">Shenzhen, Guangdong, People's Republic of China</column>
            <column name="accreditation">American Association for Laboratory Accreditation</column>
            <column name="mra">N/A</column>
            <column name="designation_number">US1205</column>
            <column name="expiration_date">2024-05-31 00:00:00.0</column>
            <column name="contact">Beryl Zhao</column>
            <column name="contact_title"> </column>
            <column name="address">2101 &amp; 2201, Zhenchang Factory, Renshan Industrial</column>
            <column name="po_box"> </column>
            <column name="mail_stop"> </column>
            <column name="city">Shenzhen, Guangdong</column>
            <column name="state"> </column>
            <column name="zip">518103</column>
            <column name="country">China</column>
            <column name="email_address">berylzhao@tct-lab.com</column>
            <column name="phone_number">+8675527208735</column>
            <column name="fax_number">N/A</column>
            <column name="contract">Y</column>
        </table>
        <table name="Results">
            <column name="firm_name">SLG-CPC TEST LABORATORY CO., LTD.</column>
            <column name="location">Dongguan, Guangdong, People's Republic of China</column>
            <column name="accreditation">American Association for Laboratory Accreditation</column>
            <column name="mra">N/A</column>
            <column name="designation_number">US1287</column>
            <column name="expiration_date">2023-09-30 00:00:00.0</column>
            <column name="contact">Jason Gao</column>
            <column name="contact_title"> </column>
            <column name="address">No.11, Wusong Road, Dongcheng District</column>
            <column name="po_box"> </column>
            <column name="mail_stop"> </column>
            <column name="city">Dongguan, Guangdong Province</column>
            <column name="state"> </column>
            <column name="zip"> </column>
            <column name="country">China</column>
            <column name="email_address">Jason.gao@cpcteam.com</column>
            <column name="phone_number">86 769 22607797 2333</column>
            <column name="fax_number">N/A</column>
            <column name="contract">Y</column>
        </table>
        <table name="Results">
            <column name="firm_name">Shanghai ATBL Technology Co., Ltd.</column>
            <column name="location">Shanghai, People's Republic of China</column>
            <column name="accreditation">American Association for Laboratory Accreditation</column>
            <column name="mra">N/A</column>
            <column name="designation_number">US1306</column>
            <column name="expiration_date">2023-07-31 00:00:00.0</column>
            <column name="contact">Ada Wang</column>
            <column name="contact_title"> </column>
            <column name="address">5-6/F., Unit 1, No 8, Free Trade One Life Science</column>
            <column name="po_box"> </column>
            <column name="mail_stop"> </column>
            <column name="city">Shanghai</column>
            <column name="state"> </column>
            <column name="zip"> </column>
            <column name="country">China</column>
            <column name="email_address">ada.wang@atbl-lab.com</column>
            <column name="phone_number">+86(0)18841551995</column>
            <column name="fax_number">N/A</column>
            <column name="contract">Y</column>
        </table>
        <table name="Results">
            <column name="firm_name">Shanghai Institute of Measurement and Testing</column>
            <column name="location">Shanghai City, China</column>
            <column name="accreditation">National Voluntary Laboratory Accreditation Program</column>
            <column name="mra">N/A</column>
            <column name="designation_number">US5008</column>
            <column name="expiration_date">2023-12-31 00:00:00.0</column>
            <column name="contact">Sang Yu</column>
            <column name="contact_title"> </column>
            <column name="address">400 Hong Cao Road</column>
            <column name="po_box"> </column>
            <column name="mail_stop"> </column>
            <column name="city">Shanghai City</column>
            <column name="state"> </column>
            <column name="zip">200233</column>
            <column name="country">China</column>
            <column name="email_address">sangy@simt.com.cn</column>
            <column name="phone_number">86-21-54483872</column>
            <column name="fax_number">N/A</column>
            <column name="contract">Y</column>
        </table>
        <table name="Results">
            <column name="firm_name">Shanghai Testing &amp; Inspection Institute for Electr</column>
            <column name="location">Shanghai</column>
            <column name="accreditation">American Association for Laboratory Accreditation</column>
            <column name="mra">N/A</column>
            <column name="designation_number">US1273</column>
            <column name="expiration_date">2023-11-30 00:00:00.0</column>
            <column name="contact">Lixin Ni</column>
            <column name="contact_title"> </column>
            <column name="address">No. 505, Wuning Road</column>
            <column name="po_box"> </column>
            <column name="mail_stop"> </column>
            <column name="city">Shanghai</column>
            <column name="state"> </column>
            <column name="zip"> </column>
            <column name="country">China</column>
            <column name="email_address">nilx@seari.com.cn</column>
            <column name="phone_number">862162574990</column>
            <column name="fax_number">N/A</column>
            <column name="contract">Y</column>
        </table>
        <table name="Results">
            <column name="firm_name">Shenzhen Academy of Information and Communications</column>
            <column name="location">Shenzhen, Guangdong</column>
            <column name="accreditation">American Association for Laboratory Accreditation</column>
            <column name="mra">N/A</column>
            <column name="designation_number">US1210</column>
            <column name="expiration_date">2023-11-30 00:00:00.0</column>
            <column name="contact">Xiao Li</column>
            <column name="contact_title"> </column>
            <column name="address">Building G, Shenzhen International Innovation Ctr</column>
            <column name="po_box"> </column>
            <column name="mail_stop"> </column>
            <column name="city">Shenzhen</column>
            <column name="state"> </column>
            <column name="zip">518026</column>
            <column name="country">China</column>
            <column name="email_address">liuliping@caict.ac.cn</column>
            <column name="phone_number">86 755 33322000</column>
            <column name="fax_number">86 755 33322001</column>
            <column name="contract">Y</column>
        </table>
        <table name="Results">
            <column name="firm_name">Shenzhen Academy of Metrology and Quality Inspec</column>
            <column name="location">Shennzhen, Guangdong</column>
            <column name="accreditation">American Association for Laboratory Accreditation</column>
            <column name="mra">N/A</column>
            <column name="designation_number">US1165</column>
            <column name="expiration_date">2024-06-30 00:00:00.0</column>
            <column name="contact">Ms. Alice Hou</column>
            <column name="contact_title"> </column>
            <column name="address">NETC Building, No. 4 Tongfa Road</column>
            <column name="po_box"> </column>
            <column name="mail_stop"> </column>
            <column name="city">Shenzhen, Guangdong</column>
            <column name="state"> </column>
            <column name="zip">518055</column>
            <column name="country">China</column>
            <column name="email_address">alicehau@foxmail.com</column>
            <column name="phone_number">86 755 86928932</column>
            <column name="fax_number">N/A</column>
            <column name="contract">Y</column>
        </table>
        <table name="Results">
            <column name="firm_name">Shenzhen Accurate Technology Co., Ltd.</column>
            <column name="location">Shenzhen, China</column>
            <column name="accreditation">American Association for Laboratory Accreditation</column>
            <column name="mra">N/A</column>
            <column name="designation_number">US1189</column>
            <column name="expiration_date">2023-08-31 00:00:00.0</column>
            <column name="contact">Lisa Zhang</column>
            <column name="contact_title"> </column>
            <column name="address">1/F, Building A, Changyuan New Material Port</column>
            <column name="po_box"> </column>
            <column name="mail_stop"> </column>
            <column name="city">Shenzhen</column>
            <column name="state"> </column>
            <column name="zip"> </column>
            <column name="country">China</column>
            <column name="email_address">qa@atc-lab.com</column>
            <column name="phone_number">+86-755-26503290</column>
            <column name="fax_number">N/A</column>
            <column name="contract">Y</column>
        </table>
        <table name="Results">
            <column name="firm_name">Shenzhen Alpha Product Testing Co., LTD.</column>
            <column name="location">Shenzhen</column>
            <column name="accreditation">American Association for Laboratory Accreditation</column>
            <column name="mra">N/A</column>
            <column name="designation_number">US1236</column>
            <column name="expiration_date">2024-05-31 00:00:00.0</column>
            <column name="contact">Simple Guan</column>
            <column name="contact_title">EMC Technical Director</column>
            <column name="address">Building i, No. 2, Lixin Road</column>
            <column name="po_box"> </column>
            <column name="mail_stop"> </column>
            <column name="city">Shenzhen</column>
            <column name="state"> </column>
            <column name="zip">518103</column>
            <column name="country">China</column>
            <column name="email_address">simple@a-lab.cn</column>
            <column name="phone_number">+86 755 29766001-810</column>
            <column name="fax_number">N/A</column>
            <column name="contract">Y</column>
        </table>
        <table name="Results">
            <column name="firm_name">Shenzhen Anbotek Compliance Laboratory Limited</column>
            <column name="location">Shenzhen, People's Republic of China</column>
            <column name="accreditation">American Association for Laboratory Accreditation</column>
            <column name="mra">N/A</column>
            <column name="designation_number">US1339</column>
            <column name="expiration_date">2023-07-31 00:00:00.0</column>
            <column name="contact">Jeff Zhu</column>
            <column name="contact_title"> </column>
            <column name="address">1/F Building D, Sogood Science and Technology</column>
            <column name="po_box"> </column>
            <column name="mail_stop"> </column>
            <column name="city">Shenzhen</column>
            <column name="state"> </column>
            <column name="zip"> </column>
            <column name="country">China</column>
            <column name="email_address">jeff.zhu@anbotek.com</column>
            <column name="phone_number">13798230942</column>
            <column name="fax_number">N/A</column>
            <column name="contract">Y</column>
        </table>
        <table name="Results">
            <column name="firm_name">Shenzhen Anbotek Compliance Laboratory Limited</column>
            <column name="location">Shenzhen, China</column>
            <column name="accreditation">National Voluntary Laboratory Accreditation Program</column>
            <column name="mra">N/A</column>
            <column name="designation_number">US5023</column>
            <column name="expiration_date">2023-09-30 00:00:00.0</column>
            <column name="contact">Jeff Zhu</column>
            <column name="contact_title"> </column>
            <column name="address">1/F Building D, Sogood Science and Technology Park</column>
            <column name="po_box"> </column>
            <column name="mail_stop"> </column>
            <column name="city">Shenzhen, Guangdong</column>
            <column name="state"> </column>
            <column name="zip">518102</column>
            <column name="country">China</column>
            <column name="email_address">jeff.zhu@anbotek.com</column>
            <column name="phone_number">86-755-26064492</column>
            <column name="fax_number">86-755-26014772</column>
            <column name="contract">Y</column>
        </table>
        <table name="Results">
            <column name="firm_name">Shenzhen BALUN Technology Co., Ltd.</column>
            <column name="location">Shenzhen, Guangdong</column>
            <column name="accreditation">American Association for Laboratory Accreditation</column>
            <column name="mra">N/A</column>
            <column name="designation_number">US1196</column>
            <column name="expiration_date">2023-10-31 00:00:00.0</column>
            <column name="contact">Hanson Lin</column>
            <column name="contact_title"> </column>
            <column name="address">Block B, FL1, Baisha Science and Technology Park</column>
            <column name="po_box"> </column>
            <column name="mail_stop"> </column>
            <column name="city">Shenzhen, Guangdong</column>
            <column name="state"> </column>
            <column name="zip">518055</column>
            <column name="country">China</column>
            <column name="email_address">Hanson.Lin@baluntek.com</column>
            <column name="phone_number">86-755-66833830</column>
            <column name="fax_number">N/A</column>
            <column name="contract">Y</column>
        </table>
        <table name="Results">
            <column name="firm_name">Shenzhen BCTC Testing Co., Ltd.</column>
            <column name="location">Shenzhen, China</column>
            <column name="accreditation">American Association for Laboratory Accreditation</column>
            <column name="mra">N/A</column>
            <column name="designation_number">US1212</column>
            <column name="expiration_date">2023-12-31 00:00:00.0</column>
            <column name="contact">Alan Mei</column>
            <column name="contact_title"> </column>
            <column name="address">1-2/F.,Building B,Pengzhou Industrial Park,No.158</column>
            <column name="po_box"> </column>
            <column name="mail_stop"> </column>
            <column name="city">Shenzhen, Guangdong</column>
            <column name="state"> </column>
            <column name="zip">518103</column>
            <column name="country">China</column>
            <column name="email_address">alan.mei@bctc-lab.com.cn</column>
            <column name="phone_number">+8675536882589</column>
            <column name="fax_number">N/A</column>
            <column name="contract">Y</column>
        </table>
        <table name="Results">
            <column name="firm_name">Shenzhen CTB Testing Technology Co., Ltd.</column>
            <column name="location">Guangdong, People's Republic of China</column>
            <column name="accreditation">American Association for Laboratory Accreditation</column>
            <column name="mra">N/A</column>
            <column name="designation_number">US1276</column>
            <column name="expiration_date">2024-01-21 00:00:00.0</column>
            <column name="contact">Simon Lee</column>
            <column name="contact_title"> </column>
            <column name="address">Floor 1&amp;2, Bldg A, No. 26 of Xinhe Rd.</column>
            <column name="po_box"> </column>
            <column name="mail_stop"> </column>
            <column name="city">Guangdong</column>
            <column name="state"> </column>
            <column name="zip"> </column>
            <column name="country">China</column>
            <column name="email_address">simon@ctb-lab.com</column>
            <column name="phone_number">86 13662574496</column>
            <column name="fax_number">N/A</column>
            <column name="contract">Y</column>
        </table>
        <table name="Results">
            <column name="firm_name">Shenzhen CTL Testing Technology Co., Ltd.</column>
            <column name="location">Shenzhen</column>
            <column name="accreditation">American Association for Laboratory Accreditation</column>
            <column name="mra">N/A</column>
            <column name="designation_number">US1216</column>
            <column name="expiration_date">2024-02-29 00:00:00.0</column>
            <column name="contact">Tracy Qi</column>
            <column name="contact_title"> </column>
            <column name="address">Floor 1-A, Baisha Technology Park, No.3011</column>
            <column name="po_box"> </column>
            <column name="mail_stop"> </column>
            <column name="city">Shenzhen</column>
            <column name="state"> </column>
            <column name="zip"> </column>
            <column name="country">China</column>
            <column name="email_address">qihui@ctl-lab.com</column>
            <column name="phone_number">86-755-89486194</column>
            <column name="fax_number">N/A</column>
            <column name="contract">Y</column>
        </table>
        <table name="Results">
            <column name="firm_name">Shenzhen DL Testing Technology Co., Ltd.</column>
            <column name="location">Shenzhen, Guangdong, China</column>
            <column name="accreditation">American Association for Laboratory Accreditation</column>
            <column name="mra">N/A</column>
            <column name="designation_number">US1307</column>
            <column name="expiration_date">2023-07-31 00:00:00.0</column>
            <column name="contact">Jade Yang</column>
            <column name="contact_title"> </column>
            <column name="address">101-201, Building C, Shuanghuan, No.8, Baoqing Roa</column>
            <column name="po_box"> </column>
            <column name="mail_stop"> </column>
            <column name="city">Shenzhen</column>
            <column name="state"> </column>
            <column name="zip"> </column>
            <column name="country">China</column>
            <column name="email_address">Jade.yang@dl-cert.com</column>
            <column name="phone_number">400-688-3552</column>
            <column name="fax_number">N/A</column>
            <column name="contract">Y</column>
        </table>
        <table name="Results">
            <column name="firm_name">Shenzhen ETR Standard Technology Co., Ltd.</column>
            <column name="location">Shenzhen, Guangdong, People's Republic of China</column>
            <column name="accreditation">American Association for Laboratory Accreditation</column>
            <column name="mra">N/A</column>
            <column name="designation_number">US1326</column>
            <column name="expiration_date">2024-04-30 00:00:00.0</column>
            <column name="contact">Smith Chen</column>
            <column name="contact_title"> </column>
            <column name="address">No.103, No.10, Phase I, Zone 3, Xinxing Industrial</column>
            <column name="po_box"> </column>
            <column name="mail_stop"> </column>
            <column name="city">Shenzhen, Guangdong</column>
            <column name="state"> </column>
            <column name="zip"> </column>
            <column name="country">China</column>
            <column name="email_address">etr802@etrtest.com</column>
            <column name="phone_number">0755-85259392</column>
            <column name="fax_number">N/A</column>
            <column name="contract">Y</column>
        </table>
        <table name="Results">
            <column name="firm_name">Shenzhen GUOREN Certification Technology Service C</column>
            <column name="location">Shenzhen, People's Republic of China</column>
            <column name="accreditation">American Association for Laboratory Accreditation</column>
            <column name="mra">N/A</column>
            <column name="designation_number">US1304</column>
            <column name="expiration_date">2023-07-31 00:00:00.0</column>
            <column name="contact">Sam Wang</column>
            <column name="contact_title"> </column>
            <column name="address">101#, Building K &amp; Building T, The Second</column>
            <column name="po_box">Guangming District</column>
            <column name="mail_stop"> </column>
            <column name="city">Shenzhen</column>
            <column name="state"> </column>
            <column name="zip">518132</column>
            <column name="country">China</column>
            <column name="email_address">sam.wang@grcert.com</column>
            <column name="phone_number">+86 755 23408306</column>
            <column name="fax_number">N/A</column>
            <column name="contract">Y</column>
        </table>
        <table name="Results">
            <column name="firm_name">Shenzhen Global Test Service Co., Ltd.</column>
            <column name="location">Shenzhen, Guangdong</column>
            <column name="accreditation">American Association for Laboratory Accreditation</column>
            <column name="mra">N/A</column>
            <column name="designation_number">US1234</column>
            <column name="expiration_date">2024-04-30 00:00:00.0</column>
            <column name="contact">Simon Hu</column>
            <column name="contact_title"> </column>
            <column name="address">No.7-101 and 8A-104, Building 7 and 8,</column>
            <column name="po_box"> </column>
            <column name="mail_stop"> </column>
            <column name="city">Shenzhen, Guangdong</column>
            <column name="state"> </column>
            <column name="zip"> </column>
            <column name="country">China</column>
            <column name="email_address">huxiaolong@gtscert.com</column>
            <column name="phone_number">86-137-286-828-40</column>
            <column name="fax_number">N/A</column>
            <column name="contract">Y</column>
        </table>
        <table name="Results">
            <column name="firm_name">Shenzhen HTT Technology Co.,Ltd.</column>
            <column name="location">Shenzhen, People's Republic of China</column>
            <column name="accreditation">American Association for Laboratory Accreditation</column>
            <column name="mra">N/A</column>
            <column name="designation_number">US1319</column>
            <column name="expiration_date">2023-11-30 00:00:00.0</column>
            <column name="contact">Kevin Yang</column>
            <column name="contact_title"> </column>
            <column name="address">1F, Building B, Hangcheng Road,</column>
            <column name="po_box"> </column>
            <column name="mail_stop"> </column>
            <column name="city">Shenzhen, Guangdong</column>
            <column name="state"> </column>
            <column name="zip"> </column>
            <column name="country">China</column>
            <column name="email_address">info@httprc.com</column>
            <column name="phone_number">86-755-23595200</column>
            <column name="fax_number">N/A</column>
            <column name="contract">Y</column>
        </table>
        <table name="Results">
            <column name="firm_name">Shenzhen HUAK Testing Technology Co., Ltd.</column>
            <column name="location">Shenzhen</column>
            <column name="accreditation">American Association for Laboratory Accreditation</column>
            <column name="mra">N/A</column>
            <column name="designation_number">US1229</column>
            <column name="expiration_date">2024-05-30 00:00:00.0</column>
            <column name="contact">Jason Zhou</column>
            <column name="contact_title"> </column>
            <column name="address">1-2/F., Building B2, Junfeng Zhongcheng Zhizao</column>
            <column name="po_box"> </column>
            <column name="mail_stop"> </column>
            <column name="city">Shenzhen</column>
            <column name="state"> </column>
            <column name="zip"> </column>
            <column name="country">China</column>
            <column name="email_address">jason@cer-mark.com</column>
            <column name="phone_number">+86-755-23029901</column>
            <column name="fax_number">N/A</column>
            <column name="contract">Y</column>
        </table>
        <table name="Results">
            <column name="firm_name">Shenzhen Huatongwei International Inspection Co.,</column>
            <column name="location">Shenzhen</column>
            <column name="accreditation">American Association for Laboratory Accreditation</column>
            <column name="mra">N/A</column>
            <column name="designation_number">US1181</column>
            <column name="expiration_date">2024-11-13 00:00:00.0</column>
            <column name="contact">Tony Jiang</column>
            <column name="contact_title"> </column>
            <column name="address">1/F, Bldg 3, Hongfa Hi-tech Industrial Park</column>
            <column name="po_box"> </column>
            <column name="mail_stop"> </column>
            <column name="city">Shenzhen</column>
            <column name="state"> </column>
            <column name="zip">518106</column>
            <column name="country">China</column>
            <column name="email_address">tony.jiang@szhtw.com.cn</column>
            <column name="phone_number">+86-755-26748078</column>
            <column name="fax_number">N/A</column>
            <column name="contract">Y</column>
        </table>
        <table name="Results">
            <column name="firm_name">Shenzhen Huaxia Testing Technology Co., Ltd</column>
            <column name="location">Shenzhen</column>
            <column name="accreditation">American Association for Laboratory Accreditation</column>
            <column name="mra">N/A</column>
            <column name="designation_number">US1224</column>
            <column name="expiration_date">2024-02-29 00:00:00.0</column>
            <column name="contact">Jack Ai</column>
            <column name="contact_title"> </column>
            <column name="address">1F., Block A of Tongsheng Technology Building</column>
            <column name="po_box"> </column>
            <column name="mail_stop"> </column>
            <column name="city">Shenzhen</column>
            <column name="state"> </column>
            <column name="zip"> </column>
            <column name="country">China</column>
            <column name="email_address">szcqa@cqa-cert.com</column>
            <column name="phone_number">+8613902988375</column>
            <column name="fax_number">N/A</column>
            <column name="contract">Y</column>
        </table>
        <table name="Results">
            <column name="firm_name">Shenzhen LCS Compliance Testing Laboratory Ltd.</column>
            <column name="location">Shenzhen, China</column>
            <column name="accreditation">National Voluntary Laboratory Accreditation Program</column>
            <column name="mra">N/A</column>
            <column name="designation_number">US5024</column>
            <column name="expiration_date">2023-09-30 00:00:00.0</column>
            <column name="contact">Gavin Liang</column>
            <column name="contact_title"> </column>
            <column name="address">101, 201 Bldg A &amp; 301 Bldg C, Juji Industrial Park</column>
            <column name="po_box"> </column>
            <column name="mail_stop"> </column>
            <column name="city">Shenzhen</column>
            <column name="state"> </column>
            <column name="zip">518000</column>
            <column name="country">China</column>
            <column name="email_address">gavin.liang@lcs-cert.com</column>
            <column name="phone_number">0755-82591330</column>
            <column name="fax_number">0755-82591132</column>
            <column name="contract">Y</column>
        </table>
        <table name="Results">
            <column name="firm_name">Shenzhen LGT Test Service Co., Ltd.</column>
            <column name="location">Room 205, Building 13, Zone B, Chen Hsong</column>
            <column name="accreditation">American Association for Laboratory Accreditation</column>
            <column name="mra">N/A</column>
            <column name="designation_number">US1333</column>
            <column name="expiration_date">2024-07-31 00:00:00.0</column>
            <column name="contact">Wen Wen</column>
            <column name="contact_title"> </column>
            <column name="address">Room 205, Building 13, Zone B, Chen Hsong</column>
            <column name="po_box"> </column>
            <column name="mail_stop"> </column>
            <column name="city">Shenzhen</column>
            <column name="state"> </column>
            <column name="zip"> </column>
            <column name="country">China</column>
            <column name="email_address">qa@lgt-cert.com</column>
            <column name="phone_number">0755-89668180</column>
            <column name="fax_number">N/A</column>
            <column name="contract">Y</column>
        </table>
        <table name="Results">
            <column name="firm_name">Shenzhen Microtest Co., Ltd.</column>
            <column name="location">Shenzhen, Guangdong</column>
            <column name="accreditation">American Association for Laboratory Accreditation</column>
            <column name="mra">N/A</column>
            <column name="designation_number">US1226</column>
            <column name="expiration_date">2023-12-31 00:00:00.0</column>
            <column name="contact">Selby Liao</column>
            <column name="contact_title"> </column>
            <column name="address">101 No 7, Zone 2, Xinxing Indus Park, Fuhai Ave</column>
            <column name="po_box"> </column>
            <column name="mail_stop"> </column>
            <column name="city">Shenzhen, Guangdong</column>
            <column name="state"> </column>
            <column name="zip"> </column>
            <column name="country">China</column>
            <column name="email_address">Selby@51mti.com</column>
            <column name="phone_number">0755-88850135-1193</column>
            <column name="fax_number">N/A</column>
            <column name="contract">Y</column>
        </table>
        <table name="Results">
            <column name="firm_name">Shenzhen Morlab Communications Technology Co. Ltd.</column>
            <column name="location">BaoAn District, Guangdong Province, Shenzhen</column>
            <column name="accreditation">American Association for Laboratory Accreditation</column>
            <column name="mra">N/A</column>
            <column name="designation_number">US1192</column>
            <column name="expiration_date">2023-08-31 00:00:00.0</column>
            <column name="contact">Mr. Su Feng</column>
            <column name="contact_title"> </column>
            <column name="address">Fl.3, BuildingA, FeiYang Science Park</column>
            <column name="po_box"> </column>
            <column name="mail_stop"> </column>
            <column name="city">BaoAn District, Guangdong Province, Shenzhen</column>
            <column name="state"> </column>
            <column name="zip"> </column>
            <column name="country">China</column>
            <column name="email_address">Zx.sun@morlab.cn</column>
            <column name="phone_number">+86 755 36698566</column>
            <column name="fax_number">N/A</column>
            <column name="contract">Y</column>
        </table>
        <table name="Results">
            <column name="firm_name">Shenzhen Most Technology Service Co., Ltd.</column>
            <column name="location">Shenzhen, Guangdong, People's Republic of China</column>
            <column name="accreditation">American Association for Laboratory Accreditation</column>
            <column name="mra">N/A</column>
            <column name="designation_number">US1315</column>
            <column name="expiration_date">2023-09-30 00:00:00.0</column>
            <column name="contact">Sunny Deng</column>
            <column name="contact_title"> </column>
            <column name="address">East A, 1 floor of New Aolin Factory buiding,</column>
            <column name="po_box"> </column>
            <column name="mail_stop"> </column>
            <column name="city">Guangdong</column>
            <column name="state"> </column>
            <column name="zip"> </column>
            <column name="country">China</column>
            <column name="email_address">sunny.deng@szmost.com</column>
            <column name="phone_number">0755-26980487</column>
            <column name="fax_number">N/A</column>
            <column name="contract">Y</column>
        </table>
        <table name="Results">
            <column name="firm_name">Shenzhen NTEK Testing Technology Co., Ltd.</column>
            <column name="location">Shenzhen</column>
            <column name="accreditation">American Association for Laboratory Accreditation</column>
            <column name="mra">N/A</column>
            <column name="designation_number">US1184</column>
            <column name="expiration_date">2023-08-31 00:00:00.0</column>
            <column name="contact">Alex Li</column>
            <column name="contact_title"> </column>
            <column name="address">1/F, Building E, Fenda Science Park</column>
            <column name="po_box"> </column>
            <column name="mail_stop"> </column>
            <column name="city">Shenzhen, Guangdong</column>
            <column name="state"> </column>
            <column name="zip"> </column>
            <column name="country">China</column>
            <column name="email_address">certification@ntek.org.cn</column>
            <column name="phone_number">+86-755-6115-9384</column>
            <column name="fax_number">N/A</column>
            <column name="contract">Y</column>
        </table>
        <table name="Results">
            <column name="firm_name">Shenzhen Timeway Testing Laboratories</column>
            <column name="location">Shenzhen, China</column>
            <column name="accreditation">American Association for Laboratory Accreditation</column>
            <column name="mra">N/A</column>
            <column name="designation_number">US1251</column>
            <column name="expiration_date">2024-11-30 00:00:00.0</column>
            <column name="contact">Terry Tang</column>
            <column name="contact_title"> </column>
            <column name="address">Zone C, 1st Floor, Block B, Jun Xiang Da Building,</column>
            <column name="po_box"> </column>
            <column name="mail_stop"> </column>
            <column name="city">Shenzhen</column>
            <column name="state"> </column>
            <column name="zip">518052</column>
            <column name="country">China</column>
            <column name="email_address">Terry.tang@timeway-lab.com</column>
            <column name="phone_number">+86-755-83448688</column>
            <column name="fax_number">N/A</column>
            <column name="contract">Y</column>
        </table>
        <table name="Results">
            <column name="firm_name">Shenzhen Toby Technology Co., Ltd.</column>
            <column name="location">Guangdong, People's Republic of China</column>
            <column name="accreditation">American Association for Laboratory Accreditation</column>
            <column name="mra">N/A</column>
            <column name="designation_number">US1223</column>
            <column name="expiration_date">2024-02-29 00:00:00.0</column>
            <column name="contact">Ray Lai</column>
            <column name="contact_title"> </column>
            <column name="address">1/F., Bldg.6, Rundongsheng Industrial Zone</column>
            <column name="po_box"> </column>
            <column name="mail_stop"> </column>
            <column name="city">Shenzhen, Guangdong</column>
            <column name="state"> </column>
            <column name="zip">518126</column>
            <column name="country">China</column>
            <column name="email_address">toby857@tongbiao.com</column>
            <column name="phone_number">---</column>
            <column name="fax_number">N/A</column>
            <column name="contract">Y</column>
        </table>
        <table name="Results">
            <column name="firm_name">Shenzhen Tongzhou Testing Co., LTD</column>
            <column name="location">Shenzhen, People's Republic of China</column>
            <column name="accreditation">American Association for Laboratory Accreditation</column>
            <column name="mra">N/A</column>
            <column name="designation_number">US1275</column>
            <column name="expiration_date">2024-01-21 00:00:00.0</column>
            <column name="contact">Andy Zhang</column>
            <column name="contact_title"> </column>
            <column name="address">1th floor, building 1, Haomai High-tech park,</column>
            <column name="po_box"> </column>
            <column name="mail_stop"> </column>
            <column name="city">shenzhen</column>
            <column name="state"> </column>
            <column name="zip">518109</column>
            <column name="country">China</column>
            <column name="email_address">Andy.Zhang@sztz-testing.com</column>
            <column name="phone_number">+86-755-32902198</column>
            <column name="fax_number">N/A</column>
            <column name="contract">Y</column>
        </table>
        <table name="Results">
            <column name="firm_name">Shenzhen UnionTrust Quality and Technology Co., Lt</column>
            <column name="location">Longhua New District, Shenzhen</column>
            <column name="accreditation">American Association for Laboratory Accreditation</column>
            <column name="mra">N/A</column>
            <column name="designation_number">US1194</column>
            <column name="expiration_date">2024-04-30 00:00:00.0</column>
            <column name="contact">George Luo</column>
            <column name="contact_title"> </column>
            <column name="address">Unit D/E of 9/F and 16/F, Block A, Building 6,</column>
            <column name="po_box"> </column>
            <column name="mail_stop"> </column>
            <column name="city">Longhua District, Shenzhen</column>
            <column name="state"> </column>
            <column name="zip"> </column>
            <column name="country">China</column>
            <column name="email_address">quality@uttlab.com</column>
            <column name="phone_number">+86-755-28230888</column>
            <column name="fax_number">N/A</column>
            <column name="contract">Y</column>
        </table>
        <table name="Results">
            <column name="firm_name">Shenzhen United Testing Technology Co., Ltd.</column>
            <column name="location">Shenzhen</column>
            <column name="accreditation">American Association for Laboratory Accreditation</column>
            <column name="mra">N/A</column>
            <column name="designation_number">US1227</column>
            <column name="expiration_date">2024-01-31 00:00:00.0</column>
            <column name="contact">Liu Ze</column>
            <column name="contact_title"> </column>
            <column name="address">2F Annex Bldg, Jiahuangyuan Tech Park,</column>
            <column name="po_box"> </column>
            <column name="mail_stop"> </column>
            <column name="city">Shenzhen</column>
            <column name="state"> </column>
            <column name="zip"> </column>
            <column name="country">China</column>
            <column name="email_address">hofferlau@uni-lab.hk</column>
            <column name="phone_number">86-755-86180996</column>
            <column name="fax_number">N/A</column>
            <column name="contract">Y</column>
        </table>
        <table name="Results">
            <column name="firm_name">Shenzhen ZKT Technology Co., Ltd.</column>
            <column name="location">Shenzhen, People's Republic of China</column>
            <column name="accreditation">American Association for Laboratory Accreditation</column>
            <column name="mra">N/A</column>
            <column name="designation_number">US1299</column>
            <column name="expiration_date">2023-06-30 00:00:00.0</column>
            <column name="contact">Lake Xie</column>
            <column name="contact_title"> </column>
            <column name="address">1/F, No. 101, Building B, No. 6,</column>
            <column name="po_box"> </column>
            <column name="mail_stop"> </column>
            <column name="city">Shenzhen</column>
            <column name="state"> </column>
            <column name="zip"> </column>
            <column name="country">China</column>
            <column name="email_address">zkt@zkt-lab.com</column>
            <column name="phone_number">0086-13620010775</column>
            <column name="fax_number">N/A</column>
            <column name="contract">Y</column>
        </table>
        <table name="Results">
            <column name="firm_name">Sporton International Inc. (Kunshan)</column>
            <column name="location">Kunshan</column>
            <column name="accreditation">American Association for Laboratory Accreditation</column>
            <column name="mra">N/A</column>
            <column name="designation_number">US1257</column>
            <column name="expiration_date">2025-01-31 00:00:00.0</column>
            <column name="contact">Jim Tsai</column>
            <column name="contact_title"> </column>
            <column name="address">No. 1098, Pengxi North Road,</column>
            <column name="po_box"> </column>
            <column name="mail_stop"> </column>
            <column name="city">Jiangsu Province</column>
            <column name="state"> </column>
            <column name="zip">215300</column>
            <column name="country">China</column>
            <column name="email_address">JimTsai@sporton.com.tw</column>
            <column name="phone_number">+86 0512 57900158</column>
            <column name="fax_number">N/A</column>
            <column name="contract">Y</column>
        </table>
        <table name="Results">
            <column name="firm_name">Sporton International Inc. (Shenzhen)</column>
            <column name="location">Shenzhen</column>
            <column name="accreditation">American Association for Laboratory Accreditation</column>
            <column name="mra">N/A</column>
            <column name="designation_number">US1256</column>
            <column name="expiration_date">2024-12-18 00:00:00.0</column>
            <column name="contact">Randal Chen</column>
            <column name="contact_title"> </column>
            <column name="address">1/F, 2/F, Bldg 5, Shiling Industrial Zone</column>
            <column name="po_box"> </column>
            <column name="mail_stop"> </column>
            <column name="city">Shenzhen</column>
            <column name="state"> </column>
            <column name="zip">518055</column>
            <column name="country">China</column>
            <column name="email_address">Randal@sporton-lab.com</column>
            <column name="phone_number">+86 0755-86379589</column>
            <column name="fax_number">N/A</column>
            <column name="contract">Y</column>
        </table>
        <table name="Results">
            <column name="firm_name">Standard-Tech Testing Services</column>
            <column name="location">Guangdong Province, China</column>
            <column name="accreditation">American Association for Laboratory Accreditation</column>
            <column name="mra">N/A</column>
            <column name="designation_number">US1222</column>
            <column name="expiration_date">2024-02-29 00:00:00.0</column>
            <column name="contact">Michael Xiao</column>
            <column name="contact_title"> </column>
            <column name="address">Standard-Tech Building, No. 6 Guanhong Road</column>
            <column name="po_box"> </column>
            <column name="mail_stop"> </column>
            <column name="city">Guangzhou City, Guangdong Province</column>
            <column name="state"> </column>
            <column name="zip"> </column>
            <column name="country">China</column>
            <column name="email_address">michael.xiao@standard-tech.com</column>
            <column name="phone_number">862032290132</column>
            <column name="fax_number">N/A</column>
            <column name="contract">Y</column>
        </table>
        <table name="Results">
            <column name="firm_name">TA Technology (Shanghai) Co., Ltd.</column>
            <column name="location">Shanghai, Shanghai Municipality</column>
            <column name="accreditation">American Association for Laboratory Accreditation</column>
            <column name="mra">N/A</column>
            <column name="designation_number">US1179</column>
            <column name="expiration_date">2023-11-30 00:00:00.0</column>
            <column name="contact">Mr. Zhihui Liu</column>
            <column name="contact_title"> </column>
            <column name="address">Building 3, No. 145 Jintang Rd.</column>
            <column name="po_box"> </column>
            <column name="mail_stop"> </column>
            <column name="city">Pudong, Shanghai</column>
            <column name="state"> </column>
            <column name="zip">201201</column>
            <column name="country">China</column>
            <column name="email_address">liuzhihui@ta-shanghai.com</column>
            <column name="phone_number">86-21-50791141</column>
            <column name="fax_number">N/A</column>
            <column name="contract">Y</column>
        </table>
        <table name="Results">
            <column name="firm_name">TUV Rheinland (Guangdong) Ltd</column>
            <column name="location">Guangzhou, People's Republic of China</column>
            <column name="accreditation">American Association for Laboratory Accreditation</column>
            <column name="mra">N/A</column>
            <column name="designation_number">US1207</column>
            <column name="expiration_date">2023-09-30 00:00:00.0</column>
            <column name="contact">Tina Jiang</column>
            <column name="contact_title"> </column>
            <column name="address">No. 110, No.102, 1F of Southwest and No.205, 2F</column>
            <column name="po_box"> </column>
            <column name="mail_stop"> </column>
            <column name="city">Guangzhou, Guangdong</column>
            <column name="state"> </column>
            <column name="zip">510650</column>
            <column name="country">China</column>
            <column name="email_address">sandyhy.huang@tuv.com</column>
            <column name="phone_number">+86 20 2839 1888</column>
            <column name="fax_number">N/A</column>
            <column name="contract">Y</column>
        </table>
        <table name="Results">
            <column name="firm_name">TUV Rheinland (Shanghai) Co., Ltd.</column>
            <column name="location">Shanghai, China</column>
            <column name="accreditation">American Association for Laboratory Accreditation</column>
            <column name="mra">N/A</column>
            <column name="designation_number">US1209</column>
            <column name="expiration_date">2023-09-30 00:00:00.0</column>
            <column name="contact">Lutz Frankholz</column>
            <column name="contact_title"> </column>
            <column name="address">Shanghai TUV Rheinland Building</column>
            <column name="po_box"> </column>
            <column name="mail_stop"> </column>
            <column name="city">Shanghai</column>
            <column name="state"> </column>
            <column name="zip"> </column>
            <column name="country">China</column>
            <column name="email_address">Lutz.Frankholz@tuv.com</column>
            <column name="phone_number">+86 21 6108 1118</column>
            <column name="fax_number">N/A</column>
            <column name="contract">Y</column>
        </table>
        <table name="Results">
            <column name="firm_name">TUV Rheinland (Shenzhen) Co., Ltd.</column>
            <column name="location">TUV Rheinland (Shenzhen) Co., Ltd.</column>
            <column name="accreditation">American Association for Laboratory Accreditation</column>
            <column name="mra">N/A</column>
            <column name="designation_number">US1260</column>
            <column name="expiration_date">2025-03-31 00:00:00.0</column>
            <column name="contact">Gina Yang</column>
            <column name="contact_title"> </column>
            <column name="address">1F East &amp; 2-4F, Cybio Technology Building No.1,</column>
            <column name="po_box"> </column>
            <column name="mail_stop"> </column>
            <column name="city">Shenzhen</column>
            <column name="state"> </column>
            <column name="zip">518057</column>
            <column name="country">China</column>
            <column name="email_address">Gina.Yang@tuv.com</column>
            <column name="phone_number">86 755 8268 1497</column>
            <column name="fax_number">N/A</column>
            <column name="contract">Y</column>
        </table>
        <table name="Results">
            <column name="firm_name">TUV Rheinland/CCIC (Ningbo) Co., Ltd.</column>
            <column name="location">People's Republic of China</column>
            <column name="accreditation">American Association for Laboratory Accreditation</column>
            <column name="mra">N/A</column>
            <column name="designation_number">US1237</column>
            <column name="expiration_date">2024-07-31 00:00:00.0</column>
            <column name="contact">Thorsten Keiter</column>
            <column name="contact_title"> </column>
            <column name="address">1st Floor, Building 11, Scholar Innovation Park</column>
            <column name="po_box"> </column>
            <column name="mail_stop"> </column>
            <column name="city">Ningbo</column>
            <column name="state"> </column>
            <column name="zip">315200</column>
            <column name="country">China</column>
            <column name="email_address">thorsten.keiter@tuv.com</column>
            <column name="phone_number">86 574 87671566</column>
            <column name="fax_number">N/A</column>
            <column name="contract">Y</column>
        </table>
        <table name="Results">
            <column name="firm_name">TUV SUD Cert &amp; Testing (China) Co., Ltd.</column>
            <column name="location">Shenzhen, China</column>
            <column name="accreditation">National Voluntary Laboratory Accreditation Program</column>
            <column name="mra">N/A</column>
            <column name="designation_number">US5009</column>
            <column name="expiration_date">2024-03-31 00:00:00.0</column>
            <column name="contact">Harry Zhou</column>
            <column name="contact_title"> </column>
            <column name="address">Bldg 12&amp;13, Zhiheng Wisdomland Biz Park</column>
            <column name="po_box"> </column>
            <column name="mail_stop"> </column>
            <column name="city">Shenzhen</column>
            <column name="state"> </column>
            <column name="zip">518052</column>
            <column name="country">China</column>
            <column name="email_address">harry.zhou@tuv-sud.cn</column>
            <column name="phone_number">86 755 3332 3281</column>
            <column name="fax_number">N/A</column>
            <column name="contract">Y</column>
        </table>
        <table name="Results">
            <column name="firm_name">TUV SUD Certification and Testing (China) Co., Ltd</column>
            <column name="location">FCC testing: No.16, Lane 1951 Duhui Rd, Shanghai</column>
            <column name="accreditation">American Association for Laboratory Accreditation</column>
            <column name="mra">N/A</column>
            <column name="designation_number">US1183</column>
            <column name="expiration_date">2023-10-31 00:00:00.0</column>
            <column name="contact">Jian Qin</column>
            <column name="contact_title"> </column>
            <column name="address">3-13 F No. 151 Heng Tong Road</column>
            <column name="po_box"> </column>
            <column name="mail_stop"> </column>
            <column name="city">Shanghai</column>
            <column name="state"> </column>
            <column name="zip">200070</column>
            <column name="country">China</column>
            <column name="email_address">Jian.Qin@tuv-sud.cn</column>
            <column name="phone_number">86 21 6148 7156</column>
            <column name="fax_number">N/A</column>
            <column name="contract">Y</column>
        </table>
        <table name="Results">
            <column name="firm_name">Telecommunication Technology Labs, CAICT</column>
            <column name="location">Beijing, China</column>
            <column name="accreditation">National Voluntary Laboratory Accreditation Program</column>
            <column name="mra">N/A</column>
            <column name="designation_number">US5017</column>
            <column name="expiration_date">2023-09-30 00:00:00.0</column>
            <column name="contact">Yaqin Shen</column>
            <column name="contact_title"> </column>
            <column name="address">No. 52 Huayuan North Road</column>
            <column name="po_box"> </column>
            <column name="mail_stop"> </column>
            <column name="city">Beijing</column>
            <column name="state"> </column>
            <column name="zip">100191</column>
            <column name="country">China</column>
            <column name="email_address">shenyaqin@caict.ac.cn</column>
            <column name="phone_number">8610-62304633</column>
            <column name="fax_number">8610-62300586</column>
            <column name="contract">Y</column>
        </table>
        <table name="Results">
            <column name="firm_name">The State Radio_monitoring_center Testing Center</column>
            <column name="location">Beijing</column>
            <column name="accreditation">American Association for Laboratory Accreditation</column>
            <column name="mra">N/A</column>
            <column name="designation_number">US1267</column>
            <column name="expiration_date">2024-10-31 00:00:00.0</column>
            <column name="contact">Sun Yang</column>
            <column name="contact_title"> </column>
            <column name="address">China Radio Product Testing Building</column>
            <column name="po_box"> </column>
            <column name="mail_stop"> </column>
            <column name="city">Beijing</column>
            <column name="state"> </column>
            <column name="zip">100041</column>
            <column name="country">China</column>
            <column name="email_address">sunyang@srtc.org.cn</column>
            <column name="phone_number">+86-10-57996131</column>
            <column name="fax_number">N/A</column>
            <column name="contract">Y</column>
        </table>
        <table name="Results">
            <column name="firm_name">Tianjin Dongdian Testing Service Co.,Ltd.</column>
            <column name="location">Tianjin, China</column>
            <column name="accreditation">National Voluntary Laboratory Accreditation Program</column>
            <column name="mra">N/A</column>
            <column name="designation_number">US5004</column>
            <column name="expiration_date">2024-03-31 00:00:00.0</column>
            <column name="contact">Kevin Feng</column>
            <column name="contact_title">Lab Chief</column>
            <column name="address">Building D-1, No.19, Weisi Road, Microelectronics</column>
            <column name="po_box"> </column>
            <column name="mail_stop"> </column>
            <column name="city">Tianjin</column>
            <column name="state"> </column>
            <column name="zip">300385</column>
            <column name="country">China</column>
            <column name="email_address">kevinfeng@dgddt.com</column>
            <column name="phone_number">+86-22-23961234</column>
            <column name="fax_number">N/A</column>
            <column name="contract">Y</column>
        </table>
        <table name="Results">
            <column name="firm_name">UL Verification Services (Guangzhou) Co., Ltd.</column>
            <column name="location">Dongguan, China</column>
            <column name="accreditation">American Association for Laboratory Accreditation</column>
            <column name="mra">N/A</column>
            <column name="designation_number">US1187</column>
            <column name="expiration_date">2024-03-31 00:00:00.0</column>
            <column name="contact">Stephen Guo</column>
            <column name="contact_title"> </column>
            <column name="address">BLDG 10 INNOVATION TECHNOLOGY PARK NO 1 LIN BIN RD</column>
            <column name="po_box"> </column>
            <column name="mail_stop"> </column>
            <column name="city">Dongguan</column>
            <column name="state"> </column>
            <column name="zip">523808</column>
            <column name="country">China</column>
            <column name="email_address">Stephen.guo@ul.com</column>
            <column name="phone_number">+86 0769 33817120</column>
            <column name="fax_number">N/A</column>
            <column name="contract">Y</column>
        </table>
        <table name="Results">
            <column name="firm_name">UL-CCIC Company Limited</column>
            <column name="location">Suzhou, People's Republic of China</column>
            <column name="accreditation">American Association for Laboratory Accreditation</column>
            <column name="mra">N/A</column>
            <column name="designation_number">US1247</column>
            <column name="expiration_date">2024-06-30 00:00:00.0</column>
            <column name="contact">Chris Zhong</column>
            <column name="contact_title">Project Engineer</column>
            <column name="address">No. 2, Chengwan Road, Suzhou Industrial Park</column>
            <column name="po_box"> </column>
            <column name="mail_stop"> </column>
            <column name="city">Suzhou</column>
            <column name="state"> </column>
            <column name="zip">215122</column>
            <column name="country">China</column>
            <column name="email_address">Chris.Zhong@ul.com</column>
            <column name="phone_number">+86 512 68758596</column>
            <column name="fax_number">N/A</column>
            <column name="contract">Y</column>
        </table>
        <table name="Results">
            <column name="firm_name">WALTEK TESTING GROUP CO., LTD.</column>
            <column name="location">Dongguan City, Guangdong, China</column>
            <column name="accreditation">American Association for Laboratory Accreditation</column>
            <column name="mra">N/A</column>
            <column name="designation_number">US1201</column>
            <column name="expiration_date">2023-08-31 00:00:00.0</column>
            <column name="contact">Joy Zhou</column>
            <column name="contact_title">Quality Manager</column>
            <column name="address">No. 77, Houjie Section, Guantai Rd., Houjie Town,</column>
            <column name="po_box"> </column>
            <column name="mail_stop"> </column>
            <column name="city">Dongguan</column>
            <column name="state"> </column>
            <column name="zip">523900</column>
            <column name="country">China</column>
            <column name="email_address">szqa@waltek.com.cn</column>
            <column name="phone_number">0769-22676998</column>
            <column name="fax_number">N/A</column>
            <column name="contract">Y</column>
        </table>
        <table name="Results">
            <column name="firm_name">Waltek Testing Group (Foshan) Co. Ltd.</column>
            <column name="location">Foshan, Guangdong China</column>
            <column name="accreditation">National Voluntary Laboratory Accreditation Program</column>
            <column name="mra">N/A</column>
            <column name="designation_number">US5034</column>
            <column name="expiration_date">2024-06-30 00:00:00.0</column>
            <column name="contact">Oren Yang</column>
            <column name="contact_title">General Manager</column>
            <column name="address">No. 13-19, 2/F, 2nd Bldg, Sunlink International</column>
            <column name="po_box"> </column>
            <column name="mail_stop"> </column>
            <column name="city">Guangdong</column>
            <column name="state"> </column>
            <column name="zip">528313</column>
            <column name="country">China</column>
            <column name="email_address">oren.yang@waltek.com.cn</column>
            <column name="phone_number">0757-23811398</column>
            <column name="fax_number">0757-23811381</column>
            <column name="contract">Y</column>
        </table>
        <table name="Results">
            <column name="firm_name">Waltek Testing Group (Shenzhen) Co., Ltd.</column>
            <column name="location">Shenzhen, China</column>
            <column name="accreditation">National Voluntary Laboratory Accreditation Program</column>
            <column name="mra">N/A</column>
            <column name="designation_number">US5010</column>
            <column name="expiration_date">2024-03-31 00:00:00.0</column>
            <column name="contact">Jandy So</column>
            <column name="contact_title"> </column>
            <column name="address">1/F, Building A, Hongwei Industrial Park</column>
            <column name="po_box"> </column>
            <column name="mail_stop"> </column>
            <column name="city">Shenzhen</column>
            <column name="state"> </column>
            <column name="zip">518101</column>
            <column name="country">China</column>
            <column name="email_address">jandyso@semtest.com.cn</column>
            <column name="phone_number">86 755 33663308</column>
            <column name="fax_number">86-755-33663309</column>
            <column name="contract">Y</column>
        </table>
        <table name="Results">
            <column name="firm_name">EKTOS Testing &amp; Reliability Services A/S</column>
            <column name="location">Struer</column>
            <column name="accreditation">Danish Energy Agency</column>
            <column name="mra">US-EU</column>
            <column name="designation_number">DK0003</column>
            <column name="expiration_date">2023-06-20 00:00:00.0</column>
            <column name="contact">David Busk</column>
            <column name="contact_title"> </column>
            <column name="address">Peter Bangs Vej 17</column>
            <column name="po_box"> </column>
            <column name="mail_stop"> </column>
            <column name="city">Struer</column>
            <column name="state"> </column>
            <column name="zip">7600</column>
            <column name="country">Denmark</column>
            <column name="email_address">dbu@ektos.net</column>
            <column name="phone_number">+4528831701</column>
            <column name="fax_number">N/A</column>
            <column name="contract">Y</column>
        </table>
        <table name="Results">
            <column name="firm_name">EKTOS Testing &amp; Reliability Services A/S (EKTOS TR</column>
            <column name="location">Hvidovre, Denmark</column>
            <column name="accreditation">Danish Energy Agency</column>
            <column name="mra">US-EU</column>
            <column name="designation_number">DK0002</column>
            <column name="expiration_date">2023-06-20 00:00:00.0</column>
            <column name="contact">David Busk</column>
            <column name="contact_title"> </column>
            <column name="address">Hammerholmen 45A</column>
            <column name="po_box"> </column>
            <column name="mail_stop"> </column>
            <column name="city">Hvidovre</column>
            <column name="state"> </column>
            <column name="zip">2650</column>
            <column name="country">Denmark</column>
            <column name="email_address">dbu@ektos.net</column>
            <column name="phone_number">+45 28 83 17 01</column>
            <column name="fax_number">N/A</column>
            <column name="contract">Y</column>
        </table>
        <table name="Results">
            <column name="firm_name">FORCE Technology Product Compliance</column>
            <column name="location">Horsholm, Denmark (hq) - Aarhus N, Denmark (dpt)</column>
            <column name="accreditation">Danish Energy Agency</column>
            <column name="mra">US-EU</column>
            <column name="designation_number">DK0001</column>
            <column name="expiration_date">2023-08-23 00:00:00.0</column>
            <column name="contact">Per Rafn Crety</column>
            <column name="contact_title">Mr</column>
            <column name="address">Venlighedsvej 4, Horsholm</column>
            <column name="po_box"> </column>
            <column name="mail_stop"> </column>
            <column name="city">Horsholm</column>
            <column name="state"> </column>
            <column name="zip">2970</column>
            <column name="country">Denmark</column>
            <column name="email_address">pec@force.dk</column>
            <column name="phone_number">+45 43 25 0731</column>
            <column name="fax_number">N/A</column>
            <column name="contract">Y</column>
        </table>
        <table name="Results">
            <column name="firm_name">Eleforss Oy</column>
            <column name="location">Tampere, Finland</column>
            <column name="accreditation">Finnish Transport and Communication Agency (TRAFICOM</column>
            <column name="mra">US-EU</column>
            <column name="designation_number">FI0007</column>
            <column name="expiration_date">2024-10-26 00:00:00.0</column>
            <column name="contact">Mika Louhola</column>
            <column name="contact_title">Mr</column>
            <column name="address">Visiokatu 6</column>
            <column name="po_box"> </column>
            <column name="mail_stop"> </column>
            <column name="city">Tampere</column>
            <column name="state"> </column>
            <column name="zip">33720</column>
            <column name="country">Finland</column>
            <column name="email_address">info@eleforss.fi</column>
            <column name="phone_number">+358 29 0802 990</column>
            <column name="fax_number">N/A</column>
            <column name="contract">Y</column>
        </table>
        <table name="Results">
            <column name="firm_name">Eurofins Electric &amp; Electronics Finland Oy (EEEF)</column>
            <column name="location">Oulu</column>
            <column name="accreditation">Finnish Transport and Communication Agency (TRAFICOM</column>
            <column name="mra">US-EU</column>
            <column name="designation_number">FI0008</column>
            <column name="expiration_date">2024-09-06 00:00:00.0</column>
            <column name="contact">Jukka Rauma</column>
            <column name="contact_title"> </column>
            <column name="address">Yrttipellontie 6</column>
            <column name="po_box"> </column>
            <column name="mail_stop"> </column>
            <column name="city">Oulu</column>
            <column name="state"> </column>
            <column name="zip">90230</column>
            <column name="country">Finland</column>
            <column name="email_address">jukkarauma@eurofins.fi</column>
            <column name="phone_number">+358 44 045 1088</column>
            <column name="fax_number">N/A</column>
            <column name="contract">Y</column>
        </table>
        <table name="Results">
            <column name="firm_name">Nokia Solutions and Networks OY</column>
            <column name="location">Oulu</column>
            <column name="accreditation">Finnish Transport and Communication Agency (TRAFICOM</column>
            <column name="mra">US-EU</column>
            <column name="designation_number">FI0006</column>
            <column name="expiration_date">2023-11-10 00:00:00.0</column>
            <column name="contact">Jarkko Kenttala</column>
            <column name="contact_title"> </column>
            <column name="address">Kaapelitie 4</column>
            <column name="po_box"> </column>
            <column name="mail_stop"> </column>
            <column name="city">Oulu</column>
            <column name="state"> </column>
            <column name="zip">90620</column>
            <column name="country">Finland</column>
            <column name="email_address">jarkko.kenttala@nokia.com</column>
            <column name="phone_number">+35 8400 290964</column>
            <column name="fax_number">N/A</column>
            <column name="contract">Y</column>
        </table>
        <table name="Results">
            <column name="firm_name">SGS Fimko Oy</column>
            <column name="location">Espoo, Finland</column>
            <column name="accreditation">Finnish Transport and Communication Agency (TRAFICOM</column>
            <column name="mra">US-EU</column>
            <column name="designation_number">FI0002</column>
            <column name="expiration_date">2023-09-28 00:00:00.0</column>
            <column name="contact">Janne Nyman</column>
            <column name="contact_title"> </column>
            <column name="address">Karakaarenkuja 4</column>
            <column name="po_box"> </column>
            <column name="mail_stop"> </column>
            <column name="city">Espoo</column>
            <column name="state"> </column>
            <column name="zip">02610</column>
            <column name="country">Finland</column>
            <column name="email_address">janne.nyman@sgs.com</column>
            <column name="phone_number">+358 9 696 361</column>
            <column name="fax_number">+358-9-696-5474</column>
            <column name="contract">Y</column>
        </table>
        <table name="Results">
            <column name="firm_name">Verkotan Oy</column>
            <column name="location">Oulu, Finland</column>
            <column name="accreditation">Finnish Transport and Communication Agency (TRAFICOM</column>
            <column name="mra">US-EU</column>
            <column name="designation_number">FI0005</column>
            <column name="expiration_date">2024-11-08 00:00:00.0</column>
            <column name="contact">Miia Nurkkala</column>
            <column name="contact_title"> </column>
            <column name="address">Elektroniikkatie 17</column>
            <column name="po_box"> </column>
            <column name="mail_stop"> </column>
            <column name="city">Oulu</column>
            <column name="state"> </column>
            <column name="zip">90590</column>
            <column name="country">Finland</column>
            <column name="email_address">miia.nurkkala@verkotan.com</column>
            <column name="phone_number">00358405431462</column>
            <column name="fax_number">-</column>
            <column name="contract">Y</column>
        </table>
        <table name="Results">
            <column name="firm_name">EMITECH Angers</column>
            <column name="location">Juigne sur Loire, France</column>
            <column name="accreditation">Ministere de l'Economie, de I'Industrie et du Numerique (DGE)</column>
            <column name="mra">US-EU</column>
            <column name="designation_number">FR0009</column>
            <column name="expiration_date">2024-04-26 00:00:00.0</column>
            <column name="contact">Mounir El Marzouki</column>
            <column name="contact_title"> </column>
            <column name="address">Parc d'activite de Lanserre</column>
            <column name="po_box"> </column>
            <column name="mail_stop"> </column>
            <column name="city">Juigne sur Loire</column>
            <column name="state"> </column>
            <column name="zip">49610</column>
            <column name="country">France</column>
            <column name="email_address">m.elmarzouki@emitech-group.com</column>
            <column name="phone_number">33-2-41-73-26-27</column>
            <column name="fax_number">33-2-41-45-25-77</column>
            <column name="contract">Y</column>
        </table>
        <table name="Results">
            <column name="firm_name">EMITECH Chassieu</column>
            <column name="location">Chassieu</column>
            <column name="accreditation">Ministere de l'Economie, de I'Industrie et du Numerique (DGE)</column>
            <column name="mra">US-EU</column>
            <column name="designation_number">FR0013</column>
            <column name="expiration_date">2024-04-18 00:00:00.0</column>
            <column name="contact">Franck JEAN</column>
            <column name="contact_title"> </column>
            <column name="address">7, rue Georges Melies</column>
            <column name="po_box"> </column>
            <column name="mail_stop"> </column>
            <column name="city">Chassieu</column>
            <column name="state"> </column>
            <column name="zip">69680</column>
            <column name="country">France</column>
            <column name="email_address">f.jean@emitech-group.com</column>
            <column name="phone_number">+33 4 67 87 11 02</column>
            <column name="fax_number">N/A</column>
            <column name="contract">Y</column>
        </table>
        <table name="Results">
            <column name="firm_name">EMITECH Montigny</column>
            <column name="location">Montigny le Bretonneux</column>
            <column name="accreditation">Ministere de l'Economie, de I'Industrie et du Numerique (DGE)</column>
            <column name="mra">US-EU</column>
            <column name="designation_number">FR0004</column>
            <column name="expiration_date">2024-04-05 00:00:00.0</column>
            <column name="contact">Maxime Michau</column>
            <column name="contact_title"> </column>
            <column name="address">30 avenue des 3 peuples</column>
            <column name="po_box"> </column>
            <column name="mail_stop"> </column>
            <column name="city">Montigny le Bretonneux</column>
            <column name="state"> </column>
            <column name="zip">78180</column>
            <column name="country">France</column>
            <column name="email_address">m.michau@emitech-group.com</column>
            <column name="phone_number">33-1-30-57-55-55</column>
            <column name="fax_number">33-1-30-48-00-35</column>
            <column name="contract">Y</column>
        </table>
        <table name="Results">
            <column name="firm_name">EMITECH Montpellier</column>
            <column name="location">Vendargues</column>
            <column name="accreditation">Ministere de l'Economie, de I'Industrie et du Numerique (DGE)</column>
            <column name="mra">US-EU</column>
            <column name="designation_number">FR0006</column>
            <column name="expiration_date">2024-04-11 00:00:00.0</column>
            <column name="contact">Olivier HEYER</column>
            <column name="contact_title"> </column>
            <column name="address">ZI La Vallee du Salaison</column>
            <column name="po_box"> </column>
            <column name="mail_stop"> </column>
            <column name="city">Vendargues</column>
            <column name="state"> </column>
            <column name="zip">34741</column>
            <column name="country">France</column>
            <column name="email_address">o.heyer@emitech-group.com</column>
            <column name="phone_number">33-4-67-871102</column>
            <column name="fax_number">33-4-67-709455</column>
            <column name="contract">Y</column>
        </table>
        <table name="Results">
            <column name="firm_name">Intel Corporation S.A.S.</column>
            <column name="location">Paris, France</column>
            <column name="accreditation">Ministere de l'Economie, de I'Industrie et du Numerique (DGE)</column>
            <column name="mra">US-EU</column>
            <column name="designation_number">FR0011</column>
            <column name="expiration_date">2023-08-22 00:00:00.0</column>
            <column name="contact">Nawfal ASRIH</column>
            <column name="contact_title"> </column>
            <column name="address">425 rue de Goa</column>
            <column name="po_box"> </column>
            <column name="mail_stop"> </column>
            <column name="city">Antibes</column>
            <column name="state"> </column>
            <column name="zip">06600</column>
            <column name="country">France</column>
            <column name="email_address">nawfal.asrih@intel.com</column>
            <column name="phone_number">003349300962</column>
            <column name="fax_number">N/A</column>
            <column name="contract">Y</column>
        </table>
        <table name="Results">
            <column name="firm_name">LABORATOIRE CENTRAL DES INDUSTRIES ELECTRIQUES</column>
            <column name="location">Fontenay-aux-Roses</column>
            <column name="accreditation">Ministere de l'Economie, de I'Industrie et du Numerique (DGE)</column>
            <column name="mra">US-EU</column>
            <column name="designation_number">FR0010</column>
            <column name="expiration_date">2024-06-13 00:00:00.0</column>
            <column name="contact">Patrick Pereira Teixeira</column>
            <column name="contact_title"> </column>
            <column name="address">Site de FONTENAY AUX ROSES (FAR)</column>
            <column name="po_box"> </column>
            <column name="mail_stop"> </column>
            <column name="city">Fontenay-aux-Roses</column>
            <column name="state"> </column>
            <column name="zip">92260</column>
            <column name="country">France</column>
            <column name="email_address">patrick.pereira-teixeira@lcie.fr</column>
            <column name="phone_number">+33 1 40 95 60 51</column>
            <column name="fax_number">+33 1 40 95 63 43</column>
            <column name="contract">Y</column>
        </table>
        <table name="Results">
            <column name="firm_name">LCIE Etablissement Sud Est</column>
            <column name="location">Moirans</column>
            <column name="accreditation">Ministere de l'Economie, de I'Industrie et du Numerique (DGE)</column>
            <column name="mra">US-EU</column>
            <column name="designation_number">FR0008</column>
            <column name="expiration_date">2024-12-07 00:00:00.0</column>
            <column name="contact">Anthony MERLIN</column>
            <column name="contact_title"> </column>
            <column name="address">ZI Centralp 170 Rue de Chatagnon</column>
            <column name="po_box"> </column>
            <column name="mail_stop"> </column>
            <column name="city">Moirans</column>
            <column name="state"> </column>
            <column name="zip">38430</column>
            <column name="country">France</column>
            <column name="email_address">anthony.merlin@bureauveritas.com</column>
            <column name="phone_number">0033 4 76 07 36 35</column>
            <column name="fax_number">N/A</column>
            <column name="contract">Y</column>
        </table>
        <table name="Results">
            <column name="firm_name">SMEE</column>
            <column name="location">France</column>
            <column name="accreditation">Ministere de l'Economie, de I'Industrie et du Numerique (DGE)</column>
            <column name="mra">US-EU</column>
            <column name="designation_number">FR0014</column>
            <column name="expiration_date">2025-04-02 00:00:00.0</column>
            <column name="contact">Laurent Chapus</column>
            <column name="contact_title"> </column>
            <column name="address">385 rue Rene Rambaud - ZA Le Parvis 2</column>
            <column name="po_box">38500</column>
            <column name="mail_stop"> </column>
            <column name="city">Voiron</column>
            <column name="state"> </column>
            <column name="zip"> </column>
            <column name="country">France</column>
            <column name="email_address">laurent.chapus@smee.fr</column>
            <column name="phone_number">+33 4 76 65 76 50</column>
            <column name="fax_number">N/A</column>
            <column name="contract">Y</column>
        </table>
        <table name="Results">
            <column name="firm_name">7layers GmbH</column>
            <column name="location">Ratingen, Germany</column>
            <column name="accreditation">Bundesnetzagentur</column>
            <column name="mra">US-EU</column>
            <column name="designation_number">DE0015</column>
            <column name="expiration_date">2025-05-09 00:00:00.0</column>
            <column name="contact">Bernhard Retka</column>
            <column name="contact_title">Mr</column>
            <column name="address">Borsigstrasse 11</column>
            <column name="po_box"> </column>
            <column name="mail_stop"> </column>
            <column name="city">Ratingen</column>
            <column name="state"> </column>
            <column name="zip">40880</column>
            <column name="country">Germany</column>
            <column name="email_address">Bernhard.Retka@7layers.com</column>
            <column name="phone_number">0049 2102 749 452</column>
            <column name="fax_number">0049 2102 749 350</column>
            <column name="contract">Y</column>
        </table>
        <table name="Results">
            <column name="firm_name">Bureau Veritas Consumer Products Services Germany</column>
            <column name="location">Nurnberg</column>
            <column name="accreditation">Bundesnetzagentur</column>
            <column name="mra">US-EU</column>
            <column name="designation_number">DE0023</column>
            <column name="expiration_date">2023-08-31 00:00:00.0</column>
            <column name="contact">Florian Mosandl</column>
            <column name="contact_title"> </column>
            <column name="address">Thum-und-Taxis-Strasse 18</column>
            <column name="po_box"> </column>
            <column name="mail_stop"> </column>
            <column name="city">Nurnberg</column>
            <column name="state"> </column>
            <column name="zip">90411</column>
            <column name="country">Germany</column>
            <column name="email_address">cps-nuernberg@bureauveritas.com</column>
            <column name="phone_number">+49 40 740 41 - 0</column>
            <column name="fax_number">N/A</column>
            <column name="contract">Y</column>
        </table>
        <table name="Results">
            <column name="firm_name">CSA Group Bayern GmbH</column>
            <column name="location">Strasskirchen, Germany</column>
            <column name="accreditation">Bundesnetzagentur</column>
            <column name="mra">US-EU</column>
            <column name="designation_number">DE0011</column>
            <column name="expiration_date">2024-03-15 00:00:00.0</column>
            <column name="contact">Frank Scharnowski</column>
            <column name="contact_title"> </column>
            <column name="address">Ohmstrasse 1-4</column>
            <column name="po_box"> </column>
            <column name="mail_stop"> </column>
            <column name="city">Strasskirchen</column>
            <column name="state"> </column>
            <column name="zip">94342</column>
            <column name="country">Germany</column>
            <column name="email_address">frank.scharnowski@csagroup.org</column>
            <column name="phone_number">49-9424-9481-140</column>
            <column name="fax_number">49-9424-9481-440</column>
            <column name="contract">Y</column>
        </table>
        <table name="Results">
            <column name="firm_name">CTC advanced GmbH</column>
            <column name="location">Saarbruecken, Germany</column>
            <column name="accreditation">Bundesnetzagentur</column>
            <column name="mra">US-EU</column>
            <column name="designation_number">DE0002</column>
            <column name="expiration_date">2024-06-07 00:00:00.0</column>
            <column name="contact">Gerald Schmidt</column>
            <column name="contact_title"> </column>
            <column name="address">Untertuerkheimer Strasse 6-10</column>
            <column name="po_box"> </column>
            <column name="mail_stop"> </column>
            <column name="city">D-66117 Saarbruecken</column>
            <column name="state"> </column>
            <column name="zip"> </column>
            <column name="country">Germany</column>
            <column name="email_address">mail@ctcadvanced.com</column>
            <column name="phone_number">49-681-598-0</column>
            <column name="fax_number">49-681-598-8775</column>
            <column name="contract">Y</column>
        </table>
        <table name="Results">
            <column name="firm_name">EMCE GmbH</column>
            <column name="location">Burgrieden, Germany</column>
            <column name="accreditation">Bundesnetzagentur</column>
            <column name="mra">US-EU</column>
            <column name="designation_number">DE0009</column>
            <column name="expiration_date">2024-04-12 00:00:00.0</column>
            <column name="contact">Christian Vogelmann</column>
            <column name="contact_title"> </column>
            <column name="address">Untere Wiesen 1</column>
            <column name="po_box"> </column>
            <column name="mail_stop"> </column>
            <column name="city">D-88483 Burgrieden</column>
            <column name="state"> </column>
            <column name="zip"> </column>
            <column name="country">Germany</column>
            <column name="email_address">info@emce-gmbh.de</column>
            <column name="phone_number">49-7392-911370</column>
            <column name="fax_number">49-7392-911372</column>
            <column name="contract">Y</column>
        </table>
        <table name="Results">
            <column name="firm_name">Element Materials Technology Straubing GmbH</column>
            <column name="location">Straubing, Germany</column>
            <column name="accreditation">Bundesnetzagentur</column>
            <column name="mra">US-EU</column>
            <column name="designation_number">DE0010</column>
            <column name="expiration_date">2024-05-17 00:00:00.0</column>
            <column name="contact">Christian Kiermeier</column>
            <column name="contact_title"> </column>
            <column name="address">Gustav-Hertz-Strasse 35</column>
            <column name="po_box"> </column>
            <column name="mail_stop"> </column>
            <column name="city">D-94315 Straubing</column>
            <column name="state"> </column>
            <column name="zip">94315</column>
            <column name="country">Germany</column>
            <column name="email_address">christian.kiermeier@element.com</column>
            <column name="phone_number">49-9421-56868-0</column>
            <column name="fax_number">49-9421-56868-100</column>
            <column name="contract">Y</column>
        </table>
        <table name="Results">
            <column name="firm_name">Eurofins Product Service GmbH</column>
            <column name="location">Reichenwalde, Germany</column>
            <column name="accreditation">Bundesnetzagentur</column>
            <column name="mra">US-EU</column>
            <column name="designation_number">DE0008</column>
            <column name="expiration_date">2024-01-18 00:00:00.0</column>
            <column name="contact">Jorg Kusig</column>
            <column name="contact_title">Mr</column>
            <column name="address">Storkower Strasse 38c</column>
            <column name="po_box"> </column>
            <column name="mail_stop"> </column>
            <column name="city">D-15526 Reichenwalde</column>
            <column name="state"> </column>
            <column name="zip"> </column>
            <column name="country">Germany</column>
            <column name="email_address">joergkusig@eurofins.de</column>
            <column name="phone_number">49-33631-888-700</column>
            <column name="fax_number">49-33631-888-650</column>
            <column name="contract">Y</column>
        </table>
        <table name="Results">
            <column name="firm_name">IBL-Lab GmbH</column>
            <column name="location">St. Ingbert</column>
            <column name="accreditation">Bundesnetzagentur</column>
            <column name="mra">US-EU</column>
            <column name="designation_number">DE0024</column>
            <column name="expiration_date">2024-09-20 00:00:00.0</column>
            <column name="contact">Karsten Geraldy</column>
            <column name="contact_title"> </column>
            <column name="address">Heinrich-Hertz-Allee 7</column>
            <column name="po_box"> </column>
            <column name="mail_stop"> </column>
            <column name="city">St. Ingbert</column>
            <column name="state"> </column>
            <column name="zip">66386</column>
            <column name="country">Germany</column>
            <column name="email_address">k.geraldy@ib-lenhardt.de</column>
            <column name="phone_number">+ 49 6894 389 3868</column>
            <column name="fax_number">N/A</column>
            <column name="contract">Y</column>
        </table>
        <table name="Results">
            <column name="firm_name">Intertek Deutschland GmbH</column>
            <column name="location">Kaufbeuren, Germany</column>
            <column name="accreditation">Bundesnetzagentur</column>
            <column name="mra">US-EU</column>
            <column name="designation_number">DE0014</column>
            <column name="expiration_date">2023-10-05 00:00:00.0</column>
            <column name="contact">Roland Dressler</column>
            <column name="contact_title">Mr</column>
            <column name="address">Innovapark 20</column>
            <column name="po_box"> </column>
            <column name="mail_stop"> </column>
            <column name="city">Kaufbeuren</column>
            <column name="state"> </column>
            <column name="zip">87600</column>
            <column name="country">Germany</column>
            <column name="email_address">roland.dressler@intertek.com</column>
            <column name="phone_number">49-8341-9556-310</column>
            <column name="fax_number">49-8341-9556-559</column>
            <column name="contract">Y</column>
        </table>
        <table name="Results">
            <column name="firm_name">Molex CVS Bochum GmbH</column>
            <column name="location">Bochum</column>
            <column name="accreditation">Bundesnetzagentur</column>
            <column name="mra">US-EU</column>
            <column name="designation_number">DE0017</column>
            <column name="expiration_date">2023-10-26 00:00:00.0</column>
            <column name="contact">Ines Baufeld</column>
            <column name="contact_title"> </column>
            <column name="address">Meesmannstrasse 103</column>
            <column name="po_box"> </column>
            <column name="mail_stop"> </column>
            <column name="city">Bochum</column>
            <column name="state"> </column>
            <column name="zip">44807</column>
            <column name="country">Germany</column>
            <column name="email_address">ines.baufeld@molex.com</column>
            <column name="phone_number">49234516680</column>
            <column name="fax_number">+49 234 516684880</column>
            <column name="contract">Y</column>
        </table>
        <table name="Results">
            <column name="firm_name">Nemko GmbH</column>
            <column name="location">Pfinztal</column>
            <column name="accreditation">Bundesnetzagentur</column>
            <column name="mra">US-EU</column>
            <column name="designation_number">DE0021</column>
            <column name="expiration_date">2023-06-22 00:00:00.0</column>
            <column name="contact">Peter Lukas</column>
            <column name="contact_title"> </column>
            <column name="address">Reetzstrasse 58</column>
            <column name="po_box"> </column>
            <column name="mail_stop"> </column>
            <column name="city">Pfinztal</column>
            <column name="state"> </column>
            <column name="zip">76327</column>
            <column name="country">Germany</column>
            <column name="email_address">peter.lukas@nemko.com</column>
            <column name="phone_number">+49 72 40 63 88</column>
            <column name="fax_number">+49 72 40 63 11</column>
            <column name="contract">Y</column>
        </table>
        <table name="Results">
            <column name="firm_name">Obering, Berg &amp; Lukowiak GmbH</column>
            <column name="location">Huellhorst, Germany</column>
            <column name="accreditation">Bundesnetzagentur</column>
            <column name="mra">US-EU</column>
            <column name="designation_number">DE0006</column>
            <column name="expiration_date">2024-10-11 00:00:00.0</column>
            <column name="contact">Christian Benthin</column>
            <column name="contact_title"> </column>
            <column name="address">Loehner Strasse 157</column>
            <column name="po_box"> </column>
            <column name="mail_stop"> </column>
            <column name="city">D-32609 Huellhorst</column>
            <column name="state"> </column>
            <column name="zip">32609</column>
            <column name="country">Germany</column>
            <column name="email_address">benthin@obl-gmbh.de</column>
            <column name="phone_number">49-5744-9296-0</column>
            <column name="fax_number">49-5744-9296-15</column>
            <column name="contract">Y</column>
        </table>
        <table name="Results">
            <column name="firm_name">PHOENIX TESTLAB GmbH</column>
            <column name="location">Blomberg, Germany</column>
            <column name="accreditation">Bundesnetzagentur</column>
            <column name="mra">US-EU</column>
            <column name="designation_number">DE0004</column>
            <column name="expiration_date">2024-02-08 00:00:00.0</column>
            <column name="contact">Holger Bentje</column>
            <column name="contact_title"> </column>
            <column name="address">Koenigswinkel 10</column>
            <column name="po_box"> </column>
            <column name="mail_stop"> </column>
            <column name="city">Blomberg</column>
            <column name="state"> </column>
            <column name="zip">32825</column>
            <column name="country">Germany</column>
            <column name="email_address">office@phoenix-testlab.de</column>
            <column name="phone_number">49-5235-9500-24</column>
            <column name="fax_number">49-5235-9500-28</column>
            <column name="contract">Y</column>
        </table>
        <table name="Results">
            <column name="firm_name">SGS Germany GmbH</column>
            <column name="location">Munich, Germany</column>
            <column name="accreditation">Bundesnetzagentur</column>
            <column name="mra">US-EU</column>
            <column name="designation_number">DE0013</column>
            <column name="expiration_date">2024-07-19 00:00:00.0</column>
            <column name="contact">Josef Bauer</column>
            <column name="contact_title">Mr</column>
            <column name="address">Hofmannstrasse 50</column>
            <column name="po_box"> </column>
            <column name="mail_stop"> </column>
            <column name="city">Munich</column>
            <column name="state"> </column>
            <column name="zip">81379</column>
            <column name="country">Germany</column>
            <column name="email_address">josef.bauer@sgs.com</column>
            <column name="phone_number">004989787475440</column>
            <column name="fax_number">004989787475453</column>
            <column name="contract">Y</column>
        </table>
        <table name="Results">
            <column name="firm_name">STC Germany GmbH (former PKM electronic GmbH)</column>
            <column name="location">Frontenhausen, Germany</column>
            <column name="accreditation">Bundesnetzagentur</column>
            <column name="mra">US-EU</column>
            <column name="designation_number">DE0022</column>
            <column name="expiration_date">2024-04-05 00:00:00.0</column>
            <column name="contact">Klaus Gisbert</column>
            <column name="contact_title">Mr</column>
            <column name="address">Ohmstrasse 1</column>
            <column name="po_box"> </column>
            <column name="mail_stop"> </column>
            <column name="city">Frontenhausen</column>
            <column name="state"> </column>
            <column name="zip">84160</column>
            <column name="country">Germany</column>
            <column name="email_address">grstc@stc.group</column>
            <column name="phone_number">+49 8732 6381</column>
            <column name="fax_number">+49 8732 2345</column>
            <column name="contract">Y</column>
        </table>
        <table name="Results">
            <column name="firm_name">TUEV NORD Hochfrequenztechnik GmbH &amp; Co. KG</column>
            <column name="location">Koeln, Germany</column>
            <column name="accreditation">Bundesnetzagentur</column>
            <column name="mra">US-EU</column>
            <column name="designation_number">DE0012</column>
            <column name="expiration_date">2024-10-04 00:00:00.0</column>
            <column name="contact">Ralf Trepper</column>
            <column name="contact_title"> </column>
            <column name="address">LESKANPARK, Gebaeude 10</column>
            <column name="po_box"> </column>
            <column name="mail_stop"> </column>
            <column name="city">Koeln</column>
            <column name="state"> </column>
            <column name="zip">51069</column>
            <column name="country">Germany</column>
            <column name="email_address">rtrepper@tuev-nord.de</column>
            <column name="phone_number">+49 221 / 88889518</column>
            <column name="fax_number">+49 221 / 88889595</column>
            <column name="contract">Y</column>
        </table>
        <table name="Results">
            <column name="firm_name">TUV Rheinland LGA Products GmbH</column>
            <column name="location">Nurnberg</column>
            <column name="accreditation">Bundesnetzagentur</column>
            <column name="mra">US-EU</column>
            <column name="designation_number">DE0016</column>
            <column name="expiration_date">2024-08-23 00:00:00.0</column>
            <column name="contact">Patrick Reusch</column>
            <column name="contact_title"> </column>
            <column name="address">Tillystrasse 2</column>
            <column name="po_box"> </column>
            <column name="mail_stop"> </column>
            <column name="city">Nurnberg</column>
            <column name="state"> </column>
            <column name="zip">90431</column>
            <column name="country">Germany</column>
            <column name="email_address">Patrick.Reusch@de.tuv.com</column>
            <column name="phone_number">+49 911 655 5785</column>
            <column name="fax_number">+49 911 655 5793</column>
            <column name="contract">Y</column>
        </table>
        <table name="Results">
            <column name="firm_name">TUV SUD Product Service GmbH</column>
            <column name="location">Straubing</column>
            <column name="accreditation">Bundesnetzagentur</column>
            <column name="mra">US-EU</column>
            <column name="designation_number">DE0018</column>
            <column name="expiration_date">2024-10-11 00:00:00.0</column>
            <column name="contact">Markus Biberger</column>
            <column name="contact_title">Mr</column>
            <column name="address">Aussere Fruehlingsstrasse 45</column>
            <column name="po_box"> </column>
            <column name="mail_stop"> </column>
            <column name="city">Straubing</column>
            <column name="state"> </column>
            <column name="zip">94315</column>
            <column name="country">Germany</column>
            <column name="email_address">markus.biberger@tuvsud.com</column>
            <column name="phone_number">+49 9421 5682-153</column>
            <column name="fax_number">+49 9421 5682-199</column>
            <column name="contract">Y</column>
        </table>
        <table name="Results">
            <column name="firm_name">UL International Germany GmbH</column>
            <column name="location">Stuttgart</column>
            <column name="accreditation">Bundesnetzagentur</column>
            <column name="mra">US-EU</column>
            <column name="designation_number">DE0019</column>
            <column name="expiration_date">2025-05-02 00:00:00.0</column>
            <column name="contact">Bernd Woerl</column>
            <column name="contact_title"> </column>
            <column name="address">Hedelfinger Strasse 61</column>
            <column name="po_box"> </column>
            <column name="mail_stop"> </column>
            <column name="city">Stuttgart</column>
            <column name="state"> </column>
            <column name="zip">70327</column>
            <column name="country">Germany</column>
            <column name="email_address">bernd.woerl@ul.com</column>
            <column name="phone_number">004971149002031</column>
            <column name="fax_number">-</column>
            <column name="contract">Y</column>
        </table>
        <table name="Results">
            <column name="firm_name">cetecom advanced GmbH</column>
            <column name="location">Essen, Germany</column>
            <column name="accreditation">Bundesnetzagentur</column>
            <column name="mra">US-EU</column>
            <column name="designation_number">DE0003</column>
            <column name="expiration_date">2024-04-25 00:00:00.0</column>
            <column name="contact">Niels Jess</column>
            <column name="contact_title"> </column>
            <column name="address">Im Teelbruch 116</column>
            <column name="po_box"> </column>
            <column name="mail_stop"> </column>
            <column name="city">Essen</column>
            <column name="state"> </column>
            <column name="zip">45219</column>
            <column name="country">Germany</column>
            <column name="email_address">niels.jess@cetecom.com</column>
            <column name="phone_number">+49 2054 9519 603</column>
            <column name="fax_number">+49 2054 9519 150</column>
            <column name="contract">Y</column>
        </table>
        <table name="Results">
            <column name="firm_name">CMA Industrial Development Foundation Limited</column>
            <column name="location">Fo Tan, Shatin, NT, Hong Kong</column>
            <column name="accreditation">Office of the Communications Authority (OFCA)</column>
            <column name="mra">APEC TEL</column>
            <column name="designation_number">HK0004</column>
            <column name="expiration_date">2024-08-18 00:00:00.0</column>
            <column name="contact">Joey Kwok</column>
            <column name="contact_title">Senior Manager</column>
            <column name="address">Room 1302, Yan Hing Centre,</column>
            <column name="po_box"> </column>
            <column name="mail_stop"> </column>
            <column name="city">Hong Kong</column>
            <column name="state"> </column>
            <column name="zip"> </column>
            <column name="country">Hong Kong</column>
            <column name="email_address">joeykwok@cmatesting.org</column>
            <column name="phone_number">+852 2690 8255</column>
            <column name="fax_number">N/A</column>
            <column name="contract">Y</column>
        </table>
        <table name="Results">
            <column name="firm_name">Hong Kong Productivity Council EMC Centre</column>
            <column name="location">Hong Kong</column>
            <column name="accreditation">Office of the Communications Authority (OFCA)</column>
            <column name="mra">APEC TEL</column>
            <column name="designation_number">HK0012</column>
            <column name="expiration_date">2023-09-03 00:00:00.0</column>
            <column name="contact">Herman Chow</column>
            <column name="contact_title">Unit Head</column>
            <column name="address">LG1/F, HKPC Building</column>
            <column name="po_box"> </column>
            <column name="mail_stop"> </column>
            <column name="city">Hong Kong</column>
            <column name="state"> </column>
            <column name="zip"> </column>
            <column name="country">Hong Kong</column>
            <column name="email_address">emc@hkpc.org</column>
            <column name="phone_number">+852 2788 6396</column>
            <column name="fax_number">N/A</column>
            <column name="contract">Y</column>
        </table>
        <table name="Results">
            <column name="firm_name">Intertek Testing Services Hong Kong Ltd.</column>
            <column name="location">576 Castle Peak Road, Hong Kong</column>
            <column name="accreditation">Office of the Communications Authority (OFCA)</column>
            <column name="mra">APEC TEL</column>
            <column name="designation_number">HK0005</column>
            <column name="expiration_date">2024-07-14 00:00:00.0</column>
            <column name="contact">Billy Chow</column>
            <column name="contact_title">EMC Manager</column>
            <column name="address">2/F., Garment Centre</column>
            <column name="po_box"> </column>
            <column name="mail_stop"> </column>
            <column name="city">Hong Kong</column>
            <column name="state"> </column>
            <column name="zip"> </column>
            <column name="country">Hong Kong</column>
            <column name="email_address">billy.chow@intertek.com</column>
            <column name="phone_number">85221738528</column>
            <column name="fax_number">85227410521</column>
            <column name="contract">Y</column>
        </table>
        <table name="Results">
            <column name="firm_name">SGS Hong Kong Limited</column>
            <column name="location">Hong Kong</column>
            <column name="accreditation">Office of the Communications Authority (OFCA)</column>
            <column name="mra">APEC TEL</column>
            <column name="designation_number">HK0015</column>
            <column name="expiration_date">2024-03-30 00:00:00.0</column>
            <column name="contact">Jeffrey Chen</column>
            <column name="contact_title">Technical Manager</column>
            <column name="address">Units No.2 &amp; 3, G/F, Block A, Po Lung Centre</column>
            <column name="po_box"> </column>
            <column name="mail_stop"> </column>
            <column name="city">Hong Kong</column>
            <column name="state"> </column>
            <column name="zip"> </column>
            <column name="country">Hong Kong</column>
            <column name="email_address">Jeffrey.Chen@sgs.com</column>
            <column name="phone_number">85227747413</column>
            <column name="fax_number">N/A</column>
            <column name="contract">Y</column>
        </table>
        <table name="Results">
            <column name="firm_name">TUV Rheinland Hong Kong Limited</column>
            <column name="location">Hong Kong</column>
            <column name="accreditation">Office of the Communications Authority (OFCA)</column>
            <column name="mra">APEC TEL</column>
            <column name="designation_number">HK0013</column>
            <column name="expiration_date">2024-04-26 00:00:00.0</column>
            <column name="contact">Sharon Li</column>
            <column name="contact_title">Senior Manager</column>
            <column name="address">3/F &amp; 4/F, Fou Wah Industrial Building,</column>
            <column name="po_box"> </column>
            <column name="mail_stop"> </column>
            <column name="city">N.T.</column>
            <column name="state"> </column>
            <column name="zip"> </column>
            <column name="country">Hong Kong</column>
            <column name="email_address">Sharon.li@tuv.com</column>
            <column name="phone_number">852-31921218</column>
            <column name="fax_number">852-21921001</column>
            <column name="contract">Y</column>
        </table>
        <table name="Results">
            <column name="firm_name">The Hong Kong Standards and Testing Centre Ltd.</column>
            <column name="location">Hong Kong</column>
            <column name="accreditation">Office of the Communications Authority (OFCA)</column>
            <column name="mra">APEC TEL</column>
            <column name="designation_number">HK0001</column>
            <column name="expiration_date">2023-07-28 00:00:00.0</column>
            <column name="contact">Brian Chan</column>
            <column name="contact_title">Department Manager</column>
            <column name="address">10 Dai Wang Street</column>
            <column name="po_box"> </column>
            <column name="mail_stop"> </column>
            <column name="city">N.T.</column>
            <column name="state"> </column>
            <column name="zip"> </column>
            <column name="country">Hong Kong</column>
            <column name="email_address">brianchan@stc.group</column>
            <column name="phone_number">852 2666 1880</column>
            <column name="fax_number">N/A</column>
            <column name="contract">Y</column>
        </table>
        <table name="Results">
            <column name="firm_name">AA Electro Magnetic Test Laboratory</column>
            <column name="location">India</column>
            <column name="accreditation">American Association for Laboratory Accreditation</column>
            <column name="mra">N/A</column>
            <column name="designation_number">US1277</column>
            <column name="expiration_date">2024-03-31 00:00:00.0</column>
            <column name="contact">Jackie Deng</column>
            <column name="contact_title"> </column>
            <column name="address">Plot No174, Udyog Vihar, Phase 4, Sector18, Gurgoa</column>
            <column name="po_box"> </column>
            <column name="mail_stop"> </column>
            <column name="city">Gurgaon, Haryana</column>
            <column name="state"> </column>
            <column name="zip"> </column>
            <column name="country">India</column>
            <column name="email_address">jackie.deng@ait-china.com</column>
            <column name="phone_number">911244235350</column>
            <column name="fax_number">N/A</column>
            <column name="contract">Y</column>
        </table>
        <table name="Results">
            <column name="firm_name">Honeywell Technology Solutions Lab Pvt Ltd-Bangalo</column>
            <column name="location">Bangalore, India</column>
            <column name="accreditation">American Association for Laboratory Accreditation</column>
            <column name="mra">N/A</column>
            <column name="designation_number">US1225</column>
            <column name="expiration_date">2023-11-30 00:00:00.0</column>
            <column name="contact">Keerti Kamesh</column>
            <column name="contact_title"> </column>
            <column name="address">19/2, Devarabisanahalli Village, Varthur Hobli</column>
            <column name="po_box"> </column>
            <column name="mail_stop"> </column>
            <column name="city">Bangalore</column>
            <column name="state"> </column>
            <column name="zip">560103</column>
            <column name="country">India</column>
            <column name="email_address">keerti.kamesh@honeywell.com</column>
            <column name="phone_number">+91 9686568630</column>
            <column name="fax_number">N/A</column>
            <column name="contract">N</column>
        </table>
        <table name="Results">
            <column name="firm_name">International Centre for Automotive Technology</column>
            <column name="location">India</column>
            <column name="accreditation">American Association for Laboratory Accreditation</column>
            <column name="mra">N/A</column>
            <column name="designation_number">US1320</column>
            <column name="expiration_date">2023-11-30 00:00:00.0</column>
            <column name="contact">Aditi Sethi</column>
            <column name="contact_title">Authorized Representative</column>
            <column name="address">Plot No. 26, Sector-3,</column>
            <column name="po_box"> </column>
            <column name="mail_stop"> </column>
            <column name="city">Gurugram</column>
            <column name="state"> </column>
            <column name="zip">122052</column>
            <column name="country">India</column>
            <column name="email_address">aditi.sethi@icat.in</column>
            <column name="phone_number">9990443630</column>
            <column name="fax_number">N/A</column>
            <column name="contract">Y</column>
        </table>
        <table name="Results">
            <column name="firm_name">TARANG: Product Qualification and Compliance</column>
            <column name="location">Karnataka, India</column>
            <column name="accreditation">American Association for Laboratory Accreditation</column>
            <column name="mra">N/A</column>
            <column name="designation_number">US1273</column>
            <column name="expiration_date">2023-08-31 00:00:00.0</column>
            <column name="contact">Senthil Nayagam</column>
            <column name="contact_title"> </column>
            <column name="address">Survey No. 70, 77, 78/8A, Doddakannelli,</column>
            <column name="po_box"> </column>
            <column name="mail_stop"> </column>
            <column name="city">Karnataka</column>
            <column name="state"> </column>
            <column name="zip">560035</column>
            <column name="country">India</column>
            <column name="email_address">senthil.nayagam@wipro.com</column>
            <column name="phone_number">09845177465</column>
            <column name="fax_number">N/A</column>
            <column name="contract">Y</column>
        </table>
        <table name="Results">
            <column name="firm_name">TUV Rheinland (India) Pvt. Ltd.</column>
            <column name="location">Karnataka, India</column>
            <column name="accreditation">American Association for Laboratory Accreditation</column>
            <column name="mra">N/A</column>
            <column name="designation_number">US1206</column>
            <column name="expiration_date">2023-08-31 00:00:00.0</column>
            <column name="contact">B R Guruprasad</column>
            <column name="contact_title"> </column>
            <column name="address">No. 108, Electronics City Phase 1</column>
            <column name="po_box"> </column>
            <column name="mail_stop"> </column>
            <column name="city">Karnataka</column>
            <column name="state"> </column>
            <column name="zip"> </column>
            <column name="country">India</column>
            <column name="email_address">guruprasad.br@ind.tuv.com</column>
            <column name="phone_number">+91 8046498000</column>
            <column name="fax_number">N/A</column>
            <column name="contract">Y</column>
        </table>
        <table name="Results">
            <column name="firm_name">Compliance Engineering Ireland Ltd. (CEI)</column>
            <column name="location">Co Meath</column>
            <column name="accreditation">Commission for Communications Regulation</column>
            <column name="mra">US-EU</column>
            <column name="designation_number">IE0002</column>
            <column name="expiration_date">2024-12-07 00:00:00.0</column>
            <column name="contact">John McAuley</column>
            <column name="contact_title">Mr</column>
            <column name="address">Clonross, Dunshaughlin,</column>
            <column name="po_box"> </column>
            <column name="mail_stop"> </column>
            <column name="city">Co Meath</column>
            <column name="state"> </column>
            <column name="zip">A85 XN59</column>
            <column name="country">Ireland</column>
            <column name="email_address">john.mcauley@cei.ie</column>
            <column name="phone_number">+353 1 8017000</column>
            <column name="fax_number">+353 1 8256733</column>
            <column name="contract">Y</column>
        </table>
        <table name="Results">
            <column name="firm_name">Electrical and Electronics laboratory, SII</column>
            <column name="location">42 Haim Levanon St., Tel Aviv, Israel</column>
            <column name="accreditation">Commissioner of Standardization, Ministry of Economy, State of Israel</column>
            <column name="mra">US-Israel MRA</column>
            <column name="designation_number">IL1003</column>
            <column name="expiration_date">2024-05-14 00:00:00.0</column>
            <column name="contact">Albert Herzenshtein</column>
            <column name="contact_title">Head of EMC Branch</column>
            <column name="address">42 Haim Levanon St., Tel Aviv</column>
            <column name="po_box"> </column>
            <column name="mail_stop"> </column>
            <column name="city">Tel Aviv</column>
            <column name="state"> </column>
            <column name="zip">6997701</column>
            <column name="country">Israel</column>
            <column name="email_address">albert_h@sii.org.il</column>
            <column name="phone_number">(972)-3-646-5069</column>
            <column name="fax_number">N/A</column>
            <column name="contract">Y</column>
        </table>
        <table name="Results">
            <column name="firm_name">ITL PRODUCT TESTING LTD</column>
            <column name="location">1 Batsheva St., Lod, 7120101, Israel</column>
            <column name="accreditation">Commissioner of Standardization, Ministry of Economy, State of Israel</column>
            <column name="mra">US-Israel MRA</column>
            <column name="designation_number">IL1005</column>
            <column name="expiration_date">2023-09-30 00:00:00.0</column>
            <column name="contact">Ilan Cohen</column>
            <column name="contact_title">Technical Director</column>
            <column name="address">P.O.B. 6117, Lod, 7116002, Israel</column>
            <column name="po_box"> </column>
            <column name="mail_stop"> </column>
            <column name="city">Lod</column>
            <column name="state"> </column>
            <column name="zip"> </column>
            <column name="country">Israel</column>
            <column name="email_address">icohen@itl.co.il</column>
            <column name="phone_number">972-8-918-6107</column>
            <column name="fax_number">+972 8 915 3101</column>
            <column name="contract">Y</column>
        </table>
        <table name="Results">
            <column name="firm_name">Qualitech</column>
            <column name="location">30 Hasivim Street Petah-Tikva, 4959388, ISRAEL</column>
            <column name="accreditation">Commissioner of Standardization, Ministry of Economy, State of Israel</column>
            <column name="mra">US-Israel MRA</column>
            <column name="designation_number">IL1006</column>
            <column name="expiration_date">2024-06-30 00:00:00.0</column>
            <column name="contact">George Shleimovich</column>
            <column name="contact_title"> </column>
            <column name="address">30 Hasivim Street Petah-Tikva, 4959388, ISRAEL</column>
            <column name="po_box"> </column>
            <column name="mail_stop"> </column>
            <column name="city">Petah-Tikva</column>
            <column name="state"> </column>
            <column name="zip"> </column>
            <column name="country">Israel</column>
            <column name="email_address">george@hermonlabs.com</column>
            <column name="phone_number">(972) 4 626 8468</column>
            <column name="fax_number">N/A</column>
            <column name="contract">Y</column>
        </table>
        <table name="Results">
            <column name="firm_name">SOLAREDGE TECHNOLOGIES LTD.</column>
            <column name="location">1 Hamada Street, Herzeliya</column>
            <column name="accreditation">Commissioner of Standardization, Ministry of Economy, State of Israel</column>
            <column name="mra">US-Israel MRA</column>
            <column name="designation_number">IL1008</column>
            <column name="expiration_date">2024-02-29 00:00:00.0</column>
            <column name="contact">Rami Nataf</column>
            <column name="contact_title"> </column>
            <column name="address">1 Hamada St. Herzeliya, Israel</column>
            <column name="po_box"> </column>
            <column name="mail_stop"> </column>
            <column name="city">Herzeliya</column>
            <column name="state"> </column>
            <column name="zip">4673335</column>
            <column name="country">Israel</column>
            <column name="email_address">Rami.Nataf@solaredge.com</column>
            <column name="phone_number">+972-52-4006994</column>
            <column name="fax_number">N/A</column>
            <column name="contract">Y</column>
        </table>
        <table name="Results">
            <column name="firm_name">Dekra Testing and Certification S.r.l.</column>
            <column name="location">Thiene</column>
            <column name="accreditation">Ministero delle Sviluppo Economico- Direzione Generale Pianificazione e Gestione dello Spettro Radioelettrico</column>
            <column name="mra">US-EU</column>
            <column name="designation_number">IT0009</column>
            <column name="expiration_date">2024-02-10 00:00:00.0</column>
            <column name="contact">Francesco Marenda</column>
            <column name="contact_title"> </column>
            <column name="address">Via della Fisica, 20</column>
            <column name="po_box"> </column>
            <column name="mail_stop"> </column>
            <column name="city">Thiene</column>
            <column name="state"> </column>
            <column name="zip">36016</column>
            <column name="country">Italy</column>
            <column name="email_address">francesco.marenda@dekra.com</column>
            <column name="phone_number">+39 0445 367702</column>
            <column name="fax_number">+39 0445 367702</column>
            <column name="contract">Y</column>
        </table>
        <table name="Results">
            <column name="firm_name">Emilab Srl.</column>
            <column name="location">Amaro</column>
            <column name="accreditation">Ministero delle Sviluppo Economico- Direzione Generale Pianificazione e Gestione dello Spettro Radioelettrico</column>
            <column name="mra">US-EU</column>
            <column name="designation_number">IT0006</column>
            <column name="expiration_date">2023-07-06 00:00:00.0</column>
            <column name="contact">Silvano Chialina</column>
            <column name="contact_title">Mr</column>
            <column name="address">Via F.lli Solari 5/A</column>
            <column name="po_box"> </column>
            <column name="mail_stop"> </column>
            <column name="city">Amaro</column>
            <column name="state"> </column>
            <column name="zip">33020</column>
            <column name="country">Italy</column>
            <column name="email_address">info.emilab@applus.com</column>
            <column name="phone_number">+39 0433 468625</column>
            <column name="fax_number">N/A</column>
            <column name="contract">Y</column>
        </table>
        <table name="Results">
            <column name="firm_name">Istituto Italiano del Marchio di Qualita S.p.A.</column>
            <column name="location">Milano, Bollate</column>
            <column name="accreditation">Ministero delle Sviluppo Economico- Direzione Generale Pianificazione e Gestione dello Spettro Radioelettrico</column>
            <column name="mra">US-EU</column>
            <column name="designation_number">IT0013</column>
            <column name="expiration_date">2024-06-09 00:00:00.0</column>
            <column name="contact">Roberto Colombo</column>
            <column name="contact_title"> </column>
            <column name="address">Via Quintiliano 43 - 20138 Milano MI</column>
            <column name="po_box"> </column>
            <column name="mail_stop"> </column>
            <column name="city">Milano, Bollate</column>
            <column name="state"> </column>
            <column name="zip"> </column>
            <column name="country">Italy</column>
            <column name="email_address">roberto.colombo@imq.it</column>
            <column name="phone_number">+39.02.50731</column>
            <column name="fax_number">+39.02.50991580</column>
            <column name="contract">Y</column>
        </table>
        <table name="Results">
            <column name="firm_name">Kiwa Creiven S.r.l.</column>
            <column name="location">Padova</column>
            <column name="accreditation">Ministero delle Sviluppo Economico- Direzione Generale Pianificazione e Gestione dello Spettro Radioelettrico</column>
            <column name="mra">US-EU</column>
            <column name="designation_number">IT0016</column>
            <column name="expiration_date">2023-09-07 00:00:00.0</column>
            <column name="contact">Alessandro Zuccato</column>
            <column name="contact_title"> </column>
            <column name="address">Corso Spagna 12</column>
            <column name="po_box"> </column>
            <column name="mail_stop"> </column>
            <column name="city">Padova</column>
            <column name="state"> </column>
            <column name="zip">35127</column>
            <column name="country">Italy</column>
            <column name="email_address">alessandro.zuccato@kiwa.com</column>
            <column name="phone_number">+39 049 870 4036</column>
            <column name="fax_number">N/A</column>
            <column name="contract">Y</column>
        </table>
        <table name="Results">
            <column name="firm_name">Nemko S.p.A.</column>
            <column name="location">Italy</column>
            <column name="accreditation">Ministero delle Sviluppo Economico- Direzione Generale Pianificazione e Gestione dello Spettro Radioelettrico</column>
            <column name="mra">US-EU</column>
            <column name="designation_number">IT0003</column>
            <column name="expiration_date">2023-12-13 00:00:00.0</column>
            <column name="contact">Roberto Giampaglia</column>
            <column name="contact_title"> </column>
            <column name="address">Via Del Carrocio, 4</column>
            <column name="po_box">20853</column>
            <column name="mail_stop"> </column>
            <column name="city">Biassono</column>
            <column name="state"> </column>
            <column name="zip"> </column>
            <column name="country">Italy</column>
            <column name="email_address">segreteria@nemko.com</column>
            <column name="phone_number">+39 039 220 12 01</column>
            <column name="fax_number">+39 039 220 12 21</column>
            <column name="contract">Y</column>
        </table>
        <table name="Results">
            <column name="firm_name">PRS LAB S.r.l.</column>
            <column name="location">Faloppio</column>
            <column name="accreditation">Ministero delle Sviluppo Economico- Direzione Generale Pianificazione e Gestione dello Spettro Radioelettrico</column>
            <column name="mra">US-EU</column>
            <column name="designation_number">IT0012</column>
            <column name="expiration_date">2025-02-01 00:00:00.0</column>
            <column name="contact">Riccardo Pfeiffer</column>
            <column name="contact_title"> </column>
            <column name="address">Via Campagna 92</column>
            <column name="po_box">22020</column>
            <column name="mail_stop"> </column>
            <column name="city">Faloppio</column>
            <column name="state"> </column>
            <column name="zip"> </column>
            <column name="country">Italy</column>
            <column name="email_address">rpfeiffer@primaricerca.it</column>
            <column name="phone_number">+39 031 3500011</column>
            <column name="fax_number">+39 031 991309</column>
            <column name="contract">Y</column>
        </table>
        <table name="Results">
            <column name="firm_name">TUV Rheinland Italia SRL</column>
            <column name="location">Pogliano Milanese</column>
            <column name="accreditation">Ministero delle Sviluppo Economico- Direzione Generale Pianificazione e Gestione dello Spettro Radioelettrico</column>
            <column name="mra">US-EU</column>
            <column name="designation_number">IT0008</column>
            <column name="expiration_date">2025-01-17 00:00:00.0</column>
            <column name="contact">Giovanni Molteni</column>
            <column name="contact_title">Mr</column>
            <column name="address">Via E. Mattei 3</column>
            <column name="po_box"> </column>
            <column name="mail_stop"> </column>
            <column name="city">Pogliano Milanese</column>
            <column name="state"> </column>
            <column name="zip">20005</column>
            <column name="country">Italy</column>
            <column name="email_address">giovanni.molteni@it.tuv.com</column>
            <column name="phone_number">+39.02.939.687.331</column>
            <column name="fax_number">+39.02.939.687.23</column>
            <column name="contract">Y</column>
        </table>
        <table name="Results">
            <column name="firm_name">Tecnolab del Lago Maggiore s.r.l.</column>
            <column name="location">Italy</column>
            <column name="accreditation">Ministero delle Sviluppo Economico- Direzione Generale Pianificazione e Gestione dello Spettro Radioelettrico</column>
            <column name="mra">US-EU</column>
            <column name="designation_number">IT0011</column>
            <column name="expiration_date">2023-06-15 00:00:00.0</column>
            <column name="contact">Danilo Prina</column>
            <column name="contact_title"> </column>
            <column name="address">Via dell'Industria, 20</column>
            <column name="po_box">28924</column>
            <column name="mail_stop"> </column>
            <column name="city">Verbania Fondotoce</column>
            <column name="state"> </column>
            <column name="zip"> </column>
            <column name="country">Italy</column>
            <column name="email_address">danilo.prina@tecnolab.name</column>
            <column name="phone_number">+39 0323 586514</column>
            <column name="fax_number">+39 0323 586901</column>
            <column name="contract">Y</column>
        </table>
        <table name="Results">
            <column name="firm_name">ADVANTEST CORPORATION EMC Center</column>
            <column name="location">336-1, Ohwa, Meiwa-machi, Ora-gun, Gunma, Japan</column>
            <column name="accreditation">Ministry of Internal Affairs and Communications (MIC)</column>
            <column name="mra">US-Japan MRA</column>
            <column name="designation_number">JP2008</column>
            <column name="expiration_date">2024-06-30 00:00:00.0</column>
            <column name="contact">Chiaki Asaba</column>
            <column name="contact_title">Director</column>
            <column name="address">336-1, Ohwa</column>
            <column name="po_box"> </column>
            <column name="mail_stop"> </column>
            <column name="city">Meiwa-machi, Ora-gun, Gunma</column>
            <column name="state"> </column>
            <column name="zip">3700718</column>
            <column name="country">Japan</column>
            <column name="email_address">chiaki.asaba@jp.advantest.com</column>
            <column name="phone_number">+81-276-70-3300</column>
            <column name="fax_number">+81-276-70-3420</column>
            <column name="contract">Y</column>
        </table>
        <table name="Results">
            <column name="firm_name">ALPS ALPINE CO., LTD. EMC TEST LAB FURUKAWA</column>
            <column name="location">Osaki-City, Japan</column>
            <column name="accreditation">Ministry of Internal Affairs and Communications (MIC)</column>
            <column name="mra">US-Japan MRA</column>
            <column name="designation_number">JP5218</column>
            <column name="expiration_date">2025-02-28 00:00:00.0</column>
            <column name="contact">Kazunari Hanaya</column>
            <column name="contact_title"> </column>
            <column name="address">6-3-36 Furukawa Nakazato</column>
            <column name="po_box"> </column>
            <column name="mail_stop"> </column>
            <column name="city">Osaki-City, Miyagi-Prefecture</column>
            <column name="state"> </column>
            <column name="zip">9896181</column>
            <column name="country">Japan</column>
            <column name="email_address">kazunari.hanaya@alpsalpine.com</column>
            <column name="phone_number">81229235111</column>
            <column name="fax_number">N/A</column>
            <column name="contract">Y</column>
        </table>
        <table name="Results">
            <column name="firm_name">Anritsu Customer Support Co., Ltd. EMC</column>
            <column name="location">5-1-1 Onna, Atsugi-shi, Kanagawa, 243-0032, JAPAN</column>
            <column name="accreditation">Ministry of Internal Affairs and Communications (MIC)</column>
            <column name="mra">US-Japan MRA</column>
            <column name="designation_number">JP5002</column>
            <column name="expiration_date">2023-12-31 00:00:00.0</column>
            <column name="contact">Ikuo Shimura</column>
            <column name="contact_title"> </column>
            <column name="address">5-1-1 Onna</column>
            <column name="po_box"> </column>
            <column name="mail_stop"> </column>
            <column name="city">Atsugi-city,  Kanagawa-Prf.</column>
            <column name="state"> </column>
            <column name="zip">2430032</column>
            <column name="country">Japan</column>
            <column name="email_address">rep-emc-center@anritsu.com</column>
            <column name="phone_number">81-46-296-6746</column>
            <column name="fax_number">N/A</column>
            <column name="contract">Y</column>
        </table>
        <table name="Results">
            <column name="firm_name">BROTHER INDUSTRIES EMC Laboratory(HOSHIZAKI)</column>
            <column name="location">Aichi/Japan</column>
            <column name="accreditation">Ministry of Internal Affairs and Communications (MIC)</column>
            <column name="mra">US-Japan MRA</column>
            <column name="designation_number">JP5216</column>
            <column name="expiration_date">2024-05-29 00:00:00.0</column>
            <column name="contact">Masahiko Kimura</column>
            <column name="contact_title"> </column>
            <column name="address">5-1, Hamada-cho, Minami-ku</column>
            <column name="po_box"> </column>
            <column name="mail_stop"> </column>
            <column name="city">Nagoya-shi, Aichi-Pref.</column>
            <column name="state"> </column>
            <column name="zip">4570822</column>
            <column name="country">Japan</column>
            <column name="email_address">masahiko.kimura@brother.co.jp</column>
            <column name="phone_number">81-70-1463-3400</column>
            <column name="fax_number">81-52-824-4105</column>
            <column name="contract">N</column>
        </table>
        <table name="Results">
            <column name="firm_name">BROTHER INDUSTRIES EMC Laboratory(MIZUHO)</column>
            <column name="location">Aichi/Japan</column>
            <column name="accreditation">Ministry of Internal Affairs and Communications (MIC)</column>
            <column name="mra">US-Japan MRA</column>
            <column name="designation_number">JP5215</column>
            <column name="expiration_date">2024-05-29 00:00:00.0</column>
            <column name="contact">Masahiko Kimura</column>
            <column name="contact_title">General Manager</column>
            <column name="address">1-1, Kawagishi icchome, Mizuho-ku</column>
            <column name="po_box"> </column>
            <column name="mail_stop"> </column>
            <column name="city">Nagoya-shi, Aichi-Pref.</column>
            <column name="state"> </column>
            <column name="zip">4678562</column>
            <column name="country">Japan</column>
            <column name="email_address">masahiko.kimura@brother.co.jp</column>
            <column name="phone_number">81-70-1385-8884</column>
            <column name="fax_number">81-52-824-4105</column>
            <column name="contract">N</column>
        </table>
        <table name="Results">
            <column name="firm_name">Cosmos Corporation</column>
            <column name="location">Matsusaka-shi, Mie-Japan</column>
            <column name="accreditation">Ministry of Internal Affairs and Communications (MIC)</column>
            <column name="mra">US-Japan MRA</column>
            <column name="designation_number">JP5198</column>
            <column name="expiration_date">2023-09-30 00:00:00.0</column>
            <column name="contact">Yasuhiro Kawahara</column>
            <column name="contact_title">Quality Management Representative</column>
            <column name="address">718-1, Katsurase-Cho</column>
            <column name="po_box"> </column>
            <column name="mail_stop"> </column>
            <column name="city">Matsusaka-shi, Mie</column>
            <column name="state"> </column>
            <column name="zip">5151104</column>
            <column name="country">Japan</column>
            <column name="email_address">quality@cosmos-corp.com</column>
            <column name="phone_number">81 598 60 1827</column>
            <column name="fax_number">N/A</column>
            <column name="contract">Y</column>
        </table>
        <table name="Results">
            <column name="firm_name">EIZO Corporation</column>
            <column name="location">Hakusan Ishikawa, JAPAN</column>
            <column name="accreditation">Ministry of Internal Affairs and Communications (MIC)</column>
            <column name="mra">US-Japan MRA</column>
            <column name="designation_number">JP5038</column>
            <column name="expiration_date">2023-06-30 00:00:00.0</column>
            <column name="contact">Hiroaki Hashimoto</column>
            <column name="contact_title">General Manager</column>
            <column name="address">153 Shimokashiwano</column>
            <column name="po_box"> </column>
            <column name="mail_stop"> </column>
            <column name="city">Hakusan Ishikawa</column>
            <column name="state"> </column>
            <column name="zip">9248566</column>
            <column name="country">Japan</column>
            <column name="email_address">hiroaki.hashimoto@eizo.com</column>
            <column name="phone_number">81-76-274-2468</column>
            <column name="fax_number">81-76-274-2484</column>
            <column name="contract">Y</column>
        </table>
        <table name="Results">
            <column name="firm_name">EMC Japan Corp.</column>
            <column name="location">Sagamihara-shi</column>
            <column name="accreditation">Ministry of Internal Affairs and Communications (MIC)</column>
            <column name="mra">US-Japan MRA</column>
            <column name="designation_number">JP5025</column>
            <column name="expiration_date">2023-06-30 00:00:00.0</column>
            <column name="contact">Kaoru Murakami</column>
            <column name="contact_title">Representative Director</column>
            <column name="address">210-3, Nagatake, Midori-Ku,</column>
            <column name="po_box"> </column>
            <column name="mail_stop"> </column>
            <column name="city">Kanagawa-ken</column>
            <column name="state"> </column>
            <column name="zip">2520154</column>
            <column name="country">Japan</column>
            <column name="email_address">murakami@emcj.co.jp</column>
            <column name="phone_number">81-42-784-8005</column>
            <column name="fax_number">81-42-784-8007</column>
            <column name="contract">Y</column>
        </table>
        <table name="Results">
            <column name="firm_name">FUJIFILM Business Innovation Corp. FBICC Test Lab</column>
            <column name="location">2274, Hongo, Ebina-shi, Kanagawa, 243-0494 Japan</column>
            <column name="accreditation">Ministry of Internal Affairs and Communications (MIC)</column>
            <column name="mra">US-Japan MRA</column>
            <column name="designation_number">JP5194</column>
            <column name="expiration_date">2024-09-30 00:00:00.0</column>
            <column name="contact">Naoya Haraguchi</column>
            <column name="contact_title"> </column>
            <column name="address">2274, Hongo,</column>
            <column name="po_box"> </column>
            <column name="mail_stop"> </column>
            <column name="city">Ebina</column>
            <column name="state"> </column>
            <column name="zip">2430494</column>
            <column name="country">Japan</column>
            <column name="email_address">naoya.haraguchi.kd@fujifilm.com</column>
            <column name="phone_number">81462371522</column>
            <column name="fax_number">+81-46-237-1640</column>
            <column name="contract">Y</column>
        </table>
        <table name="Results">
            <column name="firm_name">FUJIFILM Healthcare Manufacturing Corporation EMC</column>
            <column name="location">Kanagawa</column>
            <column name="accreditation">Ministry of Internal Affairs and Communications (MIC)</column>
            <column name="mra">US-Japan MRA</column>
            <column name="designation_number">JP5023</column>
            <column name="expiration_date">2024-03-31 00:00:00.0</column>
            <column name="contact">Masayuki Ando</column>
            <column name="contact_title">EMC Center Manager</column>
            <column name="address">1250, Takematsu, Minamiashigara-Shi</column>
            <column name="po_box"> </column>
            <column name="mail_stop"> </column>
            <column name="city">Minamiashigara-Shi, Kanagawa</column>
            <column name="state"> </column>
            <column name="zip">2500111</column>
            <column name="country">Japan</column>
            <column name="email_address">masayuki.ando@fujifilm.com</column>
            <column name="phone_number">81-465-85-2195</column>
            <column name="fax_number">81-465-85-1443</column>
            <column name="contract">Y</column>
        </table>
        <table name="Results">
            <column name="firm_name">Fujitsu General EMC Laboratory Limited</column>
            <column name="location">Kanagawa/Japan</column>
            <column name="accreditation">Ministry of Internal Affairs and Communications (MIC)</column>
            <column name="mra">US-Japan MRA</column>
            <column name="designation_number">JP5184</column>
            <column name="expiration_date">2024-06-28 00:00:00.0</column>
            <column name="contact">Osamu Ishibashi</column>
            <column name="contact_title">President</column>
            <column name="address">3-3-17, Suenaga, Takatsu-ku</column>
            <column name="po_box"> </column>
            <column name="mail_stop"> </column>
            <column name="city">Kawasakishi, Kanagawa-Pref.</column>
            <column name="state"> </column>
            <column name="zip">2138502</column>
            <column name="country">Japan</column>
            <column name="email_address">ishibashi.osamu@fujitsu-general.com</column>
            <column name="phone_number">81-44-862-7897</column>
            <column name="fax_number">81-44-861-9890</column>
            <column name="contract">Y</column>
        </table>
        <table name="Results">
            <column name="firm_name">Fujitsu limited</column>
            <column name="location">Kanagawa/Japan</column>
            <column name="accreditation">Ministry of Internal Affairs and Communications (MIC)</column>
            <column name="mra">US-Japan MRA</column>
            <column name="designation_number">JP0038</column>
            <column name="expiration_date">2024-11-05 00:00:00.0</column>
            <column name="contact">Motoko Sazanami</column>
            <column name="contact_title">Senior Manager</column>
            <column name="address">1-1 Shinogura, Saiwai-ku</column>
            <column name="po_box"> </column>
            <column name="mail_stop"> </column>
            <column name="city">Kawasaki-shi, Kanagawa</column>
            <column name="state"> </column>
            <column name="zip">2128510</column>
            <column name="country">Japan</column>
            <column name="email_address">sazanami@fujitsu.com</column>
            <column name="phone_number">81-44-754-2109</column>
            <column name="fax_number">N/A</column>
            <column name="contract">Y</column>
        </table>
        <table name="Results">
            <column name="firm_name">ISHIKAWA Co., Ltd. EMC Laboratory</column>
            <column name="location">Yokohama/Japan</column>
            <column name="accreditation">Ministry of Internal Affairs and Communications (MIC)</column>
            <column name="mra">US-Japan MRA</column>
            <column name="designation_number">JP0024</column>
            <column name="expiration_date">2023-07-14 00:00:00.0</column>
            <column name="contact">Hironori Tanooka</column>
            <column name="contact_title">Director</column>
            <column name="address">2-3-18, Namamugi, Tsurumi-ku</column>
            <column name="po_box"> </column>
            <column name="mail_stop"> </column>
            <column name="city">Yokohama, Kanagawa-pref.</column>
            <column name="state"> </column>
            <column name="zip">2300052</column>
            <column name="country">Japan</column>
            <column name="email_address">06tanooka@kk-ishikawa.co.jp</column>
            <column name="phone_number">81-45-500-2255</column>
            <column name="fax_number">81-45-500-2256</column>
            <column name="contract">Y</column>
        </table>
        <table name="Results">
            <column name="firm_name">Intertek Japan K.K. Kashima Laboratory</column>
            <column name="location">Kashima, Ibaraki</column>
            <column name="accreditation">Ministry of Internal Affairs and Communications (MIC)</column>
            <column name="mra">US-Japan MRA</column>
            <column name="designation_number">JP5213</column>
            <column name="expiration_date">2024-03-31 00:00:00.0</column>
            <column name="contact">Masako Oyamada</column>
            <column name="contact_title">Quality Officer</column>
            <column name="address">298-6, Sada</column>
            <column name="po_box"> </column>
            <column name="mail_stop"> </column>
            <column name="city">Kashima, Ibaraki</column>
            <column name="state"> </column>
            <column name="zip">3140027</column>
            <column name="country">Japan</column>
            <column name="email_address">masako.oyamada@intertek.com</column>
            <column name="phone_number">81-465-89-2316</column>
            <column name="fax_number">81-465-89-2160</column>
            <column name="contract">Y</column>
        </table>
        <table name="Results">
            <column name="firm_name">Intertek Japan K.K. Matsuda Laboratory</column>
            <column name="location">Ashigarakami-gun, Kanagawa</column>
            <column name="accreditation">Ministry of Internal Affairs and Communications (MIC)</column>
            <column name="mra">US-Japan MRA</column>
            <column name="designation_number">JP5212</column>
            <column name="expiration_date">2024-03-31 00:00:00.0</column>
            <column name="contact">Masako Oyamada</column>
            <column name="contact_title">Quality Officer</column>
            <column name="address">1283 Yadoriki, Matsuda</column>
            <column name="po_box"> </column>
            <column name="mail_stop"> </column>
            <column name="city">Ashigarakami-gun, Kanagawa</column>
            <column name="state"> </column>
            <column name="zip">2580001</column>
            <column name="country">Japan</column>
            <column name="email_address">masako.oyamada@intertek.com</column>
            <column name="phone_number">81-465-89-2316</column>
            <column name="fax_number">81-465-89-2160</column>
            <column name="contract">Y</column>
        </table>
        <table name="Results">
            <column name="firm_name">Intertek Japan K.K.(Kashima Laboratory)</column>
            <column name="location">Ibaraki/Japan</column>
            <column name="accreditation">Ministry of Internal Affairs and Communications (MIC)</column>
            <column name="mra">US-Japan MRA</column>
            <column name="designation_number">JP0008</column>
            <column name="expiration_date">2023-12-31 00:00:00.0</column>
            <column name="contact">Junichi Okada</column>
            <column name="contact_title">Laboratory Manager</column>
            <column name="address">298-6 Sada</column>
            <column name="po_box"> </column>
            <column name="mail_stop"> </column>
            <column name="city">Kashima-shi, Ibaraki</column>
            <column name="state"> </column>
            <column name="zip">3140027</column>
            <column name="country">Japan</column>
            <column name="email_address">junichi.okada@intertek.com</column>
            <column name="phone_number">81-299-82-8464</column>
            <column name="fax_number">81-299-82-8466</column>
            <column name="contract">Y</column>
        </table>
        <table name="Results">
            <column name="firm_name">Intertek Japan K.K.(Matsuda laboratory)</column>
            <column name="location">Kanagawa/Japan</column>
            <column name="accreditation">Ministry of Internal Affairs and Communications (MIC)</column>
            <column name="mra">US-Japan MRA</column>
            <column name="designation_number">JP0009</column>
            <column name="expiration_date">2023-12-31 00:00:00.0</column>
            <column name="contact">Tadashi Katsube</column>
            <column name="contact_title">Laboratory Manager</column>
            <column name="address">1283, Yadoriki, Matsuda-machi</column>
            <column name="po_box"> </column>
            <column name="mail_stop"> </column>
            <column name="city">Ashigarakami-gun, Kanagawa</column>
            <column name="state"> </column>
            <column name="zip">2580001</column>
            <column name="country">Japan</column>
            <column name="email_address">tadashi.katsube@intertek.com</column>
            <column name="phone_number">81-465-89-2316</column>
            <column name="fax_number">81-465-89-2160</column>
            <column name="contract">Y</column>
        </table>
        <table name="Results">
            <column name="firm_name">Intertek Japan K.K.(Nagano Laboratory)</column>
            <column name="location">Nagano/Japan</column>
            <column name="accreditation">Ministry of Internal Affairs and Communications (MIC)</column>
            <column name="mra">US-Japan MRA</column>
            <column name="designation_number">JP0010</column>
            <column name="expiration_date">2023-12-31 00:00:00.0</column>
            <column name="contact">Yoshihide Mimura</column>
            <column name="contact_title">Laboratory Manager</column>
            <column name="address">3226, Yokokawa, Tatsuno-machi</column>
            <column name="po_box"> </column>
            <column name="mail_stop"> </column>
            <column name="city">Kamiina-gun, Nagano</column>
            <column name="state"> </column>
            <column name="zip">3990511</column>
            <column name="country">Japan</column>
            <column name="email_address">yoshihide.mimura@intertek.com</column>
            <column name="phone_number">81-266-47-5311</column>
            <column name="fax_number">81-266-47-5540</column>
            <column name="contract">Y</column>
        </table>
        <table name="Results">
            <column name="firm_name">Intertek Japan K.K.(Tochigi Laboratory)</column>
            <column name="location">Tochigi/Japan</column>
            <column name="accreditation">Ministry of Internal Affairs and Communications (MIC)</column>
            <column name="mra">US-Japan MRA</column>
            <column name="designation_number">JP0011</column>
            <column name="expiration_date">2023-12-31 00:00:00.0</column>
            <column name="contact">Yuji Ohashi</column>
            <column name="contact_title">Laboratory Manager</column>
            <column name="address">870, Nakaawano</column>
            <column name="po_box"> </column>
            <column name="mail_stop"> </column>
            <column name="city">Kanuma-shi, Tochigi</column>
            <column name="state"> </column>
            <column name="zip">3220306</column>
            <column name="country">Japan</column>
            <column name="email_address">yuji.ohashi@intertek.com</column>
            <column name="phone_number">81-50-3851-2711</column>
            <column name="fax_number">81-289-86-7126</column>
            <column name="contract">Y</column>
        </table>
        <table name="Results">
            <column name="firm_name">JEL Limited. Abiko Test Site</column>
            <column name="location">2971, Nakabyo, Abiko-shi, Chiba, 270-1121 Japan</column>
            <column name="accreditation">Ministry of Internal Affairs and Communications (MIC)</column>
            <column name="mra">US-Japan MRA</column>
            <column name="designation_number">JP5220</column>
            <column name="expiration_date">2025-01-31 00:00:00.0</column>
            <column name="contact">Sayaka Seto</column>
            <column name="contact_title"> </column>
            <column name="address">2971, Nakabyo</column>
            <column name="po_box"> </column>
            <column name="mail_stop"> </column>
            <column name="city">Abiko-shi, Chiba</column>
            <column name="state"> </column>
            <column name="zip">2701121</column>
            <column name="country">Japan</column>
            <column name="email_address">seto@jel.co.jp</column>
            <column name="phone_number">+81-4-7188-5333</column>
            <column name="fax_number">+81-4-7188-5320</column>
            <column name="contract">Y</column>
        </table>
        <table name="Results">
            <column name="firm_name">JET Kansai, Kansai EMC testing center</column>
            <column name="location">Hyogo/Japan</column>
            <column name="accreditation">Ministry of Internal Affairs and Communications (MIC)</column>
            <column name="mra">US-Japan MRA</column>
            <column name="designation_number">JP5193</column>
            <column name="expiration_date">2024-09-30 00:00:00.0</column>
            <column name="contact">Kazuhiro Yamamoto</column>
            <column name="contact_title">Manager</column>
            <column name="address">4-1, koyo-cho Nishi, Higashinada-ku</column>
            <column name="po_box"> </column>
            <column name="mail_stop"> </column>
            <column name="city">Kobe, Hyogo-pref.</column>
            <column name="state"> </column>
            <column name="zip">6580033</column>
            <column name="country">Japan</column>
            <column name="email_address">yamamoto@jet.or.jp</column>
            <column name="phone_number">81-78-777-4267</column>
            <column name="fax_number">81-78-771-5136</column>
            <column name="contract">Y</column>
        </table>
        <table name="Results">
            <column name="firm_name">JET Yokohama, EMC testing center</column>
            <column name="location">Yokohama/Japan</column>
            <column name="accreditation">Ministry of Internal Affairs and Communications (MIC)</column>
            <column name="mra">US-Japan MRA</column>
            <column name="designation_number">JP0027</column>
            <column name="expiration_date">2024-09-30 00:00:00.0</column>
            <column name="contact">Hiroharu YAMASHITA</column>
            <column name="contact_title">Manager</column>
            <column name="address">1-12-30, Motomiya, Tsurumi-ku</column>
            <column name="po_box"> </column>
            <column name="mail_stop"> </column>
            <column name="city">Yokohama, Kanagawa-pref.</column>
            <column name="state"> </column>
            <column name="zip">2300004</column>
            <column name="country">Japan</column>
            <column name="email_address">yamashita_h@jet.or.jp</column>
            <column name="phone_number">81-45-582-2504</column>
            <column name="fax_number">81-45-582-2270</column>
            <column name="contract">Y</column>
        </table>
        <table name="Results">
            <column name="firm_name">Japan Qlty. Assur. Org. Chubu Testing Center</column>
            <column name="location">Aichi/Japan</column>
            <column name="accreditation">Ministry of Internal Affairs and Communications (MIC)</column>
            <column name="mra">US-Japan MRA</column>
            <column name="designation_number">JP0004</column>
            <column name="expiration_date">2024-04-30 00:00:00.0</column>
            <column name="contact">Yasuhisa Sakai</column>
            <column name="contact_title">Manager</column>
            <column name="address">53-1, Yamaura, Yakushiji</column>
            <column name="po_box"> </column>
            <column name="mail_stop"> </column>
            <column name="city">Kitanagoya-shi, Aichi</column>
            <column name="state"> </column>
            <column name="zip">4810005</column>
            <column name="country">Japan</column>
            <column name="email_address">sakai-yasuhisa@jqa.jp</column>
            <column name="phone_number">81-568-23-3310</column>
            <column name="fax_number">81-568-23-0116</column>
            <column name="contract">Y</column>
        </table>
        <table name="Results">
            <column name="firm_name">Japan Qlty. Assur. Org. Kitakansai Testing Center</column>
            <column name="location">Osaka/Japan</column>
            <column name="accreditation">Ministry of Internal Affairs and Communications (MIC)</column>
            <column name="mra">US-Japan MRA</column>
            <column name="designation_number">JP5008</column>
            <column name="expiration_date">2024-04-30 00:00:00.0</column>
            <column name="contact">Hiroyuki Nakamura</column>
            <column name="contact_title">Manager</column>
            <column name="address">7-3-10,Saito Asagi</column>
            <column name="po_box"> </column>
            <column name="mail_stop"> </column>
            <column name="city">Ibaraki-shi, Osaka</column>
            <column name="state"> </column>
            <column name="zip">5670085</column>
            <column name="country">Japan</column>
            <column name="email_address">nakamura-hiroyuki@jqa.jp</column>
            <column name="phone_number">81-72-640-5270</column>
            <column name="fax_number">81-72-640-5271</column>
            <column name="contract">Y</column>
        </table>
        <table name="Results">
            <column name="firm_name">Japan Quality Assurance Org. Tsuru EMC Branch</column>
            <column name="location">Yamanashi/Japan</column>
            <column name="accreditation">Ministry of Internal Affairs and Communications (MIC)</column>
            <column name="mra">US-Japan MRA</column>
            <column name="designation_number">JP0005</column>
            <column name="expiration_date">2024-04-30 00:00:00.0</column>
            <column name="contact">Kazuhisa Abe</column>
            <column name="contact_title">Manager</column>
            <column name="address">2096, Tambozawa, Ohata</column>
            <column name="po_box"> </column>
            <column name="mail_stop"> </column>
            <column name="city">Tsuru-shi, Yamanashi</column>
            <column name="state"> </column>
            <column name="zip">4020045</column>
            <column name="country">Japan</column>
            <column name="email_address">abe-kazuhisa@jqa.jp</column>
            <column name="phone_number">81-554-43-5517</column>
            <column name="fax_number">81-554-43-6316</column>
            <column name="contract">Y</column>
        </table>
        <table name="Results">
            <column name="firm_name">Japan Quality Assurance Org., Safety &amp; EMC Center</column>
            <column name="location">Tokyo/Japan</column>
            <column name="accreditation">Ministry of Internal Affairs and Communications (MIC)</column>
            <column name="mra">US-Japan MRA</column>
            <column name="designation_number">JP5192</column>
            <column name="expiration_date">2024-04-30 00:00:00.0</column>
            <column name="contact">Satoshi Goto</column>
            <column name="contact_title">Senior Manager</column>
            <column name="address">4-4-4, Minamiosawa</column>
            <column name="po_box"> </column>
            <column name="mail_stop"> </column>
            <column name="city">Hachiouji-shi, Tokyo</column>
            <column name="state"> </column>
            <column name="zip">1920364</column>
            <column name="country">Japan</column>
            <column name="email_address">goto-satoshi@jqa.jp</column>
            <column name="phone_number">81-42-679-0138</column>
            <column name="fax_number">81-42-679-0184</column>
            <column name="contract">Y</column>
        </table>
        <table name="Results">
            <column name="firm_name">KEC, Testing Division Ikoma 1st Test Site</column>
            <column name="location">Nara / Japan</column>
            <column name="accreditation">Ministry of Internal Affairs and Communications (MIC)</column>
            <column name="mra">US-Japan MRA</column>
            <column name="designation_number">JP5205</column>
            <column name="expiration_date">2023-07-22 00:00:00.0</column>
            <column name="contact">Ikuya Minematsu</column>
            <column name="contact_title">Testing Division Manager</column>
            <column name="address">12128 Takayama-cho Ikoma City</column>
            <column name="po_box"> </column>
            <column name="mail_stop"> </column>
            <column name="city">Ikoma City, Nara</column>
            <column name="state"> </column>
            <column name="zip">6300101</column>
            <column name="country">Japan</column>
            <column name="email_address">minematsu@kec.jp</column>
            <column name="phone_number">81-774-29-9139</column>
            <column name="fax_number">81-774-93-4573</column>
            <column name="contract">Y</column>
        </table>
        <table name="Results">
            <column name="firm_name">KEC, Testing Division Ikoma 2nd Test Site</column>
            <column name="location">Nara / Japan</column>
            <column name="accreditation">Ministry of Internal Affairs and Communications (MIC)</column>
            <column name="mra">US-Japan MRA</column>
            <column name="designation_number">JP5207</column>
            <column name="expiration_date">2023-07-22 00:00:00.0</column>
            <column name="contact">Ikuya Minematsu</column>
            <column name="contact_title">Testing Division Manager</column>
            <column name="address">10630 Takayama-cho Ikoma City</column>
            <column name="po_box"> </column>
            <column name="mail_stop"> </column>
            <column name="city">Ikoma City, Nara</column>
            <column name="state"> </column>
            <column name="zip">6300101</column>
            <column name="country">Japan</column>
            <column name="email_address">minematsu@kec.jp</column>
            <column name="phone_number">81-774-29-9139</column>
            <column name="fax_number">81-774-93-4573</column>
            <column name="contract">Y</column>
        </table>
        <table name="Results">
            <column name="firm_name">KEC, Testing Division Keihanna Test Center</column>
            <column name="location">Kyoto / Japan</column>
            <column name="accreditation">Ministry of Internal Affairs and Communications (MIC)</column>
            <column name="mra">US-Japan MRA</column>
            <column name="designation_number">JP5204</column>
            <column name="expiration_date">2023-07-22 00:00:00.0</column>
            <column name="contact">Ikuya Minematsu</column>
            <column name="contact_title">Testing Division Manager</column>
            <column name="address">3-2-2 Hikaridai, Seika-cho, Soraku-gun</column>
            <column name="po_box"> </column>
            <column name="mail_stop"> </column>
            <column name="city">Souraku-gun, Kyoto</column>
            <column name="state"> </column>
            <column name="zip">6190237</column>
            <column name="country">Japan</column>
            <column name="email_address">minematsu@kec.jp</column>
            <column name="phone_number">81-774-29-9139</column>
            <column name="fax_number">81-774-93-4573</column>
            <column name="contract">Y</column>
        </table>
        <table name="Results">
            <column name="firm_name">Labotech International Co., Ltd.</column>
            <column name="location">1-16, Fukazu-cho, Nishinomiya-shi, Hyogo, Japan</column>
            <column name="accreditation">Ministry of Internal Affairs and Communications (MIC)</column>
            <column name="mra">US-Japan MRA</column>
            <column name="designation_number">JP5203</column>
            <column name="expiration_date">2023-07-31 00:00:00.0</column>
            <column name="contact">Fumiya Ueki</column>
            <column name="contact_title">Authorized Representative</column>
            <column name="address">1-16, Fukazu-cho</column>
            <column name="po_box"> </column>
            <column name="mail_stop"> </column>
            <column name="city">Nishinomiya-shi, Hyogo</column>
            <column name="state"> </column>
            <column name="zip">6638203</column>
            <column name="country">Japan</column>
            <column name="email_address">fumiya.ueki@labotech-intl.co.jp</column>
            <column name="phone_number">+81 798-63-1094</column>
            <column name="fax_number">N/A</column>
            <column name="contract">Y</column>
        </table>
        <table name="Results">
            <column name="firm_name">Labotech International Co., Ltd. Kishu Lab.</column>
            <column name="location">579-1, Umehara, Wakayama-shi, Wakayama, JAPAN</column>
            <column name="accreditation">Ministry of Internal Affairs and Communications (MIC)</column>
            <column name="mra">US-Japan MRA</column>
            <column name="designation_number">JP2009</column>
            <column name="expiration_date">2025-01-31 00:00:00.0</column>
            <column name="contact">Fumiya Ueki</column>
            <column name="contact_title">Manager</column>
            <column name="address">579-1, Umehara</column>
            <column name="po_box"> </column>
            <column name="mail_stop"> </column>
            <column name="city">Wakayama-shi</column>
            <column name="state"> </column>
            <column name="zip">6408452</column>
            <column name="country">Japan</column>
            <column name="email_address">fumiya.ueki@labotech-intl.co.jp</column>
            <column name="phone_number">+81-798-63-1094</column>
            <column name="fax_number">N/A</column>
            <column name="contract">Y</column>
        </table>
        <table name="Results">
            <column name="firm_name">Labotech International Co.,Ltd Labotech EMC Center</column>
            <column name="location">1-16, Fukazu-cho, Nishinomiya-shi, Hyogo</column>
            <column name="accreditation">Ministry of Internal Affairs and Communications (MIC)</column>
            <column name="mra">US-Japan MRA</column>
            <column name="designation_number">JP2007</column>
            <column name="expiration_date">2025-01-31 00:00:00.0</column>
            <column name="contact">Fumiya Ueki</column>
            <column name="contact_title">Manager</column>
            <column name="address">1-16,Fukazu-cho</column>
            <column name="po_box"> </column>
            <column name="mail_stop"> </column>
            <column name="city">Nishinomiya-shi,Hyogo</column>
            <column name="state"> </column>
            <column name="zip">6638203</column>
            <column name="country">Japan</column>
            <column name="email_address">fumiya.ueki@labotech-intl.co.jp</column>
            <column name="phone_number">+81-798-63-1094</column>
            <column name="fax_number">+81-798-63-1098</column>
            <column name="contract">Y</column>
        </table>
        <table name="Results">
            <column name="firm_name">Labotech International Nishinomiya Lab</column>
            <column name="location">9-52, Ashihara-cho, Nishinomiya-shi, Hyogo</column>
            <column name="accreditation">Ministry of Internal Affairs and Communications (MIC)</column>
            <column name="mra">US-Japan MRA</column>
            <column name="designation_number">JP2010</column>
            <column name="expiration_date">2025-01-31 00:00:00.0</column>
            <column name="contact">Fumiya Ueki</column>
            <column name="contact_title">Manager</column>
            <column name="address">9-52, Ashihara-cho</column>
            <column name="po_box"> </column>
            <column name="mail_stop"> </column>
            <column name="city">Nishinomiya-shi, Hyogo</column>
            <column name="state"> </column>
            <column name="zip">6628580</column>
            <column name="country">Japan</column>
            <column name="email_address">fumiya.ueki@labotech-intl.co.jp</column>
            <column name="phone_number">+81-798-63-1094</column>
            <column name="fax_number">+81-798-63-1098</column>
            <column name="contract">Y</column>
        </table>
        <table name="Results">
            <column name="firm_name">Labotech International Nishinomiya-Hama Lab</column>
            <column name="location">2-20, Nishinomiya-Hama, Nishinomiya-shi, Hyogo</column>
            <column name="accreditation">Ministry of Internal Affairs and Communications (MIC)</column>
            <column name="mra">US-Japan MRA</column>
            <column name="designation_number">JP2011</column>
            <column name="expiration_date">2025-01-31 00:00:00.0</column>
            <column name="contact">Fumiya Ueki</column>
            <column name="contact_title">Manager</column>
            <column name="address">2-20, Nishinomiya-Hama</column>
            <column name="po_box"> </column>
            <column name="mail_stop"> </column>
            <column name="city">Nishinomiya-shi, Hyogo,</column>
            <column name="state"> </column>
            <column name="zip">6620934</column>
            <column name="country">Japan</column>
            <column name="email_address">fumiya.ueki@labotech-intl.co.jp</column>
            <column name="phone_number">+81-798-63-1094</column>
            <column name="fax_number">+81-798-63-1098</column>
            <column name="contract">Y</column>
        </table>
        <table name="Results">
            <column name="firm_name">Mitsubishi Electric Eng,Co,Ltd. EMC East Japan Ctr</column>
            <column name="location">Kanagawa/Japan</column>
            <column name="accreditation">Ministry of Internal Affairs and Communications (MIC)</column>
            <column name="mra">US-Japan MRA</column>
            <column name="designation_number">JP0021</column>
            <column name="expiration_date">2025-03-22 00:00:00.0</column>
            <column name="contact">Satoru Kimura</column>
            <column name="contact_title">Center Manager</column>
            <column name="address">325 Kamimachiya</column>
            <column name="po_box"> </column>
            <column name="mail_stop"> </column>
            <column name="city">Kamakura city, Kanagawa Pref.</column>
            <column name="state"> </column>
            <column name="zip">2478520</column>
            <column name="country">Japan</column>
            <column name="email_address">Kimura.Satoru@ma.mee.co.jp</column>
            <column name="phone_number">81-467-41-3920</column>
            <column name="fax_number">81 467 41 2654</column>
            <column name="contract">Y</column>
        </table>
        <table name="Results">
            <column name="firm_name">Mitsubishi Electric Engineering Co., Ltd. EMC West</column>
            <column name="location">Hiroshima/Japan</column>
            <column name="accreditation">Ministry of Internal Affairs and Communications (MIC)</column>
            <column name="mra">US-Japan MRA</column>
            <column name="designation_number">JP0019</column>
            <column name="expiration_date">2024-11-28 00:00:00.0</column>
            <column name="contact">Masashi Hotta</column>
            <column name="contact_title">Manager, EMC West Japan Center</column>
            <column name="address">EMC West Japan Center</column>
            <column name="po_box"> </column>
            <column name="mail_stop"> </column>
            <column name="city">Fukuyama-city, Hiroshima-Pref.</column>
            <column name="state"> </column>
            <column name="zip">7210952</column>
            <column name="country">Japan</column>
            <column name="email_address">Hotta.Masashi@ma.mee.co.jp</column>
            <column name="phone_number">81 84 971 7381</column>
            <column name="fax_number">81 84 971 7382</column>
            <column name="contract">Y</column>
        </table>
        <table name="Results">
            <column name="firm_name">OKI Engineering Co., Ltd. Honjo Center</column>
            <column name="location">Honjo-shi, Saitama, Japan</column>
            <column name="accreditation">Ministry of Internal Affairs and Communications (MIC)</column>
            <column name="mra">US-Japan MRA</column>
            <column name="designation_number">JP5190</column>
            <column name="expiration_date">2024-07-31 00:00:00.0</column>
            <column name="contact">Mariko Kanaya</column>
            <column name="contact_title">Group Manager</column>
            <column name="address">1-1 Ojimaminami 4-chome</column>
            <column name="po_box"> </column>
            <column name="mail_stop"> </column>
            <column name="city">Honjo-shi, Saitama</column>
            <column name="state"> </column>
            <column name="zip">3678686</column>
            <column name="country">Japan</column>
            <column name="email_address">Kanaya874@oki.com</column>
            <column name="phone_number">81-495-22-8411</column>
            <column name="fax_number">+81-495-22-8410</column>
            <column name="contract">Y</column>
        </table>
        <table name="Results">
            <column name="firm_name">Olympus Corporation Test &amp; Analysis Center</column>
            <column name="location">Tokyo</column>
            <column name="accreditation">Ministry of Internal Affairs and Communications (MIC)</column>
            <column name="mra">US-Japan MRA</column>
            <column name="designation_number">JP5214</column>
            <column name="expiration_date">2023-12-31 00:00:00.0</column>
            <column name="contact">Masamichi Kinoshita</column>
            <column name="contact_title">Senior Supervisor</column>
            <column name="address">2951 Ishikawa-cho, Hachioji-shi</column>
            <column name="po_box"> </column>
            <column name="mail_stop"> </column>
            <column name="city">Tokyo</column>
            <column name="state"> </column>
            <column name="zip">1928507</column>
            <column name="country">Japan</column>
            <column name="email_address">masamichi.kinoshita@olympus.com</column>
            <column name="phone_number">81-42-642-6613</column>
            <column name="fax_number">81-426-42-9017</column>
            <column name="contract">Y</column>
        </table>
        <table name="Results">
            <column name="firm_name">Panasonic Corporation Product Analysis Center EMC</column>
            <column name="location">231-1, Yashiro Sasayama-shi Hyogo 669-2356 JAPAN</column>
            <column name="accreditation">Ministry of Internal Affairs and Communications (MIC)</column>
            <column name="mra">US-Japan MRA</column>
            <column name="designation_number">JP5177</column>
            <column name="expiration_date">2024-09-30 00:00:00.0</column>
            <column name="contact">Ryoji Watanabe</column>
            <column name="contact_title">Laboratory Director</column>
            <column name="address">231-1, Yashiro</column>
            <column name="po_box"> </column>
            <column name="mail_stop"> </column>
            <column name="city">Sasayama, Hyogo</column>
            <column name="state"> </column>
            <column name="zip">6692356</column>
            <column name="country">Japan</column>
            <column name="email_address">watanabe.ryoji@jp.panasonic.com</column>
            <column name="phone_number">81-6-6909-7070</column>
            <column name="fax_number">81-6-6906-3732</column>
            <column name="contract">Y</column>
        </table>
        <table name="Results">
            <column name="firm_name">Panasonic System Networks Evaluation Technology Co</column>
            <column name="location">600, Saedo-cho, Tsuzuki-ku, Yokohama 224-8539</column>
            <column name="accreditation">Ministry of Internal Affairs and Communications (MIC)</column>
            <column name="mra">US-Japan MRA</column>
            <column name="designation_number">JP2006</column>
            <column name="expiration_date">2024-03-31 00:00:00.0</column>
            <column name="contact">Kazunori Nakamura</column>
            <column name="contact_title">General Manager</column>
            <column name="address">600, Saedo-cho, Tsuzuki-ku,</column>
            <column name="po_box"> </column>
            <column name="mail_stop"> </column>
            <column name="city">Yokohama</column>
            <column name="state"> </column>
            <column name="zip">2248539</column>
            <column name="country">Japan</column>
            <column name="email_address">nakamura.kazunori001@jp.panasonic.com</column>
            <column name="phone_number">+81-45-939-1237</column>
            <column name="fax_number">+81-45-939-1449</column>
            <column name="contract">Y</column>
        </table>
        <table name="Results">
            <column name="firm_name">Panasonic System Networks Evaluation Technology Co</column>
            <column name="location">4-1-62, Minoshima, Hakata-ku, Fukuoka-shi 812-8531</column>
            <column name="accreditation">Ministry of Internal Affairs and Communications (MIC)</column>
            <column name="mra">US-Japan MRA</column>
            <column name="designation_number">JP5024</column>
            <column name="expiration_date">2024-03-31 00:00:00.0</column>
            <column name="contact">Kazunori Nakamura</column>
            <column name="contact_title">General Manager</column>
            <column name="address">4-1-62, Minoshima, Hakata-ku</column>
            <column name="po_box"> </column>
            <column name="mail_stop"> </column>
            <column name="city">Fukuoka</column>
            <column name="state"> </column>
            <column name="zip">8128531</column>
            <column name="country">Japan</column>
            <column name="email_address">nakamura.kazunori001@jp.panasonic.com</column>
            <column name="phone_number">+81-45-939-1237</column>
            <column name="fax_number">+81-45-939-1449</column>
            <column name="contract">Y</column>
        </table>
        <table name="Results">
            <column name="firm_name">SEIKO EPSON CORPORATION SEIKO EPSON EMC Testing Gr</column>
            <column name="location">Shiojiri-shi Nagano 399-0785 JAPAN</column>
            <column name="accreditation">Ministry of Internal Affairs and Communications (MIC)</column>
            <column name="mra">US-Japan MRA</column>
            <column name="designation_number">JP2001</column>
            <column name="expiration_date">2025-01-31 00:00:00.0</column>
            <column name="contact">Kazuya Otsuki</column>
            <column name="contact_title">Manager</column>
            <column name="address">80 Harashinden Hirooka</column>
            <column name="po_box"> </column>
            <column name="mail_stop"> </column>
            <column name="city">Shiojiri-shi Nagano</column>
            <column name="state"> </column>
            <column name="zip">3990785</column>
            <column name="country">Japan</column>
            <column name="email_address">Otsuki.Kazuya@exc.epson.co.jp</column>
            <column name="phone_number">+81-263-52-5094</column>
            <column name="fax_number">+81-263-53-5834</column>
            <column name="contract">Y</column>
        </table>
        <table name="Results">
            <column name="firm_name">SGS Japan Inc. Kitayamata Lab</column>
            <column name="location">Yokohama, Japan</column>
            <column name="accreditation">Ministry of Internal Affairs and Communications (MIC)</column>
            <column name="mra">US-Japan MRA</column>
            <column name="designation_number">JP5001</column>
            <column name="expiration_date">2023-12-31 00:00:00.0</column>
            <column name="contact">Koichi Kabata</column>
            <column name="contact_title"> </column>
            <column name="address">3-5-23, Kitayamata</column>
            <column name="po_box"> </column>
            <column name="mail_stop"> </column>
            <column name="city">Yokohama</column>
            <column name="state"> </column>
            <column name="zip">2230057</column>
            <column name="country">Japan</column>
            <column name="email_address">koichi.kabata@sgs.com</column>
            <column name="phone_number">81-0-45-550-3520</column>
            <column name="fax_number">81(0) 455340646</column>
            <column name="contract">Y</column>
        </table>
        <table name="Results">
            <column name="firm_name">SOSHIN ELECTRIC CO.,LTD.</column>
            <column name="location">Nagano/Japan</column>
            <column name="accreditation">Ministry of Internal Affairs and Communications (MIC)</column>
            <column name="mra">US-Japan MRA</column>
            <column name="designation_number">JP5180</column>
            <column name="expiration_date">2023-11-26 00:00:00.0</column>
            <column name="contact">Hideshi Watanabe</column>
            <column name="contact_title">Manager</column>
            <column name="address">800-38 Nagatoro</column>
            <column name="po_box"> </column>
            <column name="mail_stop"> </column>
            <column name="city">Saku-City, Nagano-pref.</column>
            <column name="state"> </column>
            <column name="zip">3850021</column>
            <column name="country">Japan</column>
            <column name="email_address">hswatanabe@soshin.co.jp</column>
            <column name="phone_number">81-267-66-1424</column>
            <column name="fax_number">81-267-66-1425</column>
            <column name="contract">Y</column>
        </table>
        <table name="Results">
            <column name="firm_name">Sony GMOC EMC/RF Test Laboratory, Kohda Branch</column>
            <column name="location">Aichi-ken, Japan</column>
            <column name="accreditation">Ministry of Internal Affairs and Communications (MIC)</column>
            <column name="mra">US-Japan MRA</column>
            <column name="designation_number">JP4007</column>
            <column name="expiration_date">2023-10-31 00:00:00.0</column>
            <column name="contact">Koichi Hiyaoka</column>
            <column name="contact_title">Manager Chief Engineer</column>
            <column name="address">1 Suzumegairi Sakazaki Kohta-cho</column>
            <column name="po_box"> </column>
            <column name="mail_stop"> </column>
            <column name="city">Nukata-gun Aichi-ken,</column>
            <column name="state"> </column>
            <column name="zip">4440194</column>
            <column name="country">Japan</column>
            <column name="email_address">Koichi.Hiyaoka@sony.com</column>
            <column name="phone_number">81-438-37-2750</column>
            <column name="fax_number">81-438-37-1021</column>
            <column name="contract">Y</column>
        </table>
        <table name="Results">
            <column name="firm_name">Sony GMOC EMC/RF Test Laboratory, Kosai Branch</column>
            <column name="location">Shizuoka-ken, Japan</column>
            <column name="accreditation">Ministry of Internal Affairs and Communications (MIC)</column>
            <column name="mra">US-Japan MRA</column>
            <column name="designation_number">JP4006</column>
            <column name="expiration_date">2023-10-31 00:00:00.0</column>
            <column name="contact">Koichi Hiyaoka</column>
            <column name="contact_title">Manager Chief Engineer</column>
            <column name="address">554 Sakaijuka Kosai-shi</column>
            <column name="po_box"> </column>
            <column name="mail_stop"> </column>
            <column name="city">Shizuoka-ken</column>
            <column name="state"> </column>
            <column name="zip">4310496</column>
            <column name="country">Japan</column>
            <column name="email_address">Koichi.Hiyaoka@sony.com</column>
            <column name="phone_number">81-438-37-2750</column>
            <column name="fax_number">81-438-37-1021</column>
            <column name="contract">Y</column>
        </table>
        <table name="Results">
            <column name="firm_name">Sony GMOC EMC/RF Test Laboratory, Main Lab</column>
            <column name="location">Chiba-ken,Japan</column>
            <column name="accreditation">Ministry of Internal Affairs and Communications (MIC)</column>
            <column name="mra">US-Japan MRA</column>
            <column name="designation_number">JP4005</column>
            <column name="expiration_date">2023-10-31 00:00:00.0</column>
            <column name="contact">Koichi Hiyaoka</column>
            <column name="contact_title">Manager Chief Engineer</column>
            <column name="address">8-4 Shiomi Kisarazu-shi</column>
            <column name="po_box"> </column>
            <column name="mail_stop"> </column>
            <column name="city">Chiba-ken</column>
            <column name="state"> </column>
            <column name="zip">2920834</column>
            <column name="country">Japan</column>
            <column name="email_address">Koichi.Hiyaoka@sony.com</column>
            <column name="phone_number">81-438-37-2750</column>
            <column name="fax_number">81-438-37-1021</column>
            <column name="contract">Y</column>
        </table>
        <table name="Results">
            <column name="firm_name">TDK CORPORATION</column>
            <column name="location">Chiba/Japan</column>
            <column name="accreditation">Ministry of Internal Affairs and Communications (MIC)</column>
            <column name="mra">US-Japan MRA</column>
            <column name="designation_number">JP5200</column>
            <column name="expiration_date">2025-02-25 00:00:00.0</column>
            <column name="contact">Kiichiro Hirose</column>
            <column name="contact_title">Section Head</column>
            <column name="address">2-15-7 Higashi-Owada</column>
            <column name="po_box"> </column>
            <column name="mail_stop"> </column>
            <column name="city">Ichikawa-shi, Chiba-ken</column>
            <column name="state"> </column>
            <column name="zip">2728558</column>
            <column name="country">Japan</column>
            <column name="email_address">Kiichiro.Hirose@tdk.com</column>
            <column name="phone_number">+81-47-378-9810</column>
            <column name="fax_number">+81-47-378-9178</column>
            <column name="contract">Y</column>
        </table>
        <table name="Results">
            <column name="firm_name">TEAC Corporation EMC Center</column>
            <column name="location">Iruma-shi, Saitama-ken</column>
            <column name="accreditation">Ministry of Internal Affairs and Communications (MIC)</column>
            <column name="mra">US-Japan MRA</column>
            <column name="designation_number">JP5015</column>
            <column name="expiration_date">2023-12-31 00:00:00.0</column>
            <column name="contact">Akira Sekiguchi</column>
            <column name="contact_title">EMC Center Manager</column>
            <column name="address">858 Koyata</column>
            <column name="po_box"> </column>
            <column name="mail_stop"> </column>
            <column name="city">Iruma-shi, Saitama-ken</column>
            <column name="state"> </column>
            <column name="zip">3588510</column>
            <column name="country">Japan</column>
            <column name="email_address">Akira.sekiguchi@teac.jp</column>
            <column name="phone_number">81-4-2962-7158</column>
            <column name="fax_number">81-4-2963-9020</column>
            <column name="contract">Y</column>
        </table>
        <table name="Results">
            <column name="firm_name">TUV Rheinland Japan Ltd., Global Technology Assess</column>
            <column name="location">Yokohama/Japan</column>
            <column name="accreditation">Ministry of Internal Affairs and Communications (MIC)</column>
            <column name="mra">US-Japan MRA</column>
            <column name="designation_number">JP0017</column>
            <column name="expiration_date">2024-06-15 00:00:00.0</column>
            <column name="contact">Minoru Yamanaka</column>
            <column name="contact_title">Local Head of EMC &amp; Wireless IoT Laboratory</column>
            <column name="address">4-25-2 Kita-Yamata, Tsuzuki-ku</column>
            <column name="po_box"> </column>
            <column name="mail_stop"> </column>
            <column name="city">Yokohama-shi, Kanagawa-ken</column>
            <column name="state"> </column>
            <column name="zip">2240021</column>
            <column name="country">Japan</column>
            <column name="email_address">Minoru.Yamanaka@tuv.com</column>
            <column name="phone_number">81-45-914-0628</column>
            <column name="fax_number">81-45-914-3347</column>
            <column name="contract">Y</column>
        </table>
        <table name="Results">
            <column name="firm_name">TUV SUD Japan Ltd. Yonezawa Testing Center</column>
            <column name="location">5-4149-7 Hachimanpara,Yonezawa-shi,Yamagata,Japan</column>
            <column name="accreditation">Ministry of Internal Affairs and Communications (MIC)</column>
            <column name="mra">US-Japan MRA</column>
            <column name="designation_number">JP0013</column>
            <column name="expiration_date">2025-02-28 00:00:00.0</column>
            <column name="contact">Hiroaki Suzuki</column>
            <column name="contact_title">Authorized Representative</column>
            <column name="address">Yonezawa Testing Center</column>
            <column name="po_box"> </column>
            <column name="mail_stop"> </column>
            <column name="city">Yamagata</column>
            <column name="state"> </column>
            <column name="zip">9921128</column>
            <column name="country">Japan</column>
            <column name="email_address">Hiroaki.Suzuki@tuv-sud.jp</column>
            <column name="phone_number">81-238-40-1681</column>
            <column name="fax_number">N/A</column>
            <column name="contract">Y</column>
        </table>
        <table name="Results">
            <column name="firm_name">Telecom Engineering Center</column>
            <column name="location">Tokyo/Japan</column>
            <column name="accreditation">Ministry of Internal Affairs and Communications (MIC)</column>
            <column name="mra">US-Japan MRA</column>
            <column name="designation_number">JP0022</column>
            <column name="expiration_date">2023-07-20 00:00:00.0</column>
            <column name="contact">Akira Okubo</column>
            <column name="contact_title">General Manager</column>
            <column name="address">5-7-2, Yashio, Shinagawa-ku, Tokyo</column>
            <column name="po_box"> </column>
            <column name="mail_stop"> </column>
            <column name="city">Tokyo</column>
            <column name="state"> </column>
            <column name="zip">1400003</column>
            <column name="country">Japan</column>
            <column name="email_address">a-okubo@telec.or.jp</column>
            <column name="phone_number">+81 3-3799-0053</column>
            <column name="fax_number">+81 3-3790-7152</column>
            <column name="contract">Y</column>
        </table>
        <table name="Results">
            <column name="firm_name">Tokin EMC Engineering Kansai Testing Laboratory</column>
            <column name="location">Sanda-city, Hyogo</column>
            <column name="accreditation">Ministry of Internal Affairs and Communications (MIC)</column>
            <column name="mra">US-Japan MRA</column>
            <column name="designation_number">JP5209</column>
            <column name="expiration_date">2024-04-30 00:00:00.0</column>
            <column name="contact">Daisuke Inoue</column>
            <column name="contact_title">Corporate Representative</column>
            <column name="address">49, Aza Miya-no-waki, Sakai</column>
            <column name="po_box"> </column>
            <column name="mail_stop"> </column>
            <column name="city">Sanda-shi, Hyogo</column>
            <column name="state"> </column>
            <column name="zip">6691405</column>
            <column name="country">Japan</column>
            <column name="email_address">inoue@tee.tokin.jp</column>
            <column name="phone_number">81-795-69-1290</column>
            <column name="fax_number">N/A</column>
            <column name="contract">Y</column>
        </table>
        <table name="Results">
            <column name="firm_name">Tokin EMC Engineering Kawasaki Testing Laboratory</column>
            <column name="location">Kawasaki-city, Kanagawa</column>
            <column name="accreditation">Ministry of Internal Affairs and Communications (MIC)</column>
            <column name="mra">US-Japan MRA</column>
            <column name="designation_number">JP5208</column>
            <column name="expiration_date">2024-04-30 00:00:00.0</column>
            <column name="contact">Mari Takahashi</column>
            <column name="contact_title">Corporate Representative</column>
            <column name="address">398, Shibokuchi Takatsu-ku</column>
            <column name="po_box"> </column>
            <column name="mail_stop"> </column>
            <column name="city">Kawasaki-city, Kanagawa</column>
            <column name="state"> </column>
            <column name="zip">2130023</column>
            <column name="country">Japan</column>
            <column name="email_address">m-takahashi@tee.tokin.jp</column>
            <column name="phone_number">81-29-837-2400</column>
            <column name="fax_number">N/A</column>
            <column name="contract">Y</column>
        </table>
        <table name="Results">
            <column name="firm_name">Tokin EMC Engineering Tsukuba Testing Laboratory</column>
            <column name="location">Tsukuba-city</column>
            <column name="accreditation">Ministry of Internal Affairs and Communications (MIC)</column>
            <column name="mra">US-Japan MRA</column>
            <column name="designation_number">JP5210</column>
            <column name="expiration_date">2024-04-30 00:00:00.0</column>
            <column name="contact">Mari Takahashi</column>
            <column name="contact_title">Corporate Representative</column>
            <column name="address">28-1 Hanashimashinden</column>
            <column name="po_box"> </column>
            <column name="mail_stop"> </column>
            <column name="city">Tsukuba-shi, Ibaraki</column>
            <column name="state"> </column>
            <column name="zip">3050875</column>
            <column name="country">Japan</column>
            <column name="email_address">m-takahashi@tee.tokin.jp</column>
            <column name="phone_number">81-29-837-2400</column>
            <column name="fax_number">N/A</column>
            <column name="contract">Y</column>
        </table>
        <table name="Results">
            <column name="firm_name">UL Japan, Inc. KASHIMA EMC LABORATORY</column>
            <column name="location">Katori, Chiba</column>
            <column name="accreditation">Ministry of Internal Affairs and Communications (MIC)</column>
            <column name="mra">US-Japan MRA</column>
            <column name="designation_number">JP4011</column>
            <column name="expiration_date">2025-01-31 00:00:00.0</column>
            <column name="contact">Kenichi Suda</column>
            <column name="contact_title"> </column>
            <column name="address">1614 Mushihata</column>
            <column name="po_box"> </column>
            <column name="mail_stop"> </column>
            <column name="city">Katori-shi, Chiba-ken</column>
            <column name="state"> </column>
            <column name="zip">2890341</column>
            <column name="country">Japan</column>
            <column name="email_address">Kenichi.Suda@ul.com</column>
            <column name="phone_number">81-478-88-6500</column>
            <column name="fax_number">81-478-82-3373</column>
            <column name="contract">Y</column>
        </table>
        <table name="Results">
            <column name="firm_name">UL Japan, Inc. SHONAN EMC LABORATORY</column>
            <column name="location">Hiratsuka, Kanagawa</column>
            <column name="accreditation">Ministry of Internal Affairs and Communications (MIC)</column>
            <column name="mra">US-Japan MRA</column>
            <column name="designation_number">JP4010</column>
            <column name="expiration_date">2025-01-31 00:00:00.0</column>
            <column name="contact">Akio Hayashi</column>
            <column name="contact_title"> </column>
            <column name="address">1-22-3, Megumigaoka</column>
            <column name="po_box"> </column>
            <column name="mail_stop"> </column>
            <column name="city">Hiratsuka, Kanagawa</column>
            <column name="state"> </column>
            <column name="zip">2591220</column>
            <column name="country">Japan</column>
            <column name="email_address">Akio.Hayashi@ul.com</column>
            <column name="phone_number">81-463-50-6400</column>
            <column name="fax_number">N/A</column>
            <column name="contract">Y</column>
        </table>
        <table name="Results">
            <column name="firm_name">UL Japan, Inc. Yokowa EMC Lab.</column>
            <column name="location">108, Yokowa-cho, Ise-shi, Mie, Japan</column>
            <column name="accreditation">Ministry of Internal Affairs and Communications (MIC)</column>
            <column name="mra">US-Japan MRA</column>
            <column name="designation_number">JP5157</column>
            <column name="expiration_date">2024-03-31 00:00:00.0</column>
            <column name="contact">Tetsuya Hashimoto</column>
            <column name="contact_title">Manager</column>
            <column name="address">108 Yokowa-cho</column>
            <column name="po_box"> </column>
            <column name="mail_stop"> </column>
            <column name="city">Ise-shi, Mie</column>
            <column name="state"> </column>
            <column name="zip">5161106</column>
            <column name="country">Japan</column>
            <column name="email_address">Tetsuya.Hashimoto@jp.ul.com</column>
            <column name="phone_number">+81-596-24-8116</column>
            <column name="fax_number">+81-596-24-8095</column>
            <column name="contract">Y</column>
        </table>
        <table name="Results">
            <column name="firm_name">UL Japan, Inc.(Ise)</column>
            <column name="location">4383-326, Asama-cho, Ise-shi, Mie, Japan</column>
            <column name="accreditation">Ministry of Internal Affairs and Communications (MIC)</column>
            <column name="mra">US-Japan MRA</column>
            <column name="designation_number">JP5217</column>
            <column name="expiration_date">2023-11-30 00:00:00.0</column>
            <column name="contact">Takayuki Shimada</column>
            <column name="contact_title">Leader of Ise EMC Lab</column>
            <column name="address">4383-326 Asama-cho</column>
            <column name="po_box"> </column>
            <column name="mail_stop"> </column>
            <column name="city">Ise-shi, Mie</column>
            <column name="state"> </column>
            <column name="zip">5160021</column>
            <column name="country">Japan</column>
            <column name="email_address">Takayuki.Shimada@ul.com</column>
            <column name="phone_number">81-596-24-8999</column>
            <column name="fax_number">81-596-24-8124</column>
            <column name="contract">Y</column>
        </table>
        <table name="Results">
            <column name="firm_name">Wave Corporation</column>
            <column name="location">Takasaki, Gunma</column>
            <column name="accreditation">Ministry of Internal Affairs and Communications (MIC)</column>
            <column name="mra">US-Japan MRA</column>
            <column name="designation_number">JP5003</column>
            <column name="expiration_date">2023-12-31 00:00:00.0</column>
            <column name="contact">Katsuyuki Arai</column>
            <column name="contact_title">President</column>
            <column name="address">Oosawa 575, Yoshii-machi</column>
            <column name="po_box"> </column>
            <column name="mail_stop"> </column>
            <column name="city">Takasaki, Gunma</column>
            <column name="state"> </column>
            <column name="zip">3702125</column>
            <column name="country">Japan</column>
            <column name="email_address">katsuyuki.arai@wave-j.com</column>
            <column name="phone_number">027-387-7856</column>
            <column name="fax_number">027-387-7829</column>
            <column name="contract">Y</column>
        </table>
        <table name="Results">
            <column name="firm_name">Yaskawa Electric Co. Products Certification Center</column>
            <column name="location">Kitakyushu, Japan</column>
            <column name="accreditation">Ministry of Internal Affairs and Communications (MIC)</column>
            <column name="mra">US-Japan MRA</column>
            <column name="designation_number">JP5211</column>
            <column name="expiration_date">2023-06-30 00:00:00.0</column>
            <column name="contact">Shinghi Takahashi</column>
            <column name="contact_title">Quality Manager</column>
            <column name="address">2-1 Kurosakishiroishi, Yahatanishi-ku,</column>
            <column name="po_box"> </column>
            <column name="mail_stop"> </column>
            <column name="city">Kitakyushu</column>
            <column name="state"> </column>
            <column name="zip">8060004</column>
            <column name="country">Japan</column>
            <column name="email_address">Shingi.Takahashi@yaskawa.co.jp</column>
            <column name="phone_number">+81-93-645-8930</column>
            <column name="fax_number">N/A</column>
            <column name="contract">Y</column>
        </table>
        <table name="Results">
            <column name="firm_name">Motorola Penang Advanced Communication Laboratory</column>
            <column name="location">Bayan Lepas, Pulau Pinang, Malaysia</column>
            <column name="accreditation">Malaysian Communications and Multimedia Commission(MCMC)</column>
            <column name="mra">APEC TEL</column>
            <column name="designation_number">MY0003</column>
            <column name="expiration_date">2025-04-23 00:00:00.0</column>
            <column name="contact">Mohd Azuan Shah Yaakap</column>
            <column name="contact_title">Senior Engineering Manager</column>
            <column name="address">Innoplex, Plot 2A,</column>
            <column name="po_box"> </column>
            <column name="mail_stop"> </column>
            <column name="city">Bayan Lepas</column>
            <column name="state"> </column>
            <column name="zip">11900</column>
            <column name="country">Malaysia</column>
            <column name="email_address">azuanshah@motorolasolutions.com</column>
            <column name="phone_number">604-2240988</column>
            <column name="fax_number">604 6412210</column>
            <column name="contract">N</column>
        </table>
        <table name="Results">
            <column name="firm_name">PRODUCT VALIDATION ENGINEERING - EMC LABORATORY</column>
            <column name="location">Penang, Malaysia</column>
            <column name="accreditation">Malaysian Communications and Multimedia Commission(MCMC)</column>
            <column name="mra">APEC TEL</column>
            <column name="designation_number">MY0002</column>
            <column name="expiration_date">2025-03-23 00:00:00.0</column>
            <column name="contact">Justin Loh</column>
            <column name="contact_title">EMC COMPLIANCE MANAGER</column>
            <column name="address">Flextronics Systems (Penang) Sdn. Bhd.</column>
            <column name="po_box"> </column>
            <column name="mail_stop"> </column>
            <column name="city">Simpang Ampat</column>
            <column name="state"> </column>
            <column name="zip">14100</column>
            <column name="country">Malaysia</column>
            <column name="email_address">justin.loh@flex.com</column>
            <column name="phone_number">+6045035565</column>
            <column name="fax_number">604 5035565</column>
            <column name="contract">Y</column>
        </table>
        <table name="Results">
            <column name="firm_name">SIRIM QAS International Sdn Bhd</column>
            <column name="location">Shah Alam, Malaysia</column>
            <column name="accreditation">Malaysian Communications and Multimedia Commission(MCMC)</column>
            <column name="mra">APEC TEL</column>
            <column name="designation_number">MY0005</column>
            <column name="expiration_date">2023-12-07 00:00:00.0</column>
            <column name="contact">Zarismail Abd Rahman</column>
            <column name="contact_title"> </column>
            <column name="address">Building 11, No. 1, Persiaran Dato. Menteri,</column>
            <column name="po_box">7035</column>
            <column name="mail_stop"> </column>
            <column name="city">Shah Alam</column>
            <column name="state"> </column>
            <column name="zip">40700</column>
            <column name="country">Malaysia</column>
            <column name="email_address">zaris@sirim.my</column>
            <column name="phone_number">+603-55446171</column>
            <column name="fax_number">N/A</column>
            <column name="contract">Y</column>
        </table>
        <table name="Results">
            <column name="firm_name">SONY EMCS EMC/RF TEST LABORATORY, KL Branch</column>
            <column name="location">Selangor, Malaysia</column>
            <column name="accreditation">Malaysian Communications and Multimedia Commission(MCMC)</column>
            <column name="mra">APEC TEL</column>
            <column name="designation_number">MY0001</column>
            <column name="expiration_date">2024-04-13 00:00:00.0</column>
            <column name="contact">Nur Hilmi bin Nuar</column>
            <column name="contact_title"> </column>
            <column name="address">Lot 5, Jalan Kemajuan, Bangi Industrial Estate,</column>
            <column name="po_box"> </column>
            <column name="mail_stop"> </column>
            <column name="city">Bandar Baru Bangi</column>
            <column name="state"> </column>
            <column name="zip"> </column>
            <column name="country">Malaysia</column>
            <column name="email_address">Nurhilmi.Nuar@sony.com</column>
            <column name="phone_number">603-889137200</column>
            <column name="fax_number">603-83226501</column>
            <column name="contract">Y</column>
        </table>
        <table name="Results">
            <column name="firm_name">Bicon Laboratories B.V. (BICON)</column>
            <column name="location">Helmond, The Netherlands</column>
            <column name="accreditation">Ministry of Economic Affairs, Agentschap Telecom</column>
            <column name="mra">US-EU</column>
            <column name="designation_number">NL0006</column>
            <column name="expiration_date">2024-09-18 00:00:00.0</column>
            <column name="contact">Frank de Kleuver</column>
            <column name="contact_title">Mr</column>
            <column name="address">Waterdijk 3A</column>
            <column name="po_box"> </column>
            <column name="mail_stop"> </column>
            <column name="city">Helmond</column>
            <column name="state"> </column>
            <column name="zip">5705 CW</column>
            <column name="country">Netherlands</column>
            <column name="email_address">Frank.de.Kleuver@bicon.nl</column>
            <column name="phone_number">+31-492-390911</column>
            <column name="fax_number">+31-492-390433</column>
            <column name="contract">Y</column>
        </table>
        <table name="Results">
            <column name="firm_name">Kiwa Dare B.V.</column>
            <column name="location">Woerden, Netherlands</column>
            <column name="accreditation">Ministry of Economic Affairs, Agentschap Telecom</column>
            <column name="mra">US-EU</column>
            <column name="designation_number">NL0004</column>
            <column name="expiration_date">2025-02-19 00:00:00.0</column>
            <column name="contact">Dennis van der Vlugt</column>
            <column name="contact_title">Mr</column>
            <column name="address">Vijzelmolenlaan 7</column>
            <column name="po_box"> </column>
            <column name="mail_stop"> </column>
            <column name="city">GX Woerden</column>
            <column name="state"> </column>
            <column name="zip">3447</column>
            <column name="country">Netherlands</column>
            <column name="email_address">Dennis.van.der.Vlugt@kiwa.com</column>
            <column name="phone_number">31-348-200 900</column>
            <column name="fax_number">N/A</column>
            <column name="contract">Y</column>
        </table>
        <table name="Results">
            <column name="firm_name">Kiwa Nederland B.V.</column>
            <column name="location">Apeldoorn</column>
            <column name="accreditation">Ministry of Economic Affairs, Agentschap Telecom</column>
            <column name="mra">US-EU</column>
            <column name="designation_number">NL0001</column>
            <column name="expiration_date">2024-11-06 00:00:00.0</column>
            <column name="contact">Willem Jong</column>
            <column name="contact_title">Mr</column>
            <column name="address">Wilmersdorf 50</column>
            <column name="po_box"> </column>
            <column name="mail_stop"> </column>
            <column name="city">Apeldoorn</column>
            <column name="state"> </column>
            <column name="zip">7327 AC</column>
            <column name="country">Netherlands</column>
            <column name="email_address">dl_certification.ecp@kiwa.com</column>
            <column name="phone_number">+31 889983621</column>
            <column name="fax_number">N/A</column>
            <column name="contract">Y</column>
        </table>
        <table name="Results">
            <column name="firm_name">Signify Netherlands B.V.</column>
            <column name="location">Eindhoven</column>
            <column name="accreditation">Ministry of Economic Affairs, Agentschap Telecom</column>
            <column name="mra">US-EU</column>
            <column name="designation_number">NL0003</column>
            <column name="expiration_date">2023-10-04 00:00:00.0</column>
            <column name="contact">Boudewijn Jacobs</column>
            <column name="contact_title">Mr</column>
            <column name="address">High Tech Campus 26</column>
            <column name="po_box"> </column>
            <column name="mail_stop"> </column>
            <column name="city">AE Eindhoven</column>
            <column name="state"> </column>
            <column name="zip">5656</column>
            <column name="country">Netherlands</column>
            <column name="email_address">Emc.testlab@signify.com</column>
            <column name="phone_number">+31 6 38855114</column>
            <column name="fax_number">N/A</column>
            <column name="contract">Y</column>
        </table>
        <table name="Results">
            <column name="firm_name">TUV Rheinland Nederland B.V.</column>
            <column name="location">Leek, Netherlands</column>
            <column name="accreditation">Ministry of Economic Affairs, Agentschap Telecom</column>
            <column name="mra">US-EU</column>
            <column name="designation_number">NL0005</column>
            <column name="expiration_date">2024-03-12 00:00:00.0</column>
            <column name="contact">Wiebe Boekema</column>
            <column name="contact_title">Mr</column>
            <column name="address">Wetervoortsedijk 73</column>
            <column name="po_box"> </column>
            <column name="mail_stop"> </column>
            <column name="city">Arnhem</column>
            <column name="state"> </column>
            <column name="zip">6827 AV</column>
            <column name="country">Netherlands</column>
            <column name="email_address">wiebe.boekema@nl.tuv.com</column>
            <column name="phone_number">31-088-888-7888</column>
            <column name="fax_number">31-653-162-192</column>
            <column name="contract">Y</column>
        </table>
        <table name="Results">
            <column name="firm_name">EMC Technologies (NZ) Ltd</column>
            <column name="location">47 Mackelvie Street, Auckland 1021, New Zealand</column>
            <column name="accreditation">International Accreditation New Zealand</column>
            <column name="mra">APEC TEL</column>
            <column name="designation_number">NZ0002</column>
            <column name="expiration_date">2024-02-15 00:00:00.0</column>
            <column name="contact">Andrew Cutler</column>
            <column name="contact_title">General Manager</column>
            <column name="address"> </column>
            <column name="po_box">68307 Newton</column>
            <column name="mail_stop"> </column>
            <column name="city">Auckland</column>
            <column name="state"> </column>
            <column name="zip">1145</column>
            <column name="country">New Zealand</column>
            <column name="email_address">aucklab@emctech.co.nz</column>
            <column name="phone_number">+64 9 360-0862</column>
            <column name="fax_number">+64 9 360-0861</column>
            <column name="contract">Y</column>
        </table>
        <table name="Results">
            <column name="firm_name">Enphase Energy NZ trading as EnTest Laboratories</column>
            <column name="location">1 Treffers Road, Wigram, Christchurch, New Zealand</column>
            <column name="accreditation">International Accreditation New Zealand</column>
            <column name="mra">APEC TEL</column>
            <column name="designation_number">NZ0003</column>
            <column name="expiration_date">2024-05-10 00:00:00.0</column>
            <column name="contact">Manuel Shimasaki</column>
            <column name="contact_title">Mr</column>
            <column name="address"> </column>
            <column name="po_box">9041 Tower Junction</column>
            <column name="mail_stop"> </column>
            <column name="city">Christchurch</column>
            <column name="state"> </column>
            <column name="zip">8149</column>
            <column name="country">New Zealand</column>
            <column name="email_address">mshimasaki@enphaseenergy.com</column>
            <column name="phone_number">+64 3 3455154</column>
            <column name="fax_number">N/A</column>
            <column name="contract">Y</column>
        </table>
        <table name="Results">
            <column name="firm_name">Tait International Limited</column>
            <column name="location">558 Wairakei Road, Christchurch 8053, New Zealand</column>
            <column name="accreditation">International Accreditation New Zealand</column>
            <column name="mra">APEC TEL</column>
            <column name="designation_number">NZ0001</column>
            <column name="expiration_date">2024-03-19 00:00:00.0</column>
            <column name="contact">David Jackson</column>
            <column name="contact_title">Test Laboratory Services Manager</column>
            <column name="address"> </column>
            <column name="po_box">1645</column>
            <column name="mail_stop"> </column>
            <column name="city">Christchurch</column>
            <column name="state"> </column>
            <column name="zip">8140</column>
            <column name="country">New Zealand</column>
            <column name="email_address">david.jackson@taitcommunications.com</column>
            <column name="phone_number">0064(3)357-0283</column>
            <column name="fax_number">N/A</column>
            <column name="contract">Y</column>
        </table>
        <table name="Results">
            <column name="firm_name">Nemko Scandinavia AS</column>
            <column name="location">Kjeller, Norway</column>
            <column name="accreditation">Norwegian Accreditation</column>
            <column name="mra">US-EFTA</column>
            <column name="designation_number">NO0001</column>
            <column name="expiration_date">2025-05-25 00:00:00.0</column>
            <column name="contact">Helena Vogl</column>
            <column name="contact_title">Mrs.</column>
            <column name="address">Instituttveien 6</column>
            <column name="po_box"> </column>
            <column name="mail_stop"> </column>
            <column name="city">Kjeller</column>
            <column name="state"> </column>
            <column name="zip">2007</column>
            <column name="country">Norway</column>
            <column name="email_address">Helena.Vogl@nemko.com</column>
            <column name="phone_number">+4722960330</column>
            <column name="fax_number">N/A</column>
            <column name="contract">Y</column>
        </table>
        <table name="Results">
            <column name="firm_name">ELECTRONICS PRODUCT DEVELOPMENT CENTER</column>
            <column name="location">Taguig City, Philippines</column>
            <column name="accreditation">American Association for Laboratory Accreditation</column>
            <column name="mra">N/A</column>
            <column name="designation_number">US1298</column>
            <column name="expiration_date">2023-08-31 00:00:00.0</column>
            <column name="contact">Julius Solomon</column>
            <column name="contact_title"> </column>
            <column name="address">EPDC Building, MIRDC Compound</column>
            <column name="po_box"> </column>
            <column name="mail_stop"> </column>
            <column name="city">Taguig City</column>
            <column name="state"> </column>
            <column name="zip">1631</column>
            <column name="country">Philippines</column>
            <column name="email_address">julius@asti.dost.gov.ph</column>
            <column name="phone_number">632 837 2071</column>
            <column name="fax_number">N/A</column>
            <column name="contract">Y</column>
        </table>
        <table name="Results">
            <column name="firm_name">Singapore Epson Industrial Pte Ltd</column>
            <column name="location">1, Tuas Link 4, Singapore 637898</column>
            <column name="accreditation">Infocomm Media Development Authority of Singapore</column>
            <column name="mra">APEC TEL</column>
            <column name="designation_number">SG0006</column>
            <column name="expiration_date">2024-09-18 00:00:00.0</column>
            <column name="contact">Leng Guan Tan</column>
            <column name="contact_title">Manager</column>
            <column name="address">1, Tuas Link 4,</column>
            <column name="po_box">637898</column>
            <column name="mail_stop"> </column>
            <column name="city">Singapore</column>
            <column name="state"> </column>
            <column name="zip">637898</column>
            <column name="country">Singapore</column>
            <column name="email_address">Lengguan.tan@sep.epson.com.sg</column>
            <column name="phone_number">6597102213</column>
            <column name="fax_number">+(65) 6897 7984</column>
            <column name="contract">Y</column>
        </table>
        <table name="Results">
            <column name="firm_name">TUV SUD PSB Pte Ltd</column>
            <column name="location">15 Int'l Business Park, TUV SUD @ IBP, S(609937)</column>
            <column name="accreditation">Infocomm Media Development Authority of Singapore</column>
            <column name="mra">APEC TEL</column>
            <column name="designation_number">SG0002</column>
            <column name="expiration_date">2024-08-31 00:00:00.0</column>
            <column name="contact">JunHong Deng</column>
            <column name="contact_title">Vice President</column>
            <column name="address">15 International Business Park</column>
            <column name="po_box"> </column>
            <column name="mail_stop"> </column>
            <column name="city">Singapore</column>
            <column name="state"> </column>
            <column name="zip">609937</column>
            <column name="country">Singapore</column>
            <column name="email_address">junhong.deng@tuvsud.com</column>
            <column name="phone_number">65-69736268</column>
            <column name="fax_number">N/A</column>
            <column name="contract">Y</column>
        </table>
        <table name="Results">
            <column name="firm_name">UL International-Singapore Pte Ltd</column>
            <column name="location">20 Kian Teck Lane, Singapore 627854</column>
            <column name="accreditation">Infocomm Media Development Authority of Singapore</column>
            <column name="mra">APEC TEL</column>
            <column name="designation_number">SG0007</column>
            <column name="expiration_date">2024-11-29 00:00:00.0</column>
            <column name="contact">Wilson Wong</column>
            <column name="contact_title">Test Engineer</column>
            <column name="address">20 Kian Teck Lane</column>
            <column name="po_box"> </column>
            <column name="mail_stop"> </column>
            <column name="city">Singapore</column>
            <column name="state"> </column>
            <column name="zip">627854</column>
            <column name="country">Singapore</column>
            <column name="email_address">wilson.wong@ul.com</column>
            <column name="phone_number">65-68764682</column>
            <column name="fax_number">N/A</column>
            <column name="contract">Y</column>
        </table>
        <table name="Results">
            <column name="firm_name">SIQ Ljubljana</column>
            <column name="location">Ljubljana</column>
            <column name="accreditation">Ministry of Economic Development and Technology</column>
            <column name="mra">US-EU</column>
            <column name="designation_number">SI0001</column>
            <column name="expiration_date">2023-12-11 00:00:00.0</column>
            <column name="contact">Marjan Mak</column>
            <column name="contact_title"> </column>
            <column name="address">Masera-Spasiceva ulica 10</column>
            <column name="po_box"> </column>
            <column name="mail_stop"> </column>
            <column name="city">SI-1000 Ljubljana</column>
            <column name="state"> </column>
            <column name="zip">1000</column>
            <column name="country">Slovenia</column>
            <column name="email_address">marjan.mak@siq.si</column>
            <column name="phone_number">0038614778178</column>
            <column name="fax_number">0038614778100</column>
            <column name="contract">Y</column>
        </table>
        <table name="Results">
            <column name="firm_name">BV CPS ADT Korea Ltd.</column>
            <column name="location">Suwon-si, Gyeonggi-do</column>
            <column name="accreditation">National Radio Research Agency</column>
            <column name="mra">APEC TEL</column>
            <column name="designation_number">KR0158</column>
            <column name="expiration_date">2023-10-05 00:00:00.0</column>
            <column name="contact">Meyer Shin</column>
            <column name="contact_title"> </column>
            <column name="address">Innoplex No.2 106, Sinwon-ro 306, Yeongtong-gu,</column>
            <column name="po_box"> </column>
            <column name="mail_stop"> </column>
            <column name="city">Suwon-si</column>
            <column name="state"> </column>
            <column name="zip"> </column>
            <column name="country">South Korea</column>
            <column name="email_address">Meyer.Shin@kr.bureauveritas.com</column>
            <column name="phone_number">+82-70-4338-5219</column>
            <column name="fax_number">+82-31-689-4543</column>
            <column name="contract">Y</column>
        </table>
        <table name="Results">
            <column name="firm_name">BWS Tech Inc.</column>
            <column name="location">Yongin-si</column>
            <column name="accreditation">National Radio Research Agency</column>
            <column name="mra">APEC TEL</column>
            <column name="designation_number">KR0017</column>
            <column name="expiration_date">2023-08-26 00:00:00.0</column>
            <column name="contact">Taehyun Nam</column>
            <column name="contact_title"> </column>
            <column name="address">23 Gokhyeon-ro 480beon-gil, Mohyeon-eup, Cheoin-gu</column>
            <column name="po_box"> </column>
            <column name="mail_stop"> </column>
            <column name="city">Yougin-si</column>
            <column name="state"> </column>
            <column name="zip"> </column>
            <column name="country">South Korea</column>
            <column name="email_address">namth@bws.co.kr</column>
            <column name="phone_number">+82-31-333-5997</column>
            <column name="fax_number">+82-31-333-0017</column>
            <column name="contract">Y</column>
        </table>
        <table name="Results">
            <column name="firm_name">CTK Co., Ltd.</column>
            <column name="location">Yongin-si</column>
            <column name="accreditation">National Radio Research Agency</column>
            <column name="mra">APEC TEL</column>
            <column name="designation_number">KR0025</column>
            <column name="expiration_date">2023-06-09 00:00:00.0</column>
            <column name="contact">Young-Joon Park</column>
            <column name="contact_title">Executive Managing Director</column>
            <column name="address">113, Yejik-ro, Cheoin-gu, Yongin-si, Gyeonggi-do,</column>
            <column name="po_box"> </column>
            <column name="mail_stop"> </column>
            <column name="city">Yongin-si, Gyeonggi-do</column>
            <column name="state"> </column>
            <column name="zip"> </column>
            <column name="country">South Korea</column>
            <column name="email_address">joonpak@e-ctk.com</column>
            <column name="phone_number">82-31-339-9871</column>
            <column name="fax_number">82-31-624-9501</column>
            <column name="contract">Y</column>
        </table>
        <table name="Results">
            <column name="firm_name">Chungbuk Technopark</column>
            <column name="location">Chungju-si, Chungcheongbuk-do</column>
            <column name="accreditation">National Radio Research Agency</column>
            <column name="mra">APEC TEL</column>
            <column name="designation_number">KR0115</column>
            <column name="expiration_date">2024-10-24 00:00:00.0</column>
            <column name="contact">Choi Young</column>
            <column name="contact_title"> </column>
            <column name="address">76, Yeongudangi-ro, Ochang-eup, Cheongwon-gu</column>
            <column name="po_box"> </column>
            <column name="mail_stop"> </column>
            <column name="city">Chungju-si</column>
            <column name="state"> </column>
            <column name="zip"> </column>
            <column name="country">South Korea</column>
            <column name="email_address">young@cbtp.or.kr</column>
            <column name="phone_number">82432702410</column>
            <column name="fax_number">+82-43-270-2499</column>
            <column name="contract">Y</column>
        </table>
        <table name="Results">
            <column name="firm_name">DEKRA Korea Co., Ltd</column>
            <column name="location">Yongin-si</column>
            <column name="accreditation">National Radio Research Agency</column>
            <column name="mra">APEC TEL</column>
            <column name="designation_number">KR0151</column>
            <column name="expiration_date">2023-09-14 00:00:00.0</column>
            <column name="contact">Isaac jin</column>
            <column name="contact_title">General Manager</column>
            <column name="address">498-2, Geumeo-ro, Pogok-eup, Cheoin-gu, Yongin-si,</column>
            <column name="po_box"> </column>
            <column name="mail_stop"> </column>
            <column name="city">Yongin-si</column>
            <column name="state"> </column>
            <column name="zip"> </column>
            <column name="country">South Korea</column>
            <column name="email_address">isaac.jin@dekra.com</column>
            <column name="phone_number">82-31-338-8837</column>
            <column name="fax_number">+82-31-338-8847</column>
            <column name="contract">Y</column>
        </table>
        <table name="Results">
            <column name="firm_name">DT&amp;C Co., Ltd.</column>
            <column name="location">Yongin-si</column>
            <column name="accreditation">National Radio Research Agency</column>
            <column name="mra">APEC TEL</column>
            <column name="designation_number">KR0034</column>
            <column name="expiration_date">2024-06-09 00:00:00.0</column>
            <column name="contact">Lee Su-jeong</column>
            <column name="contact_title">Technical Manager</column>
            <column name="address">42, Yurim-ro 154 beon-gil, cheoin-gu, Yongin-si</column>
            <column name="po_box">17042</column>
            <column name="mail_stop"> </column>
            <column name="city">Yongin-si</column>
            <column name="state"> </column>
            <column name="zip"> </column>
            <column name="country">South Korea</column>
            <column name="email_address">gungmin0524@dtnc.net</column>
            <column name="phone_number">82-31-321-2664</column>
            <column name="fax_number">82-31-321-1664</column>
            <column name="contract">Y</column>
        </table>
        <table name="Results">
            <column name="firm_name">EMC Labs Co., Ltd.</column>
            <column name="location">Icheon-si</column>
            <column name="accreditation">National Radio Research Agency</column>
            <column name="mra">APEC TEL</column>
            <column name="designation_number">KR0140</column>
            <column name="expiration_date">2024-06-29 00:00:00.0</column>
            <column name="contact">Jong-Myoung Shin</column>
            <column name="contact_title"> </column>
            <column name="address">100, Jangjateo-ro, Hobeop-myeon,</column>
            <column name="po_box"> </column>
            <column name="mail_stop"> </column>
            <column name="city">Icheon-si</column>
            <column name="state"> </column>
            <column name="zip"> </column>
            <column name="country">South Korea</column>
            <column name="email_address">sjm@emclabs.co.kr</column>
            <column name="phone_number">+82-31-637-8895</column>
            <column name="fax_number">+82-505-116-8895</column>
            <column name="contract">Y</column>
        </table>
        <table name="Results">
            <column name="firm_name">ENG Co., Ltd.</column>
            <column name="location">Gwangju-si, Gyeonggi-do</column>
            <column name="accreditation">National Radio Research Agency</column>
            <column name="mra">APEC TEL</column>
            <column name="designation_number">KR0160</column>
            <column name="expiration_date">2024-09-27 00:00:00.0</column>
            <column name="contact">Kwon Yong-Gwang</column>
            <column name="contact_title"> </column>
            <column name="address">135-60, Gyeongchung-daero, Gonjiam-eup,</column>
            <column name="po_box"> </column>
            <column name="mail_stop"> </column>
            <column name="city">Gwangju-si, Gyeonggi-do</column>
            <column name="state"> </column>
            <column name="zip"> </column>
            <column name="country">South Korea</column>
            <column name="email_address">ygkwon@the-eng.co.kr</column>
            <column name="phone_number">82317278300</column>
            <column name="fax_number">+82-31-764-0800</column>
            <column name="contract">Y</column>
        </table>
        <table name="Results">
            <column name="firm_name">ESTECH Co., Ltd.</column>
            <column name="location">KOREA</column>
            <column name="accreditation">National Radio Research Agency</column>
            <column name="mra">APEC TEL</column>
            <column name="designation_number">KR0019</column>
            <column name="expiration_date">2025-04-05 00:00:00.0</column>
            <column name="contact">Yang Jinmo</column>
            <column name="contact_title">Manager</column>
            <column name="address">140-16, Eongmalli-ro, Majang-myeon,</column>
            <column name="po_box"> </column>
            <column name="mail_stop"> </column>
            <column name="city">Seoul</column>
            <column name="state"> </column>
            <column name="zip"> </column>
            <column name="country">South Korea</column>
            <column name="email_address">jmyang@estech.co.kr</column>
            <column name="phone_number">82-31-631-8037</column>
            <column name="fax_number">82-31-631-8039</column>
            <column name="contract">Y</column>
        </table>
        <table name="Results">
            <column name="firm_name">ETL Inc.</column>
            <column name="location">Siheung-si</column>
            <column name="accreditation">National Radio Research Agency</column>
            <column name="mra">APEC TEL</column>
            <column name="designation_number">KR0022</column>
            <column name="expiration_date">2025-05-04 00:00:00.0</column>
            <column name="contact">Jung Kyeong-Oh</column>
            <column name="contact_title"> </column>
            <column name="address">100, Masan-ro, Siheung-si, Gyeonggi-do, 14988,</column>
            <column name="po_box"> </column>
            <column name="mail_stop"> </column>
            <column name="city">Siheung-si</column>
            <column name="state"> </column>
            <column name="zip">14988</column>
            <column name="country">South Korea</column>
            <column name="email_address">kojung@etl.re.kr</column>
            <column name="phone_number">+82-10-9323-1105</column>
            <column name="fax_number">+82-2-858-0788</column>
            <column name="contract">Y</column>
        </table>
        <table name="Results">
            <column name="firm_name">Element Materials Technology Suwon. Ltd.</column>
            <column name="location">Yongin-Si, Gyeonggi, Republic of Korea</column>
            <column name="accreditation">National Radio Research Agency</column>
            <column name="mra">APEC TEL</column>
            <column name="designation_number">KR0169</column>
            <column name="expiration_date">2024-05-21 00:00:00.0</column>
            <column name="contact">darren Kim</column>
            <column name="contact_title"> </column>
            <column name="address">(Tower-dong #P136) 13, Heungdeok 1-ro, Giheung-gu,</column>
            <column name="po_box"> </column>
            <column name="mail_stop"> </column>
            <column name="city">Yongin-Si</column>
            <column name="state"> </column>
            <column name="zip"> </column>
            <column name="country">South Korea</column>
            <column name="email_address">darren.kim@pctest.com</column>
            <column name="phone_number">+82-10-6396-9318</column>
            <column name="fax_number">N/A</column>
            <column name="contract">Y</column>
        </table>
        <table name="Results">
            <column name="firm_name">Eurofins KCTL Co., Ltd.</column>
            <column name="location">Suwon-si, Gyeonggi-do, Korea</column>
            <column name="accreditation">National Radio Research Agency</column>
            <column name="mra">APEC TEL</column>
            <column name="designation_number">KR0040</column>
            <column name="expiration_date">2024-12-12 00:00:00.0</column>
            <column name="contact">Sung-su Lim</column>
            <column name="contact_title"> </column>
            <column name="address">65, Sinwon-ro, Yeongtong-gu, Suwon-si,</column>
            <column name="po_box"> </column>
            <column name="mail_stop"> </column>
            <column name="city">Suwon-si</column>
            <column name="state"> </column>
            <column name="zip">16677</column>
            <column name="country">South Korea</column>
            <column name="email_address">sungsu.lim@kctl.co.kr</column>
            <column name="phone_number">+82-31-326-6719</column>
            <column name="fax_number">+82-505-299-8311</column>
            <column name="contract">Y</column>
        </table>
        <table name="Results">
            <column name="firm_name">GUMI UNIVERSITY EMC CENTER</column>
            <column name="location">Gumi city</column>
            <column name="accreditation">National Radio Research Agency</column>
            <column name="mra">APEC TEL</column>
            <column name="designation_number">KR0033</column>
            <column name="expiration_date">2025-04-14 00:00:00.0</column>
            <column name="contact">Tea-Sig Park</column>
            <column name="contact_title">Chief Engineer</column>
            <column name="address">37 Yaeun-ro, Gumi-si</column>
            <column name="po_box"> </column>
            <column name="mail_stop"> </column>
            <column name="city">Gumi-City, Gyeongsangbuk-Do</column>
            <column name="state"> </column>
            <column name="zip"> </column>
            <column name="country">South Korea</column>
            <column name="email_address">ted8@gumi.ac.kr</column>
            <column name="phone_number">82-54-440-1194</column>
            <column name="fax_number">82-54-440-1199</column>
            <column name="contract">Y</column>
        </table>
        <table name="Results">
            <column name="firm_name">HCT Co., Ltd.</column>
            <column name="location">KOREA</column>
            <column name="accreditation">National Radio Research Agency</column>
            <column name="mra">APEC TEL</column>
            <column name="designation_number">KR0032</column>
            <column name="expiration_date">2024-03-31 00:00:00.0</column>
            <column name="contact">Lee Yoon-Jung</column>
            <column name="contact_title">General Manager</column>
            <column name="address">74, Seoicheon-ro 578beon-gil, Majang-myeon</column>
            <column name="po_box"> </column>
            <column name="mail_stop"> </column>
            <column name="city">Icheon, Kyunggi-do</column>
            <column name="state"> </column>
            <column name="zip">467811</column>
            <column name="country">South Korea</column>
            <column name="email_address">yjlee@hct.co.kr</column>
            <column name="phone_number">82-31-645-6432</column>
            <column name="fax_number">82-31-645-6401</column>
            <column name="contract">Y</column>
        </table>
        <table name="Results">
            <column name="firm_name">ICR Co., Ltd.</column>
            <column name="location">Gimpo-si</column>
            <column name="accreditation">National Radio Research Agency</column>
            <column name="mra">APEC TEL</column>
            <column name="designation_number">KR0165</column>
            <column name="expiration_date">2023-08-31 00:00:00.0</column>
            <column name="contact">Sim Sang-Woo</column>
            <column name="contact_title"> </column>
            <column name="address">112, Hwanggeum 3-ro 7beon-gil, Yangchon-eup,</column>
            <column name="po_box"> </column>
            <column name="mail_stop"> </column>
            <column name="city">Gimpo-si</column>
            <column name="state"> </column>
            <column name="zip"> </column>
            <column name="country">South Korea</column>
            <column name="email_address">sam@icrqa.com</column>
            <column name="phone_number">+82-2-6351-9001</column>
            <column name="fax_number">+82-2-6351-9007</column>
            <column name="contract">Y</column>
        </table>
        <table name="Results">
            <column name="firm_name">Intertek ETL SEMKO Korea Ltd.</column>
            <column name="location">Gyeonggi-do</column>
            <column name="accreditation">National Radio Research Agency</column>
            <column name="mra">APEC TEL</column>
            <column name="designation_number">KR0163</column>
            <column name="expiration_date">2025-04-28 00:00:00.0</column>
            <column name="contact">Ko Bran</column>
            <column name="contact_title"> </column>
            <column name="address">Intertek building 3, Gongdan-ro 160beon-gil</column>
            <column name="po_box"> </column>
            <column name="mail_stop"> </column>
            <column name="city">Gunpo-si</column>
            <column name="state"> </column>
            <column name="zip"> </column>
            <column name="country">South Korea</column>
            <column name="email_address">bran.ko@intertek.com</column>
            <column name="phone_number">+82-31-8069-3761</column>
            <column name="fax_number">+82-31-8069-3876</column>
            <column name="contract">Y</column>
        </table>
        <table name="Results">
            <column name="firm_name">KES Co., Ltd</column>
            <column name="location">Gyeonggi-do</column>
            <column name="accreditation">National Radio Research Agency</column>
            <column name="mra">APEC TEL</column>
            <column name="designation_number">KR0100</column>
            <column name="expiration_date">2024-08-24 00:00:00.0</column>
            <column name="contact">Insung Ryu</column>
            <column name="contact_title"> </column>
            <column name="address">3701, 40, Simin-daero365beon-gil, Dongan-gu,</column>
            <column name="po_box"> </column>
            <column name="mail_stop"> </column>
            <column name="city">Anyang-si</column>
            <column name="state"> </column>
            <column name="zip"> </column>
            <column name="country">South Korea</column>
            <column name="email_address">kes@kes.co.kr</column>
            <column name="phone_number">82-31-425-6200</column>
            <column name="fax_number">82-31-424-0450</column>
            <column name="contract">Y</column>
        </table>
        <table name="Results">
            <column name="firm_name">KIEL Institute</column>
            <column name="location">Bucheon-si</column>
            <column name="accreditation">National Radio Research Agency</column>
            <column name="mra">APEC TEL</column>
            <column name="designation_number">KR0167</column>
            <column name="expiration_date">2023-10-17 00:00:00.0</column>
            <column name="contact">Tae-Yang Yoon</column>
            <column name="contact_title"> </column>
            <column name="address">Daewoo Technopark A301-A310, A403-A408, BF03, B201</column>
            <column name="po_box">14523</column>
            <column name="mail_stop"> </column>
            <column name="city">Bucheon-si</column>
            <column name="state"> </column>
            <column name="zip"> </column>
            <column name="country">South Korea</column>
            <column name="email_address">ysun@kiel.re.kr</column>
            <column name="phone_number">+82-32-325-7043</column>
            <column name="fax_number">N/A</column>
            <column name="contract">Y</column>
        </table>
        <table name="Results">
            <column name="firm_name">KOSTEC Co., Ltd</column>
            <column name="location">Hwasung-si</column>
            <column name="accreditation">National Radio Research Agency</column>
            <column name="mra">APEC TEL</column>
            <column name="designation_number">KR0041</column>
            <column name="expiration_date">2024-03-29 00:00:00.0</column>
            <column name="contact">Lee Chang-Ho</column>
            <column name="contact_title">Manager</column>
            <column name="address">28, Seja-ro 406beon-gil, Hwaseong-si,</column>
            <column name="po_box">445-380</column>
            <column name="mail_stop"> </column>
            <column name="city">Hwaseong-si, Gyeonggi-do</column>
            <column name="state"> </column>
            <column name="zip"> </column>
            <column name="country">South Korea</column>
            <column name="email_address">chlee@kostec.org</column>
            <column name="phone_number">82-31-222-4251</column>
            <column name="fax_number">82-31-222-4252</column>
            <column name="contract">Y</column>
        </table>
        <table name="Results">
            <column name="firm_name">Korea Standard Test Lab</column>
            <column name="location">Hwaseong-si</column>
            <column name="accreditation">National Radio Research Agency</column>
            <column name="mra">APEC TEL</column>
            <column name="designation_number">KR0155</column>
            <column name="expiration_date">2024-09-24 00:00:00.0</column>
            <column name="contact">Dong-in Youn</column>
            <column name="contact_title"> </column>
            <column name="address">107-27, jangdeokdong-gil, Namyang-eup,</column>
            <column name="po_box">18281</column>
            <column name="mail_stop"> </column>
            <column name="city">Hwaseong-si</column>
            <column name="state"> </column>
            <column name="zip"> </column>
            <column name="country">South Korea</column>
            <column name="email_address">diyoun@testlab.kr</column>
            <column name="phone_number">+82-31-356-7333</column>
            <column name="fax_number">+82-31-356-7303</column>
            <column name="contract">Y</column>
        </table>
        <table name="Results">
            <column name="firm_name">Korea Testing &amp; Research Institute</column>
            <column name="location">Gwacheon-si</column>
            <column name="accreditation">National Radio Research Agency</column>
            <column name="mra">APEC TEL</column>
            <column name="designation_number">KR0030</column>
            <column name="expiration_date">2023-08-26 00:00:00.0</column>
            <column name="contact">Jae Jun Lee</column>
            <column name="contact_title">Head Researcher</column>
            <column name="address">98, Gyoyukwon-ro, Gwacheon-si, Gyeonggi-do,</column>
            <column name="po_box"> </column>
            <column name="mail_stop"> </column>
            <column name="city">Gwacheon-si</column>
            <column name="state"> </column>
            <column name="zip"> </column>
            <column name="country">South Korea</column>
            <column name="email_address">jjstyle@ktr.or.kr</column>
            <column name="phone_number">+82-2-2092-4075</column>
            <column name="fax_number">+82-2-2635-6103</column>
            <column name="contract">Y</column>
        </table>
        <table name="Results">
            <column name="firm_name">Korea Testing Certification</column>
            <column name="location">Gunpo-si</column>
            <column name="accreditation">National Radio Research Agency</column>
            <column name="mra">APEC TEL</column>
            <column name="designation_number">KR0006</column>
            <column name="expiration_date">2023-08-17 00:00:00.0</column>
            <column name="contact">Young-Sik Kim</column>
            <column name="contact_title"> </column>
            <column name="address">22 Heungan-daero 27 beon-gil, Gunpo-si,</column>
            <column name="po_box"> </column>
            <column name="mail_stop"> </column>
            <column name="city">Gunpo-si</column>
            <column name="state"> </column>
            <column name="zip"> </column>
            <column name="country">South Korea</column>
            <column name="email_address">tele2k@ktc.re.kr</column>
            <column name="phone_number">82-31-428-5650</column>
            <column name="fax_number">82-31-455-0606</column>
            <column name="contract">Y</column>
        </table>
        <table name="Results">
            <column name="firm_name">Korea testing laboratory</column>
            <column name="location">Seoul Rep of Korea</column>
            <column name="accreditation">National Radio Research Agency</column>
            <column name="mra">APEC TEL</column>
            <column name="designation_number">KR0009</column>
            <column name="expiration_date">2025-04-10 00:00:00.0</column>
            <column name="contact">Sung kyu Cho</column>
            <column name="contact_title"> </column>
            <column name="address">87 Digital-ro 26-gil Guro-g</column>
            <column name="po_box">08389</column>
            <column name="mail_stop"> </column>
            <column name="city">Seoul</column>
            <column name="state"> </column>
            <column name="zip"> </column>
            <column name="country">South Korea</column>
            <column name="email_address">skcho@ktl.re.kr</column>
            <column name="phone_number">82-2-860-1490</column>
            <column name="fax_number">82-2-860-1459</column>
            <column name="contract">Y</column>
        </table>
        <table name="Results">
            <column name="firm_name">LG Electronics Inc. Digital Media Standards Lab.</column>
            <column name="location">Pyeongtak-city, Gyeonggi-do</column>
            <column name="accreditation">National Radio Research Agency</column>
            <column name="mra">APEC TEL</column>
            <column name="designation_number">KR0016</column>
            <column name="expiration_date">2025-03-08 00:00:00.0</column>
            <column name="contact">Mickey Lee</column>
            <column name="contact_title">Technical Manager</column>
            <column name="address">19-1, Cheongho-ri, Jinwuy-myeon, Pyeongtak-city</column>
            <column name="po_box">451-713</column>
            <column name="mail_stop"> </column>
            <column name="city">Pyeongtak-city</column>
            <column name="state"> </column>
            <column name="zip"> </column>
            <column name="country">South Korea</column>
            <column name="email_address">mickeylee@lge.com</column>
            <column name="phone_number">82-31-610-5338</column>
            <column name="fax_number">82-31-610-5355</column>
            <column name="contract">Y</column>
        </table>
        <table name="Results">
            <column name="firm_name">LG Electronics Inc., H&amp;A EMC Standard Laboratory</column>
            <column name="location">Changwon-si</column>
            <column name="accreditation">National Radio Research Agency</column>
            <column name="mra">APEC TEL</column>
            <column name="designation_number">KR0152</column>
            <column name="expiration_date">2024-11-15 00:00:00.0</column>
            <column name="contact">Hyeon-soo Jung</column>
            <column name="contact_title"> </column>
            <column name="address">170, Seongsanpaechong-ro, Seongsan-gu, Changwon-si</column>
            <column name="po_box"> </column>
            <column name="mail_stop"> </column>
            <column name="city">Changwon-si</column>
            <column name="state"> </column>
            <column name="zip">51533</column>
            <column name="country">South Korea</column>
            <column name="email_address">Hyeonsoo.Jung@lge.com</column>
            <column name="phone_number">+82-55-260-3966</column>
            <column name="fax_number">Not used</column>
            <column name="contract">Y</column>
        </table>
        <table name="Results">
            <column name="firm_name">LTA Co.,Ltd</column>
            <column name="location">KOREA</column>
            <column name="accreditation">National Radio Research Agency</column>
            <column name="mra">APEC TEL</column>
            <column name="designation_number">KR0049</column>
            <column name="expiration_date">2025-03-29 00:00:00.0</column>
            <column name="contact">Ahn Chulho</column>
            <column name="contact_title">Chief Engneer</column>
            <column name="address">243 Jubug-Ri, Yangui-Myeon, Yongin-Si,</column>
            <column name="po_box"> </column>
            <column name="mail_stop"> </column>
            <column name="city">Yongin</column>
            <column name="state"> </column>
            <column name="zip"> </column>
            <column name="country">South Korea</column>
            <column name="email_address">chahn@ltalab.com</column>
            <column name="phone_number">82-31-323-6008</column>
            <column name="fax_number">82-31-323-6010</column>
            <column name="contract">Y</column>
        </table>
        <table name="Results">
            <column name="firm_name">Lab-T, Inc.</column>
            <column name="location">Yongin-si, Gyeonggi-do</column>
            <column name="accreditation">National Radio Research Agency</column>
            <column name="mra">APEC TEL</column>
            <column name="designation_number">KR0159</column>
            <column name="expiration_date">2023-10-07 00:00:00.0</column>
            <column name="contact">Lee Cheol-ho</column>
            <column name="contact_title"> </column>
            <column name="address">2182-42,Baegok-daero,Mohyeon-eup,Cheoin-gu,</column>
            <column name="po_box"> </column>
            <column name="mail_stop"> </column>
            <column name="city">Yongin-si</column>
            <column name="state"> </column>
            <column name="zip"> </column>
            <column name="country">South Korea</column>
            <column name="email_address">chlee@lab-t.net</column>
            <column name="phone_number">82313226767</column>
            <column name="fax_number">+82-31-322-6768</column>
            <column name="contract">Y</column>
        </table>
        <table name="Results">
            <column name="firm_name">NCT Co., Ltd.</column>
            <column name="location">Hwaseong-si</column>
            <column name="accreditation">National Radio Research Agency</column>
            <column name="mra">APEC TEL</column>
            <column name="designation_number">KR0166</column>
            <column name="expiration_date">2023-10-05 00:00:00.0</column>
            <column name="contact">Il-Shin Kim</column>
            <column name="contact_title"> </column>
            <column name="address">211-71, Geumook-ro, Hwaseong-si, Gyeonggi-do,</column>
            <column name="po_box">18511</column>
            <column name="mail_stop"> </column>
            <column name="city">Hwaseong-si</column>
            <column name="state"> </column>
            <column name="zip"> </column>
            <column name="country">South Korea</column>
            <column name="email_address">iskim@nct.re.kr</column>
            <column name="phone_number">+82-31-323-6070</column>
            <column name="fax_number">+82-31-323-6071</column>
            <column name="contract">Y</column>
        </table>
        <table name="Results">
            <column name="firm_name">NTREE Co, Ltd.</column>
            <column name="location">Suwon-si, Gyeonggi-do</column>
            <column name="accreditation">National Radio Research Agency</column>
            <column name="mra">APEC TEL</column>
            <column name="designation_number">KR0157</column>
            <column name="expiration_date">2025-04-14 00:00:00.0</column>
            <column name="contact">SeoungHo Jeon</column>
            <column name="contact_title"> </column>
            <column name="address">30, Pajangcheon-ro 44beon-gil, Jangan-gu</column>
            <column name="po_box">440-852</column>
            <column name="mail_stop"> </column>
            <column name="city">Suwon-si</column>
            <column name="state"> </column>
            <column name="zip"> </column>
            <column name="country">South Korea</column>
            <column name="email_address">shjeon@ntree.or.kr</column>
            <column name="phone_number">82-31-893-1000</column>
            <column name="fax_number">+82-31-893-0111</column>
            <column name="contract">Y</column>
        </table>
        <table name="Results">
            <column name="firm_name">Nemko Korea Co.,Ltd.</column>
            <column name="location">Yongin-si</column>
            <column name="accreditation">National Radio Research Agency</column>
            <column name="mra">APEC TEL</column>
            <column name="designation_number">KR0026</column>
            <column name="expiration_date">2023-10-05 00:00:00.0</column>
            <column name="contact">Hyun-ho Kim</column>
            <column name="contact_title">Technical Manager</column>
            <column name="address">159, Osan-ro, Mohyeon-myeon, Cheoin-gu, Yongin-si</column>
            <column name="po_box">16885</column>
            <column name="mail_stop"> </column>
            <column name="city">Yongin-si</column>
            <column name="state"> </column>
            <column name="zip"> </column>
            <column name="country">South Korea</column>
            <column name="email_address">hyunho.kim@nemko.com</column>
            <column name="phone_number">82-31-322-2333</column>
            <column name="fax_number">82-31-322-2332</column>
            <column name="contract">Y</column>
        </table>
        <table name="Results">
            <column name="firm_name">ONETECH Corp.</column>
            <column name="location">Gwangju-si</column>
            <column name="accreditation">National Radio Research Agency</column>
            <column name="mra">APEC TEL</column>
            <column name="designation_number">KR0013</column>
            <column name="expiration_date">2024-08-10 00:00:00.0</column>
            <column name="contact">Ki Hong Nam</column>
            <column name="contact_title">General Manager</column>
            <column name="address">43-14, Jinsaegol-gil, Chowol-eup,</column>
            <column name="po_box"> </column>
            <column name="mail_stop"> </column>
            <column name="city">Gwangju-si</column>
            <column name="state"> </column>
            <column name="zip"> </column>
            <column name="country">South Korea</column>
            <column name="email_address">kihong.nam@onetech.co.kr</column>
            <column name="phone_number">82-31-799-9580</column>
            <column name="fax_number">82-31-799-9599</column>
            <column name="contract">Y</column>
        </table>
        <table name="Results">
            <column name="firm_name">SGS Korea Co., Ltd</column>
            <column name="location">Gunpo-si</column>
            <column name="accreditation">National Radio Research Agency</column>
            <column name="mra">APEC TEL</column>
            <column name="designation_number">KR0150</column>
            <column name="expiration_date">2025-03-14 00:00:00.0</column>
            <column name="contact">Park Heejin</column>
            <column name="contact_title"> </column>
            <column name="address">4, LS-ro 182beon-gil, Gunpo-si</column>
            <column name="po_box"> </column>
            <column name="mail_stop"> </column>
            <column name="city">Gunpo-si, Gyeonggi-do</column>
            <column name="state"> </column>
            <column name="zip"> </column>
            <column name="country">South Korea</column>
            <column name="email_address">heejin.park@sgs.com</column>
            <column name="phone_number">+82-31-428-5709</column>
            <column name="fax_number">+82-31-427-2370</column>
            <column name="contract">Y</column>
        </table>
        <table name="Results">
            <column name="firm_name">SK Tech Co., LTD.</column>
            <column name="location">Namyangju-Si</column>
            <column name="accreditation">National Radio Research Agency</column>
            <column name="mra">APEC TEL</column>
            <column name="designation_number">KR0007</column>
            <column name="expiration_date">2024-05-06 00:00:00.0</column>
            <column name="contact">Yoon Jongsoo</column>
            <column name="contact_title">Quality Manager</column>
            <column name="address">88, Geulgaeul-ro 81beon-gil, wabu-eup</column>
            <column name="po_box"> </column>
            <column name="mail_stop"> </column>
            <column name="city">Namyangju-Si</column>
            <column name="state"> </column>
            <column name="zip">472905</column>
            <column name="country">South Korea</column>
            <column name="email_address">comm@skemc.co.kr</column>
            <column name="phone_number">82-31-576-2204</column>
            <column name="fax_number">82-31-576-2205</column>
            <column name="contract">Y</column>
        </table>
        <table name="Results">
            <column name="firm_name">Samsung Electronics Co., Ltd. Global CS Center</column>
            <column name="location">Suwon-City</column>
            <column name="accreditation">National Radio Research Agency</column>
            <column name="mra">APEC TEL</column>
            <column name="designation_number">KR0004</column>
            <column name="expiration_date">2025-03-21 00:00:00.0</column>
            <column name="contact">Park No cheon</column>
            <column name="contact_title">Manager</column>
            <column name="address">129, Samsung-ro, Yeongtong-Gu, Suwon-City,</column>
            <column name="po_box"> </column>
            <column name="mail_stop"> </column>
            <column name="city">Suwon-City</column>
            <column name="state"> </column>
            <column name="zip"> </column>
            <column name="country">South Korea</column>
            <column name="email_address">park.nc@samsung.com</column>
            <column name="phone_number">82-31-277-7750</column>
            <column name="fax_number">82-31-277-7753</column>
            <column name="contract">Y</column>
        </table>
        <table name="Results">
            <column name="firm_name">Samsung Electronics Quality Assurance Lab</column>
            <column name="location">Suwon-si</column>
            <column name="accreditation">National Radio Research Agency</column>
            <column name="mra">APEC TEL</column>
            <column name="designation_number">KR0028</column>
            <column name="expiration_date">2024-05-01 00:00:00.0</column>
            <column name="contact">Lee Chang-mok</column>
            <column name="contact_title"> </column>
            <column name="address">129, Samsung-ro, Yeongtong-gu, Suwon-si,</column>
            <column name="po_box"> </column>
            <column name="mail_stop"> </column>
            <column name="city">Suwon-si</column>
            <column name="state"> </column>
            <column name="zip"> </column>
            <column name="country">South Korea</column>
            <column name="email_address">albert79.lee@samsung.com</column>
            <column name="phone_number">82-10-9930-8139</column>
            <column name="fax_number">82-30-279-9985</column>
            <column name="contract">Y</column>
        </table>
        <table name="Results">
            <column name="firm_name">Standardbank Co., Ltd.</column>
            <column name="location">Gunpo-si</column>
            <column name="accreditation">National Radio Research Agency</column>
            <column name="mra">APEC TEL</column>
            <column name="designation_number">KR0144</column>
            <column name="expiration_date">2025-04-14 00:00:00.0</column>
            <column name="contact">Sang hee Lee</column>
            <column name="contact_title"> </column>
            <column name="address">48, Gunpocheomdansaneop 2-ro, Gunpo-si,</column>
            <column name="po_box">435-050</column>
            <column name="mail_stop"> </column>
            <column name="city">Gunpo-si</column>
            <column name="state"> </column>
            <column name="zip"> </column>
            <column name="country">South Korea</column>
            <column name="email_address">allo@standardbank.co.kr</column>
            <column name="phone_number">82-31-393-9394</column>
            <column name="fax_number">+82-31-393-9392</column>
            <column name="contract">Y</column>
        </table>
        <table name="Results">
            <column name="firm_name">Testing and Certification Laboratory of RAPA</column>
            <column name="location">Anyang-si, Gyeonggi-do</column>
            <column name="accreditation">National Radio Research Agency</column>
            <column name="mra">APEC TEL</column>
            <column name="designation_number">KR0027</column>
            <column name="expiration_date">2025-03-02 00:00:00.0</column>
            <column name="contact">You Seok Seo</column>
            <column name="contact_title"> </column>
            <column name="address">101,B104, Anyang Megavalley, 268, Hagui-ro,</column>
            <column name="po_box"> </column>
            <column name="mail_stop"> </column>
            <column name="city">Gyeonggi-do</column>
            <column name="state"> </column>
            <column name="zip"> </column>
            <column name="country">South Korea</column>
            <column name="email_address">ysseo@rapa.or.kr</column>
            <column name="phone_number">82-31-427-9100</column>
            <column name="fax_number">+82-31-427-2323</column>
            <column name="contract">Y</column>
        </table>
        <table name="Results">
            <column name="firm_name">UCS Co., Ltd.</column>
            <column name="location">Republic of Korea</column>
            <column name="accreditation">National Radio Research Agency</column>
            <column name="mra">APEC TEL</column>
            <column name="designation_number">KR0045</column>
            <column name="expiration_date">2024-10-11 00:00:00.0</column>
            <column name="contact">Dong-Youl Lim</column>
            <column name="contact_title">EMC Manager</column>
            <column name="address">#702, Anyang Megavally</column>
            <column name="po_box"> </column>
            <column name="mail_stop"> </column>
            <column name="city">Anyang-city, Kyunggi-do</column>
            <column name="state"> </column>
            <column name="zip">431767</column>
            <column name="country">South Korea</column>
            <column name="email_address">dylim@ucs.co.kr</column>
            <column name="phone_number">82-31-420-5680</column>
            <column name="fax_number">82-31-420-5685</column>
            <column name="contract">Y</column>
        </table>
        <table name="Results">
            <column name="firm_name">UL Korea, Ltd.</column>
            <column name="location">seoul</column>
            <column name="accreditation">National Radio Research Agency</column>
            <column name="mra">APEC TEL</column>
            <column name="designation_number">KR0161</column>
            <column name="expiration_date">2024-07-19 00:00:00.0</column>
            <column name="contact">Junwhan Lee</column>
            <column name="contact_title"> </column>
            <column name="address">26th floor, 152, Teheran-ro, Gangnam-gu</column>
            <column name="po_box"> </column>
            <column name="mail_stop"> </column>
            <column name="city">seoul-si</column>
            <column name="state"> </column>
            <column name="zip"> </column>
            <column name="country">South Korea</column>
            <column name="email_address">Junwhan.Lee@ul.com</column>
            <column name="phone_number">82313379902</column>
            <column name="fax_number">+82-31-213-5433</column>
            <column name="contract">Y</column>
        </table>
        <table name="Results">
            <column name="firm_name">DEKRA Testing and Certification, S.A.U.</column>
            <column name="location">Malaga</column>
            <column name="accreditation">Secretaria de Estado de Telecommunicaciones E Infraestructuras Digitales (SETID)</column>
            <column name="mra">US-EU</column>
            <column name="designation_number">ES0004</column>
            <column name="expiration_date">2024-03-23 00:00:00.0</column>
            <column name="contact">Rafael Lopez Martin</column>
            <column name="contact_title">Mr</column>
            <column name="address">Parque Tecnologico de Andalucia</column>
            <column name="po_box"> </column>
            <column name="mail_stop"> </column>
            <column name="city">Malaga</column>
            <column name="state"> </column>
            <column name="zip">29590</column>
            <column name="country">Spain</column>
            <column name="email_address">rafael.lopez@dekra.com</column>
            <column name="phone_number">34-9562-61 91 00</column>
            <column name="fax_number">34-9562-61 91 13</column>
            <column name="contract">Y</column>
        </table>
        <table name="Results">
            <column name="firm_name">LGAI Technological Center, S.A.</column>
            <column name="location">Bellaterra, Spain</column>
            <column name="accreditation">Secretaria de Estado de Telecommunicaciones E Infraestructuras Digitales (SETID)</column>
            <column name="mra">US-EU</column>
            <column name="designation_number">ES0002</column>
            <column name="expiration_date">2024-02-06 00:00:00.0</column>
            <column name="contact">Javier Ema Lopez</column>
            <column name="contact_title">Sr.</column>
            <column name="address">Campus de la UAB</column>
            <column name="po_box"> </column>
            <column name="mail_stop"> </column>
            <column name="city">Bellaterra, Barcelona</column>
            <column name="state"> </column>
            <column name="zip">08193</column>
            <column name="country">Spain</column>
            <column name="email_address">javier.ema@applus.com</column>
            <column name="phone_number">0034-935672000</column>
            <column name="fax_number">0034-935672001</column>
            <column name="contract">Y</column>
        </table>
        <table name="Results">
            <column name="firm_name">DELTA Development Technology AB</column>
            <column name="location">Sweden</column>
            <column name="accreditation">Swedish Board for Accreditation and Conformity Assessment (SWEDAC)</column>
            <column name="mra">US-EU</column>
            <column name="designation_number">SE0004</column>
            <column name="expiration_date">2024-06-14 00:00:00.0</column>
            <column name="contact">Lars Johnsson</column>
            <column name="contact_title"> </column>
            <column name="address">Finnslatten</column>
            <column name="po_box"> </column>
            <column name="mail_stop"> </column>
            <column name="city">Vasteras</column>
            <column name="state"> </column>
            <column name="zip">721 36</column>
            <column name="country">Sweden</column>
            <column name="email_address">laj@delta.dk</column>
            <column name="phone_number">+46 21314482</column>
            <column name="fax_number">+46 21314481</column>
            <column name="contract">Y</column>
        </table>
        <table name="Results">
            <column name="firm_name">Intertek Semko AB</column>
            <column name="location">Kista, Sweden</column>
            <column name="accreditation">Swedish Board for Accreditation and Conformity Assessment (SWEDAC)</column>
            <column name="mra">US-EU</column>
            <column name="designation_number">SE0002</column>
            <column name="expiration_date">2024-04-27 00:00:00.0</column>
            <column name="contact">Par Iggstrom</column>
            <column name="contact_title">Mr</column>
            <column name="address">Torshamnsgatan 43</column>
            <column name="po_box">Box 1103</column>
            <column name="mail_stop"> </column>
            <column name="city">Kista</column>
            <column name="state"> </column>
            <column name="zip">164 22</column>
            <column name="country">Sweden</column>
            <column name="email_address">par.iggstrom@intertek.com</column>
            <column name="phone_number">+46708750026</column>
            <column name="fax_number">N/A</column>
            <column name="contract">Y</column>
        </table>
        <table name="Results">
            <column name="firm_name">RISE Research Institutes of Sweden AB</column>
            <column name="location">Boraas, Sweden</column>
            <column name="accreditation">Swedish Board for Accreditation and Conformity Assessment (SWEDAC)</column>
            <column name="mra">US-EU</column>
            <column name="designation_number">SE0001</column>
            <column name="expiration_date">2024-01-23 00:00:00.0</column>
            <column name="contact">Daniel Lundgren</column>
            <column name="contact_title">Mr</column>
            <column name="address"> </column>
            <column name="po_box">Box 857</column>
            <column name="mail_stop"> </column>
            <column name="city">S-50115 Boraas</column>
            <column name="state"> </column>
            <column name="zip">501 15</column>
            <column name="country">Sweden</column>
            <column name="email_address">daniel.lundgren@ri.se</column>
            <column name="phone_number">+46 10 516 5836</column>
            <column name="fax_number">N/A</column>
            <column name="contract">Y</column>
        </table>
        <table name="Results">
            <column name="firm_name">TUV Rheinland Sweden AB</column>
            <column name="location">Sweden</column>
            <column name="accreditation">Swedish Board for Accreditation and Conformity Assessment (SWEDAC)</column>
            <column name="mra">US-EU</column>
            <column name="designation_number">SE0005</column>
            <column name="expiration_date">2024-04-19 00:00:00.0</column>
            <column name="contact">Per Isacsson</column>
            <column name="contact_title"> </column>
            <column name="address">Mobilvagen 10</column>
            <column name="po_box">223 62</column>
            <column name="mail_stop"> </column>
            <column name="city">Lund</column>
            <column name="state"> </column>
            <column name="zip"> </column>
            <column name="country">Sweden</column>
            <column name="email_address">per.isacsson@se.tuv.com</column>
            <column name="phone_number">+46769498029</column>
            <column name="fax_number">N/A</column>
            <column name="contract">Y</column>
        </table>
        <table name="Results">
            <column name="firm_name">TUV SUD Sverige AB</column>
            <column name="location">Vasteras (AC Cond and Rad), Kista (conducted only)</column>
            <column name="accreditation">Swedish Board for Accreditation and Conformity Assessment (SWEDAC)</column>
            <column name="mra">US-EU</column>
            <column name="designation_number">SE0006</column>
            <column name="expiration_date">2024-04-06 00:00:00.0</column>
            <column name="contact">Nathan Emery</column>
            <column name="contact_title"> </column>
            <column name="address">Finnslatten Elektronikgatan 47 - 721 36 Vasteras</column>
            <column name="po_box"> </column>
            <column name="mail_stop"> </column>
            <column name="city">Vasteras - Kista</column>
            <column name="state"> </column>
            <column name="zip"> </column>
            <column name="country">Sweden</column>
            <column name="email_address">info@tuv-sud.se</column>
            <column name="phone_number">46(0)725133788</column>
            <column name="fax_number">N/A</column>
            <column name="contract">Y</column>
        </table>
        <table name="Results">
            <column name="firm_name">Eurofins Electric &amp; Electronic Product Testing AG</column>
            <column name="location">Rossens Switzerland</column>
            <column name="accreditation">National Voluntary Laboratory Accreditation Program</column>
            <column name="mra">N/A</column>
            <column name="designation_number">US5001</column>
            <column name="expiration_date">2023-09-30 00:00:00.0</column>
            <column name="contact">Johannes Biner</column>
            <column name="contact_title"> </column>
            <column name="address">Route de Montena 75</column>
            <column name="po_box"> </column>
            <column name="mail_stop"> </column>
            <column name="city">Rossens</column>
            <column name="state"> </column>
            <column name="zip">1728</column>
            <column name="country">Switzerland</column>
            <column name="email_address">JohannesBiner@eurofins.ch</column>
            <column name="phone_number">41-79-256-21-55</column>
            <column name="fax_number">N/A</column>
            <column name="contract">Y</column>
        </table>
        <table name="Results">
            <column name="firm_name">Action Technology Patent Co., Ltd</column>
            <column name="location">No. 10-2,Taihe,Wanli Dist.,New Taipei City,Taiwan</column>
            <column name="accreditation">Bureau of Standards, Metrology and Inspection</column>
            <column name="mra">APEC TEL</column>
            <column name="designation_number">TW1128</column>
            <column name="expiration_date">2024-10-19 00:00:00.0</column>
            <column name="contact">Hank Yen</column>
            <column name="contact_title">Laboratory Head</column>
            <column name="address">No. 10-2, Taihe, Wanli Dist.,</column>
            <column name="po_box"> </column>
            <column name="mail_stop"> </column>
            <column name="city">New Taipei City</column>
            <column name="state"> </column>
            <column name="zip">207</column>
            <column name="country">Taiwan</column>
            <column name="email_address">hank@action-inc.com.tw</column>
            <column name="phone_number">+886-2-2492-9458</column>
            <column name="fax_number">+886-2-2492-9256</column>
            <column name="contract">Y</column>
        </table>
        <table name="Results">
            <column name="firm_name">Audix Technology Corporation</column>
            <column name="location">Linkou Dist. New Taipei City Taiwan R.O.C.</column>
            <column name="accreditation">National Communications Commission</column>
            <column name="mra">APEC TEL</column>
            <column name="designation_number">TW1724</column>
            <column name="expiration_date">2023-11-25 00:00:00.0</column>
            <column name="contact">Allen Wang</column>
            <column name="contact_title">Assistant General Manager</column>
            <column name="address">No. 491, Zhongfu Rd., Linkou Dist.</column>
            <column name="po_box"> </column>
            <column name="mail_stop"> </column>
            <column name="city">New Taipei City</column>
            <column name="state"> </column>
            <column name="zip"> </column>
            <column name="country">Taiwan</column>
            <column name="email_address">allen_wang@audixtech.com</column>
            <column name="phone_number">886226092133</column>
            <column name="fax_number">886226099303</column>
            <column name="contract">Y</column>
        </table>
        <table name="Results">
            <column name="firm_name">Audix Technology Corporation</column>
            <column name="location">No.67-4, Dingfu, Linkou Dist, New Taipei City</column>
            <column name="accreditation">Bureau of Standards, Metrology and Inspection</column>
            <column name="mra">APEC TEL</column>
            <column name="designation_number">TW1090</column>
            <column name="expiration_date">2024-11-26 00:00:00.0</column>
            <column name="contact">Leon Liu</column>
            <column name="contact_title">Deputy General Manager</column>
            <column name="address">No.67-4, Dingfu, Linkou Dist</column>
            <column name="po_box"> </column>
            <column name="mail_stop"> </column>
            <column name="city">New Taipei City</column>
            <column name="state"> </column>
            <column name="zip"> </column>
            <column name="country">Taiwan</column>
            <column name="email_address">leon@audixtech.com</column>
            <column name="phone_number">886-2-26092133</column>
            <column name="fax_number">886-2-26099303</column>
            <column name="contract">Y</column>
        </table>
        <table name="Results">
            <column name="firm_name">Audix Technology Corporation</column>
            <column name="location">No.491,Zhongfu Rd.,Linkou Dist.,New Taipei City</column>
            <column name="accreditation">Bureau of Standards, Metrology and Inspection</column>
            <column name="mra">APEC TEL</column>
            <column name="designation_number">TW1004</column>
            <column name="expiration_date">2024-11-26 00:00:00.0</column>
            <column name="contact">Leon Liu</column>
            <column name="contact_title">Deputy General Manager</column>
            <column name="address">No. 491, Zhongfu Rd., Linkou Dist.,</column>
            <column name="po_box"> </column>
            <column name="mail_stop"> </column>
            <column name="city">New Taipei City</column>
            <column name="state"> </column>
            <column name="zip">244</column>
            <column name="country">Taiwan</column>
            <column name="email_address">leon@audixtech.com</column>
            <column name="phone_number">886-2-26092133</column>
            <column name="fax_number">886-2-26099303</column>
            <column name="contract">Y</column>
        </table>
        <table name="Results">
            <column name="firm_name">BAY AREA COMPLIANCE LABORATORIES CORP.</column>
            <column name="location">Xizhi Dist. New Taipei City 221 Taiwan R.O.C.</column>
            <column name="accreditation">National Communications Commission</column>
            <column name="mra">APEC TEL</column>
            <column name="designation_number">TW3732</column>
            <column name="expiration_date">2024-02-25 00:00:00.0</column>
            <column name="contact">Gimmy Tsai</column>
            <column name="contact_title">Technical Director</column>
            <column name="address">No.70, Ln. 169, Sec. 2, Datong Rd., Xizhi Dist.</column>
            <column name="po_box"> </column>
            <column name="mail_stop"> </column>
            <column name="city">New Taipei City</column>
            <column name="state"> </column>
            <column name="zip"> </column>
            <column name="country">Taiwan</column>
            <column name="email_address">gimmy.tsai@baclcorp.com</column>
            <column name="phone_number">+886-2-2647-6898</column>
            <column name="fax_number">+886-2-2647-6895</column>
            <column name="contract">Y</column>
        </table>
        <table name="Results">
            <column name="firm_name">BTL Inc.</column>
            <column name="location">Jiuzong Rd. Neihu City Taipei City 114 Taiwan</column>
            <column name="accreditation">National Communications Commission</column>
            <column name="mra">APEC TEL</column>
            <column name="designation_number">TW0030</column>
            <column name="expiration_date">2023-10-31 00:00:00.0</column>
            <column name="contact">Andy Yeh</column>
            <column name="contact_title">QA Dept.</column>
            <column name="address">No. 18, Lane 171, Sec. 2, Jiuzong Rd.</column>
            <column name="po_box"> </column>
            <column name="mail_stop"> </column>
            <column name="city">Neihu Dist .</column>
            <column name="state"> </column>
            <column name="zip"> </column>
            <column name="country">Taiwan</column>
            <column name="email_address">Andy.Yeh@newbtl.com</column>
            <column name="phone_number">+886-2-2641-8198</column>
            <column name="fax_number">+886-2-2641-8698</column>
            <column name="contract">Y</column>
        </table>
        <table name="Results">
            <column name="firm_name">BTL Inc.</column>
            <column name="location">Xizhi Dist New Taipei City Taiwan</column>
            <column name="accreditation">National Communications Commission</column>
            <column name="mra">APEC TEL</column>
            <column name="designation_number">TW0659</column>
            <column name="expiration_date">2023-10-31 00:00:00.0</column>
            <column name="contact">Wesley Chiu</column>
            <column name="contact_title">Associate General Manager</column>
            <column name="address">NO. 68-1, Ln. 169, Sec. 2, Datong Rd., Xizhi Dist.</column>
            <column name="po_box"> </column>
            <column name="mail_stop"> </column>
            <column name="city">New Taipei City</column>
            <column name="state"> </column>
            <column name="zip"> </column>
            <column name="country">Taiwan</column>
            <column name="email_address">Andy.Chiu@newbtl.com</column>
            <column name="phone_number">+886-2-2641-8198</column>
            <column name="fax_number">+886-2-2641-8698</column>
            <column name="contract">Y</column>
        </table>
        <table name="Results">
            <column name="firm_name">BTL Inc.</column>
            <column name="location">No68-1,Ln169,Sec2,DatongRd,XizhiDist,NewTaipeiCity</column>
            <column name="accreditation">Bureau of Standards, Metrology and Inspection</column>
            <column name="mra">APEC TEL</column>
            <column name="designation_number">TW1099</column>
            <column name="expiration_date">2024-08-20 00:00:00.0</column>
            <column name="contact">Jackie Chiu</column>
            <column name="contact_title">Quality manager</column>
            <column name="address">No. 66, Ln 169, Sec 2, Datong Rd., Xizhi Dist,</column>
            <column name="po_box"> </column>
            <column name="mail_stop"> </column>
            <column name="city">New Taipei City</column>
            <column name="state"> </column>
            <column name="zip"> </column>
            <column name="country">Taiwan</column>
            <column name="email_address">jackie@newbtl.com</column>
            <column name="phone_number">+886-2-2641-8198</column>
            <column name="fax_number">+886-2-2641-8698</column>
            <column name="contract">Y</column>
        </table>
        <table name="Results">
            <column name="firm_name">BTL Inc.</column>
            <column name="location">No.18,Ln.171,Sec.2,Jiuzong Rd.,Neihu Dist.,Taipei</column>
            <column name="accreditation">Bureau of Standards, Metrology and Inspection</column>
            <column name="mra">APEC TEL</column>
            <column name="designation_number">TW1115</column>
            <column name="expiration_date">2024-08-20 00:00:00.0</column>
            <column name="contact">Jackie Chiu</column>
            <column name="contact_title">Quality manager</column>
            <column name="address">No. 66, Ln. 169, Sec. 2, Datong Rd., Xizhi Dist.</column>
            <column name="po_box"> </column>
            <column name="mail_stop"> </column>
            <column name="city">New Taipei City</column>
            <column name="state"> </column>
            <column name="zip"> </column>
            <column name="country">Taiwan</column>
            <column name="email_address">jackie@newbtl.com</column>
            <column name="phone_number">+886-2-2641-8198</column>
            <column name="fax_number">+886-2-2641-8698</column>
            <column name="contract">Y</column>
        </table>
        <table name="Results">
            <column name="firm_name">Bay Area Compliance Laboratories Corp.(Linkou Lab)</column>
            <column name="location">Guishan Dist. Taoyuan City 333 Taiwan (R.O.C)</column>
            <column name="accreditation">National Communications Commission</column>
            <column name="mra">APEC TEL</column>
            <column name="designation_number">TW3546</column>
            <column name="expiration_date">2024-07-25 00:00:00.0</column>
            <column name="contact">Gimmy Tsai</column>
            <column name="contact_title">Lab Manager</column>
            <column name="address">No.6, Wende 2nd Rd., Guishan Dist.</column>
            <column name="po_box"> </column>
            <column name="mail_stop"> </column>
            <column name="city">Taoyuan City</column>
            <column name="state"> </column>
            <column name="zip"> </column>
            <column name="country">Taiwan</column>
            <column name="email_address">gimmy.tsai@baclcorp.com</column>
            <column name="phone_number">886-3-3961072</column>
            <column name="fax_number">+886-3-396-1027</column>
            <column name="contract">Y</column>
        </table>
        <table name="Results">
            <column name="firm_name">Bay Area Compliance Laboratories Corp.(Linkou Lab)</column>
            <column name="location">No.6, Wende 2nd Rd., Guishan Dist., Taoyuan City</column>
            <column name="accreditation">Bureau of Standards, Metrology and Inspection</column>
            <column name="mra">APEC TEL</column>
            <column name="designation_number">TW1119</column>
            <column name="expiration_date">2024-03-31 00:00:00.0</column>
            <column name="contact">Gimmy Tsai</column>
            <column name="contact_title">Lab Manager</column>
            <column name="address">No.6, Wende 2nd Rd., Guishan Dist.</column>
            <column name="po_box"> </column>
            <column name="mail_stop"> </column>
            <column name="city">Taoyuan City</column>
            <column name="state"> </column>
            <column name="zip"> </column>
            <column name="country">Taiwan</column>
            <column name="email_address">gimmy.tsai@baclcorp.com</column>
            <column name="phone_number">+886-3-396-1072</column>
            <column name="fax_number">+886-3-396-1027</column>
            <column name="contract">Y</column>
        </table>
        <table name="Results">
            <column name="firm_name">Bureau Veritas CPS (H.K.) Ltd., Taoyuan Branch</column>
            <column name="location">No.49, Ln. 206, Wende Rd., Shangshan Tsuen</column>
            <column name="accreditation">Bureau of Standards, Metrology and Inspection</column>
            <column name="mra">APEC TEL</column>
            <column name="designation_number">TW1058</column>
            <column name="expiration_date">2023-08-06 00:00:00.0</column>
            <column name="contact">Richard Chen</column>
            <column name="contact_title">Quality Manager</column>
            <column name="address">No.49, Ln. 206, Wende Rd., Shangshan Tsuen,</column>
            <column name="po_box"> </column>
            <column name="mail_stop"> </column>
            <column name="city">Hsin Chu Hsien</column>
            <column name="state"> </column>
            <column name="zip"> </column>
            <column name="country">Taiwan</column>
            <column name="email_address">richard.chen@bureauveritas.com</column>
            <column name="phone_number">+886-3-2600884</column>
            <column name="fax_number">+886-3-2115834</column>
            <column name="contract">Y</column>
        </table>
        <table name="Results">
            <column name="firm_name">Bureau Veritas CPS (H.K.) Ltd., Taoyuan Branch</column>
            <column name="location">No.19,Hwa Ya 2nd Rd.,Wen Hwa Vil.,Kwei shan Dist.</column>
            <column name="accreditation">Bureau of Standards, Metrology and Inspection</column>
            <column name="mra">APEC TEL</column>
            <column name="designation_number">TW1050</column>
            <column name="expiration_date">2023-08-06 00:00:00.0</column>
            <column name="contact">Richard Chen</column>
            <column name="contact_title">Quality Manager</column>
            <column name="address">No. 19, Hwa Ya 2nd Rd., Wen Hwa Vil.,</column>
            <column name="po_box"> </column>
            <column name="mail_stop"> </column>
            <column name="city">Taoyuan City</column>
            <column name="state"> </column>
            <column name="zip"> </column>
            <column name="country">Taiwan</column>
            <column name="email_address">richard.chen@bureauveritas.com</column>
            <column name="phone_number">+886-(0)3-260-0884</column>
            <column name="fax_number">+886-(0)3-211-5834</column>
            <column name="contract">Y</column>
        </table>
        <table name="Results">
            <column name="firm_name">Bureau Veritas CPS (H.K.) Ltd., Taoyuan Branch</column>
            <column name="location">E-2, No.1, Li Hsin 1st Road, Hsinchu Science Park</column>
            <column name="accreditation">Bureau of Standards, Metrology and Inspection</column>
            <column name="mra">APEC TEL</column>
            <column name="designation_number">TW1085</column>
            <column name="expiration_date">2023-08-06 00:00:00.0</column>
            <column name="contact">Richard Chen</column>
            <column name="contact_title">Quality Manager</column>
            <column name="address">E-2, No.1, Li Hsin 1st Road, Hsinchu Science Park</column>
            <column name="po_box"> </column>
            <column name="mail_stop"> </column>
            <column name="city">Hsinchu City</column>
            <column name="state"> </column>
            <column name="zip"> </column>
            <column name="country">Taiwan</column>
            <column name="email_address">richard.chen@bureauveritas.com</column>
            <column name="phone_number">+886-3-2600884</column>
            <column name="fax_number">+886-3-2115834</column>
            <column name="contract">Y</column>
        </table>
        <table name="Results">
            <column name="firm_name">Bureau Veritas CPS(H.K.) Ltd., Taoyuan Branch</column>
            <column name="location">Kwei Shan Dist. Taoyuan City Taiwan</column>
            <column name="accreditation">National Communications Commission</column>
            <column name="mra">APEC TEL</column>
            <column name="designation_number">TW0003</column>
            <column name="expiration_date">2023-08-06 00:00:00.0</column>
            <column name="contact">Eric Lin</column>
            <column name="contact_title">Director</column>
            <column name="address">No.19, Hwa Ya 2nd Rd., Wen Hwa Vil.</column>
            <column name="po_box"> </column>
            <column name="mail_stop"> </column>
            <column name="city">Taoyuan City</column>
            <column name="state"> </column>
            <column name="zip"> </column>
            <column name="country">Taiwan</column>
            <column name="email_address">eric-wp.lin@bureauveritas.com</column>
            <column name="phone_number">+886-3-2600858</column>
            <column name="fax_number">+886-3-2115834</column>
            <column name="contract">Y</column>
        </table>
        <table name="Results">
            <column name="firm_name">Bureau Veritas CPS(H.K.) Ltd., Taoyuan Branch</column>
            <column name="location">Guishan Dist. Taoyuan City 333 Taiwan R.O.C.</column>
            <column name="accreditation">National Communications Commission</column>
            <column name="mra">APEC TEL</column>
            <column name="designation_number">TW0032</column>
            <column name="expiration_date">2023-08-06 00:00:00.0</column>
            <column name="contact">Eric Lin</column>
            <column name="contact_title">Director</column>
            <column name="address">No. 70, Wenming Rd., Guishan Dist.</column>
            <column name="po_box"> </column>
            <column name="mail_stop"> </column>
            <column name="city">Taoyuan City</column>
            <column name="state"> </column>
            <column name="zip"> </column>
            <column name="country">Taiwan</column>
            <column name="email_address">eric-wp.lin@bureauveritas.com</column>
            <column name="phone_number">+886-3-2600858</column>
            <column name="fax_number">+886-3-2115834</column>
            <column name="contract">Y</column>
        </table>
        <table name="Results">
            <column name="firm_name">Bureau Veritas CPS(H.K.) Ltd., Taoyuan Branch</column>
            <column name="location">Chiung Lin Hsiang Hsin Chu Hsien Taiwan</column>
            <column name="accreditation">National Communications Commission</column>
            <column name="mra">APEC TEL</column>
            <column name="designation_number">TW0004</column>
            <column name="expiration_date">2023-08-06 00:00:00.0</column>
            <column name="contact">Eric Lin</column>
            <column name="contact_title">Director</column>
            <column name="address">No.49, Ln. 206, Wende Rd., Shangshan Tsuen</column>
            <column name="po_box"> </column>
            <column name="mail_stop"> </column>
            <column name="city">Hsin Chu Hsien</column>
            <column name="state"> </column>
            <column name="zip"> </column>
            <column name="country">Taiwan</column>
            <column name="email_address">eric-wp.lin@bureauveritas.com</column>
            <column name="phone_number">+886-3-2600858</column>
            <column name="fax_number">+886-3-2115834</column>
            <column name="contract">Y</column>
        </table>
        <table name="Results">
            <column name="firm_name">Bureau Veritas CPS(H.K.) Ltd., Taoyuan Branch</column>
            <column name="location">Hsinchu Science Park Hsinchu City Taiwan</column>
            <column name="accreditation">National Communications Commission</column>
            <column name="mra">APEC TEL</column>
            <column name="designation_number">TW2022</column>
            <column name="expiration_date">2023-08-06 00:00:00.0</column>
            <column name="contact">Eric Lin</column>
            <column name="contact_title">Director</column>
            <column name="address">E-2, No.1, Li Hsin 1st Road, Hsinchu Science Park</column>
            <column name="po_box"> </column>
            <column name="mail_stop"> </column>
            <column name="city">Hsinchu City</column>
            <column name="state"> </column>
            <column name="zip"> </column>
            <column name="country">Taiwan</column>
            <column name="email_address">eric-wp.lin@bureauveritas.com</column>
            <column name="phone_number">+886-3-2600858</column>
            <column name="fax_number">+886-3-2115834</column>
            <column name="contract">Y</column>
        </table>
        <table name="Results">
            <column name="firm_name">Bureau Veritas CPS(H.K.) Ltd., Taoyuan Branch</column>
            <column name="location">Xindian Dist. New Taipei City 231 Taiwan R.O.C.</column>
            <column name="accreditation">National Communications Commission</column>
            <column name="mra">APEC TEL</column>
            <column name="designation_number">TW0011</column>
            <column name="expiration_date">2023-08-06 00:00:00.0</column>
            <column name="contact">Eric Lin</column>
            <column name="contact_title">Director</column>
            <column name="address">B2F., No.215, Sec. 3, Beixin Rd., Xindian Dist.</column>
            <column name="po_box"> </column>
            <column name="mail_stop"> </column>
            <column name="city">New Taipei City</column>
            <column name="state"> </column>
            <column name="zip"> </column>
            <column name="country">Taiwan</column>
            <column name="email_address">eric-wp.lin@bureauveritas.com</column>
            <column name="phone_number">+886-3-2600858</column>
            <column name="fax_number">+886-3-2115834</column>
            <column name="contract">Y</column>
        </table>
        <table name="Results">
            <column name="firm_name">Bureau Veritas CPS(H.K.) Ltd., Taoyuan Branch</column>
            <column name="location">No 47-2 Chia Pau Vil Lin Kou New Taipei Taiwan</column>
            <column name="accreditation">National Communications Commission</column>
            <column name="mra">APEC TEL</column>
            <column name="designation_number">TW2021</column>
            <column name="expiration_date">2023-08-06 00:00:00.0</column>
            <column name="contact">Eric Lin</column>
            <column name="contact_title">Director</column>
            <column name="address">No. 47-2, 14th Ling, Chia Pau Vil., Lin Kou Dist.</column>
            <column name="po_box"> </column>
            <column name="mail_stop"> </column>
            <column name="city">New Taipei City</column>
            <column name="state"> </column>
            <column name="zip"> </column>
            <column name="country">Taiwan</column>
            <column name="email_address">eric-wp.lin@bureauveritas.com</column>
            <column name="phone_number">+886-3-2600858</column>
            <column name="fax_number">+886-3-211-5834</column>
            <column name="contract">Y</column>
        </table>
        <table name="Results">
            <column name="firm_name">Bureau Veritas CPS(H.K.) Ltd., Taoyuan Branch</column>
            <column name="location">No. 47-2, 14th Ling, Chia Pau Vil., Lin Kou Dist.</column>
            <column name="accreditation">Bureau of Standards, Metrology and Inspection</column>
            <column name="mra">APEC TEL</column>
            <column name="designation_number">TW1078</column>
            <column name="expiration_date">2023-08-06 00:00:00.0</column>
            <column name="contact">Richard Chen</column>
            <column name="contact_title">Quality Manager</column>
            <column name="address">No. 47-2, 14th Ling, Chia Pau Vil., Lin Kou Dist.</column>
            <column name="po_box"> </column>
            <column name="mail_stop"> </column>
            <column name="city">New Taipei City</column>
            <column name="state"> </column>
            <column name="zip"> </column>
            <column name="country">Taiwan</column>
            <column name="email_address">richard.chen@bureauveritas.com</column>
            <column name="phone_number">+886-(0)3-260-0884</column>
            <column name="fax_number">+886-(0)3-211-5834</column>
            <column name="contract">Y</column>
        </table>
        <table name="Results">
            <column name="firm_name">Central Research Technology Co.</column>
            <column name="location">Jungshan Chiu Taipei Taiwan</column>
            <column name="accreditation">National Communications Commission</column>
            <column name="mra">APEC TEL</column>
            <column name="designation_number">TW0019</column>
            <column name="expiration_date">2023-08-13 00:00:00.0</column>
            <column name="contact">Jim CHIEN</column>
            <column name="contact_title">Laboratory Head</column>
            <column name="address">11, Lane 41, Fushuen St. Jungshan Chiu</column>
            <column name="po_box"> </column>
            <column name="mail_stop"> </column>
            <column name="city">Taipei</column>
            <column name="state"> </column>
            <column name="zip"> </column>
            <column name="country">Taiwan</column>
            <column name="email_address">jim@crc-lab.com</column>
            <column name="phone_number">+886-2-2587-2719</column>
            <column name="fax_number">+886-2-2585-0364</column>
            <column name="contract">Y</column>
        </table>
        <table name="Results">
            <column name="firm_name">Central Research Technology Co.</column>
            <column name="location">11, Lane 41, Fushuen St., Jungshan Chiu, Taipei</column>
            <column name="accreditation">Bureau of Standards, Metrology and Inspection</column>
            <column name="mra">APEC TEL</column>
            <column name="designation_number">TW1104</column>
            <column name="expiration_date">2023-08-13 00:00:00.0</column>
            <column name="contact">Jim CHIEN</column>
            <column name="contact_title">Laboratory Head</column>
            <column name="address">11, Lane 41, Fushuen St., Jungshan Chiu,</column>
            <column name="po_box"> </column>
            <column name="mail_stop"> </column>
            <column name="city">Taipei</column>
            <column name="state"> </column>
            <column name="zip"> </column>
            <column name="country">Taiwan</column>
            <column name="email_address">jim@crc-lab.com</column>
            <column name="phone_number">886-2-25872719</column>
            <column name="fax_number">886-2-25850364</column>
            <column name="contract">Y</column>
        </table>
        <table name="Results">
            <column name="firm_name">Cerpass Technology Corporation Test Laboratory</column>
            <column name="location">Luzhu District Taoyuan City Taiwan ROC</column>
            <column name="accreditation">National Communications Commission</column>
            <column name="mra">APEC TEL</column>
            <column name="designation_number">TW1439</column>
            <column name="expiration_date">2023-07-08 00:00:00.0</column>
            <column name="contact">Ben Wang</column>
            <column name="contact_title">Manager</column>
            <column name="address">No.10 Lane2 Lianfu Street Luzhu District</column>
            <column name="po_box"> </column>
            <column name="mail_stop"> </column>
            <column name="city">Taoyuan City</column>
            <column name="state"> </column>
            <column name="zip"> </column>
            <column name="country">Taiwan</column>
            <column name="email_address">benw@cerpass.com.tw</column>
            <column name="phone_number">88633226888</column>
            <column name="fax_number">+886-3-3226-881</column>
            <column name="contract">Y</column>
        </table>
        <table name="Results">
            <column name="firm_name">Cerpass technology corporation Test Laboratory</column>
            <column name="location">No.10,Ln. 2,Lianfu St.,Luzhu Dist.,Taoyuan City</column>
            <column name="accreditation">Bureau of Standards, Metrology and Inspection</column>
            <column name="mra">APEC TEL</column>
            <column name="designation_number">TW1079</column>
            <column name="expiration_date">2023-07-08 00:00:00.0</column>
            <column name="contact">Ben Wang</column>
            <column name="contact_title">Manager</column>
            <column name="address">No.10, Lane 2, Lianfu Street, Luzhu District,</column>
            <column name="po_box">33848</column>
            <column name="mail_stop"> </column>
            <column name="city">Taoyuan City</column>
            <column name="state"> </column>
            <column name="zip"> </column>
            <column name="country">Taiwan</column>
            <column name="email_address">benw@cerpass.com.tw</column>
            <column name="phone_number">+886-3-3226888</column>
            <column name="fax_number">+886-3-3226881</column>
            <column name="contract">Y</column>
        </table>
        <table name="Results">
            <column name="firm_name">Compliance Certification Services Inc.</column>
            <column name="location">Rende, Tainan 717017 , Taiwan</column>
            <column name="accreditation">National Communications Commission</column>
            <column name="mra">APEC TEL</column>
            <column name="designation_number">TW0035</column>
            <column name="expiration_date">2024-11-10 00:00:00.0</column>
            <column name="contact">Daphne Liang</column>
            <column name="contact_title">Section Manager</column>
            <column name="address">No.168,Ln.523,Sec.3,Zhongzheng Rd.,Rende Dicstric</column>
            <column name="po_box"> </column>
            <column name="mail_stop"> </column>
            <column name="city">Tainan City</column>
            <column name="state"> </column>
            <column name="zip">717017</column>
            <column name="country">Taiwan</column>
            <column name="email_address">daphne.liang@sgs.com</column>
            <column name="phone_number">+886 6-580-2201</column>
            <column name="fax_number">N/A</column>
            <column name="contract">Y</column>
        </table>
        <table name="Results">
            <column name="firm_name">Compliance Certification Services Inc.</column>
            <column name="location">No.199,Jhongsheng Rd,Xindian Dist,New Taipei City</column>
            <column name="accreditation">Bureau of Standards, Metrology and Inspection</column>
            <column name="mra">APEC TEL</column>
            <column name="designation_number">TW1105</column>
            <column name="expiration_date">2023-09-01 00:00:00.0</column>
            <column name="contact">Rick Yeo</column>
            <column name="contact_title">Manager</column>
            <column name="address">No. 163-1, Jhongsheng Rd., Xindian Dist.,</column>
            <column name="po_box"> </column>
            <column name="mail_stop"> </column>
            <column name="city">New Taipei City</column>
            <column name="state"> </column>
            <column name="zip"> </column>
            <column name="country">Taiwan</column>
            <column name="email_address">Rick.yeo@sgs.com</column>
            <column name="phone_number">886-2-22170894</column>
            <column name="fax_number">886-2-22171751</column>
            <column name="contract">Y</column>
        </table>
        <table name="Results">
            <column name="firm_name">Compliance Certification Services Inc.</column>
            <column name="location">No. 168, Ln.523,Sec.3, Zhongzheng Rd., Rende Dist.</column>
            <column name="accreditation">Bureau of Standards, Metrology and Inspection</column>
            <column name="mra">APEC TEL</column>
            <column name="designation_number">TW1142</column>
            <column name="expiration_date">2025-01-12 00:00:00.0</column>
            <column name="contact">Daphne Liang</column>
            <column name="contact_title"> </column>
            <column name="address">No. 168, Ln.523,Sec.3, Zhongzheng Rd., Rende Dist.</column>
            <column name="po_box"> </column>
            <column name="mail_stop"> </column>
            <column name="city">Tainan</column>
            <column name="state"> </column>
            <column name="zip"> </column>
            <column name="country">Taiwan</column>
            <column name="email_address">Daphne.liang@sgs.com</column>
            <column name="phone_number">886-6-5802201</column>
            <column name="fax_number">886-6-5802202</column>
            <column name="contract">Y</column>
        </table>
        <table name="Results">
            <column name="firm_name">Compliance Certification Services Inc.</column>
            <column name="location">No.163-1,Jhongsheng Rd,Xindian,New Taipei City</column>
            <column name="accreditation">Bureau of Standards, Metrology and Inspection</column>
            <column name="mra">APEC TEL</column>
            <column name="designation_number">TW1029</column>
            <column name="expiration_date">2023-09-01 00:00:00.0</column>
            <column name="contact">Rick Yeo</column>
            <column name="contact_title">Manager</column>
            <column name="address">No. 163-1, Jhongsheng Rd., Xindian Dist.,</column>
            <column name="po_box"> </column>
            <column name="mail_stop"> </column>
            <column name="city">New Taipei City</column>
            <column name="state"> </column>
            <column name="zip">23151</column>
            <column name="country">Taiwan</column>
            <column name="email_address">Rick.yeo@sgs.com</column>
            <column name="phone_number">886-2-22170894</column>
            <column name="fax_number">886-2-22171751</column>
            <column name="contract">Y</column>
        </table>
        <table name="Results">
            <column name="firm_name">Compliance Certification Services Inc.</column>
            <column name="location">No. 8, Jiucengling, Xinhua Dist., Tainan County</column>
            <column name="accreditation">Bureau of Standards, Metrology and Inspection</column>
            <column name="mra">APEC TEL</column>
            <column name="designation_number">TW1037</column>
            <column name="expiration_date">2025-01-12 00:00:00.0</column>
            <column name="contact">Tommy WU</column>
            <column name="contact_title">Section Manager</column>
            <column name="address">No. 8, Jiucengling, Xinhua Dist., Tainan City</column>
            <column name="po_box"> </column>
            <column name="mail_stop"> </column>
            <column name="city">Tainan</column>
            <column name="state"> </column>
            <column name="zip"> </column>
            <column name="country">Taiwan</column>
            <column name="email_address">Daphne.liang@sgs.com</column>
            <column name="phone_number">886-6-5802201</column>
            <column name="fax_number">886-6-5802202</column>
            <column name="contract">Y</column>
        </table>
        <table name="Results">
            <column name="firm_name">Compliance Certification Services Inc.</column>
            <column name="location">No.139,Wugong Rd.,Wugu Dist.,New Taipei City,R.O.C</column>
            <column name="accreditation">Bureau of Standards, Metrology and Inspection</column>
            <column name="mra">APEC TEL</column>
            <column name="designation_number">TW1039</column>
            <column name="expiration_date">2024-07-11 00:00:00.0</column>
            <column name="contact">Hank Lee</column>
            <column name="contact_title">Senior Engineer</column>
            <column name="address">No.139, Wugong Rd., Wugu Dist.</column>
            <column name="po_box">24891</column>
            <column name="mail_stop"> </column>
            <column name="city">New Taipei City</column>
            <column name="state"> </column>
            <column name="zip">24891</column>
            <column name="country">Taiwan</column>
            <column name="email_address">hank.lee@sgs.com</column>
            <column name="phone_number">886-2-22999720</column>
            <column name="fax_number">886-2-22999721</column>
            <column name="contract">Y</column>
        </table>
        <table name="Results">
            <column name="firm_name">Compliance Certification Services Inc. Tainan Lab.</column>
            <column name="location">Xinhua Dist. Tainan City Taiwan</column>
            <column name="accreditation">National Communications Commission</column>
            <column name="mra">APEC TEL</column>
            <column name="designation_number">TW1109</column>
            <column name="expiration_date">2024-09-10 00:00:00.0</column>
            <column name="contact">Tommy Wu</column>
            <column name="contact_title">QA Manager</column>
            <column name="address">No.8, Jiucengling, Xinhua Dist.</column>
            <column name="po_box"> </column>
            <column name="mail_stop"> </column>
            <column name="city">Tainan City</column>
            <column name="state"> </column>
            <column name="zip"> </column>
            <column name="country">Taiwan</column>
            <column name="email_address">Tommy.Wu@sgs.com</column>
            <column name="phone_number">+886 2-2299-3270</column>
            <column name="fax_number">+886-2-2299-1882</column>
            <column name="contract">Y</column>
        </table>
        <table name="Results">
            <column name="firm_name">Compliance Certification Services Inc. Wugu Lab.</column>
            <column name="location">No.11, Wugong 6th Rd., Wugu Dist.</column>
            <column name="accreditation">National Communications Commission</column>
            <column name="mra">APEC TEL</column>
            <column name="designation_number">TW1309</column>
            <column name="expiration_date">2024-10-05 00:00:00.0</column>
            <column name="contact">Hank Lee</column>
            <column name="contact_title">Engineer</column>
            <column name="address">No.11, Wugong 6th Rd., Wugu Dist.</column>
            <column name="po_box"> </column>
            <column name="mail_stop"> </column>
            <column name="city">New Taipei City</column>
            <column name="state"> </column>
            <column name="zip"> </column>
            <column name="country">Taiwan</column>
            <column name="email_address">hank.lee@sgs.com</column>
            <column name="phone_number">886-2-2299-9720</column>
            <column name="fax_number">+886-2-2299-9721</column>
            <column name="contract">Y</column>
        </table>
        <table name="Results">
            <column name="firm_name">DEKRA TESTING AND CERTIFICATION CO., LTD.</column>
            <column name="location">Zhudong Township Hsinchu County 310 Taiwan R.O.C.</column>
            <column name="accreditation">Bureau of Standards, Metrology and Inspection</column>
            <column name="mra">APEC TEL</column>
            <column name="designation_number">TW1047</column>
            <column name="expiration_date">2024-08-01 00:00:00.0</column>
            <column name="contact">Warren Lin</column>
            <column name="contact_title">QC Specialist</column>
            <column name="address">No.372-2, Sec. 4, Zhongxing Rd.,</column>
            <column name="po_box"> </column>
            <column name="mail_stop"> </column>
            <column name="city">Hsinchu County</column>
            <column name="state"> </column>
            <column name="zip">310</column>
            <column name="country">Taiwan</column>
            <column name="email_address">warren.lin@dekra.com</column>
            <column name="phone_number">+886-3-582-8001</column>
            <column name="fax_number">+886-3-582-8958</column>
            <column name="contract">Y</column>
        </table>
        <table name="Results">
            <column name="firm_name">DEKRA TESTING AND CERTIFICATION CO., LTD. LinKou</column>
            <column name="location">No. 26 Huaya 1st Rd. Guishan Dist. Taoyuan City</column>
            <column name="accreditation">National Communications Commission</column>
            <column name="mra">APEC TEL</column>
            <column name="designation_number">TW0033</column>
            <column name="expiration_date">2023-12-12 00:00:00.0</column>
            <column name="contact">Mirenda Liao</column>
            <column name="contact_title">Senior QC Specialist</column>
            <column name="address">No. 26, Huaya 1st Rd., Guishan Dist.,</column>
            <column name="po_box"> </column>
            <column name="mail_stop"> </column>
            <column name="city">Taoyuan City</column>
            <column name="state"> </column>
            <column name="zip"> </column>
            <column name="country">Taiwan</column>
            <column name="email_address">mirenda.liao@dekra.com</column>
            <column name="phone_number">+886-2-2602-7968</column>
            <column name="fax_number">+886-2-2602-3286</column>
            <column name="contract">Y</column>
        </table>
        <table name="Results">
            <column name="firm_name">DEKRA TESTING AND CERTIFICATION CO., LTD. LinKou</column>
            <column name="location">Linkou Dist. New Taipei City Taiwan R.O.C.</column>
            <column name="accreditation">National Communications Commission</column>
            <column name="mra">APEC TEL</column>
            <column name="designation_number">TW0031</column>
            <column name="expiration_date">2023-12-12 00:00:00.0</column>
            <column name="contact">Mirenda Liao</column>
            <column name="contact_title">Senior QC Specialist</column>
            <column name="address">No. 6, Lane 75, Wenlin St., Linkou Dist.</column>
            <column name="po_box"> </column>
            <column name="mail_stop"> </column>
            <column name="city">New Taipei City</column>
            <column name="state"> </column>
            <column name="zip"> </column>
            <column name="country">Taiwan</column>
            <column name="email_address">mirenda.liao@dekra.com</column>
            <column name="phone_number">+886-2-2602-7968</column>
            <column name="fax_number">+886-2-2602-3286</column>
            <column name="contract">Y</column>
        </table>
        <table name="Results">
            <column name="firm_name">DEKRA TESTING AND CERTIFICATION CO., LTD. LinKou</column>
            <column name="location">No. 26, Huaya 1st Rd., Guishan Dist., Taoyuan</column>
            <column name="accreditation">Bureau of Standards, Metrology and Inspection</column>
            <column name="mra">APEC TEL</column>
            <column name="designation_number">TW1134</column>
            <column name="expiration_date">2023-12-12 00:00:00.0</column>
            <column name="contact">Mirenda Liao</column>
            <column name="contact_title">Senior QC Specialist</column>
            <column name="address">No.5-22, Ruishukeng, Linkou Dist.,</column>
            <column name="po_box"> </column>
            <column name="mail_stop"> </column>
            <column name="city">New Taipei City</column>
            <column name="state"> </column>
            <column name="zip"> </column>
            <column name="country">Taiwan</column>
            <column name="email_address">mirenda.liao@dekra.com</column>
            <column name="phone_number">+886-2-2602-7968</column>
            <column name="fax_number">+886-2-2602-3286</column>
            <column name="contract">Y</column>
        </table>
        <table name="Results">
            <column name="firm_name">DEKRA TESTING AND CERTIFICATION CO., LTD. LinKou</column>
            <column name="location">No.5-22,Ruishukeng,Linkou Dist., New Taipei City</column>
            <column name="accreditation">Bureau of Standards, Metrology and Inspection</column>
            <column name="mra">APEC TEL</column>
            <column name="designation_number">TW1014</column>
            <column name="expiration_date">2023-12-12 00:00:00.0</column>
            <column name="contact">Mirenda Liao</column>
            <column name="contact_title">Senior QC Specialist</column>
            <column name="address">No.5-22, Ruishukeng, Linkou Dist.,</column>
            <column name="po_box"> </column>
            <column name="mail_stop"> </column>
            <column name="city">New Taipei City</column>
            <column name="state"> </column>
            <column name="zip"> </column>
            <column name="country">Taiwan</column>
            <column name="email_address">mirenda.liao@dekra.com</column>
            <column name="phone_number">+886-2-2602-7968</column>
            <column name="fax_number">+886-2-2602-3286</column>
            <column name="contract">Y</column>
        </table>
        <table name="Results">
            <column name="firm_name">DEKRA TESTING AND CERTIFICATION CO., LTD. LinKou</column>
            <column name="location">No.6,Lane 75,Wenlin St,Linkou Dist,New Taipei City</column>
            <column name="accreditation">Bureau of Standards, Metrology and Inspection</column>
            <column name="mra">APEC TEL</column>
            <column name="designation_number">TW1127</column>
            <column name="expiration_date">2023-12-12 00:00:00.0</column>
            <column name="contact">Mirenda Liao</column>
            <column name="contact_title">Senior QC Specialist</column>
            <column name="address">No.5-22, Ruishukeng, Linkou Dist.,</column>
            <column name="po_box"> </column>
            <column name="mail_stop"> </column>
            <column name="city">New Taipei City 24451</column>
            <column name="state"> </column>
            <column name="zip"> </column>
            <column name="country">Taiwan</column>
            <column name="email_address">mirenda.liao@dekra.com</column>
            <column name="phone_number">+886-2-2602-7968</column>
            <column name="fax_number">+886-2-2602-3286</column>
            <column name="contract">Y</column>
        </table>
        <table name="Results">
            <column name="firm_name">DEKRA TESTING AND CERTIFICATION Hsin Chu Lab.</column>
            <column name="location">Zhudong Township Hsinchu County 31061 Taiwan ROC</column>
            <column name="accreditation">National Communications Commission</column>
            <column name="mra">APEC TEL</column>
            <column name="designation_number">TW3024</column>
            <column name="expiration_date">2024-12-06 00:00:00.0</column>
            <column name="contact">Michael Huang</column>
            <column name="contact_title">Director</column>
            <column name="address">No.372-2, Sec. 4, Zhongxing Rd., Zhudong Township,</column>
            <column name="po_box"> </column>
            <column name="mail_stop"> </column>
            <column name="city">Hsinchu County</column>
            <column name="state"> </column>
            <column name="zip"> </column>
            <column name="country">Taiwan</column>
            <column name="email_address">michael.huang@dekra.com</column>
            <column name="phone_number">886-3-582-8001</column>
            <column name="fax_number">886-3-592-8958</column>
            <column name="contract">Y</column>
        </table>
        <table name="Results">
            <column name="firm_name">DEKRA TESTING AND CERTIFICATION Lin Kou Lab.</column>
            <column name="location">Linkou Dist. New Taipei City 24451 Taiwan R.O.C.</column>
            <column name="accreditation">National Communications Commission</column>
            <column name="mra">APEC TEL</column>
            <column name="designation_number">TW3023</column>
            <column name="expiration_date">2023-12-12 00:00:00.0</column>
            <column name="contact">Vincent Lin</column>
            <column name="contact_title">Director</column>
            <column name="address">No.5-22, Ruishukeng, Linkou Dist.</column>
            <column name="po_box"> </column>
            <column name="mail_stop"> </column>
            <column name="city">New Taipei City</column>
            <column name="state"> </column>
            <column name="zip"> </column>
            <column name="country">Taiwan</column>
            <column name="email_address">vincent.lin@dekra.com</column>
            <column name="phone_number">886286013788</column>
            <column name="fax_number">886286013789</column>
            <column name="contract">Y</column>
        </table>
        <table name="Results">
            <column name="firm_name">Eurofins E&amp;E Wireless Taiwan Co., Ltd</column>
            <column name="location">No.140-1, Changan Street, Bade District, Taoyuan</column>
            <column name="accreditation">Bureau of Standards, Metrology and Inspection</column>
            <column name="mra">APEC TEL</column>
            <column name="designation_number">TW1062</column>
            <column name="expiration_date">2024-10-25 00:00:00.0</column>
            <column name="contact">Fly LU</column>
            <column name="contact_title"> </column>
            <column name="address">No. 140-1, Changan Street, Bade District,</column>
            <column name="po_box"> </column>
            <column name="mail_stop"> </column>
            <column name="city">Taoyuan City</column>
            <column name="state"> </column>
            <column name="zip"> </column>
            <column name="country">Taiwan</column>
            <column name="email_address">fly@atl-lab.com.tw</column>
            <column name="phone_number">886-3-2710188</column>
            <column name="fax_number">886-3-2710190</column>
            <column name="contract">Y</column>
        </table>
        <table name="Results">
            <column name="firm_name">Eurofins E&amp;E Wireless Taiwan Co., Ltd.</column>
            <column name="location">No2 Wuquan 5th Rd Wugu Dist New Taipei City Taiwan</column>
            <column name="accreditation">National Communications Commission</column>
            <column name="mra">APEC TEL</column>
            <column name="designation_number">TW0034</column>
            <column name="expiration_date">2025-05-18 00:00:00.0</column>
            <column name="contact">Fly Lu</column>
            <column name="contact_title"> </column>
            <column name="address">No. 2, Wuquan 5th Rd. Wugu Dist.,</column>
            <column name="po_box"> </column>
            <column name="mail_stop"> </column>
            <column name="city">New Taipei City</column>
            <column name="state"> </column>
            <column name="zip"> </column>
            <column name="country">Taiwan</column>
            <column name="email_address">FlyLu@eurofins.com</column>
            <column name="phone_number">+886-3-2600858</column>
            <column name="fax_number">N/A</column>
            <column name="contract">Y</column>
        </table>
        <table name="Results">
            <column name="firm_name">Eurofins E&amp;E Wireless Taiwan Co., Ltd.</column>
            <column name="location">No.2, Wuquan 5th Rd, Wugu Dist., New Taipei City</column>
            <column name="accreditation">Bureau of Standards, Metrology and Inspection</column>
            <column name="mra">APEC TEL</column>
            <column name="designation_number">TW1138</column>
            <column name="expiration_date">2024-10-25 00:00:00.0</column>
            <column name="contact">Fly LU</column>
            <column name="contact_title"> </column>
            <column name="address">No.2, Wuquan 5th Rd, Wugu Dist.</column>
            <column name="po_box"> </column>
            <column name="mail_stop"> </column>
            <column name="city">New Taipei City</column>
            <column name="state"> </column>
            <column name="zip"> </column>
            <column name="country">Taiwan</column>
            <column name="email_address">fly@atl-lab.com.tw</column>
            <column name="phone_number">886-3-270188</column>
            <column name="fax_number">N/A</column>
            <column name="contract">Y</column>
        </table>
        <table name="Results">
            <column name="firm_name">Eurofins E&amp;E Wireless Taiwan Co., Ltd.</column>
            <column name="location">Bade District Taoyuan City Taiwan R.O.C.</column>
            <column name="accreditation">National Communications Commission</column>
            <column name="mra">APEC TEL</column>
            <column name="designation_number">TW0010</column>
            <column name="expiration_date">2025-05-18 00:00:00.0</column>
            <column name="contact">Fly LU</column>
            <column name="contact_title">Assistant Manager</column>
            <column name="address">No.140-1, Changan Street, Bade District</column>
            <column name="po_box"> </column>
            <column name="mail_stop"> </column>
            <column name="city">Taoyuan City</column>
            <column name="state"> </column>
            <column name="zip"> </column>
            <column name="country">Taiwan</column>
            <column name="email_address">FlyLu@eurofins.com</column>
            <column name="phone_number">88632710188</column>
            <column name="fax_number">88632710190</column>
            <column name="contract">Y</column>
        </table>
        <table name="Results">
            <column name="firm_name">Global Certification Corp</column>
            <column name="location">Xizhi Dist. New Taipei City 221 Taiwan</column>
            <column name="accreditation">National Communications Commission</column>
            <column name="mra">APEC TEL</column>
            <column name="designation_number">TW1640</column>
            <column name="expiration_date">2024-01-13 00:00:00.0</column>
            <column name="contact">Andy CHOU</column>
            <column name="contact_title">Manager</column>
            <column name="address">No. 146, Sec. 2, Xiangzhang Rd., Xizhi Dist.,</column>
            <column name="po_box"> </column>
            <column name="mail_stop"> </column>
            <column name="city">New Taipei City</column>
            <column name="state"> </column>
            <column name="zip">221</column>
            <column name="country">Taiwan</column>
            <column name="email_address">adam@gcc.tw</column>
            <column name="phone_number">+886-2-26426992</column>
            <column name="fax_number">+886-2-26487450</column>
            <column name="contract">Y</column>
        </table>
        <table name="Results">
            <column name="firm_name">Global Certification Corp.</column>
            <column name="location">No.146,Sec.2,XiangzhangRd.,XizhiDist,NewTaipeiCity</column>
            <column name="accreditation">Bureau of Standards, Metrology and Inspection</column>
            <column name="mra">APEC TEL</column>
            <column name="designation_number">TW1089</column>
            <column name="expiration_date">2023-09-18 00:00:00.0</column>
            <column name="contact">Adam Chou</column>
            <column name="contact_title">manager</column>
            <column name="address">No.146, Sec. 2, Xiangzhang Rd., Xizhi Dist,</column>
            <column name="po_box"> </column>
            <column name="mail_stop"> </column>
            <column name="city">New Taipei City</column>
            <column name="state"> </column>
            <column name="zip"> </column>
            <column name="country">Taiwan</column>
            <column name="email_address">adam@gcc.tw</column>
            <column name="phone_number">+886-2-2642-6992</column>
            <column name="fax_number">+886-2-2648-7450</column>
            <column name="contract">Y</column>
        </table>
        <table name="Results">
            <column name="firm_name">Global EMC Standard Tech. Corp</column>
            <column name="location">No.3, Baodoucuokeng,Linkou Dist.,New Taipei City</column>
            <column name="accreditation">Bureau of Standards, Metrology and Inspection</column>
            <column name="mra">APEC TEL</column>
            <column name="designation_number">TW1032</column>
            <column name="expiration_date">2023-09-25 00:00:00.0</column>
            <column name="contact">Wei Shih</column>
            <column name="contact_title">Quality Manager</column>
            <column name="address">No.3, Baodoucuokeng, Linkou Dist.,</column>
            <column name="po_box"> </column>
            <column name="mail_stop"> </column>
            <column name="city">New Taipei City</column>
            <column name="state"> </column>
            <column name="zip">244</column>
            <column name="country">Taiwan</column>
            <column name="email_address">haoweishih@gestek.com.tw</column>
            <column name="phone_number">+886-2-26035321</column>
            <column name="fax_number">+886-2-26035325</column>
            <column name="contract">Y</column>
        </table>
        <table name="Results">
            <column name="firm_name">Hong An Technology EMC Laboratory</column>
            <column name="location">Linko New Taipei City Taiwan</column>
            <column name="accreditation">National Communications Commission</column>
            <column name="mra">APEC TEL</column>
            <column name="designation_number">TW1163</column>
            <column name="expiration_date">2024-01-24 00:00:00.0</column>
            <column name="contact">Yang Adam</column>
            <column name="contact_title">QC Manager</column>
            <column name="address">No.15-1, Cweishuh Keng, Cweipin Village, Linko</column>
            <column name="po_box"> </column>
            <column name="mail_stop"> </column>
            <column name="city">New Taipei City</column>
            <column name="state"> </column>
            <column name="zip"> </column>
            <column name="country">Taiwan</column>
            <column name="email_address">adam@hongan-lab.com.tw</column>
            <column name="phone_number">886-2-2603-0362</column>
            <column name="fax_number">+886-2-2601-9259</column>
            <column name="contract">Y</column>
        </table>
        <table name="Results">
            <column name="firm_name">Hong An Technology EMC Laboratory</column>
            <column name="location">No.15-1,Cweishuh Keng,Cweipin Village,Linkou,NTPC</column>
            <column name="accreditation">Bureau of Standards, Metrology and Inspection</column>
            <column name="mra">APEC TEL</column>
            <column name="designation_number">TW1071</column>
            <column name="expiration_date">2023-11-12 00:00:00.0</column>
            <column name="contact">Adam Yang</column>
            <column name="contact_title">QC Manager</column>
            <column name="address">No.15-1, Cweishuh Keng, Cweipin Village, Linkou,</column>
            <column name="po_box"> </column>
            <column name="mail_stop"> </column>
            <column name="city">New Taipei City</column>
            <column name="state"> </column>
            <column name="zip">24451</column>
            <column name="country">Taiwan</column>
            <column name="email_address">adam@hongan-lab.com.tw</column>
            <column name="phone_number">+886-2-26030362</column>
            <column name="fax_number">+886-2-26019259</column>
            <column name="contract">Y</column>
        </table>
        <table name="Results">
            <column name="firm_name">Hong An Technology EMC Laboratory</column>
            <column name="location">2F,No.146,Jian Yi Rd.,Chung-Ho Dist.,NewTaipeiCity</column>
            <column name="accreditation">Bureau of Standards, Metrology and Inspection</column>
            <column name="mra">APEC TEL</column>
            <column name="designation_number">TW1136</column>
            <column name="expiration_date">2023-11-12 00:00:00.0</column>
            <column name="contact">Peter Chin</column>
            <column name="contact_title">Head of Laboratory</column>
            <column name="address">No.15-1, Cweishuh Keng, Cweipin Village, Linkou,</column>
            <column name="po_box"> </column>
            <column name="mail_stop"> </column>
            <column name="city">New Taipei City</column>
            <column name="state"> </column>
            <column name="zip"> </column>
            <column name="country">Taiwan</column>
            <column name="email_address">peterchin@hongan-lab.com.tw</column>
            <column name="phone_number">+886-2-26030362</column>
            <column name="fax_number">+886-2-26019259</column>
            <column name="contract">Y</column>
        </table>
        <table name="Results">
            <column name="firm_name">International Certification Corp.</column>
            <column name="location">No30-2,Ding Fwu Tsuen,Lin kou Dist,New Taipei City</column>
            <column name="accreditation">Bureau of Standards, Metrology and Inspection</column>
            <column name="mra">APEC TEL</column>
            <column name="designation_number">TW1074</column>
            <column name="expiration_date">2024-01-14 00:00:00.0</column>
            <column name="contact">Fu-Cheng Chuang</column>
            <column name="contact_title">QA Manager</column>
            <column name="address">No. 30-2, Ding Fwu Tsuen, Lin kou District</column>
            <column name="po_box"> </column>
            <column name="mail_stop"> </column>
            <column name="city">New Taipei City</column>
            <column name="state"> </column>
            <column name="zip"> </column>
            <column name="country">Taiwan</column>
            <column name="email_address">Jeff@icertifi.com.tw</column>
            <column name="phone_number">886-3-271-8666</column>
            <column name="fax_number">886-3-318-0155</column>
            <column name="contract">Y</column>
        </table>
        <table name="Results">
            <column name="firm_name">International Certification Corp.</column>
            <column name="location">No3-1,Lane 6 Wen San 3rd St,Kwei Shan Dist,Taoyuan</column>
            <column name="accreditation">Bureau of Standards, Metrology and Inspection</column>
            <column name="mra">APEC TEL</column>
            <column name="designation_number">TW1073</column>
            <column name="expiration_date">2024-01-14 00:00:00.0</column>
            <column name="contact">Fu-Cheng Chuang</column>
            <column name="contact_title">QA Manager</column>
            <column name="address">No.3-1, Lane 6 Wen San 3rd St., Kwei Shan Dist.</column>
            <column name="po_box"> </column>
            <column name="mail_stop"> </column>
            <column name="city">Taoyuan City 333</column>
            <column name="state"> </column>
            <column name="zip"> </column>
            <column name="country">Taiwan</column>
            <column name="email_address">Jeff@icertifi.com.tw</column>
            <column name="phone_number">886-3-271-8666</column>
            <column name="fax_number">886-3-318-0155</column>
            <column name="contract">Y</column>
        </table>
        <table name="Results">
            <column name="firm_name">International Certification Corp.</column>
            <column name="location">No14-1,Lane19,Wen San 3rdSt,Kwei Shan Dist,Taoyuan</column>
            <column name="accreditation">Bureau of Standards, Metrology and Inspection</column>
            <column name="mra">APEC TEL</column>
            <column name="designation_number">TW1100</column>
            <column name="expiration_date">2024-01-14 00:00:00.0</column>
            <column name="contact">Fu-Cheng Chuang</column>
            <column name="contact_title">QA Manager</column>
            <column name="address">No.3-1, Lane 6, Wen San 3rd St., Kwei Shan Dist.</column>
            <column name="po_box"> </column>
            <column name="mail_stop"> </column>
            <column name="city">Taoyuan City 333</column>
            <column name="state"> </column>
            <column name="zip"> </column>
            <column name="country">Taiwan</column>
            <column name="email_address">Jeff@icertifi.com.tw</column>
            <column name="phone_number">886-3-271-8666</column>
            <column name="fax_number">886-3-318-0155</column>
            <column name="contract">Y</column>
        </table>
        <table name="Results">
            <column name="firm_name">International Certification Corporation</column>
            <column name="location">Kwei Shan Dist. Taoyuan City Taiwan</column>
            <column name="accreditation">National Communications Commission</column>
            <column name="mra">APEC TEL</column>
            <column name="designation_number">TW2732</column>
            <column name="expiration_date">2024-03-17 00:00:00.0</column>
            <column name="contact">Jeff Chuang</column>
            <column name="contact_title">Manager</column>
            <column name="address">No.3-1, Lane 6, Wen San 3rd St., Kwei Shan Dist.</column>
            <column name="po_box"> </column>
            <column name="mail_stop"> </column>
            <column name="city">Taoyuan City</column>
            <column name="state"> </column>
            <column name="zip"> </column>
            <column name="country">Taiwan</column>
            <column name="email_address">jeff@icertifi.com.tw</column>
            <column name="phone_number">886-3-271-8620</column>
            <column name="fax_number">+886-3-318-0155</column>
            <column name="contract">Y</column>
        </table>
        <table name="Results">
            <column name="firm_name">International Certification Corporation</column>
            <column name="location">Kwei Shan Dist. Taoyuan City Taiwan</column>
            <column name="accreditation">National Communications Commission</column>
            <column name="mra">APEC TEL</column>
            <column name="designation_number">TW0009</column>
            <column name="expiration_date">2024-03-17 00:00:00.0</column>
            <column name="contact">Jeff Chuang</column>
            <column name="contact_title">Manager</column>
            <column name="address">No.14-1, Lane 19, Wen San 3rd St., Kwei Shan Dist.</column>
            <column name="po_box"> </column>
            <column name="mail_stop"> </column>
            <column name="city">Taoyuan City</column>
            <column name="state"> </column>
            <column name="zip"> </column>
            <column name="country">Taiwan</column>
            <column name="email_address">jeff@icertifi.com.tw</column>
            <column name="phone_number">886-3-271-8620</column>
            <column name="fax_number">+886-3-318-0155</column>
            <column name="contract">Y</column>
        </table>
        <table name="Results">
            <column name="firm_name">International Standards Laboratory Corp.</column>
            <column name="location">No.120,Lane180,Hsin Ho Rd.,Lung-Tan Dist.,Tao Yuan</column>
            <column name="accreditation">Bureau of Standards, Metrology and Inspection</column>
            <column name="mra">APEC TEL</column>
            <column name="designation_number">TW1036</column>
            <column name="expiration_date">2024-04-16 00:00:00.0</column>
            <column name="contact">Angus Chu</column>
            <column name="contact_title">Senior Manager</column>
            <column name="address">No. 120, Lane 180, Hsin Ho Rd., Lung-Tan Dist.,</column>
            <column name="po_box"> </column>
            <column name="mail_stop"> </column>
            <column name="city">Tao Yuan City 325</column>
            <column name="state"> </column>
            <column name="zip"> </column>
            <column name="country">Taiwan</column>
            <column name="email_address">angus_chu@isl.com.tw</column>
            <column name="phone_number">886-3-263-8888</column>
            <column name="fax_number">886-3-263-8899</column>
            <column name="contract">Y</column>
        </table>
        <table name="Results">
            <column name="firm_name">International Standards Laboratory Corp. LT Lab.</column>
            <column name="location">Lung-Tan Dist. Tao Yuan City 325 Taiwan R.O.C.</column>
            <column name="accreditation">National Communications Commission</column>
            <column name="mra">APEC TEL</column>
            <column name="designation_number">TW0997</column>
            <column name="expiration_date">2024-10-25 00:00:00.0</column>
            <column name="contact">David Y. Y. Wu</column>
            <column name="contact_title">Assistant Manager</column>
            <column name="address">No. 120, Lane 180, Hsin Ho Rd., Lung-Tan Dist.</column>
            <column name="po_box"> </column>
            <column name="mail_stop"> </column>
            <column name="city">Taoyuan City</column>
            <column name="state"> </column>
            <column name="zip"> </column>
            <column name="country">Taiwan</column>
            <column name="email_address">david_y.y._wu@isl.com.tw</column>
            <column name="phone_number">+886-3-263-8888</column>
            <column name="fax_number">+886-3-263-8899</column>
            <column name="contract">Y</column>
        </table>
        <table name="Results">
            <column name="firm_name">Interocean EMC Technology Corp.</column>
            <column name="location">No.5-2,Lin 1,Tin-Fu,Lin-Kou Dist.,New Taipei City</column>
            <column name="accreditation">Bureau of Standards, Metrology and Inspection</column>
            <column name="mra">APEC TEL</column>
            <column name="designation_number">TW1020</column>
            <column name="expiration_date">2023-12-01 00:00:00.0</column>
            <column name="contact">Benson Tsai</column>
            <column name="contact_title">QA Dept.</column>
            <column name="address">No. 5-2, Lin 1, Tin-Fu, Lin-Kou Dist.,</column>
            <column name="po_box"> </column>
            <column name="mail_stop"> </column>
            <column name="city">New Taipei City</column>
            <column name="state"> </column>
            <column name="zip">244</column>
            <column name="country">Taiwan</column>
            <column name="email_address">benson_t@ietc.com.tw</column>
            <column name="phone_number">886-2-26006861</column>
            <column name="fax_number">886-2-26006859</column>
            <column name="contract">Y</column>
        </table>
        <table name="Results">
            <column name="firm_name">Interocean EMC Technology Tin-Fu Laboratory</column>
            <column name="location">Lin-kou Dist. New Taipei City 244 Taiwan R.O.C.</column>
            <column name="accreditation">National Communications Commission</column>
            <column name="mra">APEC TEL</column>
            <column name="designation_number">TW1113</column>
            <column name="expiration_date">2024-04-21 00:00:00.0</column>
            <column name="contact">Benson Tsai</column>
            <column name="contact_title">QA Dept.</column>
            <column name="address">No.5-2, Lin 1, Tin-Fu, Lin-kou Dist.</column>
            <column name="po_box"> </column>
            <column name="mail_stop"> </column>
            <column name="city">New Taipei City</column>
            <column name="state"> </column>
            <column name="zip"> </column>
            <column name="country">Taiwan</column>
            <column name="email_address">benson_t@ietc.com.tw</column>
            <column name="phone_number">+886-2-2600-6861</column>
            <column name="fax_number">+886-2-2600-6859</column>
            <column name="contract">Y</column>
        </table>
        <table name="Results">
            <column name="firm_name">Intertek Testing  Services Taiwan Ltd</column>
            <column name="location">Shiang-Shan District Hsinchu City 300 Taiwan</column>
            <column name="accreditation">National Communications Commission</column>
            <column name="mra">APEC TEL</column>
            <column name="designation_number">TW0597</column>
            <column name="expiration_date">2025-02-01 00:00:00.0</column>
            <column name="contact">Ted Wu</column>
            <column name="contact_title">Laboratory Head</column>
            <column name="address">No.11, Lane 275, Ko-Nan 1st Street, Chia-Tung Li,</column>
            <column name="po_box"> </column>
            <column name="mail_stop"> </column>
            <column name="city">Hsinchu City</column>
            <column name="state"> </column>
            <column name="zip"> </column>
            <column name="country">Taiwan</column>
            <column name="email_address">ted.wu@intertek.com</column>
            <column name="phone_number">886-2-66022888</column>
            <column name="fax_number">+886-3-327-0978</column>
            <column name="contract">Y</column>
        </table>
        <table name="Results">
            <column name="firm_name">Intertek Testing Services Taiwan Ltd.</column>
            <column name="location">No.11,Lane 275,Ko-Nan 1st St,Chia-Tung Li,Hsinchu</column>
            <column name="accreditation">Bureau of Standards, Metrology and Inspection</column>
            <column name="mra">APEC TEL</column>
            <column name="designation_number">TW1040</column>
            <column name="expiration_date">2024-05-01 00:00:00.0</column>
            <column name="contact">Lily Shih</column>
            <column name="contact_title">Supervisor</column>
            <column name="address">No. 11, Lane 275, Ko-Nan 1st Street, Chia-Tung Li,</column>
            <column name="po_box"> </column>
            <column name="mail_stop"> </column>
            <column name="city">Hsinchu City</column>
            <column name="state"> </column>
            <column name="zip"> </column>
            <column name="country">Taiwan</column>
            <column name="email_address">lily.shih@intertek.com</column>
            <column name="phone_number">886-2-6602-2780</column>
            <column name="fax_number">886-2-6602-2889</column>
            <column name="contract">Y</column>
        </table>
        <table name="Results">
            <column name="firm_name">Inventec Corporation Taoyuan EMC Laboratory</column>
            <column name="location">No.349,Section 2,Renhe Road,Daxi District,Taoyuan</column>
            <column name="accreditation">Bureau of Standards, Metrology and Inspection</column>
            <column name="mra">APEC TEL</column>
            <column name="designation_number">TW1068</column>
            <column name="expiration_date">2023-09-09 00:00:00.0</column>
            <column name="contact">Baron Chen</column>
            <column name="contact_title"> </column>
            <column name="address">No. 349, Section 2, Renhe Road, Daxi District</column>
            <column name="po_box"> </column>
            <column name="mail_stop"> </column>
            <column name="city">Taoyuan</column>
            <column name="state"> </column>
            <column name="zip"> </column>
            <column name="country">Taiwan</column>
            <column name="email_address">Chen.baron@inventec.com</column>
            <column name="phone_number">+886-3-3900000</column>
            <column name="fax_number">+886-3-3894346</column>
            <column name="contract">Y</column>
        </table>
        <table name="Results">
            <column name="firm_name">MRT Technology (Taiwan) Co., Ltd</column>
            <column name="location">Guishan Dist. Taoyuan City 333 Taiwan R.O.C.</column>
            <column name="accreditation">National Communications Commission</column>
            <column name="mra">APEC TEL</column>
            <column name="designation_number">TW3261</column>
            <column name="expiration_date">2024-07-19 00:00:00.0</column>
            <column name="contact">Chenz Ker</column>
            <column name="contact_title">Manager</column>
            <column name="address">No. 38, Fuxing 2nd Rd. Guishan Dist.</column>
            <column name="po_box"> </column>
            <column name="mail_stop"> </column>
            <column name="city">Taoyuan City</column>
            <column name="state"> </column>
            <column name="zip"> </column>
            <column name="country">Taiwan</column>
            <column name="email_address">chenzker@mrt-cert.com</column>
            <column name="phone_number">88633288388</column>
            <column name="fax_number">+886-3-328-8918</column>
            <column name="contract">Y</column>
        </table>
        <table name="Results">
            <column name="firm_name">MRT Technology (Taiwan) Co.,Ltd</column>
            <column name="location">No. 38, Fuxing 2nd Rd., Guishan Dist., Taoyuan</column>
            <column name="accreditation">Bureau of Standards, Metrology and Inspection</column>
            <column name="mra">APEC TEL</column>
            <column name="designation_number">TW1107</column>
            <column name="expiration_date">2024-04-14 00:00:00.0</column>
            <column name="contact">Chenz Ker</column>
            <column name="contact_title">Manager</column>
            <column name="address">No. 38, Fuxing 2nd Rd., Guishan Dist.,</column>
            <column name="po_box"> </column>
            <column name="mail_stop"> </column>
            <column name="city">Taoyuan City</column>
            <column name="state"> </column>
            <column name="zip"> </column>
            <column name="country">Taiwan</column>
            <column name="email_address">chenzker@mrt-cert.com</column>
            <column name="phone_number">+886-3-328-8388</column>
            <column name="fax_number">+886-3-328-8918</column>
            <column name="contract">Y</column>
        </table>
        <table name="Results">
            <column name="firm_name">Max Light Technology Co., LTD</column>
            <column name="location">Xi Shiding Dist. New Taipei City 223 Taiwan R.O.C</column>
            <column name="accreditation">National Communications Commission</column>
            <column name="mra">APEC TEL</column>
            <column name="designation_number">TW0015</column>
            <column name="expiration_date">2025-02-15 00:00:00.0</column>
            <column name="contact">Jesse Tien</column>
            <column name="contact_title">Manager</column>
            <column name="address">No. 74-4, Shibachong Xi, Shiding Dist.</column>
            <column name="po_box"> </column>
            <column name="mail_stop"> </column>
            <column name="city">New Taipei City</column>
            <column name="state"> </column>
            <column name="zip"> </column>
            <column name="country">Taiwan</column>
            <column name="email_address">jesse@mltlab.com.tw</column>
            <column name="phone_number">886-2-2663-3486</column>
            <column name="fax_number">+886-2-2663-3582</column>
            <column name="contract">Y</column>
        </table>
        <table name="Results">
            <column name="firm_name">Max Light Technology Co., Ltd.</column>
            <column name="location">No.74-4,Shibachong Xi,ShiDing Dist,New Taipei City</column>
            <column name="accreditation">Bureau of Standards, Metrology and Inspection</column>
            <column name="mra">APEC TEL</column>
            <column name="designation_number">TW1048</column>
            <column name="expiration_date">2023-12-31 00:00:00.0</column>
            <column name="contact">Jesse Tien</column>
            <column name="contact_title"> </column>
            <column name="address">No.74-4, Shibachong Xi, Shiding Shiang,</column>
            <column name="po_box">223</column>
            <column name="mail_stop"> </column>
            <column name="city">New Taipei City</column>
            <column name="state"> </column>
            <column name="zip">106</column>
            <column name="country">Taiwan</column>
            <column name="email_address">jessetien@mltlab.com.tw</column>
            <column name="phone_number">+886-2-26633486</column>
            <column name="fax_number">+886-2-26633582</column>
            <column name="contract">Y</column>
        </table>
        <table name="Results">
            <column name="firm_name">Mitac EMC LAB</column>
            <column name="location">No. 200, Wen Hua 2nd RD., Kuei San Dist, Taoyuan</column>
            <column name="accreditation">Bureau of Standards, Metrology and Inspection</column>
            <column name="mra">APEC TEL</column>
            <column name="designation_number">TW1080</column>
            <column name="expiration_date">2024-01-07 00:00:00.0</column>
            <column name="contact">Vincent Chia</column>
            <column name="contact_title">Lab Manager</column>
            <column name="address">No. 200, Wen Hua 2nd RD.,Kuei San Dist,</column>
            <column name="po_box"> </column>
            <column name="mail_stop"> </column>
            <column name="city">Taoyuan</column>
            <column name="state"> </column>
            <column name="zip"> </column>
            <column name="country">Taiwan</column>
            <column name="email_address">vincent.chia@mic.com.tw</column>
            <column name="phone_number">88633962888</column>
            <column name="fax_number">88633960324</column>
            <column name="contract">Y</column>
        </table>
        <table name="Results">
            <column name="firm_name">Precision Machinery Research &amp; Development Center</column>
            <column name="location">No.27,37th Rd.,Taichung Industrial Park,Taichung</column>
            <column name="accreditation">Bureau of Standards, Metrology and Inspection</column>
            <column name="mra">APEC TEL</column>
            <column name="designation_number">TW1114</column>
            <column name="expiration_date">2024-03-28 00:00:00.0</column>
            <column name="contact">Tim Hise</column>
            <column name="contact_title">Vice Director</column>
            <column name="address">No. 27, 37th Rd., Taichung Industrial Park,</column>
            <column name="po_box"> </column>
            <column name="mail_stop"> </column>
            <column name="city">Taichung</column>
            <column name="state"> </column>
            <column name="zip">407</column>
            <column name="country">Taiwan</column>
            <column name="email_address">e9222@mail.pmc.org.tw</column>
            <column name="phone_number">+886-4-2359-9009</column>
            <column name="fax_number">+886-4-2359-8847</column>
            <column name="contract">Y</column>
        </table>
        <table name="Results">
            <column name="firm_name">SERTC Testing Center Co., LTD.</column>
            <column name="location">No. 230, Section 2, Fengshi Road, Fengyuan Dis.</column>
            <column name="accreditation">Bureau of Standards, Metrology and Inspection</column>
            <column name="mra">APEC TEL</column>
            <column name="designation_number">TW1121</column>
            <column name="expiration_date">2024-07-15 00:00:00.0</column>
            <column name="contact">Rack Chiang</column>
            <column name="contact_title"> </column>
            <column name="address">No. 230, Section 2, Fengshi Road, Fengyuan Dis.</column>
            <column name="po_box"> </column>
            <column name="mail_stop"> </column>
            <column name="city">Taichung City</column>
            <column name="state"> </column>
            <column name="zip">42081</column>
            <column name="country">Taiwan</column>
            <column name="email_address">rackchiang@sertc.com.tw</column>
            <column name="phone_number">+886-4-2525-3313</column>
            <column name="fax_number">+886-4-2525-2320</column>
            <column name="contract">Y</column>
        </table>
        <table name="Results">
            <column name="firm_name">SGS Taiwan Ltd. Central RF Lab</column>
            <column name="location">Taoyuan County Taiwan</column>
            <column name="accreditation">National Communications Commission</column>
            <column name="mra">APEC TEL</column>
            <column name="designation_number">TW0028</column>
            <column name="expiration_date">2024-10-13 00:00:00.0</column>
            <column name="contact">Ryan WANG</column>
            <column name="contact_title">Quality Manager</column>
            <column name="address">No.2, Keji 1st Rd., Guishan District,</column>
            <column name="po_box"> </column>
            <column name="mail_stop"> </column>
            <column name="city">Taoyuan City</column>
            <column name="state"> </column>
            <column name="zip"> </column>
            <column name="country">Taiwan</column>
            <column name="email_address">ryan-ec.wang@sgs.com</column>
            <column name="phone_number">+886-2-2299-3279</column>
            <column name="fax_number">N/A</column>
            <column name="contract">Y</column>
        </table>
        <table name="Results">
            <column name="firm_name">SGS Taiwan Ltd. Central RF Lab</column>
            <column name="location">Wuku District New Taipei City</column>
            <column name="accreditation">National Communications Commission</column>
            <column name="mra">APEC TEL</column>
            <column name="designation_number">TW0027</column>
            <column name="expiration_date">2024-10-13 00:00:00.0</column>
            <column name="contact">Ryan WANG</column>
            <column name="contact_title">Quality Manager</column>
            <column name="address">No.134, Wu Kung Road, New Taipei Industrial Park</column>
            <column name="po_box"> </column>
            <column name="mail_stop"> </column>
            <column name="city">New Taipei City</column>
            <column name="state"> </column>
            <column name="zip"> </column>
            <column name="country">Taiwan</column>
            <column name="email_address">ryan-ec.wang@sgs.com</column>
            <column name="phone_number">+886-2-2299-3279</column>
            <column name="fax_number">N/A</column>
            <column name="contract">Y</column>
        </table>
        <table name="Results">
            <column name="firm_name">SGS Taiwan Ltd. Central RF Lab</column>
            <column name="location">Neihu District Taipei City Taiwan</column>
            <column name="accreditation">National Communications Commission</column>
            <column name="mra">APEC TEL</column>
            <column name="designation_number">TW0029</column>
            <column name="expiration_date">2024-10-13 00:00:00.0</column>
            <column name="contact">Ryan WANG</column>
            <column name="contact_title">Quality Manager</column>
            <column name="address">1F, No.8, Alley 15, Lane 120, Sec. 1, Nei Hu Road</column>
            <column name="po_box"> </column>
            <column name="mail_stop"> </column>
            <column name="city">Neihu District</column>
            <column name="state"> </column>
            <column name="zip"> </column>
            <column name="country">Taiwan</column>
            <column name="email_address">ryan-ec.wang@sgs.com</column>
            <column name="phone_number">+886-2-2299-3279</column>
            <column name="fax_number">+886-2-2299-2248</column>
            <column name="contract">Y</column>
        </table>
        <table name="Results">
            <column name="firm_name">SGS Taiwan Ltd. Electromagnetic Compatibility Lab</column>
            <column name="location">No12, Ln116, Wu Kung 3rd Rd, WuKu Dis, New Taipei</column>
            <column name="accreditation">Bureau of Standards, Metrology and Inspection</column>
            <column name="mra">APEC TEL</column>
            <column name="designation_number">TW1139</column>
            <column name="expiration_date">2024-06-13 00:00:00.0</column>
            <column name="contact">Tommy Wu</column>
            <column name="contact_title"> </column>
            <column name="address">No. 12, Ln. 116, Wu Kung 3rd Rd., WuKu District,</column>
            <column name="po_box"> </column>
            <column name="mail_stop"> </column>
            <column name="city">New Taipei City</column>
            <column name="state"> </column>
            <column name="zip"> </column>
            <column name="country">Taiwan</column>
            <column name="email_address">Tommy.wu1@sgs.com</column>
            <column name="phone_number">+886-2-22999720</column>
            <column name="fax_number">N/A</column>
            <column name="contract">Y</column>
        </table>
        <table name="Results">
            <column name="firm_name">SGS Taiwan Ltd. Electromagnetic Compatibility Lab</column>
            <column name="location">No.2, Keji 1st Rd., Guishan District, Taoyuan City</column>
            <column name="accreditation">Bureau of Standards, Metrology and Inspection</column>
            <column name="mra">APEC TEL</column>
            <column name="designation_number">TW1124</column>
            <column name="expiration_date">2024-06-13 00:00:00.0</column>
            <column name="contact">Tommy Wu</column>
            <column name="contact_title">Quality Manager</column>
            <column name="address">No.2, Keji 1st Rd., Guishan District, Taoyuan City</column>
            <column name="po_box"> </column>
            <column name="mail_stop"> </column>
            <column name="city">Taoyuan City</column>
            <column name="state"> </column>
            <column name="zip"> </column>
            <column name="country">Taiwan</column>
            <column name="email_address">Tommy.wu1@sgs.com</column>
            <column name="phone_number">886222999720</column>
            <column name="fax_number">886222991882</column>
            <column name="contract">Y</column>
        </table>
        <table name="Results">
            <column name="firm_name">SGS Taiwan Ltd. Electromagnetic Compatibility Lab</column>
            <column name="location">No.134,Wu Kung Road,Wuku District,New Taipei City</column>
            <column name="accreditation">Bureau of Standards, Metrology and Inspection</column>
            <column name="mra">APEC TEL</column>
            <column name="designation_number">TW1125</column>
            <column name="expiration_date">2024-06-13 00:00:00.0</column>
            <column name="contact">Tommy Wu</column>
            <column name="contact_title">Quality Manager</column>
            <column name="address">No. 134, Wu Kung Road, New Taipei Industrial Park,</column>
            <column name="po_box"> </column>
            <column name="mail_stop"> </column>
            <column name="city">New Taipei City</column>
            <column name="state"> </column>
            <column name="zip"> </column>
            <column name="country">Taiwan</column>
            <column name="email_address">Tommy.wu1@sgs.com</column>
            <column name="phone_number">886222999720</column>
            <column name="fax_number">+886222991882</column>
            <column name="contract">Y</column>
        </table>
        <table name="Results">
            <column name="firm_name">SPORTON International Inc.</column>
            <column name="location">No.52, Huaya 1st Rd., Guishan Dist., Taoyuan City</column>
            <column name="accreditation">Bureau of Standards, Metrology and Inspection</column>
            <column name="mra">APEC TEL</column>
            <column name="designation_number">TW1129</column>
            <column name="expiration_date">2023-10-29 00:00:00.0</column>
            <column name="contact">Alex Chen</column>
            <column name="contact_title">Quality Assurance Dept. Director</column>
            <column name="address">No.52, Huaya 1st Rd., Guishan Dist.,</column>
            <column name="po_box">333411</column>
            <column name="mail_stop"> </column>
            <column name="city">Taoyuan City</column>
            <column name="state"> </column>
            <column name="zip"> </column>
            <column name="country">Taiwan</column>
            <column name="email_address">alex@sporton.com.tw</column>
            <column name="phone_number">+886-3-327-3456</column>
            <column name="fax_number">N/A</column>
            <column name="contract">Y</column>
        </table>
        <table name="Results">
            <column name="firm_name">SPORTON International Inc.</column>
            <column name="location">No.52, Huaya 1st Rd., Guishan Dist.,Taoyuan</column>
            <column name="accreditation">Bureau of Standards, Metrology and Inspection</column>
            <column name="mra">APEC TEL</column>
            <column name="designation_number">TW1093</column>
            <column name="expiration_date">2023-10-13 00:00:00.0</column>
            <column name="contact">Alex Chen</column>
            <column name="contact_title">Quality Assurance Dept. Director</column>
            <column name="address">No.52, Huaya 1st Rd., Guishan Dist</column>
            <column name="po_box">33383</column>
            <column name="mail_stop"> </column>
            <column name="city">Taoyuan City</column>
            <column name="state"> </column>
            <column name="zip"> </column>
            <column name="country">Taiwan</column>
            <column name="email_address">alex@sporton.com.tw</column>
            <column name="phone_number">886-3-327-3456</column>
            <column name="fax_number">886-3-327-0973</column>
            <column name="contract">Y</column>
        </table>
        <table name="Results">
            <column name="firm_name">SPORTON International Inc.</column>
            <column name="location">No.8,Ln.724,Bo'ai St.,Zhubei City,Hsinchu County</column>
            <column name="accreditation">Bureau of Standards, Metrology and Inspection</column>
            <column name="mra">APEC TEL</column>
            <column name="designation_number">TW1131</column>
            <column name="expiration_date">2023-12-02 00:00:00.0</column>
            <column name="contact">Sharon Jiang</column>
            <column name="contact_title">Assistant manager</column>
            <column name="address">No.8, Ln.724, Bo'ai St., Zhubei City,</column>
            <column name="po_box">302</column>
            <column name="mail_stop"> </column>
            <column name="city">Hsinchu County</column>
            <column name="state"> </column>
            <column name="zip"> </column>
            <column name="country">Taiwan</column>
            <column name="email_address">sharonjiang@sporton.com.tw</column>
            <column name="phone_number">+886-3-656-9065</column>
            <column name="fax_number">+886-3-656-9085</column>
            <column name="contract">Y</column>
        </table>
        <table name="Results">
            <column name="firm_name">SPORTON International Inc.</column>
            <column name="location">No.30-2, Dingfu Vil., Linkou Dist. New Taipei City</column>
            <column name="accreditation">Bureau of Standards, Metrology and Inspection</column>
            <column name="mra">APEC TEL</column>
            <column name="designation_number">TW1095</column>
            <column name="expiration_date">2023-10-13 00:00:00.0</column>
            <column name="contact">Alex Chen</column>
            <column name="contact_title">Quality Assurance Dept. Director</column>
            <column name="address">No.30-2, Dingfu Vil., Linkou Dist.</column>
            <column name="po_box"> </column>
            <column name="mail_stop"> </column>
            <column name="city">New Taipei City</column>
            <column name="state"> </column>
            <column name="zip"> </column>
            <column name="country">Taiwan</column>
            <column name="email_address">alex@sporton.com.tw</column>
            <column name="phone_number">+886-3-327-3456</column>
            <column name="fax_number">+886-3-327-0973</column>
            <column name="contract">Y</column>
        </table>
        <table name="Results">
            <column name="firm_name">SPORTON International Inc.</column>
            <column name="location">No.58,Aly.75,Ln.564,Wenhua 3rd Rd.,Guishan Dist</column>
            <column name="accreditation">Bureau of Standards, Metrology and Inspection</column>
            <column name="mra">APEC TEL</column>
            <column name="designation_number">TW1132</column>
            <column name="expiration_date">2023-11-12 00:00:00.0</column>
            <column name="contact">Alex Chen</column>
            <column name="contact_title">Quality Assurance Dept. Director</column>
            <column name="address">No.58, Aly.75, Ln.564, Wenhua 3rd Rd.,</column>
            <column name="po_box">333010</column>
            <column name="mail_stop"> </column>
            <column name="city">Taoyuan City</column>
            <column name="state"> </column>
            <column name="zip"> </column>
            <column name="country">Taiwan</column>
            <column name="email_address">alex@sporton.com.tw</column>
            <column name="phone_number">+886-3-327-3456</column>
            <column name="fax_number">+886-3-327-0973</column>
            <column name="contract">Y</column>
        </table>
        <table name="Results">
            <column name="firm_name">SPORTON International Inc.</column>
            <column name="location">No.3,Ln. 238,Kangle St.,Neihu Dist.,Taipei City</column>
            <column name="accreditation">Bureau of Standards, Metrology and Inspection</column>
            <column name="mra">APEC TEL</column>
            <column name="designation_number">TW1133</column>
            <column name="expiration_date">2023-10-29 00:00:00.0</column>
            <column name="contact">Alex Chen</column>
            <column name="contact_title">Quality Assurance Dept. Director</column>
            <column name="address">No.3, Ln. 238, Kangle St., Neihu Dist.,</column>
            <column name="po_box">114040</column>
            <column name="mail_stop"> </column>
            <column name="city">Taipei City</column>
            <column name="state"> </column>
            <column name="zip"> </column>
            <column name="country">Taiwan</column>
            <column name="email_address">alex@sporton.com.tw</column>
            <column name="phone_number">+886-2-2631-5551</column>
            <column name="fax_number">+886-2-2631-9740</column>
            <column name="contract">Y</column>
        </table>
        <table name="Results">
            <column name="firm_name">SPORTON International Inc.</column>
            <column name="location">No.14-1,Ln.19,Wen 33rd St.,Guishan Dist.,Taoyuan</column>
            <column name="accreditation">Bureau of Standards, Metrology and Inspection</column>
            <column name="mra">APEC TEL</column>
            <column name="designation_number">TW1130</column>
            <column name="expiration_date">2023-10-29 00:00:00.0</column>
            <column name="contact">Alex Chen</column>
            <column name="contact_title">Quality Assurance Dept. Director</column>
            <column name="address">No. 14-1, Ln. 19, Wen 33rd St., Guishan Dist.,</column>
            <column name="po_box">333010</column>
            <column name="mail_stop"> </column>
            <column name="city">Taoyuan City</column>
            <column name="state"> </column>
            <column name="zip"> </column>
            <column name="country">Taiwan</column>
            <column name="email_address">alex@sporton.com.tw</column>
            <column name="phone_number">+886-2-2631-5551</column>
            <column name="fax_number">+886-2-2631-9740</column>
            <column name="contract">Y</column>
        </table>
        <table name="Results">
            <column name="firm_name">Spectrum Research &amp; Testing Lab., Inc.</column>
            <column name="location">Chung-Li Dist. Taoyuan City 320 Taiwan</column>
            <column name="accreditation">National Communications Commission</column>
            <column name="mra">APEC TEL</column>
            <column name="designation_number">TW1016</column>
            <column name="expiration_date">2024-04-06 00:00:00.0</column>
            <column name="contact">Johnson Ho</column>
            <column name="contact_title">President</column>
            <column name="address">No.167, Ln. 780, Shan-Tong Rd., Ling 8</column>
            <column name="po_box"> </column>
            <column name="mail_stop"> </column>
            <column name="city">Taoyuan City</column>
            <column name="state"> </column>
            <column name="zip"> </column>
            <column name="country">Taiwan</column>
            <column name="email_address">johnson@srtlab.com</column>
            <column name="phone_number">+886-3-4987684</column>
            <column name="fax_number">+886-3-4988194</column>
            <column name="contract">Y</column>
        </table>
        <table name="Results">
            <column name="firm_name">Sporton International Inc.</column>
            <column name="location">Guishan Dist. Taoyuan City Taiwan</column>
            <column name="accreditation">National Communications Commission</column>
            <column name="mra">APEC TEL</column>
            <column name="designation_number">TW1190</column>
            <column name="expiration_date">2023-10-23 00:00:00.0</column>
            <column name="contact">Alex Chen</column>
            <column name="contact_title">Quality Assurance Dept. Director</column>
            <column name="address">No.52, Huaya 1st Rd., Guishan Dist.</column>
            <column name="po_box"> </column>
            <column name="mail_stop"> </column>
            <column name="city">Taoyuan City</column>
            <column name="state"> </column>
            <column name="zip"> </column>
            <column name="country">Taiwan</column>
            <column name="email_address">alex@sporton.com.tw</column>
            <column name="phone_number">88633273456</column>
            <column name="fax_number">+886-3-327-0978</column>
            <column name="contract">Y</column>
        </table>
        <table name="Results">
            <column name="firm_name">Sporton International Inc. Hsinchu Laboratory</column>
            <column name="location">Zhubei City Hsinchu County 302 Taiwan (R.O.C.)</column>
            <column name="accreditation">National Communications Commission</column>
            <column name="mra">APEC TEL</column>
            <column name="designation_number">TW3787</column>
            <column name="expiration_date">2024-01-24 00:00:00.0</column>
            <column name="contact">Alex Chen</column>
            <column name="contact_title">Quality Assurance Dept. Director</column>
            <column name="address">No.8, Ln. 724, Bo'ai St., Zhubei City</column>
            <column name="po_box"> </column>
            <column name="mail_stop"> </column>
            <column name="city">Hsinchu County</column>
            <column name="state"> </column>
            <column name="zip"> </column>
            <column name="country">Taiwan</column>
            <column name="email_address">alex@sporton.com.tw</column>
            <column name="phone_number">+886-3-327-3456</column>
            <column name="fax_number">+886-3-327-0978</column>
            <column name="contract">Y</column>
        </table>
        <table name="Results">
            <column name="firm_name">Sporton International Inc. Hsinhua Laboratory</column>
            <column name="location">No. 58, Aly. 75, Ln. 564, Wenhua 3rd Rd.</column>
            <column name="accreditation">Bureau of Standards, Metrology and Inspection</column>
            <column name="mra">APEC TEL</column>
            <column name="designation_number">TW1143</column>
            <column name="expiration_date">2025-01-07 00:00:00.0</column>
            <column name="contact">Elaine Tsai</column>
            <column name="contact_title"> </column>
            <column name="address">No. 58, Aly. 75, Ln. 564, Wenhua 3rd Rd.</column>
            <column name="po_box">333010</column>
            <column name="mail_stop"> </column>
            <column name="city">Taoyuan</column>
            <column name="state"> </column>
            <column name="zip"> </column>
            <column name="country">Taiwan</column>
            <column name="email_address">elaine@sporton.com.tw</column>
            <column name="phone_number">+886-3-327-3456</column>
            <column name="fax_number">+886-3-327-0973</column>
            <column name="contract">Y</column>
        </table>
        <table name="Results">
            <column name="firm_name">Sporton International Inc. Hsinhua Laboratory</column>
            <column name="location">Guishan Dist. Taoyuan City 333 Taiwan (R.O.C.)</column>
            <column name="accreditation">National Communications Commission</column>
            <column name="mra">APEC TEL</column>
            <column name="designation_number">TW3785</column>
            <column name="expiration_date">2024-01-25 00:00:00.0</column>
            <column name="contact">Alex Chen</column>
            <column name="contact_title">Quality Assurance Dept. Director</column>
            <column name="address">No.52, Huaya 1st Rd., Guishan Dist.</column>
            <column name="po_box"> </column>
            <column name="mail_stop"> </column>
            <column name="city">Taoyuan City</column>
            <column name="state"> </column>
            <column name="zip"> </column>
            <column name="country">Taiwan</column>
            <column name="email_address">alex@sporton.com.tw</column>
            <column name="phone_number">886-3-327-3456</column>
            <column name="fax_number">+886-3-327-0978</column>
            <column name="contract">Y</column>
        </table>
        <table name="Results">
            <column name="firm_name">Sporton International Inc. Hsinhua Laboratory</column>
            <column name="location">Guishan Dist. Taoyuan City Taiwan R.O.C.</column>
            <column name="accreditation">National Communications Commission</column>
            <column name="mra">APEC TEL</column>
            <column name="designation_number">TW0008</column>
            <column name="expiration_date">2024-01-26 00:00:00.0</column>
            <column name="contact">Alex CHEN</column>
            <column name="contact_title">Quality Assurance Dept. Director</column>
            <column name="address">No. 14-1, Ln. 19, Wen 33rd St., Guishan Dist.</column>
            <column name="po_box"> </column>
            <column name="mail_stop"> </column>
            <column name="city">Taoyuan City</column>
            <column name="state"> </column>
            <column name="zip"> </column>
            <column name="country">Taiwan</column>
            <column name="email_address">alex@sporton.com.tw</column>
            <column name="phone_number">886-3-327-3456</column>
            <column name="fax_number">+886-3-327-0978</column>
            <column name="contract">Y</column>
        </table>
        <table name="Results">
            <column name="firm_name">Sporton International Inc. Wensan Laboratory</column>
            <column name="location">Guishan Dist. Taoyuan City 333 Taiwan (R.O.C.)</column>
            <column name="accreditation">National Communications Commission</column>
            <column name="mra">APEC TEL</column>
            <column name="designation_number">TW3786</column>
            <column name="expiration_date">2023-11-18 00:00:00.0</column>
            <column name="contact">Alex CHEN</column>
            <column name="contact_title">Quality Assurance Dept. Director</column>
            <column name="address">No.58, Aly. 75, Ln. 564 Wenha 3rd Rd.</column>
            <column name="po_box"> </column>
            <column name="mail_stop"> </column>
            <column name="city">Taoyuan City</column>
            <column name="state"> </column>
            <column name="zip"> </column>
            <column name="country">Taiwan</column>
            <column name="email_address">alex@sporton.com.tw</column>
            <column name="phone_number">+886-3-327-3456</column>
            <column name="fax_number">+886-3-327-0978</column>
            <column name="contract">Y</column>
        </table>
        <table name="Results">
            <column name="firm_name">TUV Rheinland Taiwan Ltd.</column>
            <column name="location">No.458-19,Sec.2,Fenliao Rd.,Linkou Dist.</column>
            <column name="accreditation">Bureau of Standards, Metrology and Inspection</column>
            <column name="mra">APEC TEL</column>
            <column name="designation_number">TW1135</column>
            <column name="expiration_date">2024-03-19 00:00:00.0</column>
            <column name="contact">Hugo Chang</column>
            <column name="contact_title">Manager</column>
            <column name="address">No. 458-19, Sec. 2, Fenliao Rd., Linkou Dist.</column>
            <column name="po_box"> </column>
            <column name="mail_stop"> </column>
            <column name="city">New Taipei City</column>
            <column name="state"> </column>
            <column name="zip"> </column>
            <column name="country">Taiwan</column>
            <column name="email_address">Hugo.chang@tuv.com</column>
            <column name="phone_number">+886 2-21721000</column>
            <column name="fax_number">+886 2-21721322</column>
            <column name="contract">Y</column>
        </table>
        <table name="Results">
            <column name="firm_name">TUV Rheinland Taiwan Ltd. Taipei Testing Lab.</column>
            <column name="location">No.458-18, Sec. 2, Fenliao Rd., Linkou, 244,Taiwan</column>
            <column name="accreditation">National Communications Commission</column>
            <column name="mra">APEC TEL</column>
            <column name="designation_number">TW3567</column>
            <column name="expiration_date">2024-12-10 00:00:00.0</column>
            <column name="contact">Ivan Hsieh</column>
            <column name="contact_title">Vice General Manager</column>
            <column name="address">No.458-18, Sec. 2, Fenliao Rd., Linkou Dist.,</column>
            <column name="po_box"> </column>
            <column name="mail_stop"> </column>
            <column name="city">New Taipei City</column>
            <column name="state"> </column>
            <column name="zip"> </column>
            <column name="country">Taiwan</column>
            <column name="email_address">IvanM.Hsieh@tuv.com</column>
            <column name="phone_number">+886 2-2172-7000</column>
            <column name="fax_number">+886-2-2172-1322</column>
            <column name="contract">Y</column>
        </table>
        <table name="Results">
            <column name="firm_name">TUV Rheinland Taiwan Ltd. Taipei Testing Lab.</column>
            <column name="location">No.458-18,Sec.2,Fenliao Rd.,Linkou Dist.</column>
            <column name="accreditation">Bureau of Standards, Metrology and Inspection</column>
            <column name="mra">APEC TEL</column>
            <column name="designation_number">TW1137</column>
            <column name="expiration_date">2024-02-11 00:00:00.0</column>
            <column name="contact">Willy Chen</column>
            <column name="contact_title">Vice General Manager</column>
            <column name="address">No.458-18, Sec. 2, Fenliao Rd., Linkou Dist.,</column>
            <column name="po_box"> </column>
            <column name="mail_stop"> </column>
            <column name="city">New Taipei City</column>
            <column name="state"> </column>
            <column name="zip"> </column>
            <column name="country">Taiwan</column>
            <column name="email_address">WillyL.Chen@tuv.com</column>
            <column name="phone_number">+886-2-2172-7000</column>
            <column name="fax_number">+886-2-2172-1322</column>
            <column name="contract">Y</column>
        </table>
        <table name="Results">
            <column name="firm_name">Taiwan Electric Research and Testing Center</column>
            <column name="location">No.6-6,Ronggong S.Rd,Caota Vil,Guanyuin,Taoyuan</column>
            <column name="accreditation">Bureau of Standards, Metrology and Inspection</column>
            <column name="mra">APEC TEL</column>
            <column name="designation_number">TW1102</column>
            <column name="expiration_date">2023-11-12 00:00:00.0</column>
            <column name="contact">liang wang</column>
            <column name="contact_title">Senior Engineer</column>
            <column name="address">No.6-6, Ronggong S. Rd., Caota Vil.,</column>
            <column name="po_box"> </column>
            <column name="mail_stop"> </column>
            <column name="city">Taoyuan</column>
            <column name="state"> </column>
            <column name="zip"> </column>
            <column name="country">Taiwan</column>
            <column name="email_address">charles@ms.tertec.org.tw</column>
            <column name="phone_number">Senior</column>
            <column name="fax_number">+886-3-4838722</column>
            <column name="contract">Y</column>
        </table>
        <table name="Results">
            <column name="firm_name">Taiwan Testing and Certification Center</column>
            <column name="location">Guishan Dist. Taoyuan City Taiwan R.O.C.</column>
            <column name="accreditation">National Communications Commission</column>
            <column name="mra">APEC TEL</column>
            <column name="designation_number">TW0371</column>
            <column name="expiration_date">2023-09-06 00:00:00.0</column>
            <column name="contact">Paul Liao</column>
            <column name="contact_title">Department Manager</column>
            <column name="address">No.8, Lane 29, Wenming Rd., Guishan Dist.</column>
            <column name="po_box"> </column>
            <column name="mail_stop"> </column>
            <column name="city">Taoyuan City</column>
            <column name="state"> </column>
            <column name="zip"> </column>
            <column name="country">Taiwan</column>
            <column name="email_address">paul.liao@etc.org.tw</column>
            <column name="phone_number">+886-3-3280026</column>
            <column name="fax_number">N/A</column>
            <column name="contract">Y</column>
        </table>
        <table name="Results">
            <column name="firm_name">Taiwan Testing and Certification Center</column>
            <column name="location">No.34,Lin 5. Dingfu, Linkou dist.,New Taipei City</column>
            <column name="accreditation">Bureau of Standards, Metrology and Inspection</column>
            <column name="mra">APEC TEL</column>
            <column name="designation_number">TW1060</column>
            <column name="expiration_date">2023-08-13 00:00:00.0</column>
            <column name="contact">Anderson Ku</column>
            <column name="contact_title">Manager</column>
            <column name="address">No.34, Lin 5. Dingfu, Linkou dist.</column>
            <column name="po_box"> </column>
            <column name="mail_stop"> </column>
            <column name="city">New Taipei City</column>
            <column name="state"> </column>
            <column name="zip"> </column>
            <column name="country">Taiwan</column>
            <column name="email_address">Kuyuanfu@etc.org.tw</column>
            <column name="phone_number">886-2-26023052</column>
            <column name="fax_number">+886-2-26010910</column>
            <column name="contract">Y</column>
        </table>
        <table name="Results">
            <column name="firm_name">Taiwan Testing and Certification Center</column>
            <column name="location">NO.8,Lane 29,Wenming Rd.,Guishan Dist.,Taoyuan</column>
            <column name="accreditation">Bureau of Standards, Metrology and Inspection</column>
            <column name="mra">APEC TEL</column>
            <column name="designation_number">TW1112</column>
            <column name="expiration_date">2023-08-31 00:00:00.0</column>
            <column name="contact">Paul Liao</column>
            <column name="contact_title">Manager of EMC Department I</column>
            <column name="address">No. 8, Lane 29, Wenming Rd., Guishan Dist.,</column>
            <column name="po_box"> </column>
            <column name="mail_stop"> </column>
            <column name="city">Taoyuan City</column>
            <column name="state"> </column>
            <column name="zip"> </column>
            <column name="country">Taiwan</column>
            <column name="email_address">winpo@etc.org.tw</column>
            <column name="phone_number">886-3-3280026</column>
            <column name="fax_number">886-3-3276188</column>
            <column name="contract">Y</column>
        </table>
        <table name="Results">
            <column name="firm_name">Taiwan Testing and Certification Center Linkou Lab</column>
            <column name="location">Linkou Dist New Taipei City Taiwan</column>
            <column name="accreditation">National Communications Commission</column>
            <column name="mra">APEC TEL</column>
            <column name="designation_number">TW2628</column>
            <column name="expiration_date">2023-08-24 00:00:00.0</column>
            <column name="contact">Nina Li</column>
            <column name="contact_title">Assistant</column>
            <column name="address">NO.34, Lin 5, Dinfu, Linkou Dist.</column>
            <column name="po_box"> </column>
            <column name="mail_stop"> </column>
            <column name="city">New Taipei City</column>
            <column name="state"> </column>
            <column name="zip"> </column>
            <column name="country">Taiwan</column>
            <column name="email_address">nina.li@etc.org.tw</column>
            <column name="phone_number">886-2-2602-3052</column>
            <column name="fax_number">+886-2-2601-0910</column>
            <column name="contract">Y</column>
        </table>
        <table name="Results">
            <column name="firm_name">Telecom Technology Center</column>
            <column name="location">No.3, Luke 1st Rd,Luzhu Dist,Kaohsiung,Taiwan</column>
            <column name="accreditation">Bureau of Standards, Metrology and Inspection</column>
            <column name="mra">APEC TEL</column>
            <column name="designation_number">TW1106</column>
            <column name="expiration_date">2024-05-13 00:00:00.0</column>
            <column name="contact">Hsuan Lin</column>
            <column name="contact_title">Deputy CEO</column>
            <column name="address">No. 3, Luke 1st Rd., Luzhu District</column>
            <column name="po_box"> </column>
            <column name="mail_stop"> </column>
            <column name="city">Kaohsiung</column>
            <column name="state"> </column>
            <column name="zip"> </column>
            <column name="country">Taiwan</column>
            <column name="email_address">hylin@ttc.org.tw</column>
            <column name="phone_number">886-922-440-523</column>
            <column name="fax_number">886-7-6955009</column>
            <column name="contract">Y</column>
        </table>
        <table name="Results">
            <column name="firm_name">Telecom Technology Center</column>
            <column name="location">No.62,Shenzhong Rd, Yanchao Dist,Kaohsiung,R.O.C</column>
            <column name="accreditation">Bureau of Standards, Metrology and Inspection</column>
            <column name="mra">APEC TEL</column>
            <column name="designation_number">TW1063</column>
            <column name="expiration_date">2024-05-13 00:00:00.0</column>
            <column name="contact">Hsuan Lin</column>
            <column name="contact_title">Deputy CEO</column>
            <column name="address">No. 3, Luke 1st Rd., Luzhu District</column>
            <column name="po_box"> </column>
            <column name="mail_stop"> </column>
            <column name="city">Kaohsiung</column>
            <column name="state"> </column>
            <column name="zip"> </column>
            <column name="country">Taiwan</column>
            <column name="email_address">hylin@ttc.org.tw</column>
            <column name="phone_number">886-922-440-523</column>
            <column name="fax_number">886-7-6955009</column>
            <column name="contract">Y</column>
        </table>
        <table name="Results">
            <column name="firm_name">Underwriters Laboratories Taiwan Co., Ltd.</column>
            <column name="location">Zhudong Township Hsinchu County Taiwan R.O.C.</column>
            <column name="accreditation">National Communications Commission</column>
            <column name="mra">APEC TEL</column>
            <column name="designation_number">TW3398</column>
            <column name="expiration_date">2024-03-20 00:00:00.0</column>
            <column name="contact">Roy Chen</column>
            <column name="contact_title">Assistant Manager</column>
            <column name="address">Building B and Building E, No. 372-7, Sec. 4,</column>
            <column name="po_box"> </column>
            <column name="mail_stop"> </column>
            <column name="city">Hsinchu County</column>
            <column name="state"> </column>
            <column name="zip"> </column>
            <column name="country">Taiwan</column>
            <column name="email_address">Roy.Chen@ul.com</column>
            <column name="phone_number">886-2-7737-3000</column>
            <column name="fax_number">+886-3-583-7948</column>
            <column name="contract">Y</column>
        </table>
        <table name="Results">
            <column name="firm_name">Underwriters Laboratories Taiwan Co., Ltd.</column>
            <column name="location">No.372-7,Sec 4,Zhongxing Rd,Zhudong Town,Hsinchu</column>
            <column name="accreditation">Bureau of Standards, Metrology and Inspection</column>
            <column name="mra">APEC TEL</column>
            <column name="designation_number">TW1116</column>
            <column name="expiration_date">2023-08-28 00:00:00.0</column>
            <column name="contact">Roy Chen</column>
            <column name="contact_title">Operations Manager</column>
            <column name="address">Building B and Building E, No. 372-7, Sec 4</column>
            <column name="po_box">310</column>
            <column name="mail_stop"> </column>
            <column name="city">Hsinchu County</column>
            <column name="state"> </column>
            <column name="zip"> </column>
            <column name="country">Taiwan</column>
            <column name="email_address">Roy.Chen@ul.com</column>
            <column name="phone_number">+886-2-7737-3000</column>
            <column name="fax_number">+886-3-583-7948</column>
            <column name="contract">Y</column>
        </table>
        <table name="Results">
            <column name="firm_name">WH Technology Corp.</column>
            <column name="location">7F, No262, Sec 3, Datong Rd, Taiwan</column>
            <column name="accreditation">National Communications Commission</column>
            <column name="mra">APEC TEL</column>
            <column name="designation_number">TW2954</column>
            <column name="expiration_date">2024-03-11 00:00:00.0</column>
            <column name="contact">Ely Kuo</column>
            <column name="contact_title">Customer Service Supervisor</column>
            <column name="address">7F., No.262, Sec. 3, Datong Rd., Xizhi Dist.</column>
            <column name="po_box"> </column>
            <column name="mail_stop"> </column>
            <column name="city">New Taipei City</column>
            <column name="state"> </column>
            <column name="zip">221</column>
            <column name="country">Taiwan</column>
            <column name="email_address">ely@gtest.tw</column>
            <column name="phone_number">+886-2-7729-7707</column>
            <column name="fax_number">+886-2-8648-1311</column>
            <column name="contract">Y</column>
        </table>
        <table name="Results">
            <column name="firm_name">WH Technology Corp.</column>
            <column name="location">7F,No.262,Sec 3,Datong Rd,Xizhi Dist,NewTaipeiCity</column>
            <column name="accreditation">Bureau of Standards, Metrology and Inspection</column>
            <column name="mra">APEC TEL</column>
            <column name="designation_number">TW1083</column>
            <column name="expiration_date">2024-03-11 00:00:00.0</column>
            <column name="contact">Ely Kuo</column>
            <column name="contact_title">Laboratory Head</column>
            <column name="address">7F., No.262, Sec. 3, Datong Rd., Xizhi Dist.,</column>
            <column name="po_box"> </column>
            <column name="mail_stop"> </column>
            <column name="city">New Taipei City</column>
            <column name="state"> </column>
            <column name="zip"> </column>
            <column name="country">Taiwan</column>
            <column name="email_address">ely@gtest.tw</column>
            <column name="phone_number">88627729-7707</column>
            <column name="fax_number">+88628648-1311</column>
            <column name="contract">Y</column>
        </table>
        <table name="Results">
            <column name="firm_name">Wendell Industrial Co., Ltd</column>
            <column name="location">5F-1,No188,Baoqiao Rd,Xindian Dist,New Taipei City</column>
            <column name="accreditation">Bureau of Standards, Metrology and Inspection</column>
            <column name="mra">APEC TEL</column>
            <column name="designation_number">TW1117</column>
            <column name="expiration_date">2023-12-03 00:00:00.0</column>
            <column name="contact">Kevin Ko</column>
            <column name="contact_title">Director</column>
            <column name="address">6F, No. 188</column>
            <column name="po_box"> </column>
            <column name="mail_stop"> </column>
            <column name="city">New Taipei City</column>
            <column name="state"> </column>
            <column name="zip">23145</column>
            <column name="country">Taiwan</column>
            <column name="email_address">Services-LAB@wendell.com.tw</column>
            <column name="phone_number">+886229175770</column>
            <column name="fax_number">+886229146763</column>
            <column name="contract">Y</column>
        </table>
        <table name="Results">
            <column name="firm_name">Wendell Industrial Co., Ltd</column>
            <column name="location">No.119, Wugong 3rd Rd., Wugu Dist.,New Taipei City</column>
            <column name="accreditation">Bureau of Standards, Metrology and Inspection</column>
            <column name="mra">APEC TEL</column>
            <column name="designation_number">TW1122</column>
            <column name="expiration_date">2023-12-03 00:00:00.0</column>
            <column name="contact">Kevin Ko</column>
            <column name="contact_title">Director</column>
            <column name="address">6F, No.188, Baoqiao Road, Xindian District</column>
            <column name="po_box"> </column>
            <column name="mail_stop"> </column>
            <column name="city">New Taipei City</column>
            <column name="state"> </column>
            <column name="zip"> </column>
            <column name="country">Taiwan</column>
            <column name="email_address">Services-LAB@wendell.com.tw</column>
            <column name="phone_number">+886-2-2917-5770</column>
            <column name="fax_number">+886-2-2914-6763</column>
            <column name="contract">Y</column>
        </table>
        <table name="Results">
            <column name="firm_name">Wendell Industrial Co., Ltd.</column>
            <column name="location">Wugu Dist., New Taipei City 248, Taiwan</column>
            <column name="accreditation">National Communications Commission</column>
            <column name="mra">APEC TEL</column>
            <column name="designation_number">TW0025</column>
            <column name="expiration_date">2024-09-04 00:00:00.0</column>
            <column name="contact">Kevin Ko</column>
            <column name="contact_title">Director</column>
            <column name="address">No.119, Wugong 3rd Rd., Wugu Dist.</column>
            <column name="po_box"> </column>
            <column name="mail_stop"> </column>
            <column name="city">New Taipei City</column>
            <column name="state"> </column>
            <column name="zip"> </column>
            <column name="country">Taiwan</column>
            <column name="email_address">services-LAB@wendell.com.tw</column>
            <column name="phone_number">+886-2-2917-5770</column>
            <column name="fax_number">N/A</column>
            <column name="contract">Y</column>
        </table>
        <table name="Results">
            <column name="firm_name">Wendell Industrial Co., Ltd.</column>
            <column name="location">Xindian District, New Taipei City, Taiwan</column>
            <column name="accreditation">National Communications Commission</column>
            <column name="mra">APEC TEL</column>
            <column name="designation_number">TW0026</column>
            <column name="expiration_date">2024-09-04 00:00:00.0</column>
            <column name="contact">Kevin Ko</column>
            <column name="contact_title">Director</column>
            <column name="address">5F-1, No.188, Baoqiao Road, Xindian District</column>
            <column name="po_box"> </column>
            <column name="mail_stop"> </column>
            <column name="city">New Taipei City</column>
            <column name="state"> </column>
            <column name="zip"> </column>
            <column name="country">Taiwan</column>
            <column name="email_address">services-LAB@wendell.com.tw</column>
            <column name="phone_number">+886-2-2917-5770</column>
            <column name="fax_number">N/A</column>
            <column name="contract">Y</column>
        </table>
        <table name="Results">
            <column name="firm_name">Worldwide Testing Services (Taiwan) Co., Ltd.</column>
            <column name="location">Neihu Dist. Taipei City 114 Taiwan R.O.C.</column>
            <column name="accreditation">National Communications Commission</column>
            <column name="mra">APEC TEL</column>
            <column name="designation_number">TW1477</column>
            <column name="expiration_date">2024-09-20 00:00:00.0</column>
            <column name="contact">Rex Kao</column>
            <column name="contact_title">Manager</column>
            <column name="address">6F, No. 58, Ln. 188, Ruey-Kuang Rd.,</column>
            <column name="po_box"> </column>
            <column name="mail_stop"> </column>
            <column name="city">Taipei City</column>
            <column name="state"> </column>
            <column name="zip"> </column>
            <column name="country">Taiwan</column>
            <column name="email_address">rex@wts-lab.com</column>
            <column name="phone_number">88626606-8877</column>
            <column name="fax_number">+886-2-6606-8879</column>
            <column name="contract">Y</column>
        </table>
        <table name="Results">
            <column name="firm_name">Worldwide Testing Services (Taiwan) Co., Ltd.</column>
            <column name="location">6F, No.58, Ln. 188, Ruey-Kuang Rd., Neihu, Taipei</column>
            <column name="accreditation">Bureau of Standards, Metrology and Inspection</column>
            <column name="mra">APEC TEL</column>
            <column name="designation_number">TW1072</column>
            <column name="expiration_date">2024-02-15 00:00:00.0</column>
            <column name="contact">Rex Kao</column>
            <column name="contact_title">Manager</column>
            <column name="address">6F, No. 58, Lane 188, Ruey-Kuang Rd., Neihu</column>
            <column name="po_box"> </column>
            <column name="mail_stop"> </column>
            <column name="city">Taipei City</column>
            <column name="state"> </column>
            <column name="zip"> </column>
            <column name="country">Taiwan</column>
            <column name="email_address">rex@wts-lab.com</column>
            <column name="phone_number">886-2-6606-8877</column>
            <column name="fax_number">886-2-6606-8879</column>
            <column name="contract">Y</column>
        </table>
        <table name="Results">
            <column name="firm_name">Worldwide Testing Services(Taiwan) Co. Ltd.</column>
            <column name="location">No. 5-1, Lishui, Shuang Sing Village, Wanli Dist.</column>
            <column name="accreditation">Bureau of Standards, Metrology and Inspection</column>
            <column name="mra">APEC TEL</column>
            <column name="designation_number">TW1140</column>
            <column name="expiration_date">2024-02-15 00:00:00.0</column>
            <column name="contact">Rex Kao</column>
            <column name="contact_title"> </column>
            <column name="address">6F, No. 58, Lane 188, Ruey-Kuang Rd.</column>
            <column name="po_box"> </column>
            <column name="mail_stop"> </column>
            <column name="city">Taipei City</column>
            <column name="state"> </column>
            <column name="zip">114</column>
            <column name="country">Taiwan</column>
            <column name="email_address">rex@wts-lab.com</column>
            <column name="phone_number">+886-2-6606-8877</column>
            <column name="fax_number">+886-2-6606-8879</column>
            <column name="contract">Y</column>
        </table>
        <table name="Results">
            <column name="firm_name">Worldwide Testing Services(Taiwan) Co. Ltd.</column>
            <column name="location">No. 35, Aly. 21, Ln 228, Ankang Rd., Neihu Dist.</column>
            <column name="accreditation">Bureau of Standards, Metrology and Inspection</column>
            <column name="mra">APEC TEL</column>
            <column name="designation_number">TW1141</column>
            <column name="expiration_date">2024-02-15 00:00:00.0</column>
            <column name="contact">Rex Kao</column>
            <column name="contact_title"> </column>
            <column name="address">6F, Mo. 58, Lane 188, Ruey-Kuang Rd., Neihu Dist.</column>
            <column name="po_box"> </column>
            <column name="mail_stop"> </column>
            <column name="city">Taipei City</column>
            <column name="state"> </column>
            <column name="zip">114</column>
            <column name="country">Taiwan</column>
            <column name="email_address">rex@wts-lab.com</column>
            <column name="phone_number">+886-2-6606-8877</column>
            <column name="fax_number">+886-2-6606-8879</column>
            <column name="contract">Y</column>
        </table>
        <table name="Results">
            <column name="firm_name">eTest Certification Laboratory Inc.</column>
            <column name="location">No. 64, Lane 169, Sec.2, Datong Rd., Xizhi Dist.</column>
            <column name="accreditation">Bureau of Standards, Metrology and Inspection</column>
            <column name="mra">APEC TEL</column>
            <column name="designation_number">TW1144</column>
            <column name="expiration_date">2024-11-30 00:00:00.0</column>
            <column name="contact">Vic Chiu</column>
            <column name="contact_title"> </column>
            <column name="address">No. 64, Lane 169, Sec.2, Datong Rd., Xizhi Dist.</column>
            <column name="po_box"> </column>
            <column name="mail_stop"> </column>
            <column name="city">New Taipei</column>
            <column name="state"> </column>
            <column name="zip"> </column>
            <column name="country">Taiwan</column>
            <column name="email_address">qa@e-lab.com.tw</column>
            <column name="phone_number">-886-2-8692-6160</column>
            <column name="fax_number">-886-2-8692-6170</column>
            <column name="contract">Y</column>
        </table>
        <table name="Results">
            <column name="firm_name">3C Test Ltd</column>
            <column name="location">Silverstone</column>
            <column name="accreditation">BEIS-Department for Business Energy and Industrial Strategy] (Office for Product Safety and Standards)</column>
            <column name="mra">US- UK MRA</column>
            <column name="designation_number">UK2024</column>
            <column name="expiration_date">2024-09-22 00:00:00.0</column>
            <column name="contact">Steve Youngman</column>
            <column name="contact_title"> </column>
            <column name="address">Silverstone Technology Park</column>
            <column name="po_box"> </column>
            <column name="mail_stop"> </column>
            <column name="city">Silverstone</column>
            <column name="state"> </column>
            <column name="zip">NN12 8GX</column>
            <column name="country">United Kingdom</column>
            <column name="email_address">steve.youngman@applus.com</column>
            <column name="phone_number">44 1327 857500</column>
            <column name="fax_number">44 1327 857747</column>
            <column name="contract">Y</column>
        </table>
        <table name="Results">
            <column name="firm_name">Electromagnetic Testing Services Ltd</column>
            <column name="location">Stebbing</column>
            <column name="accreditation">BEIS-Department for Business Energy and Industrial Strategy] (Office for Product Safety and Standards)</column>
            <column name="mra">US- UK MRA</column>
            <column name="designation_number">UK2016</column>
            <column name="expiration_date">2024-04-11 00:00:00.0</column>
            <column name="contact">George Vassila</column>
            <column name="contact_title"> </column>
            <column name="address">Pratts Fields, Lubberhedges Lane</column>
            <column name="po_box"> </column>
            <column name="mail_stop"> </column>
            <column name="city">Dunmow</column>
            <column name="state"> </column>
            <column name="zip"> </column>
            <column name="country">United Kingdom</column>
            <column name="email_address">info@etsemc.co.uk</column>
            <column name="phone_number">44 1371 856061</column>
            <column name="fax_number">44 1371 856144</column>
            <column name="contract">Y</column>
        </table>
        <table name="Results">
            <column name="firm_name">Element Materials Technology Warwick Ltd</column>
            <column name="location">Hull</column>
            <column name="accreditation">BEIS-Department for Business Energy and Industrial Strategy] (Office for Product Safety and Standards)</column>
            <column name="mra">US- UK MRA</column>
            <column name="designation_number">UK2007</column>
            <column name="expiration_date">2023-10-14 00:00:00.0</column>
            <column name="contact">Neil Roche</column>
            <column name="contact_title"> </column>
            <column name="address">Rothwell Road</column>
            <column name="po_box"> </column>
            <column name="mail_stop"> </column>
            <column name="city">Warwick</column>
            <column name="state"> </column>
            <column name="zip"> </column>
            <column name="country">United Kingdom</column>
            <column name="email_address">neil.roche@element.com</column>
            <column name="phone_number">44 1926 478478</column>
            <column name="fax_number">44 1926 478479</column>
            <column name="contract">Y</column>
        </table>
        <table name="Results">
            <column name="firm_name">Element Materials Technology Warwick Ltd</column>
            <column name="location">Malvern</column>
            <column name="accreditation">BEIS-Department for Business Energy and Industrial Strategy] (Office for Product Safety and Standards)</column>
            <column name="mra">US- UK MRA</column>
            <column name="designation_number">UK2009</column>
            <column name="expiration_date">2024-11-14 00:00:00.0</column>
            <column name="contact">Neil Roche</column>
            <column name="contact_title"> </column>
            <column name="address">Rothwell Road</column>
            <column name="po_box"> </column>
            <column name="mail_stop"> </column>
            <column name="city">Warwick</column>
            <column name="state"> </column>
            <column name="zip">CV34 5JX</column>
            <column name="country">United Kingdom</column>
            <column name="email_address">neil.roche@element.com</column>
            <column name="phone_number">44 1926 478478</column>
            <column name="fax_number">44 1926 478479</column>
            <column name="contract">Y</column>
        </table>
        <table name="Results">
            <column name="firm_name">Element Materials Technology Warwick Ltd</column>
            <column name="location">Skelmersdale</column>
            <column name="accreditation">BEIS-Department for Business Energy and Industrial Strategy] (Office for Product Safety and Standards)</column>
            <column name="mra">US- UK MRA</column>
            <column name="designation_number">UK2020</column>
            <column name="expiration_date">2024-03-17 00:00:00.0</column>
            <column name="contact">Neil Roche</column>
            <column name="contact_title"> </column>
            <column name="address">Rothwell Road</column>
            <column name="po_box"> </column>
            <column name="mail_stop"> </column>
            <column name="city">Warwick</column>
            <column name="state"> </column>
            <column name="zip">CV34 5JX</column>
            <column name="country">United Kingdom</column>
            <column name="email_address">neil.roche@element.com</column>
            <column name="phone_number">44 1926 478478</column>
            <column name="fax_number">44 1926 478479</column>
            <column name="contract">Y</column>
        </table>
        <table name="Results">
            <column name="firm_name">Element Materials Technology Warwick Ltd</column>
            <column name="location">Wimborne</column>
            <column name="accreditation">BEIS-Department for Business Energy and Industrial Strategy] (Office for Product Safety and Standards)</column>
            <column name="mra">US- UK MRA</column>
            <column name="designation_number">UK2019</column>
            <column name="expiration_date">2025-02-02 00:00:00.0</column>
            <column name="contact">Neil Roche</column>
            <column name="contact_title"> </column>
            <column name="address">74-78 Condor Close</column>
            <column name="po_box"> </column>
            <column name="mail_stop"> </column>
            <column name="city">Wimborne</column>
            <column name="state"> </column>
            <column name="zip">BH21 6SU</column>
            <column name="country">United Kingdom</column>
            <column name="email_address">info.warwick@element.com</column>
            <column name="phone_number">44 1926 478478</column>
            <column name="fax_number">44 1926 478479</column>
            <column name="contract">Y</column>
        </table>
        <table name="Results">
            <column name="firm_name">Eurofins E&amp;E Hursley Ltd</column>
            <column name="location">Chandlers Ford</column>
            <column name="accreditation">BEIS-Department for Business Energy and Industrial Strategy] (Office for Product Safety and Standards)</column>
            <column name="mra">US- UK MRA</column>
            <column name="designation_number">UK2006</column>
            <column name="expiration_date">2024-01-19 00:00:00.0</column>
            <column name="contact">Andrew Coombes</column>
            <column name="contact_title"> </column>
            <column name="address">Trafalgar House, Trafalgar Close</column>
            <column name="po_box"> </column>
            <column name="mail_stop"> </column>
            <column name="city">Eastleigh</column>
            <column name="state"> </column>
            <column name="zip">SO53 4BW</column>
            <column name="country">United Kingdom</column>
            <column name="email_address">andycoombes@eurofins.com</column>
            <column name="phone_number">44 23 8027 1111</column>
            <column name="fax_number">44 23 8027 1144</column>
            <column name="contract">Y</column>
        </table>
        <table name="Results">
            <column name="firm_name">Eurofins York Ltd</column>
            <column name="location">Bristol</column>
            <column name="accreditation">BEIS-Department for Business Energy and Industrial Strategy] (Office for Product Safety and Standards)</column>
            <column name="mra">US- UK MRA</column>
            <column name="designation_number">UK2017</column>
            <column name="expiration_date">2024-09-01 00:00:00.0</column>
            <column name="contact">Nick Wainwright</column>
            <column name="contact_title"> </column>
            <column name="address">Unit 1 Arabesque House</column>
            <column name="po_box"> </column>
            <column name="mail_stop"> </column>
            <column name="city">York</column>
            <column name="state"> </column>
            <column name="zip"> </column>
            <column name="country">United Kingdom</column>
            <column name="email_address">nickwainwright@eurofins.com</column>
            <column name="phone_number">44 330 430 3456</column>
            <column name="fax_number">N/A</column>
            <column name="contract">Y</column>
        </table>
        <table name="Results">
            <column name="firm_name">Eurofins York Ltd</column>
            <column name="location">Castleford</column>
            <column name="accreditation">BEIS-Department for Business Energy and Industrial Strategy] (Office for Product Safety and Standards)</column>
            <column name="mra">US- UK MRA</column>
            <column name="designation_number">UK2013</column>
            <column name="expiration_date">2024-09-02 00:00:00.0</column>
            <column name="contact">Nick Wainwright</column>
            <column name="contact_title"> </column>
            <column name="address">Unit 1 Arabesque House</column>
            <column name="po_box"> </column>
            <column name="mail_stop"> </column>
            <column name="city">York</column>
            <column name="state"> </column>
            <column name="zip"> </column>
            <column name="country">United Kingdom</column>
            <column name="email_address">nickwainwright@eurofins.com</column>
            <column name="phone_number">44 330 430 3456</column>
            <column name="fax_number">N/A</column>
            <column name="contract">Y</column>
        </table>
        <table name="Results">
            <column name="firm_name">Eurofins York Ltd</column>
            <column name="location">Grangemouth</column>
            <column name="accreditation">BEIS-Department for Business Energy and Industrial Strategy] (Office for Product Safety and Standards)</column>
            <column name="mra">US- UK MRA</column>
            <column name="designation_number">UK2018</column>
            <column name="expiration_date">2024-09-02 00:00:00.0</column>
            <column name="contact">Nick Wainwright</column>
            <column name="contact_title"> </column>
            <column name="address">Unit 1 Arabesque House</column>
            <column name="po_box"> </column>
            <column name="mail_stop"> </column>
            <column name="city">York</column>
            <column name="state"> </column>
            <column name="zip">YO32 9GW</column>
            <column name="country">United Kingdom</column>
            <column name="email_address">nickwainwright@eurofins.com</column>
            <column name="phone_number">44 330 430 3456</column>
            <column name="fax_number">N/A</column>
            <column name="contract">Y</column>
        </table>
        <table name="Results">
            <column name="firm_name">Plantronics Limited trading as Poly</column>
            <column name="location">Monmouth</column>
            <column name="accreditation">BEIS-Department for Business Energy and Industrial Strategy] (Office for Product Safety and Standards)</column>
            <column name="mra">US- UK MRA</column>
            <column name="designation_number">UK2023</column>
            <column name="expiration_date">2023-06-21 00:00:00.0</column>
            <column name="contact">Digby Rusling</column>
            <column name="contact_title"> </column>
            <column name="address">Singleton Court Business Park</column>
            <column name="po_box"> </column>
            <column name="mail_stop"> </column>
            <column name="city">Monmouth</column>
            <column name="state"> </column>
            <column name="zip">NP25 5JA</column>
            <column name="country">United Kingdom</column>
            <column name="email_address">Digby.Rusling@poly.com</column>
            <column name="phone_number">+44 1753 723387</column>
            <column name="fax_number">+44 1600 715799</column>
            <column name="contract">Y</column>
        </table>
        <table name="Results">
            <column name="firm_name">RN Electronics Ltd</column>
            <column name="location">Mountnessing</column>
            <column name="accreditation">BEIS-Department for Business Energy and Industrial Strategy] (Office for Product Safety and Standards)</column>
            <column name="mra">US- UK MRA</column>
            <column name="designation_number">UK2015</column>
            <column name="expiration_date">2024-03-03 00:00:00.0</column>
            <column name="contact">Clint Hilling</column>
            <column name="contact_title"> </column>
            <column name="address">Arnolds Court, Arnolds Farm Lane</column>
            <column name="po_box"> </column>
            <column name="mail_stop"> </column>
            <column name="city">Brentwood</column>
            <column name="state"> </column>
            <column name="zip"> </column>
            <column name="country">United Kingdom</column>
            <column name="email_address">clint@RNelectronics.com</column>
            <column name="phone_number">44 1277 352219</column>
            <column name="fax_number">N/A</column>
            <column name="contract">Y</column>
        </table>
        <table name="Results">
            <column name="firm_name">TUV SUD Limited</column>
            <column name="location">Concorde Park</column>
            <column name="accreditation">BEIS-Department for Business Energy and Industrial Strategy] (Office for Product Safety and Standards)</column>
            <column name="mra">US- UK MRA</column>
            <column name="designation_number">UK2026</column>
            <column name="expiration_date">2024-05-18 00:00:00.0</column>
            <column name="contact">Nathan Emery</column>
            <column name="contact_title"> </column>
            <column name="address">TUV SUD Limited</column>
            <column name="po_box"> </column>
            <column name="mail_stop"> </column>
            <column name="city">Fareham</column>
            <column name="state"> </column>
            <column name="zip">PO15 5FG</column>
            <column name="country">United Kingdom</column>
            <column name="email_address">Nathan.Emery@tuvsud.com</column>
            <column name="phone_number">+44 1489 558183</column>
            <column name="fax_number">N/A</column>
            <column name="contract">Y</column>
        </table>
        <table name="Results">
            <column name="firm_name">TUV SUD Limited</column>
            <column name="location">Fareham</column>
            <column name="accreditation">BEIS-Department for Business Energy and Industrial Strategy] (Office for Product Safety and Standards)</column>
            <column name="mra">US- UK MRA</column>
            <column name="designation_number">UK2010</column>
            <column name="expiration_date">2024-08-24 00:00:00.0</column>
            <column name="contact">Nathan Emery</column>
            <column name="contact_title"> </column>
            <column name="address">Octagon House</column>
            <column name="po_box"> </column>
            <column name="mail_stop"> </column>
            <column name="city">Fareham</column>
            <column name="state"> </column>
            <column name="zip">PO15 5RL</column>
            <column name="country">United Kingdom</column>
            <column name="email_address">Nathan.Emery@tuvsud.com</column>
            <column name="phone_number">44 7831225502</column>
            <column name="fax_number">44 1489 558101</column>
            <column name="contract">Y</column>
        </table>
        <table name="Results">
            <column name="firm_name">TUV SUD Limited</column>
            <column name="location">Bearley</column>
            <column name="accreditation">BEIS-Department for Business Energy and Industrial Strategy] (Office for Product Safety and Standards)</column>
            <column name="mra">US- UK MRA</column>
            <column name="designation_number">UK2021</column>
            <column name="expiration_date">2023-08-25 00:00:00.0</column>
            <column name="contact">Nathan Emery</column>
            <column name="contact_title"> </column>
            <column name="address">Octagon House, Concorde Way</column>
            <column name="po_box"> </column>
            <column name="mail_stop"> </column>
            <column name="city">Fareham</column>
            <column name="state"> </column>
            <column name="zip">PO15 5RL</column>
            <column name="country">United Kingdom</column>
            <column name="email_address">Nathan.Emery@tuvsud.com</column>
            <column name="phone_number">44 7831225502</column>
            <column name="fax_number">44 1489 570586</column>
            <column name="contract">Y</column>
        </table>
        <table name="Results">
            <column name="firm_name">UL International (UK) Ltd</column>
            <column name="location">Basingstoke</column>
            <column name="accreditation">BEIS-Department for Business Energy and Industrial Strategy] (Office for Product Safety and Standards)</column>
            <column name="mra">US- UK MRA</column>
            <column name="designation_number">UK2011</column>
            <column name="expiration_date">2024-04-08 00:00:00.0</column>
            <column name="contact">Scott D'Adamo</column>
            <column name="contact_title"> </column>
            <column name="address">Unit 1-3 Horizon Kingsland Business Park</column>
            <column name="po_box"> </column>
            <column name="mail_stop"> </column>
            <column name="city">Basingstoke</column>
            <column name="state"> </column>
            <column name="zip">RG24 8AH</column>
            <column name="country">United Kingdom</column>
            <column name="email_address">Scott.Dadamo@ul.com</column>
            <column name="phone_number">44 1256 312101</column>
            <column name="fax_number">44 1256 312001</column>
            <column name="contract">Y</column>
        </table>
        <table name="Results">
            <column name="firm_name">db Technology (Cambridge) Ltd</column>
            <column name="location">Cottenham</column>
            <column name="accreditation">BEIS-Department for Business Energy and Industrial Strategy] (Office for Product Safety and Standards)</column>
            <column name="mra">US- UK MRA</column>
            <column name="designation_number">UK2025</column>
            <column name="expiration_date">2024-03-31 00:00:00.0</column>
            <column name="contact">Clare Arber</column>
            <column name="contact_title"> </column>
            <column name="address">Radio Test Site, Twentypence Road</column>
            <column name="po_box"> </column>
            <column name="mail_stop"> </column>
            <column name="city">Cambridge</column>
            <column name="state"> </column>
            <column name="zip">CB24 8PS</column>
            <column name="country">United Kingdom</column>
            <column name="email_address">mail@dbtechnology.co.uk</column>
            <column name="phone_number">44 1954 251974</column>
            <column name="fax_number">N/A</column>
            <column name="contract">Y</column>
        </table>
        <table name="Results">
            <column name="firm_name">Compliance Testing, LLC</column>
            <column name="location">Mesa, AZ</column>
            <column name="accreditation">ANSI National Accreditation Board</column>
            <column name="mra">N/A</column>
            <column name="designation_number">US2901</column>
            <column name="expiration_date">2024-06-29 00:00:00.0</column>
            <column name="contact">Michael Schafer</column>
            <column name="contact_title"> </column>
            <column name="address">1724 S. Nevada Way</column>
            <column name="po_box"> </column>
            <column name="mail_stop"> </column>
            <column name="city">Mesa</column>
            <column name="state">Arizona</column>
            <column name="zip">85204</column>
            <column name="country">United States</column>
            <column name="email_address">labadmin@compliancetesting.com</column>
            <column name="phone_number">480-926-3100</column>
            <column name="fax_number">N/A</column>
            <column name="contract">Y</column>
        </table>
        <table name="Results">
            <column name="firm_name">H.B. Compliance Solutions</column>
            <column name="location">Tempe, AZ</column>
            <column name="accreditation">ANSI National Accreditation Board</column>
            <column name="mra">N/A</column>
            <column name="designation_number">US2458</column>
            <column name="expiration_date">2023-06-10 00:00:00.0</column>
            <column name="contact">Hoosamuddin Bandukwala</column>
            <column name="contact_title"> </column>
            <column name="address">5005 S. Ash Avenue</column>
            <column name="po_box"> </column>
            <column name="mail_stop"> </column>
            <column name="city">Tempe</column>
            <column name="state">Arizona</column>
            <column name="zip">85282</column>
            <column name="country">United States</column>
            <column name="email_address">hoosam@hbcompliance.com</column>
            <column name="phone_number">480-684-2969</column>
            <column name="fax_number">N/A</column>
            <column name="contract">Y</column>
        </table>
        <table name="Results">
            <column name="firm_name">ATLAS Compliance &amp; Engineering, Inc.</column>
            <column name="location">1792 Little Orchard Street, San Jose, CA  95125</column>
            <column name="accreditation">American Association for Laboratory Accreditation</column>
            <column name="mra">N/A</column>
            <column name="designation_number">US1016</column>
            <column name="expiration_date">2023-12-21 00:00:00.0</column>
            <column name="contact">Bruce Smith</column>
            <column name="contact_title"> </column>
            <column name="address">1792 Little Orchard Street</column>
            <column name="po_box"> </column>
            <column name="mail_stop"> </column>
            <column name="city">San Jose</column>
            <column name="state">California</column>
            <column name="zip">95125</column>
            <column name="country">United States</column>
            <column name="email_address">bruces@atlasce.com</column>
            <column name="phone_number">4089719743</column>
            <column name="fax_number">4089719783</column>
            <column name="contract">Y</column>
        </table>
        <table name="Results">
            <column name="firm_name">Apple Inc., RF Laboratory</column>
            <column name="location">Cupertino, CA</column>
            <column name="accreditation">National Voluntary Laboratory Accreditation Program</column>
            <column name="mra">N/A</column>
            <column name="designation_number">US5311</column>
            <column name="expiration_date">2023-09-30 00:00:00.0</column>
            <column name="contact">Jon Kanter</column>
            <column name="contact_title">Technical Manager</column>
            <column name="address">One Apple Park Way, Mailstop 911-DHW</column>
            <column name="po_box"> </column>
            <column name="mail_stop">911-DHW</column>
            <column name="city">Cupertino</column>
            <column name="state">California</column>
            <column name="zip">95014</column>
            <column name="country">United States</column>
            <column name="email_address">jj_kanter@apple.com</column>
            <column name="phone_number">408-783-3656</column>
            <column name="fax_number">N/A</column>
            <column name="contract">Y</column>
        </table>
        <table name="Results">
            <column name="firm_name">Bay Area Compliance Laboratories Corp.</column>
            <column name="location">Sunnyvale, CA</column>
            <column name="accreditation">American Association for Laboratory Accreditation</column>
            <column name="mra">N/A</column>
            <column name="designation_number">US1129</column>
            <column name="expiration_date">2024-09-30 00:00:00.0</column>
            <column name="contact">Lisa Tang</column>
            <column name="contact_title"> </column>
            <column name="address">1274 Anvilwood Avenue</column>
            <column name="po_box"> </column>
            <column name="mail_stop"> </column>
            <column name="city">Sunnyvale</column>
            <column name="state">California</column>
            <column name="zip">94089</column>
            <column name="country">United States</column>
            <column name="email_address">lisat@baclcorp.com</column>
            <column name="phone_number">408-732-9162</column>
            <column name="fax_number">408 732 9164</column>
            <column name="contract">Y</column>
        </table>
        <table name="Results">
            <column name="firm_name">Bureau Veritas Consumer Products Services, Inc.</column>
            <column name="location">Milpitas, CA</column>
            <column name="accreditation">American Association for Laboratory Accreditation</column>
            <column name="mra">N/A</column>
            <column name="designation_number">US1109</column>
            <column name="expiration_date">2024-09-30 00:00:00.0</column>
            <column name="contact">Sarb Shelopal</column>
            <column name="contact_title">General Manager</column>
            <column name="address">775 Montague Expressway</column>
            <column name="po_box"> </column>
            <column name="mail_stop"> </column>
            <column name="city">Milpitas</column>
            <column name="state">California</column>
            <column name="zip">95035</column>
            <column name="country">United States</column>
            <column name="email_address">Sarbjit.Shelopal@bureauveritas.com</column>
            <column name="phone_number">+1 925 963 4420</column>
            <column name="fax_number">N/A</column>
            <column name="contract">Y</column>
        </table>
        <table name="Results">
            <column name="firm_name">CETECOM Inc.</column>
            <column name="location">Milpitas CA</column>
            <column name="accreditation">American Association for Laboratory Accreditation</column>
            <column name="mra">N/A</column>
            <column name="designation_number">US1096</column>
            <column name="expiration_date">2023-12-31 00:00:00.0</column>
            <column name="contact">Meinolf Glunz</column>
            <column name="contact_title"> </column>
            <column name="address">411 Dixon Landing Road</column>
            <column name="po_box"> </column>
            <column name="mail_stop"> </column>
            <column name="city">Milpitas</column>
            <column name="state">California</column>
            <column name="zip">95035</column>
            <column name="country">United States</column>
            <column name="email_address">meinolf.glunz@cetecom.com</column>
            <column name="phone_number">408-586-6301</column>
            <column name="fax_number">N/A</column>
            <column name="contract">Y</column>
        </table>
        <table name="Results">
            <column name="firm_name">CKC Laboratories, Inc.</column>
            <column name="location">Mariposa, CA; Fremont, CA; Brea, CA; Bothell, WA</column>
            <column name="accreditation">American Association for Laboratory Accreditation</column>
            <column name="mra">N/A</column>
            <column name="designation_number">US1024</column>
            <column name="expiration_date">2023-06-30 00:00:00.0</column>
            <column name="contact">Steve Behm</column>
            <column name="contact_title"> </column>
            <column name="address">5046 Sierra Pines Drive</column>
            <column name="po_box"> </column>
            <column name="mail_stop"> </column>
            <column name="city">Mariposa</column>
            <column name="state">California</column>
            <column name="zip">95338</column>
            <column name="country">United States</column>
            <column name="email_address">qa@ckc.com</column>
            <column name="phone_number">209-966-5240</column>
            <column name="fax_number">866 779 9776</column>
            <column name="contract">Y</column>
        </table>
        <table name="Results">
            <column name="firm_name">Cisco Systems, Inc.</column>
            <column name="location">San Jose, CA</column>
            <column name="accreditation">American Association for Laboratory Accreditation</column>
            <column name="mra">N/A</column>
            <column name="designation_number">US1020</column>
            <column name="expiration_date">2024-11-20 00:00:00.0</column>
            <column name="contact">Dave Wilson</column>
            <column name="contact_title"> </column>
            <column name="address">170 West Tasman Drive</column>
            <column name="po_box"> </column>
            <column name="mail_stop">Mailstop SJCP/2</column>
            <column name="city">San Jose</column>
            <column name="state">California</column>
            <column name="zip">95134-1706</column>
            <column name="country">United States</column>
            <column name="email_address">dawilso2@cisco.com</column>
            <column name="phone_number">408-525-0324</column>
            <column name="fax_number">4085264184</column>
            <column name="contract">Y</column>
        </table>
        <table name="Results">
            <column name="firm_name">Compatible Electronics, Inc.</column>
            <column name="location">Brea CA</column>
            <column name="accreditation">National Voluntary Laboratory Accreditation Program</column>
            <column name="mra">N/A</column>
            <column name="designation_number">US5042</column>
            <column name="expiration_date">2023-06-30 00:00:00.0</column>
            <column name="contact">Michael Christensen</column>
            <column name="contact_title">Lab Manager</column>
            <column name="address">114 Olinda Drive</column>
            <column name="po_box"> </column>
            <column name="mail_stop"> </column>
            <column name="city">Brea</column>
            <column name="state">California</column>
            <column name="zip">92823</column>
            <column name="country">United States</column>
            <column name="email_address">mike@compatible-electronics.com</column>
            <column name="phone_number">714-579-0500</column>
            <column name="fax_number">714-579-1850</column>
            <column name="contract">Y</column>
        </table>
        <table name="Results">
            <column name="firm_name">Compatible Electronics, Inc.</column>
            <column name="location">Newbury Park, CA</column>
            <column name="accreditation">National Voluntary Laboratory Accreditation Program</column>
            <column name="mra">N/A</column>
            <column name="designation_number">US5387</column>
            <column name="expiration_date">2023-06-30 00:00:00.0</column>
            <column name="contact">Michael Christensen</column>
            <column name="contact_title"> </column>
            <column name="address">1050 Lawrence Drive</column>
            <column name="po_box"> </column>
            <column name="mail_stop"> </column>
            <column name="city">Newbury Park</column>
            <column name="state">California</column>
            <column name="zip">91320</column>
            <column name="country">United States</column>
            <column name="email_address">mike@compatible-electronics.com</column>
            <column name="phone_number">714-579-0500</column>
            <column name="fax_number">714-579-1850</column>
            <column name="contract">Y</column>
        </table>
        <table name="Results">
            <column name="firm_name">Compatible Electronics, Inc.</column>
            <column name="location">Silverado/Lake Forest CA</column>
            <column name="accreditation">National Voluntary Laboratory Accreditation Program</column>
            <column name="mra">N/A</column>
            <column name="designation_number">US5074</column>
            <column name="expiration_date">2023-06-30 00:00:00.0</column>
            <column name="contact">Michael Christensen</column>
            <column name="contact_title">Lab Manager</column>
            <column name="address">20621 Pascal Way</column>
            <column name="po_box"> </column>
            <column name="mail_stop"> </column>
            <column name="city">Lake Forest-Silverado</column>
            <column name="state">California</column>
            <column name="zip">92630</column>
            <column name="country">United States</column>
            <column name="email_address">mike@compatible-electronics.com</column>
            <column name="phone_number">714-579-0500</column>
            <column name="fax_number">714-579-1850</column>
            <column name="contract">Y</column>
        </table>
        <table name="Results">
            <column name="firm_name">EUROFINS ELECTRICAL AND ELECTRONIC TESTING NA, INC</column>
            <column name="location">3162 Belick Street, Santa Clara, CA</column>
            <column name="accreditation">American Association for Laboratory Accreditation</column>
            <column name="mra">N/A</column>
            <column name="designation_number">US1123</column>
            <column name="expiration_date">2025-01-31 00:00:00.0</column>
            <column name="contact">Greg Kovolenko</column>
            <column name="contact_title">Quality Manager</column>
            <column name="address">3162 Belick Street</column>
            <column name="po_box"> </column>
            <column name="mail_stop"> </column>
            <column name="city">Santa Clara</column>
            <column name="state">California</column>
            <column name="zip">95054</column>
            <column name="country">United States</column>
            <column name="email_address">greg.kovolenko@metlabs.com</column>
            <column name="phone_number">4108444071</column>
            <column name="fax_number">4439299462</column>
            <column name="contract">Y</column>
        </table>
        <table name="Results">
            <column name="firm_name">Electro Magnetic Test, Inc.</column>
            <column name="location">Mountain View CA</column>
            <column name="accreditation">National Voluntary Laboratory Accreditation Program</column>
            <column name="mra">N/A</column>
            <column name="designation_number">US5352</column>
            <column name="expiration_date">2024-03-31 00:00:00.0</column>
            <column name="contact">Jay Gandhi</column>
            <column name="contact_title"> </column>
            <column name="address">1547 Plymouth Street</column>
            <column name="po_box"> </column>
            <column name="mail_stop"> </column>
            <column name="city">Mountain View</column>
            <column name="state">California</column>
            <column name="zip">94043</column>
            <column name="country">United States</column>
            <column name="email_address">jgandhi@emtlabs.com</column>
            <column name="phone_number">650-965-4000</column>
            <column name="fax_number">650-965-3000</column>
            <column name="contract">Y</column>
        </table>
        <table name="Results">
            <column name="firm_name">Element Materials Technology Irvine</column>
            <column name="location">Irvine, CA</column>
            <column name="accreditation">American Association for Laboratory Accreditation</column>
            <column name="mra">N/A</column>
            <column name="designation_number">US1293</column>
            <column name="expiration_date">2023-06-30 00:00:00.0</column>
            <column name="contact">Renee Walker</column>
            <column name="contact_title"> </column>
            <column name="address">41 Tesla Ave.</column>
            <column name="po_box"> </column>
            <column name="mail_stop"> </column>
            <column name="city">Irvine</column>
            <column name="state">California</column>
            <column name="zip">92618</column>
            <column name="country">United States</column>
            <column name="email_address">renee.walker@element.com</column>
            <column name="phone_number">503 844 4066</column>
            <column name="fax_number">N/A</column>
            <column name="contract">Y</column>
        </table>
        <table name="Results">
            <column name="firm_name">Element Materials Technology San Jose, CA</column>
            <column name="location">San Jose, CA</column>
            <column name="accreditation">American Association for Laboratory Accreditation</column>
            <column name="mra">N/A</column>
            <column name="designation_number">US1163</column>
            <column name="expiration_date">2024-05-24 00:00:00.0</column>
            <column name="contact">Randy Ortanez</column>
            <column name="contact_title"> </column>
            <column name="address">382 Piercy Road</column>
            <column name="po_box"> </column>
            <column name="mail_stop"> </column>
            <column name="city">San Jose</column>
            <column name="state">California</column>
            <column name="zip">95138</column>
            <column name="country">United States</column>
            <column name="email_address">rj.ortanez@pctest.com</column>
            <column name="phone_number">4102906652</column>
            <column name="fax_number">4102906652</column>
            <column name="contract">Y</column>
        </table>
        <table name="Results">
            <column name="firm_name">Hewlett-Packard Co, Roseville Hardware Test &amp; Comp</column>
            <column name="location">Roseville, CA</column>
            <column name="accreditation">American Association for Laboratory Accreditation</column>
            <column name="mra">N/A</column>
            <column name="designation_number">US1038</column>
            <column name="expiration_date">2023-10-31 00:00:00.0</column>
            <column name="contact">David Bernal</column>
            <column name="contact_title"> </column>
            <column name="address">8000 Foothills Blvd.</column>
            <column name="po_box"> </column>
            <column name="mail_stop">M/S 5603</column>
            <column name="city">Roseville</column>
            <column name="state">California</column>
            <column name="zip">95747</column>
            <column name="country">United States</column>
            <column name="email_address">david.bernal@hpe.com</column>
            <column name="phone_number">1 (916) 540-2925</column>
            <column name="fax_number">916 785 3082</column>
            <column name="contract">Y</column>
        </table>
        <table name="Results">
            <column name="firm_name">Hyundai C-Tech, Inc. dba HCT America, Inc.</column>
            <column name="location">San Jose, CA</column>
            <column name="accreditation">American Association for Laboratory Accreditation</column>
            <column name="mra">N/A</column>
            <column name="designation_number">US1202</column>
            <column name="expiration_date">2023-07-31 00:00:00.0</column>
            <column name="contact">Timothy Choi</column>
            <column name="contact_title"> </column>
            <column name="address">1726 Ringwood Avenue</column>
            <column name="po_box"> </column>
            <column name="mail_stop"> </column>
            <column name="city">San Jose</column>
            <column name="state">California</column>
            <column name="zip">95131</column>
            <column name="country">United States</column>
            <column name="email_address">timothy.c@hctamerica.com</column>
            <column name="phone_number">510-933-8848</column>
            <column name="fax_number">N/A</column>
            <column name="contract">Y</column>
        </table>
        <table name="Results">
            <column name="firm_name">Intertek Testing Services NA, Inc.</column>
            <column name="location">Lake Forest, CA</column>
            <column name="accreditation">American Association for Laboratory Accreditation</column>
            <column name="mra">N/A</column>
            <column name="designation_number">US1048</column>
            <column name="expiration_date">2023-08-31 00:00:00.0</column>
            <column name="contact">Charles Parker</column>
            <column name="contact_title"> </column>
            <column name="address">25800 Commercentre Drive</column>
            <column name="po_box"> </column>
            <column name="mail_stop"> </column>
            <column name="city">Lake Forest</column>
            <column name="state">California</column>
            <column name="zip">92630</column>
            <column name="country">United States</column>
            <column name="email_address">charles.parker@intertek.com</column>
            <column name="phone_number">949-448-4100</column>
            <column name="fax_number">949 448 4111</column>
            <column name="contract">Y</column>
        </table>
        <table name="Results">
            <column name="firm_name">IntertekTesting Services NA Inc.</column>
            <column name="location">Menlo Park, CA</column>
            <column name="accreditation">American Association for Laboratory Accreditation</column>
            <column name="mra">N/A</column>
            <column name="designation_number">US1044</column>
            <column name="expiration_date">2024-10-31 00:00:00.0</column>
            <column name="contact">Charles Parker</column>
            <column name="contact_title"> </column>
            <column name="address">1365 Adams Ct.</column>
            <column name="po_box"> </column>
            <column name="mail_stop"> </column>
            <column name="city">Menlo Park</column>
            <column name="state">California</column>
            <column name="zip">94025</column>
            <column name="country">United States</column>
            <column name="email_address">charles.parker@intertek.com</column>
            <column name="phone_number">650-463-2900</column>
            <column name="fax_number">650 463 2910</column>
            <column name="contract">Y</column>
        </table>
        <table name="Results">
            <column name="firm_name">MiCOM Labs</column>
            <column name="location">Pleasanton, CA</column>
            <column name="accreditation">American Association for Laboratory Accreditation</column>
            <column name="mra">N/A</column>
            <column name="designation_number">US1084</column>
            <column name="expiration_date">2023-11-30 00:00:00.0</column>
            <column name="contact">Gordon Hurst</column>
            <column name="contact_title">Technical Manager</column>
            <column name="address">575 Boulder Court</column>
            <column name="po_box"> </column>
            <column name="mail_stop"> </column>
            <column name="city">Pleasanton</column>
            <column name="state">California</column>
            <column name="zip">94566</column>
            <column name="country">United States</column>
            <column name="email_address">gordon_hurst@micomlabs.com</column>
            <column name="phone_number">925-462-0304</column>
            <column name="fax_number">925-462-0306</column>
            <column name="contract">Y</column>
        </table>
        <table name="Results">
            <column name="firm_name">NTS Labs, LLC Fremont &amp; Newark</column>
            <column name="location">Fremont, CA</column>
            <column name="accreditation">American Association for Laboratory Accreditation</column>
            <column name="mra">N/A</column>
            <column name="designation_number">US1031</column>
            <column name="expiration_date">2023-09-30 00:00:00.0</column>
            <column name="contact">David Bare</column>
            <column name="contact_title"> </column>
            <column name="address">41039 Boyce Road</column>
            <column name="po_box"> </column>
            <column name="mail_stop"> </column>
            <column name="city">Fremont</column>
            <column name="state">California</column>
            <column name="zip">94538</column>
            <column name="country">United States</column>
            <column name="email_address">david.bare@nts.com</column>
            <column name="phone_number">510-578-3500</column>
            <column name="fax_number">510 578 3510</column>
            <column name="contract">Y</column>
        </table>
        <table name="Results">
            <column name="firm_name">Nemko USA, Inc.</column>
            <column name="location">Carlsbad, CA</column>
            <column name="accreditation">ANSI National Accreditation Board</column>
            <column name="mra">N/A</column>
            <column name="designation_number">US3165</column>
            <column name="expiration_date">2024-12-30 00:00:00.0</column>
            <column name="contact">James Cunningham</column>
            <column name="contact_title"> </column>
            <column name="address">2210 Faraday Ave.</column>
            <column name="po_box"> </column>
            <column name="mail_stop"> </column>
            <column name="city">Carlsbad</column>
            <column name="state">California</column>
            <column name="zip">92008</column>
            <column name="country">United States</column>
            <column name="email_address">James.Cunningham@nemko.com</column>
            <column name="phone_number">858-705-9710</column>
            <column name="fax_number">N/A</column>
            <column name="contract">Y</column>
        </table>
        <table name="Results">
            <column name="firm_name">Oracle America, Inc.</column>
            <column name="location">Santa Clara, CA</column>
            <column name="accreditation">National Voluntary Laboratory Accreditation Program</column>
            <column name="mra">N/A</column>
            <column name="designation_number">US5268</column>
            <column name="expiration_date">2023-12-31 00:00:00.0</column>
            <column name="contact">Walter Moon</column>
            <column name="contact_title">Hardware Developer, Compliance Validation Engineer</column>
            <column name="address">4090 Network Circle</column>
            <column name="po_box"> </column>
            <column name="mail_stop"> </column>
            <column name="city">Santa Clara</column>
            <column name="state">California</column>
            <column name="zip">95054</column>
            <column name="country">United States</column>
            <column name="email_address">walter.moon@oracle.com</column>
            <column name="phone_number">408-276-9850</column>
            <column name="fax_number">N/A</column>
            <column name="contract">Y</column>
        </table>
        <table name="Results">
            <column name="firm_name">Qualcomm Technologies, Inc.</column>
            <column name="location">San Diego California</column>
            <column name="accreditation">American Association for Laboratory Accreditation</column>
            <column name="mra">N/A</column>
            <column name="designation_number">US1253</column>
            <column name="expiration_date">2024-12-31 00:00:00.0</column>
            <column name="contact">John Forrester</column>
            <column name="contact_title"> </column>
            <column name="address">5665 Morehouse Drive</column>
            <column name="po_box"> </column>
            <column name="mail_stop"> </column>
            <column name="city">San Diego</column>
            <column name="state">California</column>
            <column name="zip">92121</column>
            <column name="country">United States</column>
            <column name="email_address">jforrest@qti.qualcomm.com</column>
            <column name="phone_number">858-845-7428</column>
            <column name="fax_number">N/A</column>
            <column name="contract">Y</column>
        </table>
        <table name="Results">
            <column name="firm_name">RF Exposure Lab, LLC</column>
            <column name="location">San Marcos, CA</column>
            <column name="accreditation">American Association for Laboratory Accreditation</column>
            <column name="mra">N/A</column>
            <column name="designation_number">US1195</column>
            <column name="expiration_date">2023-11-30 00:00:00.0</column>
            <column name="contact">Tamara Moulton</column>
            <column name="contact_title"> </column>
            <column name="address">802 N. Twin Oaks Valley Rd</column>
            <column name="po_box"> </column>
            <column name="mail_stop"> </column>
            <column name="city">San Marcos</column>
            <column name="state">California</column>
            <column name="zip">92069</column>
            <column name="country">United States</column>
            <column name="email_address">tamoulton@rfexposurelab.com</column>
            <column name="phone_number">760 471 2100</column>
            <column name="fax_number">N/A</column>
            <column name="contract">Y</column>
        </table>
        <table name="Results">
            <column name="firm_name">Sporton International (USA) Inc</column>
            <column name="location">Milpitas, CA</column>
            <column name="accreditation">American Association for Laboratory Accreditation</column>
            <column name="mra">N/A</column>
            <column name="designation_number">US1250</column>
            <column name="expiration_date">2024-11-09 00:00:00.0</column>
            <column name="contact">Kevin Lu</column>
            <column name="contact_title"> </column>
            <column name="address">1175 Montague Expressway</column>
            <column name="po_box"> </column>
            <column name="mail_stop"> </column>
            <column name="city">Milpitas</column>
            <column name="state">California</column>
            <column name="zip">95035</column>
            <column name="country">United States</column>
            <column name="email_address">Kevinlu@sporton-usa.com</column>
            <column name="phone_number">16692729004</column>
            <column name="fax_number">N/A</column>
            <column name="contract">Y</column>
        </table>
        <table name="Results">
            <column name="firm_name">TUV Rheinland of North America Inc.</column>
            <column name="location">Pleasanton, CA</column>
            <column name="accreditation">American Association for Laboratory Accreditation</column>
            <column name="mra">N/A</column>
            <column name="designation_number">US1131</column>
            <column name="expiration_date">2025-02-28 00:00:00.0</column>
            <column name="contact">David Spencer</column>
            <column name="contact_title">Technical Manager - EMC</column>
            <column name="address">1279 Quarry Lane</column>
            <column name="po_box"> </column>
            <column name="mail_stop"> </column>
            <column name="city">Pleasanton</column>
            <column name="state">California</column>
            <column name="zip">64566</column>
            <column name="country">United States</column>
            <column name="email_address">dspencer@us.tuv.com</column>
            <column name="phone_number">(925) 249-9123 x2116</column>
            <column name="fax_number">925 249 9124</column>
            <column name="contract">Y</column>
        </table>
        <table name="Results">
            <column name="firm_name">TUV SUD America Inc.</column>
            <column name="location">San Diego, CA</column>
            <column name="accreditation">American Association for Laboratory Accreditation</column>
            <column name="mra">N/A</column>
            <column name="designation_number">US1146</column>
            <column name="expiration_date">2023-09-30 00:00:00.0</column>
            <column name="contact">Mac Elliott</column>
            <column name="contact_title"> </column>
            <column name="address">10040 Mesa Rim Road</column>
            <column name="po_box"> </column>
            <column name="mail_stop"> </column>
            <column name="city">San Diego</column>
            <column name="state">California</column>
            <column name="zip">92121</column>
            <column name="country">United States</column>
            <column name="email_address">William.Elliott@tuvsud.com</column>
            <column name="phone_number">813-284-2736</column>
            <column name="fax_number">978 977 0182</column>
            <column name="contract">Y</column>
        </table>
        <table name="Results">
            <column name="firm_name">UL Verification Services Inc.</column>
            <column name="location">Fremont, California</column>
            <column name="accreditation">American Association for Laboratory Accreditation</column>
            <column name="mra">N/A</column>
            <column name="designation_number">US1287</column>
            <column name="expiration_date">2025-01-31 00:00:00.0</column>
            <column name="contact">Jay Kogoma</column>
            <column name="contact_title"> </column>
            <column name="address">47173 Benicia Street</column>
            <column name="po_box"> </column>
            <column name="mail_stop"> </column>
            <column name="city">Fremont</column>
            <column name="state">California</column>
            <column name="zip">94538</column>
            <column name="country">United States</column>
            <column name="email_address">jay.kogoma@ul.com</column>
            <column name="phone_number">510 319 4135</column>
            <column name="fax_number">N/A</column>
            <column name="contract">Y</column>
        </table>
        <table name="Results">
            <column name="firm_name">Vista Laboratories, Inc.</column>
            <column name="location">San Clemente, CA</column>
            <column name="accreditation">American Association for Laboratory Accreditation</column>
            <column name="mra">N/A</column>
            <column name="designation_number">US1238</column>
            <column name="expiration_date">2024-07-31 00:00:00.0</column>
            <column name="contact">David Zhang</column>
            <column name="contact_title"> </column>
            <column name="address">1261 Puerta Del Sol</column>
            <column name="po_box"> </column>
            <column name="mail_stop"> </column>
            <column name="city">San Clemente</column>
            <column name="state">California</column>
            <column name="zip">92673</column>
            <column name="country">United States</column>
            <column name="email_address">info@vista-compliance.com</column>
            <column name="phone_number">+1 (949) 464-7589</column>
            <column name="fax_number">N/A</column>
            <column name="contract">Y</column>
        </table>
        <table name="Results">
            <column name="firm_name">HP Inc. Fort Collins Hardware Test Center</column>
            <column name="location">3390 East Harmony Road, Ft. Collins, CO</column>
            <column name="accreditation">American Association for Laboratory Accreditation</column>
            <column name="mra">N/A</column>
            <column name="designation_number">US1125</column>
            <column name="expiration_date">2023-08-31 00:00:00.0</column>
            <column name="contact">Cynthia Walker</column>
            <column name="contact_title"> </column>
            <column name="address">3390 East Harmony Road</column>
            <column name="po_box"> </column>
            <column name="mail_stop"> </column>
            <column name="city">Fort Collins</column>
            <column name="state">Colorado</column>
            <column name="zip">80528</column>
            <column name="country">United States</column>
            <column name="email_address">cynthia.walker@hp.com</column>
            <column name="phone_number">970-898-0242</column>
            <column name="fax_number">970 898 6621</column>
            <column name="contract">Y</column>
        </table>
        <table name="Results">
            <column name="firm_name">NTS Labs, LLC Longmont</column>
            <column name="location">Longmont, CO</column>
            <column name="accreditation">American Association for Laboratory Accreditation</column>
            <column name="mra">N/A</column>
            <column name="designation_number">US1160</column>
            <column name="expiration_date">2024-02-29 00:00:00.0</column>
            <column name="contact">Eric Loucks</column>
            <column name="contact_title"> </column>
            <column name="address">1736 Vista View Drive</column>
            <column name="po_box"> </column>
            <column name="mail_stop"> </column>
            <column name="city">Longmont</column>
            <column name="state">Colorado</column>
            <column name="zip">80504</column>
            <column name="country">United States</column>
            <column name="email_address">eric.loucks@nts.com</column>
            <column name="phone_number">3037767249</column>
            <column name="fax_number">303 776 7314</column>
            <column name="contract">Y</column>
        </table>
        <table name="Results">
            <column name="firm_name">TUV SUD America Inc.</column>
            <column name="location">Tampa, FL</column>
            <column name="accreditation">American Association for Laboratory Accreditation</column>
            <column name="mra">N/A</column>
            <column name="designation_number">US1063</column>
            <column name="expiration_date">2023-12-31 00:00:00.0</column>
            <column name="contact">William Elliott</column>
            <column name="contact_title"> </column>
            <column name="address">5610 West Sligh Ave.</column>
            <column name="po_box"> </column>
            <column name="mail_stop"> </column>
            <column name="city">Tampa</column>
            <column name="state">Florida</column>
            <column name="zip">33634</column>
            <column name="country">United States</column>
            <column name="email_address">William.Elliott@tuvsud.com</column>
            <column name="phone_number">813-284-2736</column>
            <column name="fax_number">888 413 3813</column>
            <column name="contract">Y</column>
        </table>
        <table name="Results">
            <column name="firm_name">Timco Engineering, Inc.</column>
            <column name="location">Newberry, FL</column>
            <column name="accreditation">American Association for Laboratory Accreditation</column>
            <column name="mra">N/A</column>
            <column name="designation_number">US1070</column>
            <column name="expiration_date">2023-12-28 00:00:00.0</column>
            <column name="contact">Bruno Clavier</column>
            <column name="contact_title">General Manager</column>
            <column name="address">849 NW State Road 45</column>
            <column name="po_box">370</column>
            <column name="mail_stop"> </column>
            <column name="city">Newberry</column>
            <column name="state">Florida</column>
            <column name="zip">32669</column>
            <column name="country">United States</column>
            <column name="email_address">bruno@timcoengr.com</column>
            <column name="phone_number">352-472-5500</column>
            <column name="fax_number">352 472 2030</column>
            <column name="contract">Y</column>
        </table>
        <table name="Results">
            <column name="firm_name">Intertek Testing Services NA Inc.</column>
            <column name="location">Duluth,GA</column>
            <column name="accreditation">American Association for Laboratory Accreditation</column>
            <column name="mra">N/A</column>
            <column name="designation_number">US1046</column>
            <column name="expiration_date">2024-03-31 00:00:00.0</column>
            <column name="contact">Charles Parker</column>
            <column name="contact_title"> </column>
            <column name="address">1950 Evergreen Blvd, Suite 100</column>
            <column name="po_box"> </column>
            <column name="mail_stop"> </column>
            <column name="city">Duluth</column>
            <column name="state">Georgia</column>
            <column name="zip">30096</column>
            <column name="country">United States</column>
            <column name="email_address">charles.parker@intertek.com</column>
            <column name="phone_number">972-202-8764</column>
            <column name="fax_number">6787752401</column>
            <column name="contract">Y</column>
        </table>
        <table name="Results">
            <column name="firm_name">SGS North America, Inc.</column>
            <column name="location">Suwanee, GA</column>
            <column name="accreditation">American Association for Laboratory Accreditation</column>
            <column name="mra">N/A</column>
            <column name="designation_number">US1126</column>
            <column name="expiration_date">2023-12-31 00:00:00.0</column>
            <column name="contact">David Schramm</column>
            <column name="contact_title">EMC Manager</column>
            <column name="address">620 Old Peachtree Rd.</column>
            <column name="po_box"> </column>
            <column name="mail_stop"> </column>
            <column name="city">Suwanee</column>
            <column name="state">Georgia</column>
            <column name="zip">30024</column>
            <column name="country">United States</column>
            <column name="email_address">david.schramm@sgs.com</column>
            <column name="phone_number">973-461-7914</column>
            <column name="fax_number">973 575 7175</column>
            <column name="contract">Y</column>
        </table>
        <table name="Results">
            <column name="firm_name">TUV SUD America, Inc.</column>
            <column name="location">Alpharetta, GA</column>
            <column name="accreditation">American Association for Laboratory Accreditation</column>
            <column name="mra">N/A</column>
            <column name="designation_number">US1233</column>
            <column name="expiration_date">2023-08-31 00:00:00.0</column>
            <column name="contact">William Elliott</column>
            <column name="contact_title"> </column>
            <column name="address">5945 Cabot Parkway</column>
            <column name="po_box"> </column>
            <column name="mail_stop"> </column>
            <column name="city">Alpharetta</column>
            <column name="state">Georgia</column>
            <column name="zip">30005</column>
            <column name="country">United States</column>
            <column name="email_address">William.Elliott@tuvsud.com</column>
            <column name="phone_number">813-284-2736</column>
            <column name="fax_number">N/A</column>
            <column name="contract">Y</column>
        </table>
        <table name="Results">
            <column name="firm_name">US Tech</column>
            <column name="location">Alpharetta, GA</column>
            <column name="accreditation">National Voluntary Laboratory Accreditation Program</column>
            <column name="mra">N/A</column>
            <column name="designation_number">US5301</column>
            <column name="expiration_date">2023-06-30 00:00:00.0</column>
            <column name="contact">George Yang</column>
            <column name="contact_title">EMC Engineer</column>
            <column name="address">3505 Francis Circle</column>
            <column name="po_box"> </column>
            <column name="mail_stop"> </column>
            <column name="city">Alpharetta</column>
            <column name="state">Georgia</column>
            <column name="zip">30004</column>
            <column name="country">United States</column>
            <column name="email_address">gyang@ustech-lab.com</column>
            <column name="phone_number">770-740-0717</column>
            <column name="fax_number">770-740-1508</column>
            <column name="contract">Y</column>
        </table>
        <table name="Results">
            <column name="firm_name">HP Inc.</column>
            <column name="location">11311 Chinden Blvd., Boise, ID 83714</column>
            <column name="accreditation">American Association for Laboratory Accreditation</column>
            <column name="mra">N/A</column>
            <column name="designation_number">US1037</column>
            <column name="expiration_date">2023-12-31 00:00:00.0</column>
            <column name="contact">Jim Reppell</column>
            <column name="contact_title"> </column>
            <column name="address">Laserjet Test Lab / Hardware Test Center, MS 160</column>
            <column name="po_box">15</column>
            <column name="mail_stop"> </column>
            <column name="city">Boise</column>
            <column name="state">Idaho</column>
            <column name="zip">83707-0015</column>
            <column name="country">United States</column>
            <column name="email_address">jim.reppell@hp.com</column>
            <column name="phone_number">208-396-6622</column>
            <column name="fax_number">208-396-2554</column>
            <column name="contract">N</column>
        </table>
        <table name="Results">
            <column name="firm_name">D.L.S. Electronic Systems, Inc.</column>
            <column name="location">Wheeling, IL and Genoa City, WI</column>
            <column name="accreditation">ANSI National Accreditation Board</column>
            <column name="mra">N/A</column>
            <column name="designation_number">US1859</column>
            <column name="expiration_date">2024-04-23 00:00:00.0</column>
            <column name="contact">Bill Stumpf</column>
            <column name="contact_title">Lab/Technical Manager</column>
            <column name="address">1250 Peterson Drive</column>
            <column name="po_box"> </column>
            <column name="mail_stop"> </column>
            <column name="city">Wheeling</column>
            <column name="state">Illinois</column>
            <column name="zip">60090</column>
            <column name="country">United States</column>
            <column name="email_address">bstumpf@dlsemc.com</column>
            <column name="phone_number">262-279-0210</column>
            <column name="fax_number">N/A</column>
            <column name="contract">Y</column>
        </table>
        <table name="Results">
            <column name="firm_name">Elite Electronic Engineering Inc.</column>
            <column name="location">Downers Grove, IL</column>
            <column name="accreditation">American Association for Laboratory Accreditation</column>
            <column name="mra">N/A</column>
            <column name="designation_number">US1083</column>
            <column name="expiration_date">2023-08-31 00:00:00.0</column>
            <column name="contact">Kevin Halpin</column>
            <column name="contact_title">Quality Deputy</column>
            <column name="address">1516 Centre Circle</column>
            <column name="po_box"> </column>
            <column name="mail_stop"> </column>
            <column name="city">Downers Grove</column>
            <column name="state">Illinois</column>
            <column name="zip">60515</column>
            <column name="country">United States</column>
            <column name="email_address">khalpin@elitetest.com</column>
            <column name="phone_number">630-495-9770</column>
            <column name="fax_number">630-495-9785</column>
            <column name="contract">Y</column>
        </table>
        <table name="Results">
            <column name="firm_name">Motorola Solutions, Inc., Schaumburg Lab</column>
            <column name="location">Schaumburg, IL</column>
            <column name="accreditation">American Association for Laboratory Accreditation</column>
            <column name="mra">N/A</column>
            <column name="designation_number">US1266</column>
            <column name="expiration_date">2023-06-30 00:00:00.0</column>
            <column name="contact">Bob Sarocka</column>
            <column name="contact_title"> </column>
            <column name="address">2000 Progress Parkway</column>
            <column name="po_box"> </column>
            <column name="mail_stop"> </column>
            <column name="city">Schaumburg</column>
            <column name="state">Illinois</column>
            <column name="zip">60196</column>
            <column name="country">United States</column>
            <column name="email_address">bob.sarocka@motorolasolutions.com</column>
            <column name="phone_number">847 344 6075</column>
            <column name="fax_number">N/A</column>
            <column name="contract">N</column>
        </table>
        <table name="Results">
            <column name="firm_name">NTS Labs, LLC Chicago</column>
            <column name="location">Mount Prospect, IL</column>
            <column name="accreditation">American Association for Laboratory Accreditation</column>
            <column name="mra">N/A</column>
            <column name="designation_number">US1246</column>
            <column name="expiration_date">2024-05-31 00:00:00.0</column>
            <column name="contact">Eric Loucks</column>
            <column name="contact_title"> </column>
            <column name="address">1660 Wall Street</column>
            <column name="po_box"> </column>
            <column name="mail_stop"> </column>
            <column name="city">Mount Prospect</column>
            <column name="state">Illinois</column>
            <column name="zip">60056</column>
            <column name="country">United States</column>
            <column name="email_address">eric.loucks@nts.com</column>
            <column name="phone_number">8705740031</column>
            <column name="fax_number">N/A</column>
            <column name="contract">Y</column>
        </table>
        <table name="Results">
            <column name="firm_name">National Technical Systems - NTS Rockford</column>
            <column name="location">Rockford, IL</column>
            <column name="accreditation">American Association for Laboratory Accreditation</column>
            <column name="mra">N/A</column>
            <column name="designation_number">US1107</column>
            <column name="expiration_date">2024-02-29 00:00:00.0</column>
            <column name="contact">David Potpinka</column>
            <column name="contact_title"> </column>
            <column name="address">3761 South Central Avenue</column>
            <column name="po_box"> </column>
            <column name="mail_stop"> </column>
            <column name="city">Rockford</column>
            <column name="state">Illinois</column>
            <column name="zip">61102</column>
            <column name="country">United States</column>
            <column name="email_address">David.Potpinka@nts.com</column>
            <column name="phone_number">978-266-1001</column>
            <column name="fax_number">815 489 9561</column>
            <column name="contract">Y</column>
        </table>
        <table name="Results">
            <column name="firm_name">Nokia, Global Product Compliance Lab</column>
            <column name="location">Naperville, IL</column>
            <column name="accreditation">National Voluntary Laboratory Accreditation Program</column>
            <column name="mra">N/A</column>
            <column name="designation_number">US5343</column>
            <column name="expiration_date">2023-12-31 00:00:00.0</column>
            <column name="contact">Hernan Noguchi</column>
            <column name="contact_title"> </column>
            <column name="address">2000 Lucent Lane</column>
            <column name="po_box"> </column>
            <column name="mail_stop"> </column>
            <column name="city">Naperville</column>
            <column name="state">Illinois</column>
            <column name="zip">60563</column>
            <column name="country">United States</column>
            <column name="email_address">hernan.noguchi@alcatel-lucent.com</column>
            <column name="phone_number">908-582-7160</column>
            <column name="fax_number">000-00-0000</column>
            <column name="contract">Y</column>
        </table>
        <table name="Results">
            <column name="firm_name">Radiometrics Midwest Corp.</column>
            <column name="location">Romeoville, IL</column>
            <column name="accreditation">American Association for Laboratory Accreditation</column>
            <column name="mra">N/A</column>
            <column name="designation_number">US1065</column>
            <column name="expiration_date">2024-02-29 00:00:00.0</column>
            <column name="contact">Joseph Strzelecki</column>
            <column name="contact_title"> </column>
            <column name="address">12 East Devonwood</column>
            <column name="po_box"> </column>
            <column name="mail_stop"> </column>
            <column name="city">Romeoville</column>
            <column name="state">Illinois</column>
            <column name="zip">60446</column>
            <column name="country">United States</column>
            <column name="email_address">joe@radiomet.com</column>
            <column name="phone_number">8152930772</column>
            <column name="fax_number">8152930820</column>
            <column name="contract">Y</column>
        </table>
        <table name="Results">
            <column name="firm_name">UL LLC</column>
            <column name="location">Northbrook, IL</column>
            <column name="accreditation">American Association for Laboratory Accreditation</column>
            <column name="mra">N/A</column>
            <column name="designation_number">US1291</column>
            <column name="expiration_date">2024-05-22 00:00:00.0</column>
            <column name="contact">Steven Thompson</column>
            <column name="contact_title"> </column>
            <column name="address">333 Pfingsten Road</column>
            <column name="po_box"> </column>
            <column name="mail_stop"> </column>
            <column name="city">Northbrook</column>
            <column name="state">Illinois</column>
            <column name="zip">60062</column>
            <column name="country">United States</column>
            <column name="email_address">Steven.D.Thompson@ul.com</column>
            <column name="phone_number">919 549 1430</column>
            <column name="fax_number">N/A</column>
            <column name="contract">Y</column>
        </table>
        <table name="Results">
            <column name="firm_name">Garmin Compliance Lab</column>
            <column name="location">Olathe, KS</column>
            <column name="accreditation">American Association for Laboratory Accreditation</column>
            <column name="mra">N/A</column>
            <column name="designation_number">US1311</column>
            <column name="expiration_date">2025-05-29 00:00:00.0</column>
            <column name="contact">Shruti Kohli</column>
            <column name="contact_title"> </column>
            <column name="address">1200 East 151st Street</column>
            <column name="po_box"> </column>
            <column name="mail_stop"> </column>
            <column name="city">Olathe</column>
            <column name="state">Kansas</column>
            <column name="zip">66062</column>
            <column name="country">United States</column>
            <column name="email_address">Shruti.Kohli@garmin.com</column>
            <column name="phone_number">913 475 2911</column>
            <column name="fax_number">N/A</column>
            <column name="contract">Y</column>
        </table>
        <table name="Results">
            <column name="firm_name">Rogers Labs, Inc.</column>
            <column name="location">Louisburg, KS</column>
            <column name="accreditation">National Voluntary Laboratory Accreditation Program</column>
            <column name="mra">N/A</column>
            <column name="designation_number">US5305</column>
            <column name="expiration_date">2024-03-31 00:00:00.0</column>
            <column name="contact">Scot Rogers</column>
            <column name="contact_title">President</column>
            <column name="address">4405 West 259th Terrace</column>
            <column name="po_box"> </column>
            <column name="mail_stop"> </column>
            <column name="city">Louisburg</column>
            <column name="state">Kansas</column>
            <column name="zip">66053</column>
            <column name="country">United States</column>
            <column name="email_address">rogers@pixius.net</column>
            <column name="phone_number">913-837-3214</column>
            <column name="fax_number">913-837-3214</column>
            <column name="contract">Y</column>
        </table>
        <table name="Results">
            <column name="firm_name">GE</column>
            <column name="location">Louisville, KY</column>
            <column name="accreditation">ANSI National Accreditation Board</column>
            <column name="mra">N/A</column>
            <column name="designation_number">US2282</column>
            <column name="expiration_date">2024-10-04 00:00:00.0</column>
            <column name="contact">Robert Byron</column>
            <column name="contact_title"> </column>
            <column name="address">234C Appliance Park</column>
            <column name="po_box"> </column>
            <column name="mail_stop"> </column>
            <column name="city">Louisville</column>
            <column name="state">Kentucky</column>
            <column name="zip">40225</column>
            <column name="country">United States</column>
            <column name="email_address">Robert.Byron@GEAPPLIANCES.com</column>
            <column name="phone_number">502-452-7576</column>
            <column name="fax_number">N/A</column>
            <column name="contract">Y</column>
        </table>
        <table name="Results">
            <column name="firm_name">Intertek Testing Services NA</column>
            <column name="location">Lexington KY</column>
            <column name="accreditation">American Association for Laboratory Accreditation</column>
            <column name="mra">N/A</column>
            <column name="designation_number">US1112</column>
            <column name="expiration_date">2024-04-30 00:00:00.0</column>
            <column name="contact">James Sudduth</column>
            <column name="contact_title"> </column>
            <column name="address">731 Enterprise Drive</column>
            <column name="po_box"> </column>
            <column name="mail_stop"> </column>
            <column name="city">Lexington</column>
            <column name="state">Kentucky</column>
            <column name="zip">40510</column>
            <column name="country">United States</column>
            <column name="email_address">james.sudduth@intertek.com</column>
            <column name="phone_number">859-226-1037</column>
            <column name="fax_number">859 226 1040</column>
            <column name="contract">Y</column>
        </table>
        <table name="Results">
            <column name="firm_name">Lexmark International</column>
            <column name="location">Lexington, KY</column>
            <column name="accreditation">American Association for Laboratory Accreditation</column>
            <column name="mra">N/A</column>
            <column name="designation_number">US1050</column>
            <column name="expiration_date">2023-12-31 00:00:00.0</column>
            <column name="contact">John Fessler</column>
            <column name="contact_title"> </column>
            <column name="address">740 New Circle Road NW</column>
            <column name="po_box"> </column>
            <column name="mail_stop"> </column>
            <column name="city">Lexington</column>
            <column name="state">Kentucky</column>
            <column name="zip">40511-1876</column>
            <column name="country">United States</column>
            <column name="email_address">fessler@lexmark.com</column>
            <column name="phone_number">8592327650</column>
            <column name="fax_number">8592327240</column>
            <column name="contract">Y</column>
        </table>
        <table name="Results">
            <column name="firm_name">EUROFINS ELECTRICAL AND ELECTRONIC TESTING NA, INC</column>
            <column name="location">Baltimore, MD</column>
            <column name="accreditation">American Association for Laboratory Accreditation</column>
            <column name="mra">N/A</column>
            <column name="designation_number">US1052</column>
            <column name="expiration_date">2025-01-31 00:00:00.0</column>
            <column name="contact">Greg Kovolenko</column>
            <column name="contact_title"> </column>
            <column name="address">914 West Patapsco Avenue</column>
            <column name="po_box"> </column>
            <column name="mail_stop"> </column>
            <column name="city">Baltimore</column>
            <column name="state">Maryland</column>
            <column name="zip">21230</column>
            <column name="country">United States</column>
            <column name="email_address">greg.kovolenko@metlabs.com</column>
            <column name="phone_number">4108444071</column>
            <column name="fax_number">4103543313</column>
            <column name="contract">Y</column>
        </table>
        <table name="Results">
            <column name="firm_name">Element Materials Technology Washington DC LLC</column>
            <column name="location">Columbia, MD</column>
            <column name="accreditation">American Association for Laboratory Accreditation</column>
            <column name="mra">N/A</column>
            <column name="designation_number">US1113</column>
            <column name="expiration_date">2024-05-31 00:00:00.0</column>
            <column name="contact">Randy Ortanez</column>
            <column name="contact_title"> </column>
            <column name="address">7185 Oakland Mills Road</column>
            <column name="po_box"> </column>
            <column name="mail_stop"> </column>
            <column name="city">Columbia</column>
            <column name="state">Maryland</column>
            <column name="zip">21046</column>
            <column name="country">United States</column>
            <column name="email_address">randy@pctestlab.com</column>
            <column name="phone_number">410-290-6652</column>
            <column name="fax_number">410 290 6654</column>
            <column name="contract">Y</column>
        </table>
        <table name="Results">
            <column name="firm_name">Washington Laboratories, Ltd.</column>
            <column name="location">Frederick, MD</column>
            <column name="accreditation">ANSI National Accreditation Board</column>
            <column name="mra">US-EU</column>
            <column name="designation_number">US3001</column>
            <column name="expiration_date">2024-06-30 00:00:00.0</column>
            <column name="contact">Steve Koster</column>
            <column name="contact_title"> </column>
            <column name="address">4840 Winchester Blvd., Suites 5 and 6</column>
            <column name="po_box"> </column>
            <column name="mail_stop"> </column>
            <column name="city">Frederick</column>
            <column name="state">Maryland</column>
            <column name="zip">20877</column>
            <column name="country">United States</column>
            <column name="email_address">stevek@wll.com</column>
            <column name="phone_number">301-216-1500</column>
            <column name="fax_number">301-216-1590</column>
            <column name="contract">Y</column>
        </table>
        <table name="Results">
            <column name="firm_name">Amazon.com Services LLC doing business as Amazon R</column>
            <column name="location">North Reading, MA</column>
            <column name="accreditation">American Association for Laboratory Accreditation</column>
            <column name="mra">N/A</column>
            <column name="designation_number">US1268</column>
            <column name="expiration_date">2023-06-30 00:00:00.0</column>
            <column name="contact">Stephen Phillips</column>
            <column name="contact_title"> </column>
            <column name="address">Regulatory Compliance Engineering Laboratory</column>
            <column name="po_box"> </column>
            <column name="mail_stop"> </column>
            <column name="city">North Reading</column>
            <column name="state">Massachusetts</column>
            <column name="zip">01864</column>
            <column name="country">United States</column>
            <column name="email_address">stephph@amazon.com</column>
            <column name="phone_number">978-276-2807</column>
            <column name="fax_number">N/A</column>
            <column name="contract">Y</column>
        </table>
        <table name="Results">
            <column name="firm_name">BUREAU VERITAS CONSUMER PRODUCTS SERVICES, INC.</column>
            <column name="location">Littleton, MA</column>
            <column name="accreditation">American Association for Laboratory Accreditation</column>
            <column name="mra">N/A</column>
            <column name="designation_number">US1028</column>
            <column name="expiration_date">2023-07-31 00:00:00.0</column>
            <column name="contact">Ozgur Ozturk</column>
            <column name="contact_title"> </column>
            <column name="address">One Distribution Center Circle, Suite #1</column>
            <column name="po_box"> </column>
            <column name="mail_stop"> </column>
            <column name="city">Littleton</column>
            <column name="state">Massachusetts</column>
            <column name="zip">01460</column>
            <column name="country">United States</column>
            <column name="email_address">Ozgur.ozturk@bureauveritas.com</column>
            <column name="phone_number">978-486-8880</column>
            <column name="fax_number">N/A</column>
            <column name="contract">Y</column>
        </table>
        <table name="Results">
            <column name="firm_name">Bose Corporation</column>
            <column name="location">1 New York Avenue, Framingham, MA</column>
            <column name="accreditation">American Association for Laboratory Accreditation</column>
            <column name="mra">N/A</column>
            <column name="designation_number">US1088</column>
            <column name="expiration_date">2024-07-31 00:00:00.0</column>
            <column name="contact">Mr. Cable Best</column>
            <column name="contact_title">Quality Manager</column>
            <column name="address">Mail Stop 450</column>
            <column name="po_box"> </column>
            <column name="mail_stop">450</column>
            <column name="city">Framingham</column>
            <column name="state">Massachusetts</column>
            <column name="zip">01701</column>
            <column name="country">United States</column>
            <column name="email_address">Cable_Best@bose.com</column>
            <column name="phone_number">1 508 766 6137</column>
            <column name="fax_number">508 766 1145</column>
            <column name="contract">Y</column>
        </table>
        <table name="Results">
            <column name="firm_name">Compliance Management Group (CMG)</column>
            <column name="location">Marlborough, MA</column>
            <column name="accreditation">American Association for Laboratory Accreditation</column>
            <column name="mra">N/A</column>
            <column name="designation_number">US1162</column>
            <column name="expiration_date">2025-05-22 00:00:00.0</column>
            <column name="contact">Mike Morrow</column>
            <column name="contact_title"> </column>
            <column name="address">257 Simarano Drive</column>
            <column name="po_box"> </column>
            <column name="mail_stop"> </column>
            <column name="city">Marlborough</column>
            <column name="state">Massachusetts</column>
            <column name="zip">01752</column>
            <column name="country">United States</column>
            <column name="email_address">mmorrow@cmgcorp.net</column>
            <column name="phone_number">5084601400</column>
            <column name="fax_number">508 460 7979</column>
            <column name="contract">Y</column>
        </table>
        <table name="Results">
            <column name="firm_name">Dell Inc.</column>
            <column name="location">Franklin, MA</column>
            <column name="accreditation">American Association for Laboratory Accreditation</column>
            <column name="mra">N/A</column>
            <column name="designation_number">US1032</column>
            <column name="expiration_date">2024-02-29 00:00:00.0</column>
            <column name="contact">Rob Mills</column>
            <column name="contact_title"> </column>
            <column name="address">48 Constitution Blvd.</column>
            <column name="po_box"> </column>
            <column name="mail_stop"> </column>
            <column name="city">Franklin</column>
            <column name="state">Massachusetts</column>
            <column name="zip">02038</column>
            <column name="country">United States</column>
            <column name="email_address">rob.mills@dell.com</column>
            <column name="phone_number">508 346 1140</column>
            <column name="fax_number">508 553 4389</column>
            <column name="contract">N</column>
        </table>
        <table name="Results">
            <column name="firm_name">Intertek Testing Services NA Inc.</column>
            <column name="location">Boxborough, MA</column>
            <column name="accreditation">American Association for Laboratory Accreditation</column>
            <column name="mra">N/A</column>
            <column name="designation_number">US1045</column>
            <column name="expiration_date">2024-06-30 00:00:00.0</column>
            <column name="contact">Yaqing Liu</column>
            <column name="contact_title"> </column>
            <column name="address">70 Codman Hill Road</column>
            <column name="po_box"> </column>
            <column name="mail_stop"> </column>
            <column name="city">Boxborough</column>
            <column name="state">Massachusetts</column>
            <column name="zip">01719</column>
            <column name="country">United States</column>
            <column name="email_address">yaqing.liu@intertek.com</column>
            <column name="phone_number">978 635 8662</column>
            <column name="fax_number">N/A</column>
            <column name="contract">Y</column>
        </table>
        <table name="Results">
            <column name="firm_name">NTS Labs, LLC Boxborough</column>
            <column name="location">Boxborough, MA</column>
            <column name="accreditation">American Association for Laboratory Accreditation</column>
            <column name="mra">N/A</column>
            <column name="designation_number">US1057</column>
            <column name="expiration_date">2023-09-30 00:00:00.0</column>
            <column name="contact">David Potpinka</column>
            <column name="contact_title"> </column>
            <column name="address">1146 Massachusetts Avenue</column>
            <column name="po_box"> </column>
            <column name="mail_stop"> </column>
            <column name="city">Boxborough</column>
            <column name="state">Massachusetts</column>
            <column name="zip">01719</column>
            <column name="country">United States</column>
            <column name="email_address">David.Potpinka@nts.com</column>
            <column name="phone_number">9782661001</column>
            <column name="fax_number">9782635734</column>
            <column name="contract">Y</column>
        </table>
        <table name="Results">
            <column name="firm_name">Parker Hannifin Chomerics Test Services-Woburn, MA</column>
            <column name="location">Woburn, MA</column>
            <column name="accreditation">American Association for Laboratory Accreditation</column>
            <column name="mra">N/A</column>
            <column name="designation_number">US1076</column>
            <column name="expiration_date">2024-06-30 00:00:00.0</column>
            <column name="contact">David Inman</column>
            <column name="contact_title"> </column>
            <column name="address">84 Dragon Court</column>
            <column name="po_box"> </column>
            <column name="mail_stop"> </column>
            <column name="city">Woburn</column>
            <column name="state">Massachusetts</column>
            <column name="zip">01888</column>
            <column name="country">United States</column>
            <column name="email_address">dinman@parker.com</column>
            <column name="phone_number">7819394375</column>
            <column name="fax_number">7819352758</column>
            <column name="contract">Y</column>
        </table>
        <table name="Results">
            <column name="firm_name">Test Site Services, Inc.</column>
            <column name="location">Milford, MA</column>
            <column name="accreditation">National Voluntary Laboratory Accreditation Program</column>
            <column name="mra">N/A</column>
            <column name="designation_number">US5335</column>
            <column name="expiration_date">2023-09-30 00:00:00.0</column>
            <column name="contact">Richard Wiedeman</column>
            <column name="contact_title">Lab Director</column>
            <column name="address">30 Birch Street</column>
            <column name="po_box"> </column>
            <column name="mail_stop"> </column>
            <column name="city">Milford</column>
            <column name="state">Massachusetts</column>
            <column name="zip">01757</column>
            <column name="country">United States</column>
            <column name="email_address">slp5@verizon.net</column>
            <column name="phone_number">508-962-1662</column>
            <column name="fax_number">508-634-6792</column>
            <column name="contract">Y</column>
        </table>
        <table name="Results">
            <column name="firm_name">AHD (Amber Helm Development, L.C.)</column>
            <column name="location">Sister Lakes, MI and Williamston, MI</column>
            <column name="accreditation">National Voluntary Laboratory Accreditation Program</column>
            <column name="mra">N/A</column>
            <column name="designation_number">US5348</column>
            <column name="expiration_date">2023-06-30 00:00:00.0</column>
            <column name="contact">Gordon Helm</column>
            <column name="contact_title"> </column>
            <column name="address">92723 Michigan Highway 152</column>
            <column name="po_box"> </column>
            <column name="mail_stop"> </column>
            <column name="city">Sister Lakes</column>
            <column name="state">Michigan</column>
            <column name="zip">49047</column>
            <column name="country">United States</column>
            <column name="email_address">ghelm@ahde.com</column>
            <column name="phone_number">269-429-8352</column>
            <column name="fax_number">269-429-9016</column>
            <column name="contract">Y</column>
        </table>
        <table name="Results">
            <column name="firm_name">AHD (Amber Helm Development, L.C.)</column>
            <column name="location">Williamston, MI and Sister Lakes, MI</column>
            <column name="accreditation">National Voluntary Laboratory Accreditation Program</column>
            <column name="mra">N/A</column>
            <column name="designation_number">US5356</column>
            <column name="expiration_date">2023-06-30 00:00:00.0</column>
            <column name="contact">Gordon Helm</column>
            <column name="contact_title">Technical Laboratory Manager</column>
            <column name="address">3615 East Grand River Road</column>
            <column name="po_box"> </column>
            <column name="mail_stop"> </column>
            <column name="city">Williamston</column>
            <column name="state">Michigan</column>
            <column name="zip">48995</column>
            <column name="country">United States</column>
            <column name="email_address">ghelm@ahde.com</column>
            <column name="phone_number">269-429-8352</column>
            <column name="fax_number">N/A</column>
            <column name="contract">Y</column>
        </table>
        <table name="Results">
            <column name="firm_name">Bureau Veritas Consumer Products Services, Inc.</column>
            <column name="location">Auburn Hills, MI</column>
            <column name="accreditation">American Association for Laboratory Accreditation</column>
            <column name="mra">N/A</column>
            <column name="designation_number">US1278</column>
            <column name="expiration_date">2024-04-30 00:00:00.0</column>
            <column name="contact">Jason Kanakry</column>
            <column name="contact_title">Lab Manager</column>
            <column name="address">815 N. Opdyke Road</column>
            <column name="po_box"> </column>
            <column name="mail_stop"> </column>
            <column name="city">Auburn Hills</column>
            <column name="state">Michigan</column>
            <column name="zip">48326</column>
            <column name="country">United States</column>
            <column name="email_address">jason.kanakry@bureauveritas.com</column>
            <column name="phone_number">949-297-8056</column>
            <column name="fax_number">N/A</column>
            <column name="contract">Y</column>
        </table>
        <table name="Results">
            <column name="firm_name">Gentex Corporation</column>
            <column name="location">Zeeland, MI</column>
            <column name="accreditation">American Association for Laboratory Accreditation</column>
            <column name="mra">N/A</column>
            <column name="designation_number">US1157</column>
            <column name="expiration_date">2025-03-31 00:00:00.0</column>
            <column name="contact">Brian Miller</column>
            <column name="contact_title"> </column>
            <column name="address">600 N Centennial Street</column>
            <column name="po_box"> </column>
            <column name="mail_stop"> </column>
            <column name="city">Zeeland</column>
            <column name="state">Michigan</column>
            <column name="zip">49464</column>
            <column name="country">United States</column>
            <column name="email_address">brian.miller@gentex.com</column>
            <column name="phone_number">6167721800</column>
            <column name="fax_number">6167727348</column>
            <column name="contract">N</column>
        </table>
        <table name="Results">
            <column name="firm_name">Intertek Testing Services NA, Inc.</column>
            <column name="location">Kentwood, MI</column>
            <column name="accreditation">American Association for Laboratory Accreditation</column>
            <column name="mra">N/A</column>
            <column name="designation_number">US1154</column>
            <column name="expiration_date">2023-06-30 00:00:00.0</column>
            <column name="contact">Luan Le</column>
            <column name="contact_title"> </column>
            <column name="address">4700 Broadmoor SE</column>
            <column name="po_box"> </column>
            <column name="mail_stop"> </column>
            <column name="city">Kentwood</column>
            <column name="state">Michigan</column>
            <column name="zip">49512</column>
            <column name="country">United States</column>
            <column name="email_address">luan.le@intertek.com</column>
            <column name="phone_number">616-656-7401</column>
            <column name="fax_number">N/A</column>
            <column name="contract">Y</column>
        </table>
        <table name="Results">
            <column name="firm_name">UL LLC</column>
            <column name="location">Novi, Michigan</column>
            <column name="accreditation">American Association for Laboratory Accreditation</column>
            <column name="mra">N/A</column>
            <column name="designation_number">US1261</column>
            <column name="expiration_date">2024-09-30 00:00:00.0</column>
            <column name="contact">Andrew Harding</column>
            <column name="contact_title"> </column>
            <column name="address">25175 Regency Drive (Unit 6)</column>
            <column name="po_box"> </column>
            <column name="mail_stop"> </column>
            <column name="city">Novi</column>
            <column name="state">Michigan</column>
            <column name="zip">48375</column>
            <column name="country">United States</column>
            <column name="email_address">Andrew.Harding@ul.com</column>
            <column name="phone_number">2484275323</column>
            <column name="fax_number">N/A</column>
            <column name="contract">Y</column>
        </table>
        <table name="Results">
            <column name="firm_name">3M Company, Hardgoods Regulatory Engineering Lab</column>
            <column name="location">St. Paul, MN</column>
            <column name="accreditation">National Voluntary Laboratory Accreditation Program</column>
            <column name="mra">N/A</column>
            <column name="designation_number">US5320</column>
            <column name="expiration_date">2023-06-30 00:00:00.0</column>
            <column name="contact">Yuriy Litvinov</column>
            <column name="contact_title"> </column>
            <column name="address">3M Center</column>
            <column name="po_box"> </column>
            <column name="mail_stop"> </column>
            <column name="city">St. Paul</column>
            <column name="state">Minnesota</column>
            <column name="zip">55144</column>
            <column name="country">United States</column>
            <column name="email_address">ylitvinov@mmm.com</column>
            <column name="phone_number">651-778-6336</column>
            <column name="fax_number">651-737-1035</column>
            <column name="contract">Y</column>
        </table>
        <table name="Results">
            <column name="firm_name">Element Materials Technology Minneapolis - Brookly</column>
            <column name="location">Brooklyn Park, MN</column>
            <column name="accreditation">American Association for Laboratory Accreditation</column>
            <column name="mra">N/A</column>
            <column name="designation_number">US1295</column>
            <column name="expiration_date">2023-06-30 00:00:00.0</column>
            <column name="contact">Renee Walker</column>
            <column name="contact_title"> </column>
            <column name="address">9349 W. Broadway Ave.</column>
            <column name="po_box"> </column>
            <column name="mail_stop"> </column>
            <column name="city">Brooklyn Park</column>
            <column name="state">Minnesota</column>
            <column name="zip">55445</column>
            <column name="country">United States</column>
            <column name="email_address">renee.walker@element.com</column>
            <column name="phone_number">503 844 4066</column>
            <column name="fax_number">N/A</column>
            <column name="contract">Y</column>
        </table>
        <table name="Results">
            <column name="firm_name">IBM Rochester EMC Lab</column>
            <column name="location">Rochester MN</column>
            <column name="accreditation">National Voluntary Laboratory Accreditation Program</column>
            <column name="mra">N/A</column>
            <column name="designation_number">US5353</column>
            <column name="expiration_date">2023-12-31 00:00:00.0</column>
            <column name="contact">Andrew Frana</column>
            <column name="contact_title"> </column>
            <column name="address">2800 37th Street NW</column>
            <column name="po_box"> </column>
            <column name="mail_stop"> </column>
            <column name="city">Rochester</column>
            <column name="state">Minnesota</column>
            <column name="zip">55901</column>
            <column name="country">United States</column>
            <column name="email_address">dfrana@us.ibm.com</column>
            <column name="phone_number">507-289-3803</column>
            <column name="fax_number">507-253-1317</column>
            <column name="contract">Y</column>
        </table>
        <table name="Results">
            <column name="firm_name">International Certification Services LLC</column>
            <column name="location">Glencoe, MN</column>
            <column name="accreditation">American Association for Laboratory Accreditation</column>
            <column name="mra">N/A</column>
            <column name="designation_number">US1316</column>
            <column name="expiration_date">2023-09-30 00:00:00.0</column>
            <column name="contact">James Tousignant</column>
            <column name="contact_title"> </column>
            <column name="address">1100 Falcon Ave</column>
            <column name="po_box"> </column>
            <column name="mail_stop"> </column>
            <column name="city">Glencoe</column>
            <column name="state">Minnesota</column>
            <column name="zip">55336</column>
            <column name="country">United States</column>
            <column name="email_address">james@icsi-us.com</column>
            <column name="phone_number">320 864 4444</column>
            <column name="fax_number">N/A</column>
            <column name="contract">Y</column>
        </table>
        <table name="Results">
            <column name="firm_name">Intertek Testing Services NA, Inc.</column>
            <column name="location">Fridley, MN</column>
            <column name="accreditation">American Association for Laboratory Accreditation</column>
            <column name="mra">N/A</column>
            <column name="designation_number">US1119</column>
            <column name="expiration_date">2024-02-07 00:00:00.0</column>
            <column name="contact">Andrew Waytulonis</column>
            <column name="contact_title"> </column>
            <column name="address">40 51st Way NE, Suite 100</column>
            <column name="po_box"> </column>
            <column name="mail_stop"> </column>
            <column name="city">Fridley</column>
            <column name="state">Minnesota</column>
            <column name="zip">55421</column>
            <column name="country">United States</column>
            <column name="email_address">andrew.waytulonis@intertek.com</column>
            <column name="phone_number">651-730-1188</column>
            <column name="fax_number">651 702 9132</column>
            <column name="contract">Y</column>
        </table>
        <table name="Results">
            <column name="firm_name">TUV SUD America Inc.</column>
            <column name="location">New Brighton, MN</column>
            <column name="accreditation">American Association for Laboratory Accreditation</column>
            <column name="mra">N/A</column>
            <column name="designation_number">US1148</column>
            <column name="expiration_date">2023-09-30 00:00:00.0</column>
            <column name="contact">William Elliott</column>
            <column name="contact_title">Certification Manager</column>
            <column name="address">141 14th Street NW</column>
            <column name="po_box"> </column>
            <column name="mail_stop"> </column>
            <column name="city">New Brighton</column>
            <column name="state">Minnesota</column>
            <column name="zip">55112</column>
            <column name="country">United States</column>
            <column name="email_address">William.Elliott@tuvsud.com</column>
            <column name="phone_number">813 284 2736</column>
            <column name="fax_number">978 977 0182</column>
            <column name="contract">Y</column>
        </table>
        <table name="Results">
            <column name="firm_name">Nebraska Center for Excellence in Electronics</column>
            <column name="location">Lincoln, NE</column>
            <column name="accreditation">American Association for Laboratory Accreditation</column>
            <column name="mra">N/A</column>
            <column name="designation_number">US1060</column>
            <column name="expiration_date">2024-05-31 00:00:00.0</column>
            <column name="contact">Nic Johnson</column>
            <column name="contact_title"> </column>
            <column name="address">4740 Discovery Drive</column>
            <column name="po_box"> </column>
            <column name="mail_stop"> </column>
            <column name="city">Lincoln</column>
            <column name="state">Nebraska</column>
            <column name="zip">68521-5376</column>
            <column name="country">United States</column>
            <column name="email_address">njohnson@nceelabs.com</column>
            <column name="phone_number">4023236233</column>
            <column name="fax_number">4024725881</column>
            <column name="contract">Y</column>
        </table>
        <table name="Results">
            <column name="firm_name">Compliance Worldwide, Inc.</column>
            <column name="location">Sandown, NH</column>
            <column name="accreditation">American Association for Laboratory Accreditation</column>
            <column name="mra">N/A</column>
            <column name="designation_number">US1091</column>
            <column name="expiration_date">2024-09-30 00:00:00.0</column>
            <column name="contact">Deb Bourbeau</column>
            <column name="contact_title"> </column>
            <column name="address">357 Main Street</column>
            <column name="po_box"> </column>
            <column name="mail_stop"> </column>
            <column name="city">Sandown</column>
            <column name="state">New Hampshire</column>
            <column name="zip">03873</column>
            <column name="country">United States</column>
            <column name="email_address">deb@complianceworldwide.com</column>
            <column name="phone_number">603-887-3903</column>
            <column name="fax_number">603 887 6445</column>
            <column name="contract">Y</column>
        </table>
        <table name="Results">
            <column name="firm_name">Core Compliance Testing Services, LLC</column>
            <column name="location">Hudson, NH</column>
            <column name="accreditation">American Association for Laboratory Accreditation</column>
            <column name="mra">N/A</column>
            <column name="designation_number">US1116</column>
            <column name="expiration_date">2025-01-31 00:00:00.0</column>
            <column name="contact">Ken MacGrath</column>
            <column name="contact_title"> </column>
            <column name="address">79 River Road</column>
            <column name="po_box"> </column>
            <column name="mail_stop"> </column>
            <column name="city">Hudson</column>
            <column name="state">New Hampshire</column>
            <column name="zip">03051</column>
            <column name="country">United States</column>
            <column name="email_address">kenm@corecompliancetesting.com</column>
            <column name="phone_number">603-889-5545</column>
            <column name="fax_number">603 892 0620</column>
            <column name="contract">Y</column>
        </table>
        <table name="Results">
            <column name="firm_name">Retlif Testing Laboratories</column>
            <column name="location">Goffstown, NH</column>
            <column name="accreditation">ANSI National Accreditation Board</column>
            <column name="mra">N/A</column>
            <column name="designation_number">US2320</column>
            <column name="expiration_date">2024-07-20 00:00:00.0</column>
            <column name="contact">Scott Wentworth</column>
            <column name="contact_title">Branch Manager</column>
            <column name="address">101 New Boston Road</column>
            <column name="po_box"> </column>
            <column name="mail_stop"> </column>
            <column name="city">Goffstown</column>
            <column name="state">New Hampshire</column>
            <column name="zip">03045</column>
            <column name="country">United States</column>
            <column name="email_address">SWentworth@Retlif.com</column>
            <column name="phone_number">603-497-4611</column>
            <column name="fax_number">N/A</column>
            <column name="contract">Y</column>
        </table>
        <table name="Results">
            <column name="firm_name">Advanced Compliance Laboratory, Inc.</column>
            <column name="location">Hillsborough NJ</column>
            <column name="accreditation">National Voluntary Laboratory Accreditation Program</column>
            <column name="mra">N/A</column>
            <column name="designation_number">US5347</column>
            <column name="expiration_date">2024-03-31 00:00:00.0</column>
            <column name="contact">Wei Li</column>
            <column name="contact_title"> </column>
            <column name="address">210 Cougar Court</column>
            <column name="po_box"> </column>
            <column name="mail_stop"> </column>
            <column name="city">Hillsborough</column>
            <column name="state">New Jersey</column>
            <column name="zip">08844</column>
            <column name="country">United States</column>
            <column name="email_address">aclab@ac-lab.com</column>
            <column name="phone_number">908-927-9288</column>
            <column name="fax_number">908-927-0728</column>
            <column name="contract">Y</column>
        </table>
        <table name="Results">
            <column name="firm_name">National Technical Systems (NTS)</column>
            <column name="location">Tinton Falls, NJ</column>
            <column name="accreditation">American Association for Laboratory Accreditation</column>
            <column name="mra">N/A</column>
            <column name="designation_number">US1059</column>
            <column name="expiration_date">2023-09-30 00:00:00.0</column>
            <column name="contact">David Potpinka</column>
            <column name="contact_title"> </column>
            <column name="address">36 Gilbert Street South</column>
            <column name="po_box"> </column>
            <column name="mail_stop"> </column>
            <column name="city">Tinton Falls</column>
            <column name="state">New Jersey</column>
            <column name="zip">07701</column>
            <column name="country">United States</column>
            <column name="email_address">david.potpinka@ntscorp.com</column>
            <column name="phone_number">7329360800</column>
            <column name="fax_number">7329360700</column>
            <column name="contract">Y</column>
        </table>
        <table name="Results">
            <column name="firm_name">Nokia, Global Product Compliance Lab</column>
            <column name="location">Murray Hill, NJ</column>
            <column name="accreditation">National Voluntary Laboratory Accreditation Program</column>
            <column name="mra">N/A</column>
            <column name="designation_number">US5302</column>
            <column name="expiration_date">2023-09-30 00:00:00.0</column>
            <column name="contact">Hernan Noguchi</column>
            <column name="contact_title"> </column>
            <column name="address">600-700 Mountain Avenue,  Bldg. 5</column>
            <column name="po_box"> </column>
            <column name="mail_stop"> </column>
            <column name="city">Murray Hill</column>
            <column name="state">New Jersey</column>
            <column name="zip">07974</column>
            <column name="country">United States</column>
            <column name="email_address">hernan.noguchi@nokia-bell-labs.com</column>
            <column name="phone_number">908-582-7160</column>
            <column name="fax_number">908-582-0485</column>
            <column name="contract">Y</column>
        </table>
        <table name="Results">
            <column name="firm_name">Retlif Testing Laboratories</column>
            <column name="location">Ronkonkoma, NY</column>
            <column name="accreditation">ANSI National Accreditation Board</column>
            <column name="mra">N/A</column>
            <column name="designation_number">US2322</column>
            <column name="expiration_date">2023-08-31 00:00:00.0</column>
            <column name="contact">Robert Bernius</column>
            <column name="contact_title">Quality Assurance Administrator</column>
            <column name="address">795 Marconi Avenue</column>
            <column name="po_box"> </column>
            <column name="mail_stop"> </column>
            <column name="city">Ronkonkoma</column>
            <column name="state">New York</column>
            <column name="zip">11779</column>
            <column name="country">United States</column>
            <column name="email_address">RBernius@Retlif.com</column>
            <column name="phone_number">631-737-1500</column>
            <column name="fax_number">N/A</column>
            <column name="contract">Y</column>
        </table>
        <table name="Results">
            <column name="firm_name">TUV Rheinland of North America</column>
            <column name="location">Webster, NY</column>
            <column name="accreditation">American Association for Laboratory Accreditation</column>
            <column name="mra">N/A</column>
            <column name="designation_number">US1074</column>
            <column name="expiration_date">2024-11-30 00:00:00.0</column>
            <column name="contact">David Lanski</column>
            <column name="contact_title">Technical Manager - EMC</column>
            <column name="address">710 Resende Road, Bldg 199</column>
            <column name="po_box"> </column>
            <column name="mail_stop">MS 0200-04A</column>
            <column name="city">Webster</column>
            <column name="state">New York</column>
            <column name="zip">14580</column>
            <column name="country">United States</column>
            <column name="email_address">dlanski@us.tuv.com</column>
            <column name="phone_number">(585) 357-6044</column>
            <column name="fax_number">N/A</column>
            <column name="contract">Y</column>
        </table>
        <table name="Results">
            <column name="firm_name">IBM RTP EMC Test Labs</column>
            <column name="location">Research Triangle Park, NC</column>
            <column name="accreditation">National Voluntary Laboratory Accreditation Program</column>
            <column name="mra">N/A</column>
            <column name="designation_number">US5346</column>
            <column name="expiration_date">2024-06-30 00:00:00.0</column>
            <column name="contact">Alan Knight</column>
            <column name="contact_title"> </column>
            <column name="address">3039 Cornwallis Road</column>
            <column name="po_box"> </column>
            <column name="mail_stop"> </column>
            <column name="city">Research Triangle Park</column>
            <column name="state">North Carolina</column>
            <column name="zip">27709</column>
            <column name="country">United States</column>
            <column name="email_address">aknight@us.ibm.com</column>
            <column name="phone_number">919-543-1899</column>
            <column name="fax_number">919-543-8677</column>
            <column name="contract">Y</column>
        </table>
        <table name="Results">
            <column name="firm_name">Keystone Compliance, LLC</column>
            <column name="location">Durham, NC (satellite)</column>
            <column name="accreditation">ANSI National Accreditation Board</column>
            <column name="mra">N/A</column>
            <column name="designation_number">US3143</column>
            <column name="expiration_date">2024-10-24 00:00:00.0</column>
            <column name="contact">Joey Sullivan</column>
            <column name="contact_title"> </column>
            <column name="address">2320 Presidential Drive</column>
            <column name="po_box"> </column>
            <column name="mail_stop"> </column>
            <column name="city">Durham</column>
            <column name="state">North Carolina</column>
            <column name="zip">27703</column>
            <column name="country">United States</column>
            <column name="email_address">joey@keystonecompliance.com</column>
            <column name="phone_number">724-657-9940</column>
            <column name="fax_number">N/A</column>
            <column name="contract">Y</column>
        </table>
        <table name="Results">
            <column name="firm_name">UL LLC</column>
            <column name="location">Research Triangle Park, North Carolina</column>
            <column name="accreditation">American Association for Laboratory Accreditation</column>
            <column name="mra">N/A</column>
            <column name="designation_number">US1289</column>
            <column name="expiration_date">2024-02-29 00:00:00.0</column>
            <column name="contact">Steven Thompson</column>
            <column name="contact_title"> </column>
            <column name="address">12 Laboratory Drive</column>
            <column name="po_box"> </column>
            <column name="mail_stop"> </column>
            <column name="city">Research Triangle Park</column>
            <column name="state">North Carolina</column>
            <column name="zip">27709</column>
            <column name="country">United States</column>
            <column name="email_address">steven.d.thompson@ul.com</column>
            <column name="phone_number">919 549 1430</column>
            <column name="fax_number">N/A</column>
            <column name="contract">Y</column>
        </table>
        <table name="Results">
            <column name="firm_name">F2 Labs</column>
            <column name="location">Middlefield OH</column>
            <column name="accreditation">American Association for Laboratory Accreditation</column>
            <column name="mra">N/A</column>
            <column name="designation_number">US1105</column>
            <column name="expiration_date">2023-11-30 00:00:00.0</column>
            <column name="contact">Wendy Fuster</column>
            <column name="contact_title"> </column>
            <column name="address">16740 Peters Road</column>
            <column name="po_box"> </column>
            <column name="mail_stop"> </column>
            <column name="city">Middlefield</column>
            <column name="state">Ohio</column>
            <column name="zip">44062</column>
            <column name="country">United States</column>
            <column name="email_address">wfuster@f2labs.com</column>
            <column name="phone_number">301-253-4500</column>
            <column name="fax_number">301-253-5179</column>
            <column name="contract">Y</column>
        </table>
        <table name="Results">
            <column name="firm_name">ElectroMagnetic Investigations, LLC</column>
            <column name="location">Hillsboro Or</column>
            <column name="accreditation">American Association for Laboratory Accreditation</column>
            <column name="mra">N/A</column>
            <column name="designation_number">US1092</column>
            <column name="expiration_date">2023-06-30 00:00:00.0</column>
            <column name="contact">Henry Benitez</column>
            <column name="contact_title"> </column>
            <column name="address">20811 NW Cornell Road</column>
            <column name="po_box"> </column>
            <column name="mail_stop"> </column>
            <column name="city">Hillsboro</column>
            <column name="state">Oregon</column>
            <column name="zip">97124</column>
            <column name="country">United States</column>
            <column name="email_address">henry@emicomply.com</column>
            <column name="phone_number">503-466-1160</column>
            <column name="fax_number">503-466-1170</column>
            <column name="contract">Y</column>
        </table>
        <table name="Results">
            <column name="firm_name">Element Materials Technology Portland - Evergreen</column>
            <column name="location">Hillsboro, OR</column>
            <column name="accreditation">American Association for Laboratory Accreditation</column>
            <column name="mra">N/A</column>
            <column name="designation_number">US1292</column>
            <column name="expiration_date">2023-06-30 00:00:00.0</column>
            <column name="contact">Renee Walker</column>
            <column name="contact_title"> </column>
            <column name="address">6775 NE Evergreen Parkway</column>
            <column name="po_box"> </column>
            <column name="mail_stop"> </column>
            <column name="city">Hillsboro</column>
            <column name="state">Oregon</column>
            <column name="zip">97124</column>
            <column name="country">United States</column>
            <column name="email_address">renee.walker@element.com</column>
            <column name="phone_number">5038444066</column>
            <column name="fax_number">N/A</column>
            <column name="contract">Y</column>
        </table>
        <table name="Results">
            <column name="firm_name">Intel Corporation - Oregon CPRS Labs</column>
            <column name="location">Hillsboro, OR</column>
            <column name="accreditation">American Association for Laboratory Accreditation</column>
            <column name="mra">N/A</column>
            <column name="designation_number">US1043</column>
            <column name="expiration_date">2024-03-31 00:00:00.0</column>
            <column name="contact">Federica Bogani</column>
            <column name="contact_title"> </column>
            <column name="address">5200 N.E. Elam Young Parkway, MS HF1-30</column>
            <column name="po_box"> </column>
            <column name="mail_stop"> </column>
            <column name="city">Hillsboro</column>
            <column name="state">Oregon</column>
            <column name="zip">97124-6497</column>
            <column name="country">United States</column>
            <column name="email_address">federica.bogani@intel.com</column>
            <column name="phone_number">5036130944</column>
            <column name="fax_number">5036961383</column>
            <column name="contract">N</column>
        </table>
        <table name="Results">
            <column name="firm_name">BEC Incorporated</column>
            <column name="location">Pottstown, PA</column>
            <column name="accreditation">American Association for Laboratory Accreditation</column>
            <column name="mra">N/A</column>
            <column name="designation_number">US1118</column>
            <column name="expiration_date">2023-08-31 00:00:00.0</column>
            <column name="contact">Steve Fanella</column>
            <column name="contact_title">Quality Manager</column>
            <column name="address">970 East High Street</column>
            <column name="po_box"> </column>
            <column name="mail_stop"> </column>
            <column name="city">Pottstown</column>
            <column name="state">Pennsylvania</column>
            <column name="zip">19464</column>
            <column name="country">United States</column>
            <column name="email_address">sfanella@bec-ccl.com</column>
            <column name="phone_number">610-970-6880</column>
            <column name="fax_number">610 970 8381</column>
            <column name="contract">Y</column>
        </table>
        <table name="Results">
            <column name="firm_name">Clark Dynamic Testing Laboratory, Inc.</column>
            <column name="location">Jefferson Hills, PA</column>
            <column name="accreditation">American Association for Laboratory Accreditation</column>
            <column name="mra">N/A</column>
            <column name="designation_number">US1297</column>
            <column name="expiration_date">2024-10-11 00:00:00.0</column>
            <column name="contact">Michelle Felicetti</column>
            <column name="contact_title"> </column>
            <column name="address">1801 Route 51 S</column>
            <column name="po_box"> </column>
            <column name="mail_stop"> </column>
            <column name="city">Jefferson Hills</column>
            <column name="state">Pennsylvania</column>
            <column name="zip">15025</column>
            <column name="country">United States</column>
            <column name="email_address">mfelicetti@clarktesting.com</column>
            <column name="phone_number">412 387 1661</column>
            <column name="fax_number">N/A</column>
            <column name="contract">Y</column>
        </table>
        <table name="Results">
            <column name="firm_name">Keystone Compliance, LLC</column>
            <column name="location">New Castle, PA</column>
            <column name="accreditation">ANSI National Accreditation Board</column>
            <column name="mra">N/A</column>
            <column name="designation_number">US3142</column>
            <column name="expiration_date">2024-10-24 00:00:00.0</column>
            <column name="contact">Joey Sullivan</column>
            <column name="contact_title"> </column>
            <column name="address">131 N. Columbus Inner Belt</column>
            <column name="po_box"> </column>
            <column name="mail_stop"> </column>
            <column name="city">New Castle</column>
            <column name="state">Pennsylvania</column>
            <column name="zip">16101</column>
            <column name="country">United States</column>
            <column name="email_address">joey@keystonecompliance.com</column>
            <column name="phone_number">724-657-9940</column>
            <column name="fax_number">N/A</column>
            <column name="contract">Y</column>
        </table>
        <table name="Results">
            <column name="firm_name">Retlif Testing Laboratories</column>
            <column name="location">Harleysville, PA</column>
            <column name="accreditation">ANSI National Accreditation Board</column>
            <column name="mra">N/A</column>
            <column name="designation_number">US2321</column>
            <column name="expiration_date">2024-07-20 00:00:00.0</column>
            <column name="contact">Richard Reitz</column>
            <column name="contact_title">Director of Engineering</column>
            <column name="address">3131 Detwiler Road</column>
            <column name="po_box"> </column>
            <column name="mail_stop"> </column>
            <column name="city">Harleysville</column>
            <column name="state">Pennsylvania</column>
            <column name="zip">19438</column>
            <column name="country">United States</column>
            <column name="email_address">RReitz@Retlif.com</column>
            <column name="phone_number">215-256-4133</column>
            <column name="fax_number">N/A</column>
            <column name="contract">Y</column>
        </table>
        <table name="Results">
            <column name="firm_name">Electrolux Major Appliances NA</column>
            <column name="location">Springfield TN</column>
            <column name="accreditation">National Voluntary Laboratory Accreditation Program</column>
            <column name="mra">N/A</column>
            <column name="designation_number">US5338</column>
            <column name="expiration_date">2023-06-30 00:00:00.0</column>
            <column name="contact">Jason Granger</column>
            <column name="contact_title"> </column>
            <column name="address">1100 Industrial Drive</column>
            <column name="po_box"> </column>
            <column name="mail_stop"> </column>
            <column name="city">Springfield</column>
            <column name="state">Tennessee</column>
            <column name="zip">37172</column>
            <column name="country">United States</column>
            <column name="email_address">jason.granger@electrolux.com</column>
            <column name="phone_number">615-433-2617</column>
            <column name="fax_number">N/A</column>
            <column name="contract">Y</column>
        </table>
        <table name="Results">
            <column name="firm_name">TN-TEST, LLC dba Global Testing Lab</column>
            <column name="location">Knoxville TN</column>
            <column name="accreditation">National Voluntary Laboratory Accreditation Program</column>
            <column name="mra">N/A</column>
            <column name="designation_number">US5323</column>
            <column name="expiration_date">2024-06-30 00:00:00.0</column>
            <column name="contact">Jonathan Clemons</column>
            <column name="contact_title">President</column>
            <column name="address">3029 Gov. John Sevier Hwy.</column>
            <column name="po_box"> </column>
            <column name="mail_stop"> </column>
            <column name="city">Knoxville</column>
            <column name="state">Tennessee</column>
            <column name="zip">37914</column>
            <column name="country">United States</column>
            <column name="email_address">jclemons@globaltestinglabs.com</column>
            <column name="phone_number">865-409-5435</column>
            <column name="fax_number">N/A</column>
            <column name="contract">Y</column>
        </table>
        <table name="Results">
            <column name="firm_name">EUROFINS ELECTRICAL AND ELECTRONIC TESTING NA, INC</column>
            <column name="location">Austin, TX</column>
            <column name="accreditation">American Association for Laboratory Accreditation</column>
            <column name="mra">N/A</column>
            <column name="designation_number">US1127</column>
            <column name="expiration_date">2025-03-31 00:00:00.0</column>
            <column name="contact">Greg Kovolenko</column>
            <column name="contact_title"> </column>
            <column name="address">13501 McCallen Pass</column>
            <column name="po_box"> </column>
            <column name="mail_stop"> </column>
            <column name="city">Austin</column>
            <column name="state">Texas</column>
            <column name="zip">78753</column>
            <column name="country">United States</column>
            <column name="email_address">greg.kovolenko@metlabs.com</column>
            <column name="phone_number">4108444071</column>
            <column name="fax_number">512 287 2513</column>
            <column name="contract">Y</column>
        </table>
        <table name="Results">
            <column name="firm_name">Element Materials Technology Dallas - Plano</column>
            <column name="location">Plano, TX</column>
            <column name="accreditation">American Association for Laboratory Accreditation</column>
            <column name="mra">N/A</column>
            <column name="designation_number">US1294</column>
            <column name="expiration_date">2023-06-30 00:00:00.0</column>
            <column name="contact">Renee Walker</column>
            <column name="contact_title"> </column>
            <column name="address">3801 E. Plano Parkway</column>
            <column name="po_box"> </column>
            <column name="mail_stop"> </column>
            <column name="city">Plano</column>
            <column name="state">Texas</column>
            <column name="zip">75074</column>
            <column name="country">United States</column>
            <column name="email_address">renee.walker@element.com</column>
            <column name="phone_number">503 844 4066</column>
            <column name="fax_number">N/A</column>
            <column name="contract">Y</column>
        </table>
        <table name="Results">
            <column name="firm_name">Hewlett Packard Enterprise HPCC</column>
            <column name="location">Houston TX</column>
            <column name="accreditation">National Voluntary Laboratory Accreditation Program</column>
            <column name="mra">N/A</column>
            <column name="designation_number">US5324</column>
            <column name="expiration_date">2023-09-30 00:00:00.0</column>
            <column name="contact">Bryan Van Alstyne</column>
            <column name="contact_title"> </column>
            <column name="address">10320 Rodgers Road</column>
            <column name="po_box"> </column>
            <column name="mail_stop"> </column>
            <column name="city">Houston</column>
            <column name="state">Texas</column>
            <column name="zip">77070</column>
            <column name="country">United States</column>
            <column name="email_address">bryan.vanalstyne@hpe.com</column>
            <column name="phone_number">832-502-8911</column>
            <column name="fax_number">N/A</column>
            <column name="contract">Y</column>
        </table>
        <table name="Results">
            <column name="firm_name">Intertek Testing Services NA, Inc.</column>
            <column name="location">Plano, TX</column>
            <column name="accreditation">American Association for Laboratory Accreditation</column>
            <column name="mra">N/A</column>
            <column name="designation_number">US1231</column>
            <column name="expiration_date">2023-09-30 00:00:00.0</column>
            <column name="contact">Charles Parker</column>
            <column name="contact_title"> </column>
            <column name="address">1809 10th Street</column>
            <column name="po_box"> </column>
            <column name="mail_stop"> </column>
            <column name="city">Plano</column>
            <column name="state">Texas</column>
            <column name="zip">75074</column>
            <column name="country">United States</column>
            <column name="email_address">charles.parker@intertek.com</column>
            <column name="phone_number">(972) 202-8764</column>
            <column name="fax_number">N/A</column>
            <column name="contract">Y</column>
        </table>
        <table name="Results">
            <column name="firm_name">National Technical Systems</column>
            <column name="location">Plano</column>
            <column name="accreditation">American Association for Laboratory Accreditation</column>
            <column name="mra">N/A</column>
            <column name="designation_number">US1281</column>
            <column name="expiration_date">2023-12-31 00:00:00.0</column>
            <column name="contact">Kimberly Zavala</column>
            <column name="contact_title"> </column>
            <column name="address">1701 E. Plano Pkwy #150</column>
            <column name="po_box"> </column>
            <column name="mail_stop"> </column>
            <column name="city">Plano</column>
            <column name="state">Texas</column>
            <column name="zip">75074</column>
            <column name="country">United States</column>
            <column name="email_address">kimberly.zavala@nts.com</column>
            <column name="phone_number">972 509 2566</column>
            <column name="fax_number">N/A</column>
            <column name="contract">Y</column>
        </table>
        <table name="Results">
            <column name="firm_name">Nemko USA, Inc.</column>
            <column name="location">Round Rock, TX</column>
            <column name="accreditation">ANSI National Accreditation Board</column>
            <column name="mra">N/A</column>
            <column name="designation_number">US3166</column>
            <column name="expiration_date">2024-12-30 00:00:00.0</column>
            <column name="contact">Larry Finn</column>
            <column name="contact_title"> </column>
            <column name="address">1601 N A.W. Grimes Blvd, Suite B</column>
            <column name="po_box"> </column>
            <column name="mail_stop"> </column>
            <column name="city">Round Rock</column>
            <column name="state">Texas</column>
            <column name="zip">78665</column>
            <column name="country">United States</column>
            <column name="email_address">larry.finn@nemko.com</column>
            <column name="phone_number">512-244-3371</column>
            <column name="fax_number">N/A</column>
            <column name="contract">Y</column>
        </table>
        <table name="Results">
            <column name="firm_name">Compliance Test Services</column>
            <column name="location">Salt Lake City, Utah</column>
            <column name="accreditation">National Voluntary Laboratory Accreditation Program</column>
            <column name="mra">N/A</column>
            <column name="designation_number">US5357</column>
            <column name="expiration_date">2023-12-31 00:00:00.0</column>
            <column name="contact">Zach Hallows</column>
            <column name="contact_title"> </column>
            <column name="address">623 E 100 S</column>
            <column name="po_box"> </column>
            <column name="mail_stop"> </column>
            <column name="city">Salt Lake City</column>
            <column name="state">Utah</column>
            <column name="zip">84102</column>
            <column name="country">United States</column>
            <column name="email_address">zach@compliancetestservices.com</column>
            <column name="phone_number">801-683-9084</column>
            <column name="fax_number">N/A</column>
            <column name="contract">Y</column>
        </table>
        <table name="Results">
            <column name="firm_name">DNB Engineering, Inc.</column>
            <column name="location">Coalville, UT</column>
            <column name="accreditation">National Voluntary Laboratory Accreditation Program</column>
            <column name="mra">N/A</column>
            <column name="designation_number">US5351</column>
            <column name="expiration_date">2023-06-30 00:00:00.0</column>
            <column name="contact">Michael Neis</column>
            <column name="contact_title"> </column>
            <column name="address">1100 E. Chalk Creek Road</column>
            <column name="po_box"> </column>
            <column name="mail_stop"> </column>
            <column name="city">Coalville</column>
            <column name="state">Utah</column>
            <column name="zip">84017</column>
            <column name="country">United States</column>
            <column name="email_address">mike.neis@dnbenginc.com</column>
            <column name="phone_number">714-870-7781</column>
            <column name="fax_number">714-870-5081</column>
            <column name="contract">Y</column>
        </table>
        <table name="Results">
            <column name="firm_name">Unified Compliance Laboratory</column>
            <column name="location">Draper, UT</column>
            <column name="accreditation">National Voluntary Laboratory Accreditation Program</column>
            <column name="mra">N/A</column>
            <column name="designation_number">US5037</column>
            <column name="expiration_date">2024-06-30 00:00:00.0</column>
            <column name="contact">Alex Macon</column>
            <column name="contact_title"> </column>
            <column name="address">427 West 12800 South</column>
            <column name="po_box"> </column>
            <column name="mail_stop"> </column>
            <column name="city">Draper</column>
            <column name="state">Utah</column>
            <column name="zip">84020</column>
            <column name="country">United States</column>
            <column name="email_address">ucl@ui.com</column>
            <column name="phone_number">385-200-1617</column>
            <column name="fax_number">N/A</column>
            <column name="contract">Y</column>
        </table>
        <table name="Results">
            <column name="firm_name">VPI Technology</column>
            <column name="location">Wanship, UT</column>
            <column name="accreditation">National Voluntary Laboratory Accreditation Program</column>
            <column name="mra">N/A</column>
            <column name="designation_number">US5263</column>
            <column name="expiration_date">2023-09-30 00:00:00.0</column>
            <column name="contact">Jason Stewart</column>
            <column name="contact_title">Director of Manufacturing</column>
            <column name="address">313 W 12800 S</column>
            <column name="po_box"> </column>
            <column name="mail_stop"> </column>
            <column name="city">Draper</column>
            <column name="state">Utah</column>
            <column name="zip">84020</column>
            <column name="country">United States</column>
            <column name="email_address">jasons@vpimfg.com</column>
            <column name="phone_number">801-495-2310</column>
            <column name="fax_number">N/A</column>
            <column name="contract">Y</column>
        </table>
        <table name="Results">
            <column name="firm_name">Green Mountain Electromagnetics, Incorporated</column>
            <column name="location">219 Blake Roy Road, Middlebury, VT 05753</column>
            <column name="accreditation">American Association for Laboratory Accreditation</column>
            <column name="mra">N/A</column>
            <column name="designation_number">US1087</column>
            <column name="expiration_date">2023-10-18 00:00:00.0</column>
            <column name="contact">Kyle Kowalczyk</column>
            <column name="contact_title"> </column>
            <column name="address">219 Blake Roy Road</column>
            <column name="po_box"> </column>
            <column name="mail_stop"> </column>
            <column name="city">Middlebury</column>
            <column name="state">Vermont</column>
            <column name="zip">05753</column>
            <column name="country">United States</column>
            <column name="email_address">gme@gmelectro.com</column>
            <column name="phone_number">802-388-3390</column>
            <column name="fax_number">802-388-6279</column>
            <column name="contract">Y</column>
        </table>
        <table name="Results">
            <column name="firm_name">DEKRA Certification, Inc.</column>
            <column name="location">Sterling, VA</column>
            <column name="accreditation">American Association for Laboratory Accreditation</column>
            <column name="mra">N/A</column>
            <column name="designation_number">US1228</column>
            <column name="expiration_date">2024-10-31 00:00:00.0</column>
            <column name="contact">Jose Fernandez</column>
            <column name="contact_title"> </column>
            <column name="address">405 Glenn Drive</column>
            <column name="po_box"> </column>
            <column name="mail_stop"> </column>
            <column name="city">Sterling</column>
            <column name="state">Virginia</column>
            <column name="zip">20164</column>
            <column name="country">United States</column>
            <column name="email_address">josemaria.fernandez@dekra.com</column>
            <column name="phone_number">703 657 2004</column>
            <column name="fax_number">N/A</column>
            <column name="contract">Y</column>
        </table>
        <table name="Results">
            <column name="firm_name">Rhein Tech Laboratories, Inc.</column>
            <column name="location">Herndon, VA</column>
            <column name="accreditation">ANSI National Accreditation Board</column>
            <column name="mra">N/A</column>
            <column name="designation_number">US3002</column>
            <column name="expiration_date">2025-04-20 00:00:00.0</column>
            <column name="contact">Richard McMurray</column>
            <column name="contact_title"> </column>
            <column name="address">360 Herndon Parkway, Suite 1400</column>
            <column name="po_box"> </column>
            <column name="mail_stop"> </column>
            <column name="city">Herndon</column>
            <column name="state">Virginia</column>
            <column name="zip">20170</column>
            <column name="country">United States</column>
            <column name="email_address">rmcmurray@rheintech.com</column>
            <column name="phone_number">703-689-0368</column>
            <column name="fax_number">703-689-2056</column>
            <column name="contract">Y</column>
        </table>
        <table name="Results">
            <column name="firm_name">Avidity Test Labs (ATL)</column>
            <column name="location">Camas, WA</column>
            <column name="accreditation">American Association for Laboratory Accreditation</column>
            <column name="mra">N/A</column>
            <column name="designation_number">US1159</column>
            <column name="expiration_date">2024-08-15 00:00:00.0</column>
            <column name="contact">Peter Lin</column>
            <column name="contact_title">Manager, Compliance Lab Service</column>
            <column name="address">4700 NW Camas Meadows Dr.</column>
            <column name="po_box"> </column>
            <column name="mail_stop"> </column>
            <column name="city">Camas</column>
            <column name="state">Washington</column>
            <column name="zip">98607</column>
            <column name="country">United States</column>
            <column name="email_address">plin1@logitech.com</column>
            <column name="phone_number">360 817 1214</column>
            <column name="fax_number">360 817 1331</column>
            <column name="contract">Y</column>
        </table>
        <table name="Results">
            <column name="firm_name">Element Materials Technology Seattle - Bothell 120</column>
            <column name="location">Bothell, WA</column>
            <column name="accreditation">American Association for Laboratory Accreditation</column>
            <column name="mra">N/A</column>
            <column name="designation_number">US1296</column>
            <column name="expiration_date">2023-06-30 00:00:00.0</column>
            <column name="contact">Renee Walker</column>
            <column name="contact_title"> </column>
            <column name="address">19201 120th Ave. NE,</column>
            <column name="po_box"> </column>
            <column name="mail_stop"> </column>
            <column name="city">Bothell</column>
            <column name="state">Washington</column>
            <column name="zip">98011</column>
            <column name="country">United States</column>
            <column name="email_address">renee.walker@element.com</column>
            <column name="phone_number">503 844 4066</column>
            <column name="fax_number">N/A</column>
            <column name="contract">Y</column>
        </table>
        <table name="Results">
            <column name="firm_name">Microsoft EMC Laboratory</column>
            <column name="location">Redmond, WA</column>
            <column name="accreditation">American Association for Laboratory Accreditation</column>
            <column name="mra">N/A</column>
            <column name="designation_number">US1141</column>
            <column name="expiration_date">2023-08-31 00:00:00.0</column>
            <column name="contact">Mosin Dean</column>
            <column name="contact_title"> </column>
            <column name="address">Redmond 17760/1315</column>
            <column name="po_box"> </column>
            <column name="mail_stop"> </column>
            <column name="city">Redmond</column>
            <column name="state">Washington</column>
            <column name="zip">98052</column>
            <column name="country">United States</column>
            <column name="email_address">modea@microsoft.com</column>
            <column name="phone_number">425.538.4690</column>
            <column name="fax_number">425 706 8002</column>
            <column name="contract">Y</column>
        </table>
        <table name="Results">
            <column name="firm_name">Schweitzer Engineering Laboratories, Inc.</column>
            <column name="location">Pullman, WA</column>
            <column name="accreditation">American Association for Laboratory Accreditation</column>
            <column name="mra">N/A</column>
            <column name="designation_number">US1161</column>
            <column name="expiration_date">2024-11-30 00:00:00.0</column>
            <column name="contact">Dean Tedesco</column>
            <column name="contact_title"> </column>
            <column name="address">2350 NE Hopkins Ct.</column>
            <column name="po_box"> </column>
            <column name="mail_stop"> </column>
            <column name="city">Pullman</column>
            <column name="state">Washington</column>
            <column name="zip">99163</column>
            <column name="country">United States</column>
            <column name="email_address">dean_tedesco@selinc.com</column>
            <column name="phone_number">5093391428</column>
            <column name="fax_number">N/A</column>
            <column name="contract">N</column>
        </table>
        <table name="Results">
            <column name="firm_name">International Compliance Laboratories, LLC</column>
            <column name="location">Neenah, WI</column>
            <column name="accreditation">American Association for Laboratory Accreditation</column>
            <column name="mra">N/A</column>
            <column name="designation_number">US1117</column>
            <column name="expiration_date">2024-04-30 00:00:00.0</column>
            <column name="contact">Ronald Zimmerman</column>
            <column name="contact_title">President</column>
            <column name="address">1057 Tullar Court</column>
            <column name="po_box"> </column>
            <column name="mail_stop"> </column>
            <column name="city">Neenah</column>
            <column name="state">Wisconsin</column>
            <column name="zip">54956</column>
            <column name="country">United States</column>
            <column name="email_address">rzimmerman@icl-us.com</column>
            <column name="phone_number">920-720-5555</column>
            <column name="fax_number">920 720 5556</column>
            <column name="contract">Y</column>
        </table>
        <table name="Results">
            <column name="firm_name">Laird Connectivity LLC</column>
            <column name="location">Cedarburg, WI</column>
            <column name="accreditation">American Association for Laboratory Accreditation</column>
            <column name="mra">N/A</column>
            <column name="designation_number">US1156</column>
            <column name="expiration_date">2025-03-31 00:00:00.0</column>
            <column name="contact">Adam Alger</column>
            <column name="contact_title"> </column>
            <column name="address">W66 N220 Commerce Court</column>
            <column name="po_box"> </column>
            <column name="mail_stop"> </column>
            <column name="city">Cedarburg</column>
            <column name="state">Wisconsin</column>
            <column name="zip">53012</column>
            <column name="country">United States</column>
            <column name="email_address">adam.alger@lairdconnect.com</column>
            <column name="phone_number">262 375 3091</column>
            <column name="fax_number">262 375 4248</column>
            <column name="contract">Y</column>
        </table>
    </database>
</pma_xml_export>
